[0.023s] Invoking command in '/home/ckl/RM/Combat_vision2026/build/rm_bringup': CMAKE_PREFIX_PATH=/home/ckl/RM/Combat_vision2026/install/rm_auto_aim:/home/ckl/RM/Combat_vision2026/install/rm_serial_driver:/home/ckl/RM/Combat_vision2026/install/armor_solver:/home/ckl/RM/Combat_vision2026/install/armor_detector:/home/ckl/RM/Combat_vision2026/install/rm_utils:/home/ckl/RM/Combat_vision2026/install/rm_interfaces:/home/ckl/RM/Combat_vision2026/install/rm_bringup:/home/ckl/RM/Combat_vision2026/install/rm_robot_description:/opt/ros/humble /usr/bin/cmake --build /home/ckl/RM/Combat_vision2026/build/rm_bringup -- -j16 -l16
[0.044s] Invoked command in '/home/ckl/RM/Combat_vision2026/build/rm_bringup' returned '0': CMAKE_PREFIX_PATH=/home/ckl/RM/Combat_vision2026/install/rm_auto_aim:/home/ckl/RM/Combat_vision2026/install/rm_serial_driver:/home/ckl/RM/Combat_vision2026/install/armor_solver:/home/ckl/RM/Combat_vision2026/install/armor_detector:/home/ckl/RM/Combat_vision2026/install/rm_utils:/home/ckl/RM/Combat_vision2026/install/rm_interfaces:/home/ckl/RM/Combat_vision2026/install/rm_bringup:/home/ckl/RM/Combat_vision2026/install/rm_robot_description:/opt/ros/humble /usr/bin/cmake --build /home/ckl/RM/Combat_vision2026/build/rm_bringup -- -j16 -l16
[0.046s] Invoking command in '/home/ckl/RM/Combat_vision2026/build/rm_bringup': CMAKE_PREFIX_PATH=/home/ckl/RM/Combat_vision2026/install/rm_auto_aim:/home/ckl/RM/Combat_vision2026/install/rm_serial_driver:/home/ckl/RM/Combat_vision2026/install/armor_solver:/home/ckl/RM/Combat_vision2026/install/armor_detector:/home/ckl/RM/Combat_vision2026/install/rm_utils:/home/ckl/RM/Combat_vision2026/install/rm_interfaces:/home/ckl/RM/Combat_vision2026/install/rm_bringup:/home/ckl/RM/Combat_vision2026/install/rm_robot_description:/opt/ros/humble /usr/bin/cmake --install /home/ckl/RM/Combat_vision2026/build/rm_bringup
[0.049s] -- Install configuration: ""
[0.049s] -- Up-to-date: /home/ckl/RM/Combat_vision2026/install/rm_bringup/share/rm_bringup/launch
[0.049s] -- Up-to-date: /home/ckl/RM/Combat_vision2026/install/rm_bringup/share/rm_bringup/launch/bringup_navigation.launch.py
[0.049s] -- Up-to-date: /home/ckl/RM/Combat_vision2026/install/rm_bringup/share/rm_bringup/launch/bringup.launch.py
[0.049s] -- Up-to-date: /home/ckl/RM/Combat_vision2026/install/rm_bringup/share/rm_bringup/config
[0.049s] -- Up-to-date: /home/ckl/RM/Combat_vision2026/install/rm_bringup/share/rm_bringup/config/camera_info.yaml
[0.049s] -- Up-to-date: /home/ckl/RM/Combat_vision2026/install/rm_bringup/share/rm_bringup/config/launch_params.yaml
[0.049s] -- Up-to-date: /home/ckl/RM/Combat_vision2026/install/rm_bringup/share/rm_bringup/config/node_params
[0.049s] -- Up-to-date: /home/ckl/RM/Combat_vision2026/install/rm_bringup/share/rm_bringup/config/node_params/rune_detector_params.yaml
[0.050s] -- Up-to-date: /home/ckl/RM/Combat_vision2026/install/rm_bringup/share/rm_bringup/config/node_params/armor_solver_params.yaml
[0.050s] -- Up-to-date: /home/ckl/RM/Combat_vision2026/install/rm_bringup/share/rm_bringup/config/node_params/serial_driver_params.yaml
[0.050s] -- Up-to-date: /home/ckl/RM/Combat_vision2026/install/rm_bringup/share/rm_bringup/config/node_params/rune_solver_params.yaml
[0.050s] -- Up-to-date: /home/ckl/RM/Combat_vision2026/install/rm_bringup/share/rm_bringup/config/node_params/camera_driver_params.yaml
[0.050s] -- Up-to-date: /home/ckl/RM/Combat_vision2026/install/rm_bringup/share/rm_bringup/config/node_params/video_player_params.yaml
[0.050s] -- Up-to-date: /home/ckl/RM/Combat_vision2026/install/rm_bringup/share/rm_bringup/config/node_params/armor_detector_params.yaml
[0.050s] -- Up-to-date: /home/ckl/RM/Combat_vision2026/install/rm_bringup/share/rm_bringup/config/node_params/virtual_serial_params.yaml
[0.050s] -- Up-to-date: /home/ckl/RM/Combat_vision2026/install/rm_bringup/share/ament_index/resource_index/package_run_dependencies/rm_bringup
[0.050s] -- Up-to-date: /home/ckl/RM/Combat_vision2026/install/rm_bringup/share/ament_index/resource_index/parent_prefix_path/rm_bringup
[0.050s] -- Up-to-date: /home/ckl/RM/Combat_vision2026/install/rm_bringup/share/rm_bringup/environment/ament_prefix_path.sh
[0.050s] -- Up-to-date: /home/ckl/RM/Combat_vision2026/install/rm_bringup/share/rm_bringup/environment/ament_prefix_path.dsv
[0.050s] -- Up-to-date: /home/ckl/RM/Combat_vision2026/install/rm_bringup/share/rm_bringup/environment/path.sh
[0.050s] -- Up-to-date: /home/ckl/RM/Combat_vision2026/install/rm_bringup/share/rm_bringup/environment/path.dsv
[0.050s] -- Up-to-date: /home/ckl/RM/Combat_vision2026/install/rm_bringup/share/rm_bringup/local_setup.bash
[0.050s] -- Up-to-date: /home/ckl/RM/Combat_vision2026/install/rm_bringup/share/rm_bringup/local_setup.sh
[0.050s] -- Up-to-date: /home/ckl/RM/Combat_vision2026/install/rm_bringup/share/rm_bringup/local_setup.zsh
[0.050s] -- Up-to-date: /home/ckl/RM/Combat_vision2026/install/rm_bringup/share/rm_bringup/local_setup.dsv
[0.050s] -- Installing: /home/ckl/RM/Combat_vision2026/install/rm_bringup/share/rm_bringup/package.dsv
[0.051s] -- Up-to-date: /home/ckl/RM/Combat_vision2026/install/rm_bringup/share/ament_index/resource_index/packages/rm_bringup
[0.051s] -- Up-to-date: /home/ckl/RM/Combat_vision2026/install/rm_bringup/share/rm_bringup/cmake/rm_bringupConfig.cmake
[0.051s] -- Up-to-date: /home/ckl/RM/Combat_vision2026/install/rm_bringup/share/rm_bringup/cmake/rm_bringupConfig-version.cmake
[0.052s] -- Up-to-date: /home/ckl/RM/Combat_vision2026/install/rm_bringup/share/rm_bringup/package.xml
[0.052s] Invoked command in '/home/ckl/RM/Combat_vision2026/build/rm_bringup' returned '0': CMAKE_PREFIX_PATH=/home/ckl/RM/Combat_vision2026/install/rm_auto_aim:/home/ckl/RM/Combat_vision2026/install/rm_serial_driver:/home/ckl/RM/Combat_vision2026/install/armor_solver:/home/ckl/RM/Combat_vision2026/install/armor_detector:/home/ckl/RM/Combat_vision2026/install/rm_utils:/home/ckl/RM/Combat_vision2026/install/rm_interfaces:/home/ckl/RM/Combat_vision2026/install/rm_bringup:/home/ckl/RM/Combat_vision2026/install/rm_robot_description:/opt/ros/humble /usr/bin/cmake --install /home/ckl/RM/Combat_vision2026/build/rm_bringup
