-- Found ament_cmake_auto: 1.3.12 (/opt/ros/humble/share/ament_cmake_auto/cmake)
-- Searching for g2o ...
-- Found g2o headers in: /usr/local/include/g2o
-- Found libg2o: /usr/local/lib/libg2o_csparse_extension.so;/usr/local/lib/libg2o_core.so;/usr/local/lib/libg2o_stuff.so;/usr/local/lib/libg2o_types_slam2d.so;/usr/local/lib/libg2o_types_slam3d.so;/usr/local/lib/libg2o_solver_cholmod.so;/usr/local/lib/libg2o_solver_pcg.so;/usr/local/lib/libg2o_solver_csparse.so;/usr/local/lib/libg2o_incremental.so
-- Found rosidl_generator_c: 3.1.7 (/opt/ros/humble/share/rosidl_generator_c/cmake)
-- Found rosidl_adapter: 3.1.7 (/opt/ros/humble/share/rosidl_adapter/cmake)
-- Found rosidl_generator_cpp: 3.1.7 (/opt/ros/humble/share/rosidl_generator_cpp/cmake)
-- Using all available rosidl_typesupport_c: rosidl_typesupport_fastrtps_c;rosidl_typesupport_introspection_c
-- Using all available rosidl_typesupport_cpp: rosidl_typesupport_fastrtps_cpp;rosidl_typesupport_introspection_cpp
-- Found rmw_implementation_cmake: 6.1.2 (/opt/ros/humble/share/rmw_implementation_cmake/cmake)
-- Found rmw_fastrtps_cpp: 6.2.8 (/opt/ros/humble/share/rmw_fastrtps_cpp/cmake)
-- Using RMW implementation 'rmw_fastrtps_cpp' as default
-- Found eigen3_cmake_module: 0.1.1 (/opt/ros/humble/share/eigen3_cmake_module/cmake)
-- Ensuring Eigen3 include directory is part of orocos-kdl CMake target
-- Found ament_lint_auto: 0.12.14 (/opt/ros/humble/share/ament_lint_auto/cmake)
-- Found gtest sources under '/opt/ros/humble/src/gtest_vendor': C++ tests using 'Google Test' will be built
-- Added test 'cppcheck' to perform static code analysis on C / C++ code
-- Configured cppcheck include dirs: /home/ckl/RM/Combat_vision2026/src/rm_auto_aim/armor_detector/include
-- Configured cppcheck exclude dirs and/or files: 
-- Added test 'xmllint' to check XML markup files
-- Configuring done (2.3s)
-- Generating done (0.1s)
-- Build files have been written to: /home/ckl/RM/Combat_vision2026/build/armor_detector
[  7%] Built target gtest_main
[ 14%] Built target gtest
[ 22%] Built target armor_detector_node
[ 25%] [32mBuilding CXX object CMakeFiles/armor_detector.dir/src/bound_solver.cpp.o[0m
