[0.021s] Invoking command in '/home/ckl/RM/Combat_vision2026/build/armor_detector': CMAKE_PREFIX_PATH=/home/ckl/RM/Combat_vision2026/install/rm_utils:/home/ckl/RM/Combat_vision2026/install/rm_interfaces:/home/ckl/RM/Combat_vision2026/install/rm_bringup:/home/ckl/RM/Combat_vision2026/install/rm_serial_driver:/home/ckl/RM/Combat_vision2026/install/rm_auto_aim:/home/ckl/RM/Combat_vision2026/install/armor_solver:/home/ckl/RM/Combat_vision2026/install/armor_detector:/home/ckl/RM/Combat_vision2026/install/rm_robot_description:/home/ckl/RM/Combat_vision2026/install/hik_camera:/opt/ros/humble LD_LIBRARY_PATH=/home/ckl/RM/Combat_vision2026/install/rm_utils/lib:/home/ckl/RM/Combat_vision2026/install/rm_interfaces/lib:/home/ckl/RM/Combat_vision2026/install/rm_serial_driver/lib:/home/ckl/RM/Combat_vision2026/install/armor_solver/lib:/home/ckl/RM/Combat_vision2026/install/armor_detector/lib:/home/ckl/RM/Combat_vision2026/install/hik_camera/lib:/opt/ros/humble/opt/rviz_ogre_vendor/lib:/opt/ros/humble/lib/x86_64-linux-gnu:/opt/ros/humble/lib /usr/bin/cmake --build /home/ckl/RM/Combat_vision2026/build/armor_detector -- -j16 -l16
[0.051s] [ 16%] Built target gtest
[0.051s] [ 16%] Built target gtest_main
[0.054s] [ 24%] Built target armor_detector_node
[0.100s] [ 28%] [32mBuilding CXX object CMakeFiles/armor_detector.dir/src/spiral.cpp.o[0m
[4.478s] [01m[K/home/ckl/RM/Combat_vision2026/src/rm_auto_aim/armor_detector/src/spiral.cpp:[m[K In function ‘[01m[Kint main()[m[K’:
[4.478s] [01m[K/home/ckl/RM/Combat_vision2026/src/rm_auto_aim/armor_detector/src/spiral.cpp:57:16:[m[K [01;31m[Kerror: [m[K‘[01m[KArmor[m[K’ has not been declared
[4.478s]    57 |       "small", [01;31m[KArmor[m[K::buildObjectPoints<cv::Point3f>(SMALL_ARMOR_WIDTH,
[4.479s]       |                [01;31m[K^~~~~[m[K
[4.479s] [01m[K/home/ckl/RM/Combat_vision2026/src/rm_auto_aim/armor_detector/src/spiral.cpp:57:52:[m[K [01;31m[Kerror: [m[Kexpected primary-expression before ‘[01m[K>[m[K’ token
[4.479s]    57 |       "small", Armor::buildObjectPoints<cv::Point3f[01;31m[K>[m[K(SMALL_ARMOR_WIDTH,
[4.479s]       |                                                    [01;31m[K^[m[K
[4.480s] [01m[K/home/ckl/RM/Combat_vision2026/src/rm_auto_aim/armor_detector/src/spiral.cpp:57:54:[m[K [01;31m[Kerror: [m[K‘[01m[KSMALL_ARMOR_WIDTH[m[K’ was not declared in this scope; did you mean ‘[01m[Kfyt::auto_aim::SMALL_ARMOR_WIDTH[m[K’?
[4.480s]    57 |       "small", Armor::buildObjectPoints<cv::Point3f>([01;31m[KSMALL_ARMOR_WIDTH[m[K,
[4.480s]       |                                                      [01;31m[K^~~~~~~~~~~~~~~~~[m[K
[4.480s]       |                                                      [32m[Kfyt::auto_aim::SMALL_ARMOR_WIDTH[m[K
[4.480s] In file included from [01m[K/home/ckl/RM/Combat_vision2026/src/rm_auto_aim/armor_detector/include/armor_detector/light_corner_corrector.hpp:22[m[K,
[4.480s]                  from [01m[K/home/ckl/RM/Combat_vision2026/src/rm_auto_aim/armor_detector/include/armor_detector/armor_detector.hpp:31[m[K,
[4.480s]                  from [01m[K/home/ckl/RM/Combat_vision2026/src/rm_auto_aim/armor_detector/src/spiral.cpp:27[m[K:
[4.480s] [01m[K/home/ckl/RM/Combat_vision2026/src/rm_auto_aim/armor_detector/include/armor_detector/types.hpp:37:18:[m[K [01;36m[Knote: [m[K‘[01m[Kfyt::auto_aim::SMALL_ARMOR_WIDTH[m[K’ declared here
[4.480s]    37 | constexpr double [01;36m[KSMALL_ARMOR_WIDTH[m[K = 130 / 1000.0; // 135
[4.480s]       |                  [01;36m[K^~~~~~~~~~~~~~~~~[m[K
[4.481s] [01m[K/home/ckl/RM/Combat_vision2026/src/rm_auto_aim/armor_detector/src/spiral.cpp:58:54:[m[K [01;31m[Kerror: [m[K‘[01m[KSMALL_ARMOR_HEIGHT[m[K’ was not declared in this scope; did you mean ‘[01m[Kfyt::auto_aim::SMALL_ARMOR_HEIGHT[m[K’?
[4.481s]    58 |                                                      [01;31m[KSMALL_ARMOR_HEIGHT[m[K));
[4.481s]       |                                                      [01;31m[K^~~~~~~~~~~~~~~~~~[m[K
[4.481s]       |                                                      [32m[Kfyt::auto_aim::SMALL_ARMOR_HEIGHT[m[K
[4.481s] In file included from [01m[K/home/ckl/RM/Combat_vision2026/src/rm_auto_aim/armor_detector/include/armor_detector/light_corner_corrector.hpp:22[m[K,
[4.481s]                  from [01m[K/home/ckl/RM/Combat_vision2026/src/rm_auto_aim/armor_detector/include/armor_detector/armor_detector.hpp:31[m[K,
[4.481s]                  from [01m[K/home/ckl/RM/Combat_vision2026/src/rm_auto_aim/armor_detector/src/spiral.cpp:27[m[K:
[4.481s] [01m[K/home/ckl/RM/Combat_vision2026/src/rm_auto_aim/armor_detector/include/armor_detector/types.hpp:38:18:[m[K [01;36m[Knote: [m[K‘[01m[Kfyt::auto_aim::SMALL_ARMOR_HEIGHT[m[K’ declared here
[4.481s]    38 | constexpr double [01;36m[KSMALL_ARMOR_HEIGHT[m[K = 50 / 1000.0; // 55
[4.481s]       |                  [01;36m[K^~~~~~~~~~~~~~~~~~[m[K
[4.481s] [01m[K/home/ckl/RM/Combat_vision2026/src/rm_auto_aim/armor_detector/src/spiral.cpp:60:16:[m[K [01;31m[Kerror: [m[K‘[01m[KArmor[m[K’ has not been declared
[4.481s]    60 |       "large", [01;31m[KArmor[m[K::buildObjectPoints<cv::Point3f>(LARGE_ARMOR_WIDTH,
[4.481s]       |                [01;31m[K^~~~~[m[K
[4.481s] [01m[K/home/ckl/RM/Combat_vision2026/src/rm_auto_aim/armor_detector/src/spiral.cpp:60:52:[m[K [01;31m[Kerror: [m[Kexpected primary-expression before ‘[01m[K>[m[K’ token
[4.481s]    60 |       "large", Armor::buildObjectPoints<cv::Point3f[01;31m[K>[m[K(LARGE_ARMOR_WIDTH,
[4.481s]       |                                                    [01;31m[K^[m[K
[4.482s] [01m[K/home/ckl/RM/Combat_vision2026/src/rm_auto_aim/armor_detector/src/spiral.cpp:60:54:[m[K [01;31m[Kerror: [m[K‘[01m[KLARGE_ARMOR_WIDTH[m[K’ was not declared in this scope; did you mean ‘[01m[Kfyt::auto_aim::LARGE_ARMOR_WIDTH[m[K’?
[4.482s]    60 |       "large", Armor::buildObjectPoints<cv::Point3f>([01;31m[KLARGE_ARMOR_WIDTH[m[K,
[4.482s]       |                                                      [01;31m[K^~~~~~~~~~~~~~~~~[m[K
[4.482s]       |                                                      [32m[Kfyt::auto_aim::LARGE_ARMOR_WIDTH[m[K
[4.482s] In file included from [01m[K/home/ckl/RM/Combat_vision2026/src/rm_auto_aim/armor_detector/include/armor_detector/light_corner_corrector.hpp:22[m[K,
[4.482s]                  from [01m[K/home/ckl/RM/Combat_vision2026/src/rm_auto_aim/armor_detector/include/armor_detector/armor_detector.hpp:31[m[K,
[4.482s]                  from [01m[K/home/ckl/RM/Combat_vision2026/src/rm_auto_aim/armor_detector/src/spiral.cpp:27[m[K:
[4.482s] [01m[K/home/ckl/RM/Combat_vision2026/src/rm_auto_aim/armor_detector/include/armor_detector/types.hpp:39:18:[m[K [01;36m[Knote: [m[K‘[01m[Kfyt::auto_aim::LARGE_ARMOR_WIDTH[m[K’ declared here
[4.482s]    39 | constexpr double [01;36m[KLARGE_ARMOR_WIDTH[m[K = 225.0 / 1000.0;
[4.482s]       |                  [01;36m[K^~~~~~~~~~~~~~~~~[m[K
[4.483s] [01m[K/home/ckl/RM/Combat_vision2026/src/rm_auto_aim/armor_detector/src/spiral.cpp:61:54:[m[K [01;31m[Kerror: [m[K‘[01m[KLARGE_ARMOR_HEIGHT[m[K’ was not declared in this scope; did you mean ‘[01m[Kfyt::auto_aim::LARGE_ARMOR_HEIGHT[m[K’?
[4.483s]    61 |                                                      [01;31m[KLARGE_ARMOR_HEIGHT[m[K));
[4.483s]       |                                                      [01;31m[K^~~~~~~~~~~~~~~~~~[m[K
[4.483s]       |                                                      [32m[Kfyt::auto_aim::LARGE_ARMOR_HEIGHT[m[K
[4.483s] In file included from [01m[K/home/ckl/RM/Combat_vision2026/src/rm_auto_aim/armor_detector/include/armor_detector/light_corner_corrector.hpp:22[m[K,
[4.483s]                  from [01m[K/home/ckl/RM/Combat_vision2026/src/rm_auto_aim/armor_detector/include/armor_detector/armor_detector.hpp:31[m[K,
[4.483s]                  from [01m[K/home/ckl/RM/Combat_vision2026/src/rm_auto_aim/armor_detector/src/spiral.cpp:27[m[K:
[4.483s] [01m[K/home/ckl/RM/Combat_vision2026/src/rm_auto_aim/armor_detector/include/armor_detector/types.hpp:40:18:[m[K [01;36m[Knote: [m[K‘[01m[Kfyt::auto_aim::LARGE_ARMOR_HEIGHT[m[K’ declared here
[4.484s]    40 | constexpr double [01;36m[KLARGE_ARMOR_HEIGHT[m[K = 50.0 / 1000.0; // 55
[4.484s]       |                  [01;36m[K^~~~~~~~~~~~~~~~~~[m[K
[7.814s] gmake[2]: *** [CMakeFiles/armor_detector.dir/build.make:177：CMakeFiles/armor_detector.dir/src/spiral.cpp.o] 错误 1
[7.815s] gmake[1]: *** [CMakeFiles/Makefile2:185：CMakeFiles/armor_detector.dir/all] 错误 2
[7.815s] gmake: *** [Makefile:146：all] 错误 2
[7.817s] Invoked command in '/home/ckl/RM/Combat_vision2026/build/armor_detector' returned '2': CMAKE_PREFIX_PATH=/home/ckl/RM/Combat_vision2026/install/rm_utils:/home/ckl/RM/Combat_vision2026/install/rm_interfaces:/home/ckl/RM/Combat_vision2026/install/rm_bringup:/home/ckl/RM/Combat_vision2026/install/rm_serial_driver:/home/ckl/RM/Combat_vision2026/install/rm_auto_aim:/home/ckl/RM/Combat_vision2026/install/armor_solver:/home/ckl/RM/Combat_vision2026/install/armor_detector:/home/ckl/RM/Combat_vision2026/install/rm_robot_description:/home/ckl/RM/Combat_vision2026/install/hik_camera:/opt/ros/humble LD_LIBRARY_PATH=/home/ckl/RM/Combat_vision2026/install/rm_utils/lib:/home/ckl/RM/Combat_vision2026/install/rm_interfaces/lib:/home/ckl/RM/Combat_vision2026/install/rm_serial_driver/lib:/home/ckl/RM/Combat_vision2026/install/armor_solver/lib:/home/ckl/RM/Combat_vision2026/install/armor_detector/lib:/home/ckl/RM/Combat_vision2026/install/hik_camera/lib:/opt/ros/humble/opt/rviz_ogre_vendor/lib:/opt/ros/humble/lib/x86_64-linux-gnu:/opt/ros/humble/lib /usr/bin/cmake --build /home/ckl/RM/Combat_vision2026/build/armor_detector -- -j16 -l16
