[0.020s] Invoking command in '/home/ckl/RM/Combat_vision2026/build/armor_detector': CMAKE_PREFIX_PATH=/home/ckl/RM/Combat_vision2026/install/rm_utils:/home/ckl/RM/Combat_vision2026/install/rm_interfaces:/home/ckl/RM/Combat_vision2026/install/rm_bringup:/home/ckl/RM/Combat_vision2026/install/rm_serial_driver:/home/ckl/RM/Combat_vision2026/install/rm_auto_aim:/home/ckl/RM/Combat_vision2026/install/armor_solver:/home/ckl/RM/Combat_vision2026/install/armor_detector:/home/ckl/RM/Combat_vision2026/install/rm_robot_description:/home/ckl/RM/Combat_vision2026/install/hik_camera:/opt/ros/humble LD_LIBRARY_PATH=/home/ckl/RM/Combat_vision2026/install/rm_utils/lib:/home/ckl/RM/Combat_vision2026/install/rm_interfaces/lib:/home/ckl/RM/Combat_vision2026/install/rm_serial_driver/lib:/home/ckl/RM/Combat_vision2026/install/armor_solver/lib:/home/ckl/RM/Combat_vision2026/install/armor_detector/lib:/home/ckl/RM/Combat_vision2026/install/hik_camera/lib:/opt/MVS/lib/64:/opt/MVS/lib/32:/opt/MVS/lib/64:/opt/MVS/lib/32:/opt/MVS/lib/64:/opt/MVS/lib/32:/opt/ros/humble/opt/rviz_ogre_vendor/lib:/opt/ros/humble/lib/x86_64-linux-gnu:/opt/ros/humble/lib:/opt/MVS/lib/64:/opt/MVS/lib/32:/opt/MVS/lib/64:/opt/MVS/lib/32:/opt/MVS/lib/64:/opt/MVS/lib/32 /usr/bin/cmake --build /home/ckl/RM/Combat_vision2026/build/armor_detector -- -j16 -l16
[0.053s] [ 14%] Built target gtest_main
[0.054s] [ 14%] Built target gtest
[0.056s] [ 22%] Built target armor_detector_node
[0.100s] [ 25%] [32mBuilding CXX object CMakeFiles/armor_detector.dir/src/armor_detector_node.cpp.o[0m
[0.101s] [ 29%] [32mBuilding CXX object CMakeFiles/armor_detector.dir/src/armor_pose_estimator.cpp.o[0m
[0.102s] [ 33%] [32mBuilding CXX object CMakeFiles/armor_detector.dir/src/spiral.cpp.o[0m
[25.704s] [ 37%] [1m[32mLinking CXX shared library libarmor_detector.so[0m
[26.027s] [ 59%] Built target armor_detector
[26.050s] [ 62%] [1m[32mLinking CXX executable test_detector[0m
[26.087s] [ 66%] [32mBuilding CXX object CMakeFiles/spiral_detector.dir/src/spiral.cpp.o[0m
[26.087s] [ 70%] [32mBuilding CXX object CMakeFiles/spiral_detector.dir/src/armor_pose_estimator.cpp.o[0m
[26.088s] [ 74%] [32mBuilding CXX object CMakeFiles/spiral_detector.dir/src/bound_solver.cpp.o[0m
[26.616s] [ 77%] Built target test_detector
[41.012s] [ 81%] [1m[32mLinking CXX executable spiral_detector[0m
[41.169s] /usr/bin/ld: warning: libtbb.so.2, needed by /usr/lib/x86_64-linux-gnu/libopencv_core.so.4.5.4d, may conflict with libtbb.so.12
[41.501s] [100%] Built target spiral_detector
[41.512s] Invoked command in '/home/ckl/RM/Combat_vision2026/build/armor_detector' returned '0': CMAKE_PREFIX_PATH=/home/ckl/RM/Combat_vision2026/install/rm_utils:/home/ckl/RM/Combat_vision2026/install/rm_interfaces:/home/ckl/RM/Combat_vision2026/install/rm_bringup:/home/ckl/RM/Combat_vision2026/install/rm_serial_driver:/home/ckl/RM/Combat_vision2026/install/rm_auto_aim:/home/ckl/RM/Combat_vision2026/install/armor_solver:/home/ckl/RM/Combat_vision2026/install/armor_detector:/home/ckl/RM/Combat_vision2026/install/rm_robot_description:/home/ckl/RM/Combat_vision2026/install/hik_camera:/opt/ros/humble LD_LIBRARY_PATH=/home/ckl/RM/Combat_vision2026/install/rm_utils/lib:/home/ckl/RM/Combat_vision2026/install/rm_interfaces/lib:/home/ckl/RM/Combat_vision2026/install/rm_serial_driver/lib:/home/ckl/RM/Combat_vision2026/install/armor_solver/lib:/home/ckl/RM/Combat_vision2026/install/armor_detector/lib:/home/ckl/RM/Combat_vision2026/install/hik_camera/lib:/opt/MVS/lib/64:/opt/MVS/lib/32:/opt/MVS/lib/64:/opt/MVS/lib/32:/opt/MVS/lib/64:/opt/MVS/lib/32:/opt/ros/humble/opt/rviz_ogre_vendor/lib:/opt/ros/humble/lib/x86_64-linux-gnu:/opt/ros/humble/lib:/opt/MVS/lib/64:/opt/MVS/lib/32:/opt/MVS/lib/64:/opt/MVS/lib/32:/opt/MVS/lib/64:/opt/MVS/lib/32 /usr/bin/cmake --build /home/ckl/RM/Combat_vision2026/build/armor_detector -- -j16 -l16
[41.518s] Invoking command in '/home/ckl/RM/Combat_vision2026/build/armor_detector': CMAKE_PREFIX_PATH=/home/ckl/RM/Combat_vision2026/install/rm_utils:/home/ckl/RM/Combat_vision2026/install/rm_interfaces:/home/ckl/RM/Combat_vision2026/install/rm_bringup:/home/ckl/RM/Combat_vision2026/install/rm_serial_driver:/home/ckl/RM/Combat_vision2026/install/rm_auto_aim:/home/ckl/RM/Combat_vision2026/install/armor_solver:/home/ckl/RM/Combat_vision2026/install/armor_detector:/home/ckl/RM/Combat_vision2026/install/rm_robot_description:/home/ckl/RM/Combat_vision2026/install/hik_camera:/opt/ros/humble LD_LIBRARY_PATH=/home/ckl/RM/Combat_vision2026/install/rm_utils/lib:/home/ckl/RM/Combat_vision2026/install/rm_interfaces/lib:/home/ckl/RM/Combat_vision2026/install/rm_serial_driver/lib:/home/ckl/RM/Combat_vision2026/install/armor_solver/lib:/home/ckl/RM/Combat_vision2026/install/armor_detector/lib:/home/ckl/RM/Combat_vision2026/install/hik_camera/lib:/opt/MVS/lib/64:/opt/MVS/lib/32:/opt/MVS/lib/64:/opt/MVS/lib/32:/opt/MVS/lib/64:/opt/MVS/lib/32:/opt/ros/humble/opt/rviz_ogre_vendor/lib:/opt/ros/humble/lib/x86_64-linux-gnu:/opt/ros/humble/lib:/opt/MVS/lib/64:/opt/MVS/lib/32:/opt/MVS/lib/64:/opt/MVS/lib/32:/opt/MVS/lib/64:/opt/MVS/lib/32 /usr/bin/cmake --install /home/ckl/RM/Combat_vision2026/build/armor_detector
[41.521s] -- Install configuration: ""
[41.521s] -- Installing: /home/ckl/RM/Combat_vision2026/install/armor_detector/lib/armor_detector/spiral_detector
[41.522s] -- Set non-toolchain portion of runtime path of "/home/ckl/RM/Combat_vision2026/install/armor_detector/lib/armor_detector/spiral_detector" to ""
[41.522s] -- Up-to-date: /home/ckl/RM/Combat_vision2026/install/armor_detector/lib/armor_detector/armor_detector_node
[41.523s] -- Up-to-date: /home/ckl/RM/Combat_vision2026/install/armor_detector/include
[41.523s] -- Up-to-date: /home/ckl/RM/Combat_vision2026/install/armor_detector/include/armor_detector
[41.523s] -- Up-to-date: /home/ckl/RM/Combat_vision2026/install/armor_detector/include/armor_detector/light_corner_corrector.hpp
[41.523s] -- Up-to-date: /home/ckl/RM/Combat_vision2026/install/armor_detector/include/armor_detector/bound_solver.hpp
[41.523s] -- Up-to-date: /home/ckl/RM/Combat_vision2026/install/armor_detector/include/armor_detector/types.hpp
[41.523s] -- Up-to-date: /home/ckl/RM/Combat_vision2026/install/armor_detector/include/armor_detector/ba_solver.hpp
[41.523s] -- Up-to-date: /home/ckl/RM/Combat_vision2026/install/armor_detector/include/armor_detector/armor_detector_node.hpp
[41.523s] -- Installing: /home/ckl/RM/Combat_vision2026/install/armor_detector/include/armor_detector/armor_pose_estimator.hpp
[41.523s] -- Up-to-date: /home/ckl/RM/Combat_vision2026/install/armor_detector/include/armor_detector/number_classifier.hpp
[41.523s] -- Up-to-date: /home/ckl/RM/Combat_vision2026/install/armor_detector/include/armor_detector/armor_detector.hpp
[41.523s] -- Up-to-date: /home/ckl/RM/Combat_vision2026/install/armor_detector/include/armor_detector/graph_optimizer.hpp
[41.523s] -- Up-to-date: /home/ckl/RM/Combat_vision2026/install/armor_detector/share/armor_detector/environment/library_path.sh
[41.523s] -- Up-to-date: /home/ckl/RM/Combat_vision2026/install/armor_detector/share/armor_detector/environment/library_path.dsv
[41.523s] -- Installing: /home/ckl/RM/Combat_vision2026/install/armor_detector/lib/libarmor_detector.so
[41.528s] -- Set non-toolchain portion of runtime path of "/home/ckl/RM/Combat_vision2026/install/armor_detector/lib/libarmor_detector.so" to ""
[41.529s] -- Up-to-date: /home/ckl/RM/Combat_vision2026/install/armor_detector/share/armor_detector/docs
[41.529s] -- Up-to-date: /home/ckl/RM/Combat_vision2026/install/armor_detector/share/armor_detector/docs/origin1.png
[41.529s] -- Up-to-date: /home/ckl/RM/Combat_vision2026/install/armor_detector/share/armor_detector/docs/num_warp.png
[41.529s] -- Up-to-date: /home/ckl/RM/Combat_vision2026/install/armor_detector/share/armor_detector/docs/test.png
[41.529s] -- Up-to-date: /home/ckl/RM/Combat_vision2026/install/armor_detector/share/armor_detector/docs/gray_bin.png
[41.529s] -- Up-to-date: /home/ckl/RM/Combat_vision2026/install/armor_detector/share/armor_detector/docs/num_bin.png
[41.529s] -- Up-to-date: /home/ckl/RM/Combat_vision2026/install/armor_detector/share/armor_detector/docs/blue.png
[41.529s] -- Up-to-date: /home/ckl/RM/Combat_vision2026/install/armor_detector/share/armor_detector/docs/origin2.png
[41.529s] -- Up-to-date: /home/ckl/RM/Combat_vision2026/install/armor_detector/share/armor_detector/docs/BA.png
[41.529s] -- Up-to-date: /home/ckl/RM/Combat_vision2026/install/armor_detector/share/armor_detector/docs/pca1.png
[41.529s] -- Up-to-date: /home/ckl/RM/Combat_vision2026/install/armor_detector/share/armor_detector/docs/raw.png
[41.529s] -- Up-to-date: /home/ckl/RM/Combat_vision2026/install/armor_detector/share/armor_detector/docs/num_roi.png
[41.530s] -- Up-to-date: /home/ckl/RM/Combat_vision2026/install/armor_detector/share/armor_detector/docs/hsv_bin.png
[41.530s] -- Up-to-date: /home/ckl/RM/Combat_vision2026/install/armor_detector/share/armor_detector/docs/pca2.png
[41.530s] -- Up-to-date: /home/ckl/RM/Combat_vision2026/install/armor_detector/share/armor_detector/docs/num_raw.png
[41.530s] -- Up-to-date: /home/ckl/RM/Combat_vision2026/install/armor_detector/share/armor_detector/docs/model.svg
[41.530s] -- Up-to-date: /home/ckl/RM/Combat_vision2026/install/armor_detector/share/armor_detector/docs/red.png
[41.530s] -- Up-to-date: /home/ckl/RM/Combat_vision2026/install/armor_detector/share/armor_detector/docs/classify.png
[41.530s] -- Up-to-date: /home/ckl/RM/Combat_vision2026/install/armor_detector/share/armor_detector/model
[41.530s] -- Up-to-date: /home/ckl/RM/Combat_vision2026/install/armor_detector/share/armor_detector/model/label.txt
[41.530s] -- Up-to-date: /home/ckl/RM/Combat_vision2026/install/armor_detector/share/armor_detector/model/lenet.onnx
[41.530s] -- Up-to-date: /home/ckl/RM/Combat_vision2026/install/armor_detector/share/armor_detector/model/mlp.onnx
[41.530s] -- Up-to-date: /home/ckl/RM/Combat_vision2026/install/armor_detector/share/ament_index/resource_index/package_run_dependencies/armor_detector
[41.530s] -- Up-to-date: /home/ckl/RM/Combat_vision2026/install/armor_detector/share/ament_index/resource_index/parent_prefix_path/armor_detector
[41.530s] -- Up-to-date: /home/ckl/RM/Combat_vision2026/install/armor_detector/share/armor_detector/environment/ament_prefix_path.sh
[41.530s] -- Up-to-date: /home/ckl/RM/Combat_vision2026/install/armor_detector/share/armor_detector/environment/ament_prefix_path.dsv
[41.530s] -- Up-to-date: /home/ckl/RM/Combat_vision2026/install/armor_detector/share/armor_detector/environment/path.sh
[41.530s] -- Up-to-date: /home/ckl/RM/Combat_vision2026/install/armor_detector/share/armor_detector/environment/path.dsv
[41.530s] -- Up-to-date: /home/ckl/RM/Combat_vision2026/install/armor_detector/share/armor_detector/local_setup.bash
[41.530s] -- Up-to-date: /home/ckl/RM/Combat_vision2026/install/armor_detector/share/armor_detector/local_setup.sh
[41.530s] -- Up-to-date: /home/ckl/RM/Combat_vision2026/install/armor_detector/share/armor_detector/local_setup.zsh
[41.530s] -- Up-to-date: /home/ckl/RM/Combat_vision2026/install/armor_detector/share/armor_detector/local_setup.dsv
[41.530s] -- Installing: /home/ckl/RM/Combat_vision2026/install/armor_detector/share/armor_detector/package.dsv
[41.530s] -- Up-to-date: /home/ckl/RM/Combat_vision2026/install/armor_detector/share/ament_index/resource_index/packages/armor_detector
[41.530s] -- Up-to-date: /home/ckl/RM/Combat_vision2026/install/armor_detector/share/ament_index/resource_index/rclcpp_components/armor_detector
[41.531s] -- Up-to-date: /home/ckl/RM/Combat_vision2026/install/armor_detector/share/armor_detector/cmake/ament_cmake_export_dependencies-extras.cmake
[41.531s] -- Up-to-date: /home/ckl/RM/Combat_vision2026/install/armor_detector/share/armor_detector/cmake/ament_cmake_export_include_directories-extras.cmake
[41.531s] -- Up-to-date: /home/ckl/RM/Combat_vision2026/install/armor_detector/share/armor_detector/cmake/ament_cmake_export_libraries-extras.cmake
[41.531s] -- Up-to-date: /home/ckl/RM/Combat_vision2026/install/armor_detector/share/armor_detector/cmake/armor_detectorConfig.cmake
[41.531s] -- Up-to-date: /home/ckl/RM/Combat_vision2026/install/armor_detector/share/armor_detector/cmake/armor_detectorConfig-version.cmake
[41.531s] -- Up-to-date: /home/ckl/RM/Combat_vision2026/install/armor_detector/share/armor_detector/package.xml
[41.532s] Invoked command in '/home/ckl/RM/Combat_vision2026/build/armor_detector' returned '0': CMAKE_PREFIX_PATH=/home/ckl/RM/Combat_vision2026/install/rm_utils:/home/ckl/RM/Combat_vision2026/install/rm_interfaces:/home/ckl/RM/Combat_vision2026/install/rm_bringup:/home/ckl/RM/Combat_vision2026/install/rm_serial_driver:/home/ckl/RM/Combat_vision2026/install/rm_auto_aim:/home/ckl/RM/Combat_vision2026/install/armor_solver:/home/ckl/RM/Combat_vision2026/install/armor_detector:/home/ckl/RM/Combat_vision2026/install/rm_robot_description:/home/ckl/RM/Combat_vision2026/install/hik_camera:/opt/ros/humble LD_LIBRARY_PATH=/home/ckl/RM/Combat_vision2026/install/rm_utils/lib:/home/ckl/RM/Combat_vision2026/install/rm_interfaces/lib:/home/ckl/RM/Combat_vision2026/install/rm_serial_driver/lib:/home/ckl/RM/Combat_vision2026/install/armor_solver/lib:/home/ckl/RM/Combat_vision2026/install/armor_detector/lib:/home/ckl/RM/Combat_vision2026/install/hik_camera/lib:/opt/MVS/lib/64:/opt/MVS/lib/32:/opt/MVS/lib/64:/opt/MVS/lib/32:/opt/MVS/lib/64:/opt/MVS/lib/32:/opt/ros/humble/opt/rviz_ogre_vendor/lib:/opt/ros/humble/lib/x86_64-linux-gnu:/opt/ros/humble/lib:/opt/MVS/lib/64:/opt/MVS/lib/32:/opt/MVS/lib/64:/opt/MVS/lib/32:/opt/MVS/lib/64:/opt/MVS/lib/32 /usr/bin/cmake --install /home/ckl/RM/Combat_vision2026/build/armor_detector
