[0.018s] Invoking command in '/home/ckl/RM/Combat_vision2026/build/rm_serial_driver': CMAKE_PREFIX_PATH=/home/ckl/RM/Combat_vision2026/install/rm_utils:/home/ckl/RM/Combat_vision2026/install/rm_interfaces:/home/ckl/RM/Combat_vision2026/install/rm_bringup:/home/ckl/RM/Combat_vision2026/install/rm_serial_driver:/home/ckl/RM/Combat_vision2026/install/rm_auto_aim:/home/ckl/RM/Combat_vision2026/install/armor_solver:/home/ckl/RM/Combat_vision2026/install/armor_detector:/home/ckl/RM/Combat_vision2026/install/rm_robot_description:/home/ckl/RM/Combat_vision2026/install/hik_camera:/opt/ros/humble LD_LIBRARY_PATH=/home/ckl/RM/Combat_vision2026/install/rm_utils/lib:/home/ckl/RM/Combat_vision2026/install/rm_interfaces/lib:/home/ckl/RM/Combat_vision2026/install/rm_serial_driver/lib:/home/ckl/RM/Combat_vision2026/install/armor_solver/lib:/home/ckl/RM/Combat_vision2026/install/armor_detector/lib:/home/ckl/RM/Combat_vision2026/install/hik_camera/lib:/opt/ros/humble/opt/rviz_ogre_vendor/lib:/opt/ros/humble/lib/x86_64-linux-gnu:/opt/ros/humble/lib /usr/bin/cmake --build /home/ckl/RM/Combat_vision2026/build/rm_serial_driver -- -j16 -l16
[0.068s] [ 11%] Built target gtest
[0.069s] [ 23%] Built target gtest_main
[0.073s] [ 35%] Built target rm_serial_driver_node
[0.073s] [ 47%] Built target virtual_serial_node
[0.091s] [ 88%] Built target rm_serial_driver
[0.114s] [100%] Built target test_fixed_packet_tool
[0.120s] Invoked command in '/home/ckl/RM/Combat_vision2026/build/rm_serial_driver' returned '0': CMAKE_PREFIX_PATH=/home/ckl/RM/Combat_vision2026/install/rm_utils:/home/ckl/RM/Combat_vision2026/install/rm_interfaces:/home/ckl/RM/Combat_vision2026/install/rm_bringup:/home/ckl/RM/Combat_vision2026/install/rm_serial_driver:/home/ckl/RM/Combat_vision2026/install/rm_auto_aim:/home/ckl/RM/Combat_vision2026/install/armor_solver:/home/ckl/RM/Combat_vision2026/install/armor_detector:/home/ckl/RM/Combat_vision2026/install/rm_robot_description:/home/ckl/RM/Combat_vision2026/install/hik_camera:/opt/ros/humble LD_LIBRARY_PATH=/home/ckl/RM/Combat_vision2026/install/rm_utils/lib:/home/ckl/RM/Combat_vision2026/install/rm_interfaces/lib:/home/ckl/RM/Combat_vision2026/install/rm_serial_driver/lib:/home/ckl/RM/Combat_vision2026/install/armor_solver/lib:/home/ckl/RM/Combat_vision2026/install/armor_detector/lib:/home/ckl/RM/Combat_vision2026/install/hik_camera/lib:/opt/ros/humble/opt/rviz_ogre_vendor/lib:/opt/ros/humble/lib/x86_64-linux-gnu:/opt/ros/humble/lib /usr/bin/cmake --build /home/ckl/RM/Combat_vision2026/build/rm_serial_driver -- -j16 -l16
[0.121s] Invoking command in '/home/ckl/RM/Combat_vision2026/build/rm_serial_driver': CMAKE_PREFIX_PATH=/home/ckl/RM/Combat_vision2026/install/rm_utils:/home/ckl/RM/Combat_vision2026/install/rm_interfaces:/home/ckl/RM/Combat_vision2026/install/rm_bringup:/home/ckl/RM/Combat_vision2026/install/rm_serial_driver:/home/ckl/RM/Combat_vision2026/install/rm_auto_aim:/home/ckl/RM/Combat_vision2026/install/armor_solver:/home/ckl/RM/Combat_vision2026/install/armor_detector:/home/ckl/RM/Combat_vision2026/install/rm_robot_description:/home/ckl/RM/Combat_vision2026/install/hik_camera:/opt/ros/humble LD_LIBRARY_PATH=/home/ckl/RM/Combat_vision2026/install/rm_utils/lib:/home/ckl/RM/Combat_vision2026/install/rm_interfaces/lib:/home/ckl/RM/Combat_vision2026/install/rm_serial_driver/lib:/home/ckl/RM/Combat_vision2026/install/armor_solver/lib:/home/ckl/RM/Combat_vision2026/install/armor_detector/lib:/home/ckl/RM/Combat_vision2026/install/hik_camera/lib:/opt/ros/humble/opt/rviz_ogre_vendor/lib:/opt/ros/humble/lib/x86_64-linux-gnu:/opt/ros/humble/lib /usr/bin/cmake --install /home/ckl/RM/Combat_vision2026/build/rm_serial_driver
[0.126s] -- Install configuration: ""
[0.126s] -- Up-to-date: /home/ckl/RM/Combat_vision2026/install/rm_serial_driver/lib/rm_serial_driver/rm_serial_driver_node
[0.126s] -- Up-to-date: /home/ckl/RM/Combat_vision2026/install/rm_serial_driver/lib/rm_serial_driver/virtual_serial_node
[0.127s] -- Up-to-date: /home/ckl/RM/Combat_vision2026/install/rm_serial_driver/include
[0.127s] -- Up-to-date: /home/ckl/RM/Combat_vision2026/install/rm_serial_driver/include/rm_serial_driver
[0.127s] -- Up-to-date: /home/ckl/RM/Combat_vision2026/install/rm_serial_driver/include/rm_serial_driver/uart_transporter.hpp
[0.127s] -- Up-to-date: /home/ckl/RM/Combat_vision2026/install/rm_serial_driver/include/rm_serial_driver/protocol_factory.hpp
[0.127s] -- Up-to-date: /home/ckl/RM/Combat_vision2026/install/rm_serial_driver/include/rm_serial_driver/fixed_packet_tool.hpp
[0.127s] -- Up-to-date: /home/ckl/RM/Combat_vision2026/install/rm_serial_driver/include/rm_serial_driver/fixed_packet.hpp
[0.127s] -- Up-to-date: /home/ckl/RM/Combat_vision2026/install/rm_serial_driver/include/rm_serial_driver/protocol
[0.127s] -- Up-to-date: /home/ckl/RM/Combat_vision2026/install/rm_serial_driver/include/rm_serial_driver/protocol/infantry_protocol.hpp
[0.127s] -- Up-to-date: /home/ckl/RM/Combat_vision2026/install/rm_serial_driver/include/rm_serial_driver/protocol/default_protocol.hpp
[0.128s] -- Up-to-date: /home/ckl/RM/Combat_vision2026/install/rm_serial_driver/include/rm_serial_driver/protocol/sentry_protocol.hpp
[0.128s] -- Up-to-date: /home/ckl/RM/Combat_vision2026/install/rm_serial_driver/include/rm_serial_driver/transporter_interface.hpp
[0.128s] -- Up-to-date: /home/ckl/RM/Combat_vision2026/install/rm_serial_driver/include/rm_serial_driver/serial_driver_node.hpp
[0.128s] -- Up-to-date: /home/ckl/RM/Combat_vision2026/install/rm_serial_driver/include/rm_serial_driver/protocol.hpp
[0.128s] -- Up-to-date: /home/ckl/RM/Combat_vision2026/install/rm_serial_driver/share/rm_serial_driver/environment/library_path.sh
[0.128s] -- Up-to-date: /home/ckl/RM/Combat_vision2026/install/rm_serial_driver/share/rm_serial_driver/environment/library_path.dsv
[0.128s] -- Up-to-date: /home/ckl/RM/Combat_vision2026/install/rm_serial_driver/lib/librm_serial_driver.so
[0.128s] -- Up-to-date: /home/ckl/RM/Combat_vision2026/install/rm_serial_driver/share/ament_index/resource_index/package_run_dependencies/rm_serial_driver
[0.128s] -- Up-to-date: /home/ckl/RM/Combat_vision2026/install/rm_serial_driver/share/ament_index/resource_index/parent_prefix_path/rm_serial_driver
[0.128s] -- Up-to-date: /home/ckl/RM/Combat_vision2026/install/rm_serial_driver/share/rm_serial_driver/environment/ament_prefix_path.sh
[0.128s] -- Up-to-date: /home/ckl/RM/Combat_vision2026/install/rm_serial_driver/share/rm_serial_driver/environment/ament_prefix_path.dsv
[0.128s] -- Up-to-date: /home/ckl/RM/Combat_vision2026/install/rm_serial_driver/share/rm_serial_driver/environment/path.sh
[0.128s] -- Up-to-date: /home/ckl/RM/Combat_vision2026/install/rm_serial_driver/share/rm_serial_driver/environment/path.dsv
[0.128s] -- Up-to-date: /home/ckl/RM/Combat_vision2026/install/rm_serial_driver/share/rm_serial_driver/local_setup.bash
[0.128s] -- Up-to-date: /home/ckl/RM/Combat_vision2026/install/rm_serial_driver/share/rm_serial_driver/local_setup.sh
[0.128s] -- Up-to-date: /home/ckl/RM/Combat_vision2026/install/rm_serial_driver/share/rm_serial_driver/local_setup.zsh
[0.128s] -- Up-to-date: /home/ckl/RM/Combat_vision2026/install/rm_serial_driver/share/rm_serial_driver/local_setup.dsv
[0.129s] -- Installing: /home/ckl/RM/Combat_vision2026/install/rm_serial_driver/share/rm_serial_driver/package.dsv
[0.129s] -- Up-to-date: /home/ckl/RM/Combat_vision2026/install/rm_serial_driver/share/ament_index/resource_index/packages/rm_serial_driver
[0.129s] -- Up-to-date: /home/ckl/RM/Combat_vision2026/install/rm_serial_driver/share/ament_index/resource_index/rclcpp_components/rm_serial_driver
[0.129s] -- Up-to-date: /home/ckl/RM/Combat_vision2026/install/rm_serial_driver/share/rm_serial_driver/cmake/ament_cmake_export_dependencies-extras.cmake
[0.129s] -- Up-to-date: /home/ckl/RM/Combat_vision2026/install/rm_serial_driver/share/rm_serial_driver/cmake/ament_cmake_export_include_directories-extras.cmake
[0.129s] -- Up-to-date: /home/ckl/RM/Combat_vision2026/install/rm_serial_driver/share/rm_serial_driver/cmake/ament_cmake_export_libraries-extras.cmake
[0.129s] -- Up-to-date: /home/ckl/RM/Combat_vision2026/install/rm_serial_driver/share/rm_serial_driver/cmake/rm_serial_driverConfig.cmake
[0.129s] -- Up-to-date: /home/ckl/RM/Combat_vision2026/install/rm_serial_driver/share/rm_serial_driver/cmake/rm_serial_driverConfig-version.cmake
[0.129s] -- Up-to-date: /home/ckl/RM/Combat_vision2026/install/rm_serial_driver/share/rm_serial_driver/package.xml
[0.130s] Invoked command in '/home/ckl/RM/Combat_vision2026/build/rm_serial_driver' returned '0': CMAKE_PREFIX_PATH=/home/ckl/RM/Combat_vision2026/install/rm_utils:/home/ckl/RM/Combat_vision2026/install/rm_interfaces:/home/ckl/RM/Combat_vision2026/install/rm_bringup:/home/ckl/RM/Combat_vision2026/install/rm_serial_driver:/home/ckl/RM/Combat_vision2026/install/rm_auto_aim:/home/ckl/RM/Combat_vision2026/install/armor_solver:/home/ckl/RM/Combat_vision2026/install/armor_detector:/home/ckl/RM/Combat_vision2026/install/rm_robot_description:/home/ckl/RM/Combat_vision2026/install/hik_camera:/opt/ros/humble LD_LIBRARY_PATH=/home/ckl/RM/Combat_vision2026/install/rm_utils/lib:/home/ckl/RM/Combat_vision2026/install/rm_interfaces/lib:/home/ckl/RM/Combat_vision2026/install/rm_serial_driver/lib:/home/ckl/RM/Combat_vision2026/install/armor_solver/lib:/home/ckl/RM/Combat_vision2026/install/armor_detector/lib:/home/ckl/RM/Combat_vision2026/install/hik_camera/lib:/opt/ros/humble/opt/rviz_ogre_vendor/lib:/opt/ros/humble/lib/x86_64-linux-gnu:/opt/ros/humble/lib /usr/bin/cmake --install /home/ckl/RM/Combat_vision2026/build/rm_serial_driver
