[0.015s] Invoking command in '/home/ckl/RM/Combat_vision2026/build/rm_interfaces': CMAKE_PREFIX_PATH=/opt/ros/humble /usr/bin/cmake /home/ckl/RM/Combat_vision2026/src/rm_interfaces -Dabsl_DIR=/usr/local/lib/cmake/absl -DCMAKE_INSTALL_PREFIX=/home/ckl/RM/Combat_vision2026/install/rm_interfaces
[0.018s] [0mCMake Deprecation Warning at CMakeLists.txt:1 (cmake_minimum_required):
[0.018s]   Compatibility with CMake < 3.10 will be removed from a future version of
[0.018s]   CMake.
[0.018s] 
[0.018s]   Update the VERSION argument <min> value.  Or, use the <min>...<max> syntax
[0.018s]   to tell CMake that the project requires at least <min> but has been updated
[0.018s]   to work with policies introduced by <max> or earlier.
[0.018s] 
[0.018s] [0m
[0.078s] -- The C compiler identification is GNU 11.4.0
[0.138s] -- The CXX compiler identification is GNU 11.4.0
[0.144s] -- Detecting C compiler ABI info
[0.194s] -- Detecting C compiler ABI info - done
[0.206s] -- Check for working C compiler: /usr/bin/cc - skipped
[0.207s] -- Detecting C compile features
[0.207s] -- Detecting C compile features - done
[0.219s] -- Detecting CXX compiler ABI info
[0.275s] -- Detecting CXX compiler ABI info - done
[0.287s] -- Check for working CXX compiler: /usr/bin/c++ - skipped
[0.288s] -- Detecting CXX compile features
[0.289s] -- Detecting CXX compile features - done
[0.295s] -- Found ament_cmake: 1.3.12 (/opt/ros/humble/share/ament_cmake/cmake)
[0.398s] -- Found Python3: /usr/bin/python3 (found version "3.10.12") found components: Interpreter
[0.475s] -- Found rosidl_default_generators: 1.2.0 (/opt/ros/humble/share/rosidl_default_generators/cmake)
[0.477s] -- Using all available rosidl_typesupport_c: rosidl_typesupport_fastrtps_c;rosidl_typesupport_introspection_c
[0.483s] -- Found rosidl_adapter: 3.1.7 (/opt/ros/humble/share/rosidl_adapter/cmake)
[0.524s] -- Using all available rosidl_typesupport_cpp: rosidl_typesupport_fastrtps_cpp;rosidl_typesupport_introspection_cpp
[0.554s] -- Found geometry_msgs: 4.9.0 (/opt/ros/humble/share/geometry_msgs/cmake)
[0.993s] -- Found ament_cmake_ros: 0.10.0 (/opt/ros/humble/share/ament_cmake_ros/cmake)
[1.371s] -- Using all available rosidl_typesupport_c: rosidl_typesupport_fastrtps_c;rosidl_typesupport_introspection_c
[1.876s] -- Using all available rosidl_typesupport_cpp: rosidl_typesupport_fastrtps_cpp;rosidl_typesupport_introspection_cpp
[1.878s] [33mCMake Warning (dev) at /opt/ros/humble/share/rosidl_generator_py/cmake/rosidl_generator_py_generate_interfaces.cmake:20 (find_package):
[1.878s]   Policy CMP0148 is not set: The FindPythonInterp and FindPythonLibs modules
[1.878s]   are removed.  Run "cmake --help-policy CMP0148" for policy details.  Use
[1.878s]   the cmake_policy command to set the policy and suppress this warning.
[1.878s] 
[1.878s] Call Stack (most recent call first):
[1.878s]   /opt/ros/humble/share/ament_cmake_core/cmake/core/ament_execute_extensions.cmake:48 (include)
[1.878s]   /opt/ros/humble/share/rosidl_cmake/cmake/rosidl_generate_interfaces.cmake:286 (ament_execute_extensions)
[1.878s]   CMakeLists.txt:13 (rosidl_generate_interfaces)
[1.878s] This warning is for project developers.  Use -Wno-dev to suppress it.
[1.878s] [0m
[1.893s] -- Found PythonInterp: /usr/bin/python3 (found suitable version "3.10.12", minimum required is "3.6")
[1.894s] -- Found python_cmake_module: 0.10.0 (/opt/ros/humble/share/python_cmake_module/cmake)
[1.895s] [33mCMake Warning (dev) at /opt/ros/humble/share/python_cmake_module/cmake/Modules/FindPythonExtra.cmake:52 (find_package):
[1.895s]   Policy CMP0148 is not set: The FindPythonInterp and FindPythonLibs modules
[1.895s]   are removed.  Run "cmake --help-policy CMP0148" for policy details.  Use
[1.895s]   the cmake_policy command to set the policy and suppress this warning.
[1.895s] 
[1.895s] Call Stack (most recent call first):
[1.895s]   /opt/ros/humble/share/rosidl_generator_py/cmake/rosidl_generator_py_generate_interfaces.cmake:23 (find_package)
[1.895s]   /opt/ros/humble/share/ament_cmake_core/cmake/core/ament_execute_extensions.cmake:48 (include)
[1.895s]   /opt/ros/humble/share/rosidl_cmake/cmake/rosidl_generate_interfaces.cmake:286 (ament_execute_extensions)
[1.895s]   CMakeLists.txt:13 (rosidl_generate_interfaces)
[1.895s] This warning is for project developers.  Use -Wno-dev to suppress it.
[1.895s] [0m
[1.910s] [33mCMake Warning (dev) at /opt/ros/humble/share/python_cmake_module/cmake/Modules/FindPythonExtra.cmake:140 (find_package):
[1.910s]   Policy CMP0148 is not set: The FindPythonInterp and FindPythonLibs modules
[1.910s]   are removed.  Run "cmake --help-policy CMP0148" for policy details.  Use
[1.910s]   the cmake_policy command to set the policy and suppress this warning.
[1.910s] 
[1.910s] Call Stack (most recent call first):
[1.910s]   /opt/ros/humble/share/rosidl_generator_py/cmake/rosidl_generator_py_generate_interfaces.cmake:23 (find_package)
[1.910s]   /opt/ros/humble/share/ament_cmake_core/cmake/core/ament_execute_extensions.cmake:48 (include)
[1.910s]   /opt/ros/humble/share/rosidl_cmake/cmake/rosidl_generate_interfaces.cmake:286 (ament_execute_extensions)
[1.910s]   CMakeLists.txt:13 (rosidl_generate_interfaces)
[1.910s] This warning is for project developers.  Use -Wno-dev to suppress it.
[1.910s] [0m
[1.918s] -- Found PythonLibs: /usr/lib/x86_64-linux-gnu/libpython3.10.so (found suitable version "3.10.12", minimum required is "3.5")
[1.918s] -- Using PYTHON_EXECUTABLE: /usr/bin/python3
[1.918s] -- Using PYTHON_INCLUDE_DIRS: /usr/include/python3.10
[1.918s] -- Using PYTHON_LIBRARIES: /usr/lib/x86_64-linux-gnu/libpython3.10.so
[1.935s] -- Found PythonExtra: .so
[1.996s] -- Configuring done (2.0s)
[2.052s] -- Generating done (0.1s)
[2.053s] [33mCMake Warning:
[2.053s]   Manually-specified variables were not used by the project:
[2.053s] 
[2.053s]     absl_DIR
[2.053s] 
[2.053s] [0m
[2.060s] -- Build files have been written to: /home/ckl/RM/Combat_vision2026/build/rm_interfaces
