-- Found ament_cmake: 1.3.12 (/opt/ros/humble/share/ament_cmake/cmake)
-- Found rclcpp: 16.0.14 (/opt/ros/humble/share/rclcpp/cmake)
-- Found rosidl_generator_c: 3.1.7 (/opt/ros/humble/share/rosidl_generator_c/cmake)
-- Found rosidl_adapter: 3.1.7 (/opt/ros/humble/share/rosidl_adapter/cmake)
-- Found rosidl_generator_cpp: 3.1.7 (/opt/ros/humble/share/rosidl_generator_cpp/cmake)
-- Using all available rosidl_typesupport_c: rosidl_typesupport_fastrtps_c;rosidl_typesupport_introspection_c
-- Using all available rosidl_typesupport_cpp: rosidl_typesupport_fastrtps_cpp;rosidl_typesupport_introspection_cpp
-- Found rmw_implementation_cmake: 6.1.2 (/opt/ros/humble/share/rmw_implementation_cmake/cmake)
-- Found rmw_fastrtps_cpp: 6.2.8 (/opt/ros/humble/share/rmw_fastrtps_cpp/cmake)
-- Using RMW implementation 'rmw_fastrtps_cpp' as default
-- Found eigen3_cmake_module: 0.1.1 (/opt/ros/humble/share/eigen3_cmake_module/cmake)
-- Found geometry_msgs: 4.9.0 (/opt/ros/humble/share/geometry_msgs/cmake)
-- Found required Ceres dependency: Eigen version 3.4.0 in /usr/include/eigen3
-- Found required Ceres dependency: glog
-- Found required Ceres dependency: gflags
-- Found Ceres version: 2.0.0 installed in: /usr with components: [EigenSparse, SparseLinearAlgebraLibrary, LAPACK, SuiteSparse, CXSparse, SchurSpecializations, Multithreading]
-- Found ament_lint_auto: 0.12.14 (/opt/ros/humble/share/ament_lint_auto/cmake)
-- Added test 'cppcheck' to perform static code analysis on C / C++ code
-- Configured cppcheck include dirs: /home/ckl/RM/Combat_vision2026/src/rm_utils/include
-- Configured cppcheck exclude dirs and/or files: 
-- Added test 'lint_cmake' to check CMake code style
-- Added test 'xmllint' to check XML markup files
-- Configuring done (0.5s)
-- Generating done (0.0s)
-- Build files have been written to: /home/ckl/RM/Combat_vision2026/build/rm_utils
[ 16%] [32mBuilding CXX object CMakeFiles/rm_utils.dir/src/math/utils.cpp.o[0m
[ 16%] [32mBuilding CXX object CMakeFiles/rm_utils.dir/src/math/pnp_solver.cpp.o[0m
[ 33%] [32mBuilding CXX object CMakeFiles/rm_utils.dir/src/math/manual_compensator.cpp.o[0m
[ 50%] [32mBuilding CXX object CMakeFiles/fytlogger.dir/src/logger/logger_impl.cpp.o[0m
[ 50%] [32mBuilding CXX object CMakeFiles/fytlogger.dir/src/logger/writer.cpp.o[0m
[ 50%] [32mBuilding CXX object CMakeFiles/rm_utils.dir/src/math/trajectory_compensator.cpp.o[0m
[ 66%] [32mBuilding CXX object CMakeFiles/fytlogger.dir/src/logger/logger_pool.cpp.o[0m
[ 66%] [32mBuilding CXX object CMakeFiles/rm_utils.dir/src/url_resolver.cpp.o[0m
[ 75%] [32mBuilding CXX object CMakeFiles/rm_utils.dir/src/math/extended_kalman_filter.cpp.o[0m
[ 83%] [32mBuilding CXX object CMakeFiles/rm_utils.dir/src/heartbeat.cpp.o[0m
[ 91%] [1m[32mLinking CXX shared library libfytlogger.so[0m
[ 91%] Built target fytlogger
[100%] [1m[32mLinking CXX shared library librm_utils.so[0m
[100%] Built target rm_utils
-- Install configuration: ""
-- Installing: /home/ckl/RM/Combat_vision2026/install/rm_utils/include
-- Installing: /home/ckl/RM/Combat_vision2026/install/rm_utils/include/rm_utils
-- Installing: /home/ckl/RM/Combat_vision2026/install/rm_utils/include/rm_utils/common.hpp
-- Installing: /home/ckl/RM/Combat_vision2026/install/rm_utils/include/rm_utils/url_resolver.hpp
-- Installing: /home/ckl/RM/Combat_vision2026/install/rm_utils/include/rm_utils/logger
-- Installing: /home/ckl/RM/Combat_vision2026/install/rm_utils/include/rm_utils/logger/exception.hpp
-- Installing: /home/ckl/RM/Combat_vision2026/install/rm_utils/include/rm_utils/logger/types.hpp
-- Installing: /home/ckl/RM/Combat_vision2026/install/rm_utils/include/rm_utils/logger/logger_pool.hpp
-- Installing: /home/ckl/RM/Combat_vision2026/install/rm_utils/include/rm_utils/logger/README.md
-- Installing: /home/ckl/RM/Combat_vision2026/install/rm_utils/include/rm_utils/logger/log.hpp
-- Installing: /home/ckl/RM/Combat_vision2026/install/rm_utils/include/rm_utils/logger/impl
-- Installing: /home/ckl/RM/Combat_vision2026/install/rm_utils/include/rm_utils/logger/impl/logger_impl.hpp
-- Installing: /home/ckl/RM/Combat_vision2026/install/rm_utils/include/rm_utils/logger/impl/global_mutex.hpp
-- Installing: /home/ckl/RM/Combat_vision2026/install/rm_utils/include/rm_utils/logger/impl/writer.hpp
-- Installing: /home/ckl/RM/Combat_vision2026/install/rm_utils/include/rm_utils/heartbeat.hpp
-- Installing: /home/ckl/RM/Combat_vision2026/install/rm_utils/include/rm_utils/math
-- Installing: /home/ckl/RM/Combat_vision2026/install/rm_utils/include/rm_utils/math/particle_filter.hpp
-- Installing: /home/ckl/RM/Combat_vision2026/install/rm_utils/include/rm_utils/math/trajectory_compensator.hpp
-- Installing: /home/ckl/RM/Combat_vision2026/install/rm_utils/include/rm_utils/math/utils.hpp
-- Installing: /home/ckl/RM/Combat_vision2026/install/rm_utils/include/rm_utils/math/manual_compensator.hpp
-- Installing: /home/ckl/RM/Combat_vision2026/install/rm_utils/include/rm_utils/math/extended_kalman_filter.hpp
-- Installing: /home/ckl/RM/Combat_vision2026/install/rm_utils/include/rm_utils/math/pnp_solver.hpp
-- Installing: /home/ckl/RM/Combat_vision2026/install/rm_utils/include/rm_utils/assert.hpp
-- Installing: /home/ckl/RM/Combat_vision2026/install/rm_utils/lib/librm_utils.so
-- Set non-toolchain portion of runtime path of "/home/ckl/RM/Combat_vision2026/install/rm_utils/lib/librm_utils.so" to ""
-- Installing: /home/ckl/RM/Combat_vision2026/install/rm_utils/lib/libfytlogger.so
-- Installing: /home/ckl/RM/Combat_vision2026/install/rm_utils/share/rm_utils/environment/library_path.sh
-- Installing: /home/ckl/RM/Combat_vision2026/install/rm_utils/share/rm_utils/environment/library_path.dsv
-- Installing: /home/ckl/RM/Combat_vision2026/install/rm_utils/share/ament_index/resource_index/package_run_dependencies/rm_utils
-- Installing: /home/ckl/RM/Combat_vision2026/install/rm_utils/share/ament_index/resource_index/parent_prefix_path/rm_utils
-- Installing: /home/ckl/RM/Combat_vision2026/install/rm_utils/share/rm_utils/environment/ament_prefix_path.sh
-- Installing: /home/ckl/RM/Combat_vision2026/install/rm_utils/share/rm_utils/environment/ament_prefix_path.dsv
-- Installing: /home/ckl/RM/Combat_vision2026/install/rm_utils/share/rm_utils/environment/path.sh
-- Installing: /home/ckl/RM/Combat_vision2026/install/rm_utils/share/rm_utils/environment/path.dsv
-- Installing: /home/ckl/RM/Combat_vision2026/install/rm_utils/share/rm_utils/local_setup.bash
-- Installing: /home/ckl/RM/Combat_vision2026/install/rm_utils/share/rm_utils/local_setup.sh
-- Installing: /home/ckl/RM/Combat_vision2026/install/rm_utils/share/rm_utils/local_setup.zsh
-- Installing: /home/ckl/RM/Combat_vision2026/install/rm_utils/share/rm_utils/local_setup.dsv
-- Installing: /home/ckl/RM/Combat_vision2026/install/rm_utils/share/rm_utils/package.dsv
-- Installing: /home/ckl/RM/Combat_vision2026/install/rm_utils/share/ament_index/resource_index/packages/rm_utils
-- Installing: /home/ckl/RM/Combat_vision2026/install/rm_utils/share/rm_utils/cmake/rm_utilsExport.cmake
-- Installing: /home/ckl/RM/Combat_vision2026/install/rm_utils/share/rm_utils/cmake/rm_utilsExport-noconfig.cmake
-- Installing: /home/ckl/RM/Combat_vision2026/install/rm_utils/share/rm_utils/cmake/fytloggerExport.cmake
-- Installing: /home/ckl/RM/Combat_vision2026/install/rm_utils/share/rm_utils/cmake/fytloggerExport-noconfig.cmake
-- Installing: /home/ckl/RM/Combat_vision2026/install/rm_utils/share/rm_utils/cmake/ament_cmake_export_targets-extras.cmake
-- Installing: /home/ckl/RM/Combat_vision2026/install/rm_utils/share/rm_utils/cmake/ament_cmake_export_dependencies-extras.cmake
-- Installing: /home/ckl/RM/Combat_vision2026/install/rm_utils/share/rm_utils/cmake/rm_utilsConfig.cmake
-- Installing: /home/ckl/RM/Combat_vision2026/install/rm_utils/share/rm_utils/cmake/rm_utilsConfig-version.cmake
-- Installing: /home/ckl/RM/Combat_vision2026/install/rm_utils/share/rm_utils/package.xml
