[0.011s] Invoking command in '/home/ckl/RM/Combat_vision2026/build/rm_utils': CMAKE_PREFIX_PATH=/opt/ros/humble /usr/bin/cmake /home/ckl/RM/Combat_vision2026/src/rm_utils -DCMAKE_INSTALL_PREFIX=/home/ckl/RM/Combat_vision2026/install/rm_utils
[0.019s] [0mCMake Deprecation Warning at CMakeLists.txt:1 (cmake_minimum_required):
[0.019s]   Compatibility with CMake < 3.10 will be removed from a future version of
[0.019s]   CMake.
[0.019s] 
[0.019s]   Update the VERSION argument <min> value.  Or, use the <min>...<max> syntax
[0.019s]   to tell CMake that the project requires at least <min> but has been updated
[0.019s]   to work with policies introduced by <max> or earlier.
[0.019s] 
[0.019s] [0m
[0.025s] -- Found ament_cmake: 1.3.12 (/opt/ros/humble/share/ament_cmake/cmake)
[0.182s] -- Found rclcpp: 16.0.14 (/opt/ros/humble/share/rclcpp/cmake)
[0.207s] -- Found rosidl_generator_c: 3.1.7 (/opt/ros/humble/share/rosidl_generator_c/cmake)
[0.210s] -- Found rosidl_adapter: 3.1.7 (/opt/ros/humble/share/rosidl_adapter/cmake)
[0.215s] -- Found rosidl_generator_cpp: 3.1.7 (/opt/ros/humble/share/rosidl_generator_cpp/cmake)
[0.223s] -- Using all available rosidl_typesupport_c: rosidl_typesupport_fastrtps_c;rosidl_typesupport_introspection_c
[0.232s] -- Using all available rosidl_typesupport_cpp: rosidl_typesupport_fastrtps_cpp;rosidl_typesupport_introspection_cpp
[0.261s] -- Found rmw_implementation_cmake: 6.1.2 (/opt/ros/humble/share/rmw_implementation_cmake/cmake)
[0.262s] -- Found rmw_fastrtps_cpp: 6.2.8 (/opt/ros/humble/share/rmw_fastrtps_cpp/cmake)
[0.365s] -- Using RMW implementation 'rmw_fastrtps_cpp' as default
[0.417s] -- Found eigen3_cmake_module: 0.1.1 (/opt/ros/humble/share/eigen3_cmake_module/cmake)
[0.418s] -- Found geometry_msgs: 4.9.0 (/opt/ros/humble/share/geometry_msgs/cmake)
[0.448s] -- Found required Ceres dependency: Eigen version 3.4.0 in /usr/include/eigen3
[0.462s] -- Found required Ceres dependency: glog
[0.462s] -- Found required Ceres dependency: gflags
[0.465s] -- Found Ceres version: 2.0.0 installed in: /usr with components: [EigenSparse, SparseLinearAlgebraLibrary, LAPACK, SuiteSparse, CXSparse, SchurSpecializations, Multithreading]
[0.469s] -- Found ament_lint_auto: 0.12.14 (/opt/ros/humble/share/ament_lint_auto/cmake)
[0.525s] -- Added test 'cppcheck' to perform static code analysis on C / C++ code
[0.525s] -- Configured cppcheck include dirs: /home/ckl/RM/Combat_vision2026/src/rm_utils/include
[0.525s] -- Configured cppcheck exclude dirs and/or files: 
[0.527s] -- Added test 'lint_cmake' to check CMake code style
[0.528s] -- Added test 'xmllint' to check XML markup files
[0.529s] -- Configuring done (0.5s)
[0.542s] -- Generating done (0.0s)
[0.544s] -- Build files have been written to: /home/ckl/RM/Combat_vision2026/build/rm_utils
[0.550s] Invoked command in '/home/ckl/RM/Combat_vision2026/build/rm_utils' returned '0': CMAKE_PREFIX_PATH=/opt/ros/humble /usr/bin/cmake /home/ckl/RM/Combat_vision2026/src/rm_utils -DCMAKE_INSTALL_PREFIX=/home/ckl/RM/Combat_vision2026/install/rm_utils
[0.551s] Invoking command in '/home/ckl/RM/Combat_vision2026/build/rm_utils': CMAKE_PREFIX_PATH=/opt/ros/humble /usr/bin/cmake --build /home/ckl/RM/Combat_vision2026/build/rm_utils -- -j16 -l16
[0.582s] [ 16%] [32mBuilding CXX object CMakeFiles/rm_utils.dir/src/math/utils.cpp.o[0m
[0.582s] [ 16%] [32mBuilding CXX object CMakeFiles/rm_utils.dir/src/math/pnp_solver.cpp.o[0m
[0.582s] [ 33%] [32mBuilding CXX object CMakeFiles/rm_utils.dir/src/math/manual_compensator.cpp.o[0m
[0.582s] [ 50%] [32mBuilding CXX object CMakeFiles/fytlogger.dir/src/logger/logger_impl.cpp.o[0m
[0.582s] [ 50%] [32mBuilding CXX object CMakeFiles/fytlogger.dir/src/logger/writer.cpp.o[0m
[0.582s] [ 50%] [32mBuilding CXX object CMakeFiles/rm_utils.dir/src/math/trajectory_compensator.cpp.o[0m
[0.582s] [ 66%] [32mBuilding CXX object CMakeFiles/fytlogger.dir/src/logger/logger_pool.cpp.o[0m
[0.582s] [ 66%] [32mBuilding CXX object CMakeFiles/rm_utils.dir/src/url_resolver.cpp.o[0m
[0.583s] [ 75%] [32mBuilding CXX object CMakeFiles/rm_utils.dir/src/math/extended_kalman_filter.cpp.o[0m
[0.583s] [ 83%] [32mBuilding CXX object CMakeFiles/rm_utils.dir/src/heartbeat.cpp.o[0m
[1.334s] [ 91%] [1m[32mLinking CXX shared library libfytlogger.so[0m
[1.396s] [ 91%] Built target fytlogger
[4.574s] [100%] [1m[32mLinking CXX shared library librm_utils.so[0m
[4.764s] [100%] Built target rm_utils
[4.770s] Invoked command in '/home/ckl/RM/Combat_vision2026/build/rm_utils' returned '0': CMAKE_PREFIX_PATH=/opt/ros/humble /usr/bin/cmake --build /home/ckl/RM/Combat_vision2026/build/rm_utils -- -j16 -l16
[4.771s] Invoking command in '/home/ckl/RM/Combat_vision2026/build/rm_utils': CMAKE_PREFIX_PATH=/opt/ros/humble /usr/bin/cmake --install /home/ckl/RM/Combat_vision2026/build/rm_utils
[4.775s] -- Install configuration: ""
[4.775s] -- Installing: /home/ckl/RM/Combat_vision2026/install/rm_utils/include
[4.775s] -- Installing: /home/ckl/RM/Combat_vision2026/install/rm_utils/include/rm_utils
[4.775s] -- Installing: /home/ckl/RM/Combat_vision2026/install/rm_utils/include/rm_utils/common.hpp
[4.775s] -- Installing: /home/ckl/RM/Combat_vision2026/install/rm_utils/include/rm_utils/url_resolver.hpp
[4.775s] -- Installing: /home/ckl/RM/Combat_vision2026/install/rm_utils/include/rm_utils/logger
[4.775s] -- Installing: /home/ckl/RM/Combat_vision2026/install/rm_utils/include/rm_utils/logger/exception.hpp
[4.775s] -- Installing: /home/ckl/RM/Combat_vision2026/install/rm_utils/include/rm_utils/logger/types.hpp
[4.776s] -- Installing: /home/ckl/RM/Combat_vision2026/install/rm_utils/include/rm_utils/logger/logger_pool.hpp
[4.776s] -- Installing: /home/ckl/RM/Combat_vision2026/install/rm_utils/include/rm_utils/logger/README.md
[4.776s] -- Installing: /home/ckl/RM/Combat_vision2026/install/rm_utils/include/rm_utils/logger/log.hpp
[4.776s] -- Installing: /home/ckl/RM/Combat_vision2026/install/rm_utils/include/rm_utils/logger/impl
[4.776s] -- Installing: /home/ckl/RM/Combat_vision2026/install/rm_utils/include/rm_utils/logger/impl/logger_impl.hpp
[4.776s] -- Installing: /home/ckl/RM/Combat_vision2026/install/rm_utils/include/rm_utils/logger/impl/global_mutex.hpp
[4.776s] -- Installing: /home/ckl/RM/Combat_vision2026/install/rm_utils/include/rm_utils/logger/impl/writer.hpp
[4.777s] -- Installing: /home/ckl/RM/Combat_vision2026/install/rm_utils/include/rm_utils/heartbeat.hpp
[4.777s] -- Installing: /home/ckl/RM/Combat_vision2026/install/rm_utils/include/rm_utils/math
[4.777s] -- Installing: /home/ckl/RM/Combat_vision2026/install/rm_utils/include/rm_utils/math/particle_filter.hpp
[4.777s] -- Installing: /home/ckl/RM/Combat_vision2026/install/rm_utils/include/rm_utils/math/trajectory_compensator.hpp
[4.777s] -- Installing: /home/ckl/RM/Combat_vision2026/install/rm_utils/include/rm_utils/math/utils.hpp
[4.777s] -- Installing: /home/ckl/RM/Combat_vision2026/install/rm_utils/include/rm_utils/math/manual_compensator.hpp
[4.778s] -- Installing: /home/ckl/RM/Combat_vision2026/install/rm_utils/include/rm_utils/math/extended_kalman_filter.hpp
[4.778s] -- Installing: /home/ckl/RM/Combat_vision2026/install/rm_utils/include/rm_utils/math/pnp_solver.hpp
[4.778s] -- Installing: /home/ckl/RM/Combat_vision2026/install/rm_utils/include/rm_utils/assert.hpp
[4.778s] -- Installing: /home/ckl/RM/Combat_vision2026/install/rm_utils/lib/librm_utils.so
[4.779s] -- Set non-toolchain portion of runtime path of "/home/ckl/RM/Combat_vision2026/install/rm_utils/lib/librm_utils.so" to ""
[4.779s] -- Installing: /home/ckl/RM/Combat_vision2026/install/rm_utils/lib/libfytlogger.so
[4.779s] -- Installing: /home/ckl/RM/Combat_vision2026/install/rm_utils/share/rm_utils/environment/library_path.sh
[4.780s] -- Installing: /home/ckl/RM/Combat_vision2026/install/rm_utils/share/rm_utils/environment/library_path.dsv
[4.780s] -- Installing: /home/ckl/RM/Combat_vision2026/install/rm_utils/share/ament_index/resource_index/package_run_dependencies/rm_utils
[4.780s] -- Installing: /home/ckl/RM/Combat_vision2026/install/rm_utils/share/ament_index/resource_index/parent_prefix_path/rm_utils
[4.780s] -- Installing: /home/ckl/RM/Combat_vision2026/install/rm_utils/share/rm_utils/environment/ament_prefix_path.sh
[4.781s] -- Installing: /home/ckl/RM/Combat_vision2026/install/rm_utils/share/rm_utils/environment/ament_prefix_path.dsv
[4.781s] -- Installing: /home/ckl/RM/Combat_vision2026/install/rm_utils/share/rm_utils/environment/path.sh
[4.781s] -- Installing: /home/ckl/RM/Combat_vision2026/install/rm_utils/share/rm_utils/environment/path.dsv
[4.782s] -- Installing: /home/ckl/RM/Combat_vision2026/install/rm_utils/share/rm_utils/local_setup.bash
[4.782s] -- Installing: /home/ckl/RM/Combat_vision2026/install/rm_utils/share/rm_utils/local_setup.sh
[4.782s] -- Installing: /home/ckl/RM/Combat_vision2026/install/rm_utils/share/rm_utils/local_setup.zsh
[4.782s] -- Installing: /home/ckl/RM/Combat_vision2026/install/rm_utils/share/rm_utils/local_setup.dsv
[4.782s] -- Installing: /home/ckl/RM/Combat_vision2026/install/rm_utils/share/rm_utils/package.dsv
[4.782s] -- Installing: /home/ckl/RM/Combat_vision2026/install/rm_utils/share/ament_index/resource_index/packages/rm_utils
[4.782s] -- Installing: /home/ckl/RM/Combat_vision2026/install/rm_utils/share/rm_utils/cmake/rm_utilsExport.cmake
[4.783s] -- Installing: /home/ckl/RM/Combat_vision2026/install/rm_utils/share/rm_utils/cmake/rm_utilsExport-noconfig.cmake
[4.783s] -- Installing: /home/ckl/RM/Combat_vision2026/install/rm_utils/share/rm_utils/cmake/fytloggerExport.cmake
[4.783s] -- Installing: /home/ckl/RM/Combat_vision2026/install/rm_utils/share/rm_utils/cmake/fytloggerExport-noconfig.cmake
[4.783s] -- Installing: /home/ckl/RM/Combat_vision2026/install/rm_utils/share/rm_utils/cmake/ament_cmake_export_targets-extras.cmake
[4.783s] -- Installing: /home/ckl/RM/Combat_vision2026/install/rm_utils/share/rm_utils/cmake/ament_cmake_export_dependencies-extras.cmake
[4.783s] -- Installing: /home/ckl/RM/Combat_vision2026/install/rm_utils/share/rm_utils/cmake/rm_utilsConfig.cmake
[4.783s] -- Installing: /home/ckl/RM/Combat_vision2026/install/rm_utils/share/rm_utils/cmake/rm_utilsConfig-version.cmake
[4.784s] -- Installing: /home/ckl/RM/Combat_vision2026/install/rm_utils/share/rm_utils/package.xml
[4.785s] Invoked command in '/home/ckl/RM/Combat_vision2026/build/rm_utils' returned '0': CMAKE_PREFIX_PATH=/opt/ros/humble /usr/bin/cmake --install /home/ckl/RM/Combat_vision2026/build/rm_utils
