[0.017s] Invoking command in '/home/ckl/RM/Combat_vision2026/build/armor_detector': CMAKE_PREFIX_PATH=/home/ckl/RM/Combat_vision2026/install/rm_utils:/home/ckl/RM/Combat_vision2026/install/rm_interfaces:/home/ckl/RM/Combat_vision2026/install/rm_bringup:/home/ckl/RM/Combat_vision2026/install/rm_serial_driver:/home/ckl/RM/Combat_vision2026/install/rm_auto_aim:/home/ckl/RM/Combat_vision2026/install/armor_solver:/home/ckl/RM/Combat_vision2026/install/armor_detector:/home/ckl/RM/Combat_vision2026/install/rm_robot_description:/home/ckl/RM/Combat_vision2026/install/hik_camera:/opt/ros/humble LD_LIBRARY_PATH=/home/ckl/RM/Combat_vision2026/install/rm_utils/lib:/home/ckl/RM/Combat_vision2026/install/rm_interfaces/lib:/home/ckl/RM/Combat_vision2026/install/rm_serial_driver/lib:/home/ckl/RM/Combat_vision2026/install/armor_solver/lib:/home/ckl/RM/Combat_vision2026/install/armor_detector/lib:/home/ckl/RM/Combat_vision2026/install/hik_camera/lib:/opt/ros/humble/opt/rviz_ogre_vendor/lib:/opt/ros/humble/lib/x86_64-linux-gnu:/opt/ros/humble/lib /usr/bin/cmake --build /home/ckl/RM/Combat_vision2026/build/armor_detector -- -j16 -l16
[0.053s] [  7%] Built target gtest_main
[0.054s] [ 14%] Built target gtest
[0.056s] [ 22%] Built target armor_detector_node
[0.103s] [ 25%] [32mBuilding CXX object CMakeFiles/armor_detector.dir/src/bound_solver.cpp.o[0m
[5.324s] [01m[K/home/ckl/RM/Combat_vision2026/src/rm_auto_aim/armor_detector/src/bound_solver.cpp:[m[K In member function ‘[01m[Kvoid fyt::auto_aim::BoundSolver::drawBound(cv::Mat&)[m[K’:
[5.325s] [01m[K/home/ckl/RM/Combat_vision2026/src/rm_auto_aim/armor_detector/src/bound_solver.cpp:13:19:[m[K [01;31m[Kerror: [m[K‘[01m[Kbegin[m[K’ was not declared in this scope
[5.325s]    13 |   for(int i : img.[01;31m[Krows[m[K){
[5.325s]       |                   [01;31m[K^~~~[m[K
[5.325s] [01m[K/home/ckl/RM/Combat_vision2026/src/rm_auto_aim/armor_detector/src/bound_solver.cpp:13:19:[m[K [01;36m[Knote: [m[Ksuggested alternatives:
[5.325s] In file included from [01m[K/usr/include/c++/11/array:41[m[K,
[5.325s]                  from [01m[K/usr/include/c++/11/tuple:39[m[K,
[5.325s]                  from [01m[K/usr/include/c++/11/functional:54[m[K,
[5.325s]                  from [01m[K/usr/include/c++/11/pstl/glue_algorithm_defs.h:13[m[K,
[5.326s]                  from [01m[K/usr/include/c++/11/algorithm:74[m[K,
[5.326s]                  from [01m[K/home/ckl/RM/Combat_vision2026/src/rm_auto_aim/armor_detector/include/armor_detector/bound_solver.hpp:4[m[K,
[5.326s]                  from [01m[K/home/ckl/RM/Combat_vision2026/src/rm_auto_aim/armor_detector/src/bound_solver.cpp:1[m[K:
[5.326s] [01m[K/usr/include/c++/11/bits/range_access.h:108:37:[m[K [01;36m[Knote: [m[K  ‘[01m[Kstd::begin[m[K’
[5.326s]   108 |   template<typename _Tp> const _Tp* [01;36m[Kbegin[m[K(const valarray<_Tp>&) noexcept;
[5.326s]       |                                     [01;36m[K^~~~~[m[K
[5.326s] In file included from [01m[K/usr/include/c++/11/filesystem:46[m[K,
[5.326s]                  from [01m[K/home/ckl/RM/Combat_vision2026/src/rm_auto_aim/armor_detector/include/armor_detector/bound_solver.hpp:6[m[K,
[5.326s]                  from [01m[K/home/ckl/RM/Combat_vision2026/src/rm_auto_aim/armor_detector/src/bound_solver.cpp:1[m[K:
[5.326s] [01m[K/usr/include/c++/11/bits/fs_dir.h:549:3:[m[K [01;36m[Knote: [m[K  ‘[01m[Kstd::filesystem::__cxx11::begin[m[K’
[5.326s]   549 |   [01;36m[Kbegin[m[K(recursive_directory_iterator __iter) noexcept
[5.326s]       |   [01;36m[K^~~~~[m[K
[5.326s] [01m[K/home/ckl/RM/Combat_vision2026/src/rm_auto_aim/armor_detector/src/bound_solver.cpp:13:19:[m[K [01;31m[Kerror: [m[K‘[01m[Kend[m[K’ was not declared in this scope
[5.326s]    13 |   for(int i : img.[01;31m[Krows[m[K){
[5.327s]       |                   [01;31m[K^~~~[m[K
[5.327s] [01m[K/home/ckl/RM/Combat_vision2026/src/rm_auto_aim/armor_detector/src/bound_solver.cpp:13:19:[m[K [01;36m[Knote: [m[Ksuggested alternatives:
[5.327s] In file included from [01m[K/usr/include/c++/11/array:41[m[K,
[5.327s]                  from [01m[K/usr/include/c++/11/tuple:39[m[K,
[5.327s]                  from [01m[K/usr/include/c++/11/functional:54[m[K,
[5.327s]                  from [01m[K/usr/include/c++/11/pstl/glue_algorithm_defs.h:13[m[K,
[5.327s]                  from [01m[K/usr/include/c++/11/algorithm:74[m[K,
[5.327s]                  from [01m[K/home/ckl/RM/Combat_vision2026/src/rm_auto_aim/armor_detector/include/armor_detector/bound_solver.hpp:4[m[K,
[5.327s]                  from [01m[K/home/ckl/RM/Combat_vision2026/src/rm_auto_aim/armor_detector/src/bound_solver.cpp:1[m[K:
[5.327s] [01m[K/usr/include/c++/11/bits/range_access.h:110:37:[m[K [01;36m[Knote: [m[K  ‘[01m[Kstd::end[m[K’
[5.327s]   110 |   template<typename _Tp> const _Tp* [01;36m[Kend[m[K(const valarray<_Tp>&) noexcept;
[5.327s]       |                                     [01;36m[K^~~[m[K
[5.327s] In file included from [01m[K/usr/include/c++/11/filesystem:46[m[K,
[5.328s]                  from [01m[K/home/ckl/RM/Combat_vision2026/src/rm_auto_aim/armor_detector/include/armor_detector/bound_solver.hpp:6[m[K,
[5.328s]                  from [01m[K/home/ckl/RM/Combat_vision2026/src/rm_auto_aim/armor_detector/src/bound_solver.cpp:1[m[K:
[5.328s] [01m[K/usr/include/c++/11/bits/fs_dir.h:554:3:[m[K [01;36m[Knote: [m[K  ‘[01m[Kstd::filesystem::__cxx11::end[m[K’
[5.328s]   554 |   [01;36m[Kend[m[K(recursive_directory_iterator) noexcept
[5.328s]       |   [01;36m[K^~~[m[K
[5.328s] In file included from [01m[K/usr/include/eigen3/Eigen/Core:265[m[K,
[5.328s]                  from [01m[K/usr/include/eigen3/Eigen/Dense:1[m[K,
[5.328s]                  from [01m[K/home/ckl/RM/Combat_vision2026/src/rm_auto_aim/armor_detector/include/armor_detector/types.hpp:25[m[K,
[5.328s]                  from [01m[K/home/ckl/RM/Combat_vision2026/src/rm_auto_aim/armor_detector/include/armor_detector/light_corner_corrector.hpp:22[m[K,
[5.328s]                  from [01m[K/home/ckl/RM/Combat_vision2026/src/rm_auto_aim/armor_detector/include/armor_detector/armor_detector.hpp:31[m[K,
[5.328s]                  from [01m[K/home/ckl/RM/Combat_vision2026/src/rm_auto_aim/armor_detector/include/armor_detector/armor_detector_node.hpp:46[m[K,
[5.328s]                  from [01m[K/home/ckl/RM/Combat_vision2026/src/rm_auto_aim/armor_detector/include/armor_detector/bound_solver.hpp:30[m[K,
[5.328s]                  from [01m[K/home/ckl/RM/Combat_vision2026/src/rm_auto_aim/armor_detector/src/bound_solver.cpp:1[m[K:
[5.329s] [01m[K/usr/include/eigen3/Eigen/src/Core/util/IndexedViewHelper.h:181:40:[m[K [01;36m[Knote: [m[K  ‘[01m[KEigen::placeholders::end[m[K’
[5.329s]   181 |   EIGEN_DEPRECATED static const end_t  [01;36m[Kend[m[K  = Eigen::lastp1; // PLEASE use Eigen::lastp1 instead of Eigen::placeholders::end
[5.329s]       |                                        [01;36m[K^~~[m[K
[5.329s] [01m[K/home/ckl/RM/Combat_vision2026/src/rm_auto_aim/armor_detector/src/bound_solver.cpp:14:21:[m[K [01;31m[Kerror: [m[K‘[01m[Kbegin[m[K’ was not declared in this scope
[5.329s]    14 |     for(int j : img.[01;31m[Kcols[m[K){
[5.329s]       |                     [01;31m[K^~~~[m[K
[5.329s] [01m[K/home/ckl/RM/Combat_vision2026/src/rm_auto_aim/armor_detector/src/bound_solver.cpp:14:21:[m[K [01;36m[Knote: [m[Ksuggested alternatives:
[5.329s] In file included from [01m[K/usr/include/c++/11/array:41[m[K,
[5.329s]                  from [01m[K/usr/include/c++/11/tuple:39[m[K,
[5.329s]                  from [01m[K/usr/include/c++/11/functional:54[m[K,
[5.329s]                  from [01m[K/usr/include/c++/11/pstl/glue_algorithm_defs.h:13[m[K,
[5.329s]                  from [01m[K/usr/include/c++/11/algorithm:74[m[K,
[5.329s]                  from [01m[K/home/ckl/RM/Combat_vision2026/src/rm_auto_aim/armor_detector/include/armor_detector/bound_solver.hpp:4[m[K,
[5.329s]                  from [01m[K/home/ckl/RM/Combat_vision2026/src/rm_auto_aim/armor_detector/src/bound_solver.cpp:1[m[K:
[5.329s] [01m[K/usr/include/c++/11/bits/range_access.h:108:37:[m[K [01;36m[Knote: [m[K  ‘[01m[Kstd::begin[m[K’
[5.329s]   108 |   template<typename _Tp> const _Tp* [01;36m[Kbegin[m[K(const valarray<_Tp>&) noexcept;
[5.329s]       |                                     [01;36m[K^~~~~[m[K
[5.329s] In file included from [01m[K/usr/include/c++/11/filesystem:46[m[K,
[5.330s]                  from [01m[K/home/ckl/RM/Combat_vision2026/src/rm_auto_aim/armor_detector/include/armor_detector/bound_solver.hpp:6[m[K,
[5.330s]                  from [01m[K/home/ckl/RM/Combat_vision2026/src/rm_auto_aim/armor_detector/src/bound_solver.cpp:1[m[K:
[5.330s] [01m[K/usr/include/c++/11/bits/fs_dir.h:549:3:[m[K [01;36m[Knote: [m[K  ‘[01m[Kstd::filesystem::__cxx11::begin[m[K’
[5.330s]   549 |   [01;36m[Kbegin[m[K(recursive_directory_iterator __iter) noexcept
[5.330s]       |   [01;36m[K^~~~~[m[K
[5.330s] [01m[K/home/ckl/RM/Combat_vision2026/src/rm_auto_aim/armor_detector/src/bound_solver.cpp:14:21:[m[K [01;31m[Kerror: [m[K‘[01m[Kend[m[K’ was not declared in this scope
[5.330s]    14 |     for(int j : img.[01;31m[Kcols[m[K){
[5.330s]       |                     [01;31m[K^~~~[m[K
[5.330s] [01m[K/home/ckl/RM/Combat_vision2026/src/rm_auto_aim/armor_detector/src/bound_solver.cpp:14:21:[m[K [01;36m[Knote: [m[Ksuggested alternatives:
[5.330s] In file included from [01m[K/usr/include/c++/11/array:41[m[K,
[5.330s]                  from [01m[K/usr/include/c++/11/tuple:39[m[K,
[5.330s]                  from [01m[K/usr/include/c++/11/functional:54[m[K,
[5.330s]                  from [01m[K/usr/include/c++/11/pstl/glue_algorithm_defs.h:13[m[K,
[5.330s]                  from [01m[K/usr/include/c++/11/algorithm:74[m[K,
[5.330s]                  from [01m[K/home/ckl/RM/Combat_vision2026/src/rm_auto_aim/armor_detector/include/armor_detector/bound_solver.hpp:4[m[K,
[5.330s]                  from [01m[K/home/ckl/RM/Combat_vision2026/src/rm_auto_aim/armor_detector/src/bound_solver.cpp:1[m[K:
[5.330s] [01m[K/usr/include/c++/11/bits/range_access.h:110:37:[m[K [01;36m[Knote: [m[K  ‘[01m[Kstd::end[m[K’
[5.331s]   110 |   template<typename _Tp> const _Tp* [01;36m[Kend[m[K(const valarray<_Tp>&) noexcept;
[5.331s]       |                                     [01;36m[K^~~[m[K
[5.331s] In file included from [01m[K/usr/include/c++/11/filesystem:46[m[K,
[5.331s]                  from [01m[K/home/ckl/RM/Combat_vision2026/src/rm_auto_aim/armor_detector/include/armor_detector/bound_solver.hpp:6[m[K,
[5.331s]                  from [01m[K/home/ckl/RM/Combat_vision2026/src/rm_auto_aim/armor_detector/src/bound_solver.cpp:1[m[K:
[5.331s] [01m[K/usr/include/c++/11/bits/fs_dir.h:554:3:[m[K [01;36m[Knote: [m[K  ‘[01m[Kstd::filesystem::__cxx11::end[m[K’
[5.331s]   554 |   [01;36m[Kend[m[K(recursive_directory_iterator) noexcept
[5.331s]       |   [01;36m[K^~~[m[K
[5.331s] In file included from [01m[K/usr/include/eigen3/Eigen/Core:265[m[K,
[5.331s]                  from [01m[K/usr/include/eigen3/Eigen/Dense:1[m[K,
[5.331s]                  from [01m[K/home/ckl/RM/Combat_vision2026/src/rm_auto_aim/armor_detector/include/armor_detector/types.hpp:25[m[K,
[5.331s]                  from [01m[K/home/ckl/RM/Combat_vision2026/src/rm_auto_aim/armor_detector/include/armor_detector/light_corner_corrector.hpp:22[m[K,
[5.331s]                  from [01m[K/home/ckl/RM/Combat_vision2026/src/rm_auto_aim/armor_detector/include/armor_detector/armor_detector.hpp:31[m[K,
[5.331s]                  from [01m[K/home/ckl/RM/Combat_vision2026/src/rm_auto_aim/armor_detector/include/armor_detector/armor_detector_node.hpp:46[m[K,
[5.331s]                  from [01m[K/home/ckl/RM/Combat_vision2026/src/rm_auto_aim/armor_detector/include/armor_detector/bound_solver.hpp:30[m[K,
[5.331s]                  from [01m[K/home/ckl/RM/Combat_vision2026/src/rm_auto_aim/armor_detector/src/bound_solver.cpp:1[m[K:
[5.331s] [01m[K/usr/include/eigen3/Eigen/src/Core/util/IndexedViewHelper.h:181:40:[m[K [01;36m[Knote: [m[K  ‘[01m[KEigen::placeholders::end[m[K’
[5.332s]   181 |   EIGEN_DEPRECATED static const end_t  [01;36m[Kend[m[K  = Eigen::lastp1; // PLEASE use Eigen::lastp1 instead of Eigen::placeholders::end
[5.332s]       |                                        [01;36m[K^~~[m[K
[8.150s] gmake[2]: *** [CMakeFiles/armor_detector.dir/build.make:135：CMakeFiles/armor_detector.dir/src/bound_solver.cpp.o] 错误 1
[8.150s] gmake[1]: *** [CMakeFiles/Makefile2:185：CMakeFiles/armor_detector.dir/all] 错误 2
[8.150s] gmake: *** [Makefile:146：all] 错误 2
[8.153s] Invoked command in '/home/ckl/RM/Combat_vision2026/build/armor_detector' returned '2': CMAKE_PREFIX_PATH=/home/ckl/RM/Combat_vision2026/install/rm_utils:/home/ckl/RM/Combat_vision2026/install/rm_interfaces:/home/ckl/RM/Combat_vision2026/install/rm_bringup:/home/ckl/RM/Combat_vision2026/install/rm_serial_driver:/home/ckl/RM/Combat_vision2026/install/rm_auto_aim:/home/ckl/RM/Combat_vision2026/install/armor_solver:/home/ckl/RM/Combat_vision2026/install/armor_detector:/home/ckl/RM/Combat_vision2026/install/rm_robot_description:/home/ckl/RM/Combat_vision2026/install/hik_camera:/opt/ros/humble LD_LIBRARY_PATH=/home/ckl/RM/Combat_vision2026/install/rm_utils/lib:/home/ckl/RM/Combat_vision2026/install/rm_interfaces/lib:/home/ckl/RM/Combat_vision2026/install/rm_serial_driver/lib:/home/ckl/RM/Combat_vision2026/install/armor_solver/lib:/home/ckl/RM/Combat_vision2026/install/armor_detector/lib:/home/ckl/RM/Combat_vision2026/install/hik_camera/lib:/opt/ros/humble/opt/rviz_ogre_vendor/lib:/opt/ros/humble/lib/x86_64-linux-gnu:/opt/ros/humble/lib /usr/bin/cmake --build /home/ckl/RM/Combat_vision2026/build/armor_detector -- -j16 -l16
