[0.015s] Invoking command in '/home/ckl/RM/Combat_vision2026/build/rm_serial_driver': CMAKE_PREFIX_PATH=/home/ckl/RM/Combat_vision2026/install/rm_utils:/home/ckl/RM/Combat_vision2026/install/rm_interfaces:/home/ckl/RM/Combat_vision2026/install/rm_bringup:/home/ckl/RM/Combat_vision2026/install/rm_serial_driver:/home/ckl/RM/Combat_vision2026/install/rm_auto_aim:/home/ckl/RM/Combat_vision2026/install/armor_solver:/home/ckl/RM/Combat_vision2026/install/armor_detector:/home/ckl/RM/Combat_vision2026/install/rm_robot_description:/home/ckl/RM/Combat_vision2026/install/hik_camera:/opt/ros/humble LD_LIBRARY_PATH=/home/ckl/RM/Combat_vision2026/install/rm_utils/lib:/home/ckl/RM/Combat_vision2026/install/rm_interfaces/lib:/home/ckl/RM/Combat_vision2026/install/rm_serial_driver/lib:/home/ckl/RM/Combat_vision2026/install/armor_solver/lib:/home/ckl/RM/Combat_vision2026/install/armor_detector/lib:/home/ckl/RM/Combat_vision2026/install/hik_camera/lib:/opt/ros/humble/opt/rviz_ogre_vendor/lib:/opt/ros/humble/lib/x86_64-linux-gnu:/opt/ros/humble/lib /usr/bin/cmake /home/ckl/RM/Combat_vision2026/src/rm_hardware_driver/rm_serial_driver -DCMAKE_INSTALL_PREFIX=/home/ckl/RM/Combat_vision2026/install/rm_serial_driver
[0.064s] -- The C compiler identification is GNU 11.4.0
[0.125s] -- The CXX compiler identification is GNU 11.4.0
[0.131s] -- Detecting C compiler ABI info
[0.190s] -- Detecting C compiler ABI info - done
[0.203s] -- Check for working C compiler: /usr/bin/cc - skipped
[0.203s] -- Detecting C compile features
[0.203s] -- Detecting C compile features - done
[0.215s] -- Detecting CXX compiler ABI info
[0.286s] -- Detecting CXX compiler ABI info - done
[0.299s] -- Check for working CXX compiler: /usr/bin/c++ - skipped
[0.299s] -- Detecting CXX compile features
[0.300s] -- Detecting CXX compile features - done
[0.309s] -- Found ament_cmake_auto: 1.3.12 (/opt/ros/humble/share/ament_cmake_auto/cmake)
[0.426s] -- Found Python3: /usr/bin/python3 (found version "3.10.12") found components: Interpreter
[0.620s] -- Found rosidl_generator_c: 3.1.7 (/opt/ros/humble/share/rosidl_generator_c/cmake)
[0.626s] -- Found rosidl_adapter: 3.1.7 (/opt/ros/humble/share/rosidl_adapter/cmake)
[0.636s] -- Found rosidl_generator_cpp: 3.1.7 (/opt/ros/humble/share/rosidl_generator_cpp/cmake)
[0.649s] -- Using all available rosidl_typesupport_c: rosidl_typesupport_fastrtps_c;rosidl_typesupport_introspection_c
[0.666s] -- Using all available rosidl_typesupport_cpp: rosidl_typesupport_fastrtps_cpp;rosidl_typesupport_introspection_cpp
[0.721s] -- Found rmw_implementation_cmake: 6.1.2 (/opt/ros/humble/share/rmw_implementation_cmake/cmake)
[0.724s] -- Found rmw_fastrtps_cpp: 6.2.8 (/opt/ros/humble/share/rmw_fastrtps_cpp/cmake)
[0.820s] -- Found OpenSSL: /usr/lib/x86_64-linux-gnu/libcrypto.so (found version "3.0.2")
[0.852s] -- Found FastRTPS: /opt/ros/humble/include
[0.903s] -- Using RMW implementation 'rmw_fastrtps_cpp' as default
[0.913s] -- Performing Test CMAKE_HAVE_LIBC_PTHREAD
[0.976s] -- Performing Test CMAKE_HAVE_LIBC_PTHREAD - Success
[0.977s] -- Found Threads: TRUE
[1.246s] -- Found eigen3_cmake_module: 0.1.1 (/opt/ros/humble/share/eigen3_cmake_module/cmake)
[1.247s] -- Found Eigen3: TRUE (found version "3.4.0")
[1.247s] -- Ensuring Eigen3 include directory is part of orocos-kdl CMake target
[1.362s] -- Found ament_lint_auto: 0.12.14 (/opt/ros/humble/share/ament_lint_auto/cmake)
[1.401s] -- Found ament_cmake_gtest: 1.3.12 (/opt/ros/humble/share/ament_cmake_gtest/cmake)
[1.407s] -- Found gtest sources under '/opt/ros/humble/src/gtest_vendor': C++ tests using 'Google Test' will be built
[1.410s] [0mCMake Deprecation Warning at /opt/ros/humble/src/gtest_vendor/CMakeLists.txt:2 (cmake_minimum_required):
[1.410s]   Compatibility with CMake < 3.10 will be removed from a future version of
[1.410s]   CMake.
[1.410s] 
[1.410s]   Update the VERSION argument <min> value.  Or, use the <min>...<max> syntax
[1.410s]   to tell CMake that the project requires at least <min> but has been updated
[1.410s]   to work with policies introduced by <max> or earlier.
[1.410s] 
[1.410s] [0m
[1.413s] [0mIn this package, headers install destination is set to `include` by ament_auto_package. It is recommended to install `include/rm_serial_driver` instead and will be the default behavior of ament_auto_package from ROS 2 Kilted Kaiju. On distributions before Kilted, ament_auto_package behaves the same way when you use USE_SCOPED_HEADER_INSTALL_DIR option.[0m
[1.419s] -- Added test 'cppcheck' to perform static code analysis on C / C++ code
[1.419s] -- Configured cppcheck include dirs: /home/ckl/RM/Combat_vision2026/src/rm_hardware_driver/rm_serial_driver/include
[1.419s] -- Configured cppcheck exclude dirs and/or files: 
[1.421s] -- Added test 'lint_cmake' to check CMake code style
[1.422s] -- Added test 'xmllint' to check XML markup files
[1.426s] -- Configuring done (1.4s)
[1.470s] -- Generating done (0.0s)
[1.480s] -- Build files have been written to: /home/ckl/RM/Combat_vision2026/build/rm_serial_driver
[1.495s] Invoked command in '/home/ckl/RM/Combat_vision2026/build/rm_serial_driver' returned '0': CMAKE_PREFIX_PATH=/home/ckl/RM/Combat_vision2026/install/rm_utils:/home/ckl/RM/Combat_vision2026/install/rm_interfaces:/home/ckl/RM/Combat_vision2026/install/rm_bringup:/home/ckl/RM/Combat_vision2026/install/rm_serial_driver:/home/ckl/RM/Combat_vision2026/install/rm_auto_aim:/home/ckl/RM/Combat_vision2026/install/armor_solver:/home/ckl/RM/Combat_vision2026/install/armor_detector:/home/ckl/RM/Combat_vision2026/install/rm_robot_description:/home/ckl/RM/Combat_vision2026/install/hik_camera:/opt/ros/humble LD_LIBRARY_PATH=/home/ckl/RM/Combat_vision2026/install/rm_utils/lib:/home/ckl/RM/Combat_vision2026/install/rm_interfaces/lib:/home/ckl/RM/Combat_vision2026/install/rm_serial_driver/lib:/home/ckl/RM/Combat_vision2026/install/armor_solver/lib:/home/ckl/RM/Combat_vision2026/install/armor_detector/lib:/home/ckl/RM/Combat_vision2026/install/hik_camera/lib:/opt/ros/humble/opt/rviz_ogre_vendor/lib:/opt/ros/humble/lib/x86_64-linux-gnu:/opt/ros/humble/lib /usr/bin/cmake /home/ckl/RM/Combat_vision2026/src/rm_hardware_driver/rm_serial_driver -DCMAKE_INSTALL_PREFIX=/home/ckl/RM/Combat_vision2026/install/rm_serial_driver
[1.496s] Invoking command in '/home/ckl/RM/Combat_vision2026/build/rm_serial_driver': CMAKE_PREFIX_PATH=/home/ckl/RM/Combat_vision2026/install/rm_utils:/home/ckl/RM/Combat_vision2026/install/rm_interfaces:/home/ckl/RM/Combat_vision2026/install/rm_bringup:/home/ckl/RM/Combat_vision2026/install/rm_serial_driver:/home/ckl/RM/Combat_vision2026/install/rm_auto_aim:/home/ckl/RM/Combat_vision2026/install/armor_solver:/home/ckl/RM/Combat_vision2026/install/armor_detector:/home/ckl/RM/Combat_vision2026/install/rm_robot_description:/home/ckl/RM/Combat_vision2026/install/hik_camera:/opt/ros/humble LD_LIBRARY_PATH=/home/ckl/RM/Combat_vision2026/install/rm_utils/lib:/home/ckl/RM/Combat_vision2026/install/rm_interfaces/lib:/home/ckl/RM/Combat_vision2026/install/rm_serial_driver/lib:/home/ckl/RM/Combat_vision2026/install/armor_solver/lib:/home/ckl/RM/Combat_vision2026/install/armor_detector/lib:/home/ckl/RM/Combat_vision2026/install/hik_camera/lib:/opt/ros/humble/opt/rviz_ogre_vendor/lib:/opt/ros/humble/lib/x86_64-linux-gnu:/opt/ros/humble/lib /usr/bin/cmake --build /home/ckl/RM/Combat_vision2026/build/rm_serial_driver -- -j16 -l16
[1.529s] [ 11%] [32mBuilding CXX object gtest/CMakeFiles/gtest.dir/src/gtest-all.cc.o[0m
[1.530s] [ 11%] [32mBuilding CXX object CMakeFiles/rm_serial_driver_node.dir/rclcpp_components/node_main_rm_serial_driver_node.cpp.o[0m
[1.531s] [ 17%] [32mBuilding CXX object CMakeFiles/virtual_serial_node.dir/rclcpp_components/node_main_virtual_serial_node.cpp.o[0m
[1.531s] [ 23%] [32mBuilding CXX object gtest/CMakeFiles/gtest_main.dir/src/gtest_main.cc.o[0m
[1.532s] [ 29%] [32mBuilding CXX object CMakeFiles/rm_serial_driver.dir/src/protocol/default_protocol.cpp.o[0m
[1.532s] [ 35%] [32mBuilding CXX object CMakeFiles/rm_serial_driver.dir/src/protocol/infantry_protocol.cpp.o[0m
[1.533s] [ 47%] [32mBuilding CXX object CMakeFiles/rm_serial_driver.dir/src/transporter_driver/uart_transporter.cpp.o[0m
[1.533s] [ 47%] [32mBuilding CXX object CMakeFiles/rm_serial_driver.dir/src/protocol/sentry_protocol.cpp.o[0m
[1.533s] [ 52%] [32mBuilding CXX object CMakeFiles/rm_serial_driver.dir/src/serial_driver_node.cpp.o[0m
[1.535s] [ 58%] [32mBuilding CXX object CMakeFiles/rm_serial_driver.dir/src/virtual_serial_node.cpp.o[0m
[4.360s] [ 64%] [1m[32mLinking CXX static library libgtest_main.a[0m
[4.415s] [ 64%] Built target gtest_main
[10.341s] [ 70%] [1m[32mLinking CXX executable virtual_serial_node[0m
[10.604s] [ 70%] Built target virtual_serial_node
[10.864s] [ 76%] [1m[32mLinking CXX executable rm_serial_driver_node[0m
[11.148s] [ 76%] Built target rm_serial_driver_node
[16.912s] [ 82%] [1m[32mLinking CXX static library libgtest.a[0m
[16.966s] [ 82%] Built target gtest
[27.022s] [ 88%] [1m[32mLinking CXX shared library librm_serial_driver.so[0m
[27.360s] [ 88%] Built target rm_serial_driver
[27.376s] [ 94%] [32mBuilding CXX object CMakeFiles/test_fixed_packet_tool.dir/test/test_fixed_packet_tool.cpp.o[0m
[30.492s] [100%] [1m[32mLinking CXX executable test_fixed_packet_tool[0m
[30.651s] [100%] Built target test_fixed_packet_tool
[30.658s] Invoked command in '/home/ckl/RM/Combat_vision2026/build/rm_serial_driver' returned '0': CMAKE_PREFIX_PATH=/home/ckl/RM/Combat_vision2026/install/rm_utils:/home/ckl/RM/Combat_vision2026/install/rm_interfaces:/home/ckl/RM/Combat_vision2026/install/rm_bringup:/home/ckl/RM/Combat_vision2026/install/rm_serial_driver:/home/ckl/RM/Combat_vision2026/install/rm_auto_aim:/home/ckl/RM/Combat_vision2026/install/armor_solver:/home/ckl/RM/Combat_vision2026/install/armor_detector:/home/ckl/RM/Combat_vision2026/install/rm_robot_description:/home/ckl/RM/Combat_vision2026/install/hik_camera:/opt/ros/humble LD_LIBRARY_PATH=/home/ckl/RM/Combat_vision2026/install/rm_utils/lib:/home/ckl/RM/Combat_vision2026/install/rm_interfaces/lib:/home/ckl/RM/Combat_vision2026/install/rm_serial_driver/lib:/home/ckl/RM/Combat_vision2026/install/armor_solver/lib:/home/ckl/RM/Combat_vision2026/install/armor_detector/lib:/home/ckl/RM/Combat_vision2026/install/hik_camera/lib:/opt/ros/humble/opt/rviz_ogre_vendor/lib:/opt/ros/humble/lib/x86_64-linux-gnu:/opt/ros/humble/lib /usr/bin/cmake --build /home/ckl/RM/Combat_vision2026/build/rm_serial_driver -- -j16 -l16
[30.659s] Invoking command in '/home/ckl/RM/Combat_vision2026/build/rm_serial_driver': CMAKE_PREFIX_PATH=/home/ckl/RM/Combat_vision2026/install/rm_utils:/home/ckl/RM/Combat_vision2026/install/rm_interfaces:/home/ckl/RM/Combat_vision2026/install/rm_bringup:/home/ckl/RM/Combat_vision2026/install/rm_serial_driver:/home/ckl/RM/Combat_vision2026/install/rm_auto_aim:/home/ckl/RM/Combat_vision2026/install/armor_solver:/home/ckl/RM/Combat_vision2026/install/armor_detector:/home/ckl/RM/Combat_vision2026/install/rm_robot_description:/home/ckl/RM/Combat_vision2026/install/hik_camera:/opt/ros/humble LD_LIBRARY_PATH=/home/ckl/RM/Combat_vision2026/install/rm_utils/lib:/home/ckl/RM/Combat_vision2026/install/rm_interfaces/lib:/home/ckl/RM/Combat_vision2026/install/rm_serial_driver/lib:/home/ckl/RM/Combat_vision2026/install/armor_solver/lib:/home/ckl/RM/Combat_vision2026/install/armor_detector/lib:/home/ckl/RM/Combat_vision2026/install/hik_camera/lib:/opt/ros/humble/opt/rviz_ogre_vendor/lib:/opt/ros/humble/lib/x86_64-linux-gnu:/opt/ros/humble/lib /usr/bin/cmake --install /home/ckl/RM/Combat_vision2026/build/rm_serial_driver
[30.663s] -- Install configuration: ""
[30.664s] -- Installing: /home/ckl/RM/Combat_vision2026/install/rm_serial_driver/lib/rm_serial_driver/rm_serial_driver_node
[30.664s] -- Set non-toolchain portion of runtime path of "/home/ckl/RM/Combat_vision2026/install/rm_serial_driver/lib/rm_serial_driver/rm_serial_driver_node" to ""
[30.664s] -- Installing: /home/ckl/RM/Combat_vision2026/install/rm_serial_driver/lib/rm_serial_driver/virtual_serial_node
[30.664s] -- Set non-toolchain portion of runtime path of "/home/ckl/RM/Combat_vision2026/install/rm_serial_driver/lib/rm_serial_driver/virtual_serial_node" to ""
[30.665s] -- Installing: /home/ckl/RM/Combat_vision2026/install/rm_serial_driver/include
[30.665s] -- Installing: /home/ckl/RM/Combat_vision2026/install/rm_serial_driver/include/rm_serial_driver
[30.665s] -- Installing: /home/ckl/RM/Combat_vision2026/install/rm_serial_driver/include/rm_serial_driver/uart_transporter.hpp
[30.665s] -- Installing: /home/ckl/RM/Combat_vision2026/install/rm_serial_driver/include/rm_serial_driver/protocol_factory.hpp
[30.665s] -- Installing: /home/ckl/RM/Combat_vision2026/install/rm_serial_driver/include/rm_serial_driver/fixed_packet_tool.hpp
[30.665s] -- Installing: /home/ckl/RM/Combat_vision2026/install/rm_serial_driver/include/rm_serial_driver/fixed_packet.hpp
[30.665s] -- Installing: /home/ckl/RM/Combat_vision2026/install/rm_serial_driver/include/rm_serial_driver/protocol
[30.665s] -- Installing: /home/ckl/RM/Combat_vision2026/install/rm_serial_driver/include/rm_serial_driver/protocol/infantry_protocol.hpp
[30.666s] -- Installing: /home/ckl/RM/Combat_vision2026/install/rm_serial_driver/include/rm_serial_driver/protocol/default_protocol.hpp
[30.666s] -- Installing: /home/ckl/RM/Combat_vision2026/install/rm_serial_driver/include/rm_serial_driver/protocol/sentry_protocol.hpp
[30.666s] -- Installing: /home/ckl/RM/Combat_vision2026/install/rm_serial_driver/include/rm_serial_driver/transporter_interface.hpp
[30.666s] -- Installing: /home/ckl/RM/Combat_vision2026/install/rm_serial_driver/include/rm_serial_driver/serial_driver_node.hpp
[30.666s] -- Installing: /home/ckl/RM/Combat_vision2026/install/rm_serial_driver/include/rm_serial_driver/protocol.hpp
[30.667s] -- Installing: /home/ckl/RM/Combat_vision2026/install/rm_serial_driver/share/rm_serial_driver/environment/library_path.sh
[30.667s] -- Installing: /home/ckl/RM/Combat_vision2026/install/rm_serial_driver/share/rm_serial_driver/environment/library_path.dsv
[30.667s] -- Installing: /home/ckl/RM/Combat_vision2026/install/rm_serial_driver/lib/librm_serial_driver.so
[30.669s] -- Set non-toolchain portion of runtime path of "/home/ckl/RM/Combat_vision2026/install/rm_serial_driver/lib/librm_serial_driver.so" to ""
[30.669s] -- Installing: /home/ckl/RM/Combat_vision2026/install/rm_serial_driver/share/ament_index/resource_index/package_run_dependencies/rm_serial_driver
[30.670s] -- Installing: /home/ckl/RM/Combat_vision2026/install/rm_serial_driver/share/ament_index/resource_index/parent_prefix_path/rm_serial_driver
[30.670s] -- Installing: /home/ckl/RM/Combat_vision2026/install/rm_serial_driver/share/rm_serial_driver/environment/ament_prefix_path.sh
[30.670s] -- Installing: /home/ckl/RM/Combat_vision2026/install/rm_serial_driver/share/rm_serial_driver/environment/ament_prefix_path.dsv
[30.670s] -- Installing: /home/ckl/RM/Combat_vision2026/install/rm_serial_driver/share/rm_serial_driver/environment/path.sh
[30.670s] -- Installing: /home/ckl/RM/Combat_vision2026/install/rm_serial_driver/share/rm_serial_driver/environment/path.dsv
[30.670s] -- Installing: /home/ckl/RM/Combat_vision2026/install/rm_serial_driver/share/rm_serial_driver/local_setup.bash
[30.671s] -- Installing: /home/ckl/RM/Combat_vision2026/install/rm_serial_driver/share/rm_serial_driver/local_setup.sh
[30.671s] -- Installing: /home/ckl/RM/Combat_vision2026/install/rm_serial_driver/share/rm_serial_driver/local_setup.zsh
[30.671s] -- Installing: /home/ckl/RM/Combat_vision2026/install/rm_serial_driver/share/rm_serial_driver/local_setup.dsv
[30.671s] -- Installing: /home/ckl/RM/Combat_vision2026/install/rm_serial_driver/share/rm_serial_driver/package.dsv
[30.672s] -- Installing: /home/ckl/RM/Combat_vision2026/install/rm_serial_driver/share/ament_index/resource_index/packages/rm_serial_driver
[30.672s] -- Installing: /home/ckl/RM/Combat_vision2026/install/rm_serial_driver/share/ament_index/resource_index/rclcpp_components/rm_serial_driver
[30.672s] -- Installing: /home/ckl/RM/Combat_vision2026/install/rm_serial_driver/share/rm_serial_driver/cmake/ament_cmake_export_dependencies-extras.cmake
[30.672s] -- Installing: /home/ckl/RM/Combat_vision2026/install/rm_serial_driver/share/rm_serial_driver/cmake/ament_cmake_export_include_directories-extras.cmake
[30.673s] -- Installing: /home/ckl/RM/Combat_vision2026/install/rm_serial_driver/share/rm_serial_driver/cmake/ament_cmake_export_libraries-extras.cmake
[30.673s] -- Installing: /home/ckl/RM/Combat_vision2026/install/rm_serial_driver/share/rm_serial_driver/cmake/rm_serial_driverConfig.cmake
[30.673s] -- Installing: /home/ckl/RM/Combat_vision2026/install/rm_serial_driver/share/rm_serial_driver/cmake/rm_serial_driverConfig-version.cmake
[30.673s] -- Installing: /home/ckl/RM/Combat_vision2026/install/rm_serial_driver/share/rm_serial_driver/package.xml
[30.675s] Invoked command in '/home/ckl/RM/Combat_vision2026/build/rm_serial_driver' returned '0': CMAKE_PREFIX_PATH=/home/ckl/RM/Combat_vision2026/install/rm_utils:/home/ckl/RM/Combat_vision2026/install/rm_interfaces:/home/ckl/RM/Combat_vision2026/install/rm_bringup:/home/ckl/RM/Combat_vision2026/install/rm_serial_driver:/home/ckl/RM/Combat_vision2026/install/rm_auto_aim:/home/ckl/RM/Combat_vision2026/install/armor_solver:/home/ckl/RM/Combat_vision2026/install/armor_detector:/home/ckl/RM/Combat_vision2026/install/rm_robot_description:/home/ckl/RM/Combat_vision2026/install/hik_camera:/opt/ros/humble LD_LIBRARY_PATH=/home/ckl/RM/Combat_vision2026/install/rm_utils/lib:/home/ckl/RM/Combat_vision2026/install/rm_interfaces/lib:/home/ckl/RM/Combat_vision2026/install/rm_serial_driver/lib:/home/ckl/RM/Combat_vision2026/install/armor_solver/lib:/home/ckl/RM/Combat_vision2026/install/armor_detector/lib:/home/ckl/RM/Combat_vision2026/install/hik_camera/lib:/opt/ros/humble/opt/rviz_ogre_vendor/lib:/opt/ros/humble/lib/x86_64-linux-gnu:/opt/ros/humble/lib /usr/bin/cmake --install /home/ckl/RM/Combat_vision2026/build/rm_serial_driver
