[0mCMake Deprecation Warning at CMakeLists.txt:1 (cmake_minimum_required):
  Compatibility with CMake < 3.10 will be removed from a future version of
  CMake.

  Update the VERSION argument <min> value.  Or, use the <min>...<max> syntax
  to tell CMake that the project requires at least <min> but has been updated
  to work with policies introduced by <max> or earlier.

[0m
[33mCMake Warning at /usr/share/cmake-4.1/Modules/FindLAPACK.cmake:740 (find_package):
  By not providing "Findnvpl.cmake" in CMAKE_MODULE_PATH this project has
  asked CMake to find a package configuration file provided by "nvpl", but
  CMake did not find one.

  Could not find a package configuration file provided by "nvpl" with any of
  the following names:

    nvplConfig.cmake
    nvpl-config.cmake

  Add the installation prefix of "nvpl" to CMAKE_PREFIX_PATH or set
  "nvpl_DIR" to a directory containing one of the above files.  If "nvpl"
  provides a separate development package or SDK, be sure it has been
  installed.
Call Stack (most recent call first):
  /usr/local/lib/cmake/Ceres/FindSuiteSparse.cmake:300 (find_package)
  /usr/share/cmake-4.1/Modules/CMakeFindDependencyMacro.cmake:78 (find_package)
  /usr/local/lib/cmake/Ceres/CeresConfig.cmake:171 (find_dependency)
  CMakeLists.txt:22 (find_package)

[0m
[31mCMake Error at /usr/share/cmake-4.1/Modules/CMakeFindDependencyMacro.cmake:78 (find_package):
  Could not find a configuration file for package "absl" that is compatible
  with requested version "20220623.0".

  The following configuration files were considered but not accepted:

    /usr/local/lib/cmake/absl/abslConfig.cmake, version: 20220623

Call Stack (most recent call first):
  /usr/local/lib/cmake/Ceres/CeresConfig.cmake:187 (find_dependency)
  CMakeLists.txt:22 (find_package)

[0m
