[0mCMake Deprecation Warning at CMakeLists.txt:1 (cmake_minimum_required):
  Compatibility with CMake < 3.10 will be removed from a future version of
  CMake.

  Update the VERSION argument <min> value.  Or, use the <min>...<max> syntax
  to tell CMake that the project requires at least <min> but has been updated
  to work with policies introduced by <max> or earlier.

[0m
-- Found ament_cmake: 1.3.12 (/opt/ros/humble/share/ament_cmake/cmake)
-- Found rclcpp: 16.0.14 (/opt/ros/humble/share/rclcpp/cmake)
-- Found rosidl_generator_c: 3.1.7 (/opt/ros/humble/share/rosidl_generator_c/cmake)
-- Found rosidl_adapter: 3.1.7 (/opt/ros/humble/share/rosidl_adapter/cmake)
-- Found rosidl_generator_cpp: 3.1.7 (/opt/ros/humble/share/rosidl_generator_cpp/cmake)
-- Using all available rosidl_typesupport_c: rosidl_typesupport_fastrtps_c;rosidl_typesupport_introspection_c
-- Using all available rosidl_typesupport_cpp: rosidl_typesupport_fastrtps_cpp;rosidl_typesupport_introspection_cpp
-- Found rmw_implementation_cmake: 6.1.2 (/opt/ros/humble/share/rmw_implementation_cmake/cmake)
-- Found rmw_fastrtps_cpp: 6.2.8 (/opt/ros/humble/share/rmw_fastrtps_cpp/cmake)
-- Using RMW implementation 'rmw_fastrtps_cpp' as default
-- Found eigen3_cmake_module: 0.1.1 (/opt/ros/humble/share/eigen3_cmake_module/cmake)
-- Found geometry_msgs: 4.9.0 (/opt/ros/humble/share/geometry_msgs/cmake)
[33mCMake Warning at /usr/share/cmake-4.1/Modules/FindLAPACK.cmake:740 (find_package):
  By not providing "Findnvpl.cmake" in CMAKE_MODULE_PATH this project has
  asked CMake to find a package configuration file provided by "nvpl", but
  CMake did not find one.

  Could not find a package configuration file provided by "nvpl" with any of
  the following names:

    nvplConfig.cmake
    nvpl-config.cmake

  Add the installation prefix of "nvpl" to CMAKE_PREFIX_PATH or set
  "nvpl_DIR" to a directory containing one of the above files.  If "nvpl"
  provides a separate development package or SDK, be sure it has been
  installed.
Call Stack (most recent call first):
  /usr/local/lib/cmake/Ceres/FindSuiteSparse.cmake:300 (find_package)
  /usr/share/cmake-4.1/Modules/CMakeFindDependencyMacro.cmake:78 (find_package)
  /usr/local/lib/cmake/Ceres/CeresConfig.cmake:171 (find_dependency)
  CMakeLists.txt:22 (find_package)

[0m
-- Found AMD headers in: /usr/include/suitesparse
-- Found AMD library: /usr/lib/x86_64-linux-gnu/libamd.so
-- Found CAMD headers in: /usr/include/suitesparse
-- Found CAMD library: /usr/lib/x86_64-linux-gnu/libcamd.so
-- Found CCOLAMD headers in: /usr/include/suitesparse
-- Found CCOLAMD library: /usr/lib/x86_64-linux-gnu/libccolamd.so
-- Found CHOLMOD headers in: /usr/include/suitesparse
-- Found CHOLMOD library: /usr/lib/x86_64-linux-gnu/libcholmod.so
-- Found COLAMD headers in: /usr/include/suitesparse
-- Found COLAMD library: /usr/lib/x86_64-linux-gnu/libcolamd.so
-- Found SPQR headers in: /usr/include/suitesparse
-- Found SPQR library: /usr/lib/x86_64-linux-gnu/libspqr.so
-- Found Config headers in: /usr/include/suitesparse
-- Found Config library: /usr/lib/x86_64-linux-gnu/libsuitesparseconfig.so
-- Found Intel Thread Building Blocks (TBB) library (2021.5.0). Assuming SuiteSparseQR was compiled with TBB.
-- Adding librt to SuiteSparse_config libraries (required on Linux & Unix [not OSX] if SuiteSparse is compiled with timing).
-- Could NOT find METIS (missing: METIS_INCLUDE_DIR METIS_LIBRARY) 
[31mCMake Error at /usr/share/cmake-4.1/Modules/CMakeFindDependencyMacro.cmake:78 (find_package):
  Could not find a configuration file for package "absl" that is compatible
  with requested version "20220623.0".

  The following configuration files were considered but not accepted:

    /usr/local/lib/cmake/absl/abslConfig.cmake, version: 20220623

Call Stack (most recent call first):
  /usr/local/lib/cmake/Ceres/CeresConfig.cmake:187 (find_dependency)
  CMakeLists.txt:22 (find_package)

[0m
-- Configuring incomplete, errors occurred!
