[0.014s] Invoking command in '/home/ckl/RM/Combat_vision2026/build/rm_utils': CMAKE_PREFIX_PATH=/opt/ros/humble /usr/bin/cmake /home/ckl/RM/Combat_vision2026/src/rm_utils -DCMAKE_INSTALL_PREFIX=/home/ckl/RM/Combat_vision2026/install/rm_utils
[0.017s] [0mCMake Deprecation Warning at CMakeLists.txt:1 (cmake_minimum_required):
[0.017s]   Compatibility with CMake < 3.10 will be removed from a future version of
[0.017s]   CMake.
[0.017s] 
[0.017s]   Update the VERSION argument <min> value.  Or, use the <min>...<max> syntax
[0.017s]   to tell CMake that the project requires at least <min> but has been updated
[0.017s]   to work with policies introduced by <max> or earlier.
[0.017s] 
[0.017s] [0m
[0.021s] -- Found ament_cmake: 1.3.12 (/opt/ros/humble/share/ament_cmake/cmake)
[0.178s] -- Found rclcpp: 16.0.14 (/opt/ros/humble/share/rclcpp/cmake)
[0.203s] -- Found rosidl_generator_c: 3.1.7 (/opt/ros/humble/share/rosidl_generator_c/cmake)
[0.205s] -- Found rosidl_adapter: 3.1.7 (/opt/ros/humble/share/rosidl_adapter/cmake)
[0.212s] -- Found rosidl_generator_cpp: 3.1.7 (/opt/ros/humble/share/rosidl_generator_cpp/cmake)
[0.220s] -- Using all available rosidl_typesupport_c: rosidl_typesupport_fastrtps_c;rosidl_typesupport_introspection_c
[0.230s] -- Using all available rosidl_typesupport_cpp: rosidl_typesupport_fastrtps_cpp;rosidl_typesupport_introspection_cpp
[0.258s] -- Found rmw_implementation_cmake: 6.1.2 (/opt/ros/humble/share/rmw_implementation_cmake/cmake)
[0.259s] -- Found rmw_fastrtps_cpp: 6.2.8 (/opt/ros/humble/share/rmw_fastrtps_cpp/cmake)
[0.355s] -- Using RMW implementation 'rmw_fastrtps_cpp' as default
[0.403s] -- Found eigen3_cmake_module: 0.1.1 (/opt/ros/humble/share/eigen3_cmake_module/cmake)
[0.404s] -- Found geometry_msgs: 4.9.0 (/opt/ros/humble/share/geometry_msgs/cmake)
[0.555s] [33mCMake Warning at /usr/share/cmake-4.1/Modules/FindLAPACK.cmake:740 (find_package):
[0.555s]   By not providing "Findnvpl.cmake" in CMAKE_MODULE_PATH this project has
[0.555s]   asked CMake to find a package configuration file provided by "nvpl", but
[0.555s]   CMake did not find one.
[0.555s] 
[0.556s]   Could not find a package configuration file provided by "nvpl" with any of
[0.556s]   the following names:
[0.556s] 
[0.556s]     nvplConfig.cmake
[0.556s]     nvpl-config.cmake
[0.556s] 
[0.556s]   Add the installation prefix of "nvpl" to CMAKE_PREFIX_PATH or set
[0.556s]   "nvpl_DIR" to a directory containing one of the above files.  If "nvpl"
[0.556s]   provides a separate development package or SDK, be sure it has been
[0.556s]   installed.
[0.556s] Call Stack (most recent call first):
[0.556s]   /usr/local/lib/cmake/Ceres/FindSuiteSparse.cmake:300 (find_package)
[0.556s]   /usr/share/cmake-4.1/Modules/CMakeFindDependencyMacro.cmake:78 (find_package)
[0.556s]   /usr/local/lib/cmake/Ceres/CeresConfig.cmake:171 (find_dependency)
[0.556s]   CMakeLists.txt:22 (find_package)
[0.557s] 
[0.557s] [0m
[0.557s] -- Found AMD headers in: /usr/include/suitesparse
[0.557s] -- Found AMD library: /usr/lib/x86_64-linux-gnu/libamd.so
[0.557s] -- Found CAMD headers in: /usr/include/suitesparse
[0.557s] -- Found CAMD library: /usr/lib/x86_64-linux-gnu/libcamd.so
[0.557s] -- Found CCOLAMD headers in: /usr/include/suitesparse
[0.557s] -- Found CCOLAMD library: /usr/lib/x86_64-linux-gnu/libccolamd.so
[0.557s] -- Found CHOLMOD headers in: /usr/include/suitesparse
[0.557s] -- Found CHOLMOD library: /usr/lib/x86_64-linux-gnu/libcholmod.so
[0.557s] -- Found COLAMD headers in: /usr/include/suitesparse
[0.557s] -- Found COLAMD library: /usr/lib/x86_64-linux-gnu/libcolamd.so
[0.557s] -- Found SPQR headers in: /usr/include/suitesparse
[0.557s] -- Found SPQR library: /usr/lib/x86_64-linux-gnu/libspqr.so
[0.557s] -- Found Config headers in: /usr/include/suitesparse
[0.557s] -- Found Config library: /usr/lib/x86_64-linux-gnu/libsuitesparseconfig.so
[0.557s] -- Found Intel Thread Building Blocks (TBB) library (2021.5.0). Assuming SuiteSparseQR was compiled with TBB.
[0.557s] -- Adding librt to SuiteSparse_config libraries (required on Linux & Unix [not OSX] if SuiteSparse is compiled with timing).
[0.561s] -- Could NOT find METIS (missing: METIS_INCLUDE_DIR METIS_LIBRARY) 
[0.572s] [31mCMake Error at /usr/share/cmake-4.1/Modules/CMakeFindDependencyMacro.cmake:78 (find_package):
[0.572s]   Could not find a configuration file for package "absl" that is compatible
[0.572s]   with requested version "20220623.0".
[0.572s] 
[0.572s]   The following configuration files were considered but not accepted:
[0.572s] 
[0.572s]     /usr/local/lib/cmake/absl/abslConfig.cmake, version: 20220623
[0.572s] 
[0.572s] Call Stack (most recent call first):
[0.572s]   /usr/local/lib/cmake/Ceres/CeresConfig.cmake:187 (find_dependency)
[0.573s]   CMakeLists.txt:22 (find_package)
[0.573s] 
[0.573s] [0m
[0.573s] -- Configuring incomplete, errors occurred!
[0.578s] Invoked command in '/home/ckl/RM/Combat_vision2026/build/rm_utils' returned '1': CMAKE_PREFIX_PATH=/opt/ros/humble /usr/bin/cmake /home/ckl/RM/Combat_vision2026/src/rm_utils -DCMAKE_INSTALL_PREFIX=/home/ckl/RM/Combat_vision2026/install/rm_utils
