[0.014s] Invoking command in '/home/ckl/RM/Combat_vision2026/build/rm_robot_description': CMAKE_PREFIX_PATH=/opt/ros/humble /usr/bin/cmake /home/ckl/RM/Combat_vision2026/src/rm_robot_description -Dabsl_DIR=/usr/local/lib/cmake/absl -DCMAKE_INSTALL_PREFIX=/home/ckl/RM/Combat_vision2026/install/rm_robot_description
[0.018s] [0mCMake Deprecation Warning at CMakeLists.txt:1 (cmake_minimum_required):
[0.019s]   Compatibility with CMake < 3.10 will be removed from a future version of
[0.019s]   CMake.
[0.019s] 
[0.019s]   Update the VERSION argument <min> value.  Or, use the <min>...<max> syntax
[0.019s]   to tell CMake that the project requires at least <min> but has been updated
[0.019s]   to work with policies introduced by <max> or earlier.
[0.019s] 
[0.019s] [0m
[0.073s] -- The C compiler identification is GNU 11.4.0
[0.132s] -- The CXX compiler identification is GNU 11.4.0
[0.138s] -- Detecting C compiler ABI info
[0.189s] -- Detecting C compiler ABI info - done
[0.201s] -- Check for working C compiler: /usr/bin/cc - skipped
[0.202s] -- Detecting C compile features
[0.202s] -- Detecting C compile features - done
[0.213s] -- Detecting CXX compiler ABI info
[0.270s] -- Detecting CXX compiler ABI info - done
[0.282s] -- Check for working CXX compiler: /usr/bin/c++ - skipped
[0.282s] -- Detecting CXX compile features
[0.282s] -- Detecting CXX compile features - done
[0.290s] -- Found ament_cmake: 1.3.12 (/opt/ros/humble/share/ament_cmake/cmake)
[0.391s] -- Found Python3: /usr/bin/python3 (found version "3.10.12") found components: Interpreter
[0.468s] -- Found ament_lint_auto: 0.12.14 (/opt/ros/humble/share/ament_lint_auto/cmake)
[0.532s] -- Added test 'lint_cmake' to check CMake code style
[0.533s] -- Added test 'xmllint' to check XML markup files
[0.535s] -- Configuring done (0.5s)
[0.538s] -- Generating done (0.0s)
[0.538s] [33mCMake Warning:
[0.538s]   Manually-specified variables were not used by the project:
[0.538s] 
[0.538s]     absl_DIR
[0.538s] 
[0.538s] [0m
[0.539s] -- Build files have been written to: /home/ckl/RM/Combat_vision2026/build/rm_robot_description
[0.543s] Invoked command in '/home/ckl/RM/Combat_vision2026/build/rm_robot_description' returned '0': CMAKE_PREFIX_PATH=/opt/ros/humble /usr/bin/cmake /home/ckl/RM/Combat_vision2026/src/rm_robot_description -Dabsl_DIR=/usr/local/lib/cmake/absl -DCMAKE_INSTALL_PREFIX=/home/ckl/RM/Combat_vision2026/install/rm_robot_description
[0.545s] Invoking command in '/home/ckl/RM/Combat_vision2026/build/rm_robot_description': CMAKE_PREFIX_PATH=/opt/ros/humble /usr/bin/cmake --build /home/ckl/RM/Combat_vision2026/build/rm_robot_description -- -j16 -l16
[0.565s] Invoked command in '/home/ckl/RM/Combat_vision2026/build/rm_robot_description' returned '0': CMAKE_PREFIX_PATH=/opt/ros/humble /usr/bin/cmake --build /home/ckl/RM/Combat_vision2026/build/rm_robot_description -- -j16 -l16
[0.571s] Invoking command in '/home/ckl/RM/Combat_vision2026/build/rm_robot_description': CMAKE_PREFIX_PATH=/opt/ros/humble /usr/bin/cmake --install /home/ckl/RM/Combat_vision2026/build/rm_robot_description
[0.573s] -- Install configuration: ""
[0.573s] -- Installing: /home/ckl/RM/Combat_vision2026/install/rm_robot_description/share/rm_robot_description/urdf
[0.573s] -- Installing: /home/ckl/RM/Combat_vision2026/install/rm_robot_description/share/rm_robot_description/urdf/sentry.urdf.xacro
[0.574s] -- Installing: /home/ckl/RM/Combat_vision2026/install/rm_robot_description/share/rm_robot_description/urdf/rm_gimbal.urdf.xacro
[0.574s] -- Installing: /home/ckl/RM/Combat_vision2026/install/rm_robot_description/share/ament_index/resource_index/package_run_dependencies/rm_robot_description
[0.574s] -- Installing: /home/ckl/RM/Combat_vision2026/install/rm_robot_description/share/ament_index/resource_index/parent_prefix_path/rm_robot_description
[0.574s] -- Installing: /home/ckl/RM/Combat_vision2026/install/rm_robot_description/share/rm_robot_description/environment/ament_prefix_path.sh
[0.574s] -- Installing: /home/ckl/RM/Combat_vision2026/install/rm_robot_description/share/rm_robot_description/environment/ament_prefix_path.dsv
[0.575s] -- Installing: /home/ckl/RM/Combat_vision2026/install/rm_robot_description/share/rm_robot_description/environment/path.sh
[0.575s] -- Installing: /home/ckl/RM/Combat_vision2026/install/rm_robot_description/share/rm_robot_description/environment/path.dsv
[0.575s] -- Installing: /home/ckl/RM/Combat_vision2026/install/rm_robot_description/share/rm_robot_description/local_setup.bash
[0.575s] -- Installing: /home/ckl/RM/Combat_vision2026/install/rm_robot_description/share/rm_robot_description/local_setup.sh
[0.575s] -- Installing: /home/ckl/RM/Combat_vision2026/install/rm_robot_description/share/rm_robot_description/local_setup.zsh
[0.575s] -- Installing: /home/ckl/RM/Combat_vision2026/install/rm_robot_description/share/rm_robot_description/local_setup.dsv
[0.576s] -- Installing: /home/ckl/RM/Combat_vision2026/install/rm_robot_description/share/rm_robot_description/package.dsv
[0.576s] -- Installing: /home/ckl/RM/Combat_vision2026/install/rm_robot_description/share/ament_index/resource_index/packages/rm_robot_description
[0.576s] -- Installing: /home/ckl/RM/Combat_vision2026/install/rm_robot_description/share/rm_robot_description/cmake/rm_robot_descriptionConfig.cmake
[0.576s] -- Installing: /home/ckl/RM/Combat_vision2026/install/rm_robot_description/share/rm_robot_description/cmake/rm_robot_descriptionConfig-version.cmake
[0.576s] -- Installing: /home/ckl/RM/Combat_vision2026/install/rm_robot_description/share/rm_robot_description/package.xml
[0.578s] Invoked command in '/home/ckl/RM/Combat_vision2026/build/rm_robot_description' returned '0': CMAKE_PREFIX_PATH=/opt/ros/humble /usr/bin/cmake --install /home/ckl/RM/Combat_vision2026/build/rm_robot_description
