[0.023s] Invoking command in '/home/ckl/RM/Combat_vision2026/build/rm_robot_description': CMAKE_PREFIX_PATH=${CMAKE_PREFIX_PATH}:/opt/ros/humble /usr/bin/cmake /home/ckl/RM/Combat_vision2026/src/rm_robot_description -DCMAKE_INSTALL_PREFIX=/home/ckl/RM/Combat_vision2026/install/rm_robot_description
[0.031s] [0mCMake Deprecation Warning at CMakeLists.txt:1 (cmake_minimum_required):
[0.031s]   Compatibility with CMake < 3.10 will be removed from a future version of
[0.031s]   CMake.
[0.031s] 
[0.031s]   Update the VERSION argument <min> value.  Or, use the <min>...<max> syntax
[0.031s]   to tell CMake that the project requires at least <min> but has been updated
[0.031s]   to work with policies introduced by <max> or earlier.
[0.031s] 
[0.031s] [0m
[0.156s] -- The C compiler identification is GNU 11.4.0
[0.237s] -- The CXX compiler identification is GNU 11.4.0
[0.264s] -- Detecting C compiler ABI info
[0.332s] -- Detecting C compiler ABI info - done
[0.344s] -- Check for working C compiler: /usr/bin/cc - skipped
[0.346s] -- Detecting C compile features
[0.347s] -- Detecting C compile features - done
[0.365s] -- Detecting CXX compiler ABI info
[0.433s] -- Detecting CXX compiler ABI info - done
[0.446s] -- Check for working CXX compiler: /usr/bin/c++ - skipped
[0.446s] -- Detecting CXX compile features
[0.447s] -- Detecting CXX compile features - done
[0.462s] -- Found ament_cmake: 1.3.12 (/opt/ros/humble/share/ament_cmake/cmake)
[0.594s] -- Found Python3: /usr/bin/python3 (found version "3.10.12") found components: Interpreter
[0.767s] -- Found ament_lint_auto: 0.12.14 (/opt/ros/humble/share/ament_lint_auto/cmake)
[0.878s] -- Added test 'lint_cmake' to check CMake code style
[0.882s] -- Added test 'xmllint' to check XML markup files
[0.885s] -- Configuring done (0.9s)
[0.890s] -- Generating done (0.0s)
[0.891s] -- Build files have been written to: /home/ckl/RM/Combat_vision2026/build/rm_robot_description
[0.895s] Invoked command in '/home/ckl/RM/Combat_vision2026/build/rm_robot_description' returned '0': CMAKE_PREFIX_PATH=${CMAKE_PREFIX_PATH}:/opt/ros/humble /usr/bin/cmake /home/ckl/RM/Combat_vision2026/src/rm_robot_description -DCMAKE_INSTALL_PREFIX=/home/ckl/RM/Combat_vision2026/install/rm_robot_description
[0.897s] Invoking command in '/home/ckl/RM/Combat_vision2026/build/rm_robot_description': CMAKE_PREFIX_PATH=${CMAKE_PREFIX_PATH}:/opt/ros/humble /usr/bin/cmake --build /home/ckl/RM/Combat_vision2026/build/rm_robot_description -- -j16 -l16
[0.921s] Invoked command in '/home/ckl/RM/Combat_vision2026/build/rm_robot_description' returned '0': CMAKE_PREFIX_PATH=${CMAKE_PREFIX_PATH}:/opt/ros/humble /usr/bin/cmake --build /home/ckl/RM/Combat_vision2026/build/rm_robot_description -- -j16 -l16
[0.928s] Invoking command in '/home/ckl/RM/Combat_vision2026/build/rm_robot_description': CMAKE_PREFIX_PATH=${CMAKE_PREFIX_PATH}:/opt/ros/humble /usr/bin/cmake --install /home/ckl/RM/Combat_vision2026/build/rm_robot_description
[0.931s] -- Install configuration: ""
[0.931s] -- Installing: /home/ckl/RM/Combat_vision2026/install/rm_robot_description/share/rm_robot_description/urdf
[0.931s] -- Installing: /home/ckl/RM/Combat_vision2026/install/rm_robot_description/share/rm_robot_description/urdf/sentry.urdf.xacro
[0.932s] -- Installing: /home/ckl/RM/Combat_vision2026/install/rm_robot_description/share/rm_robot_description/urdf/rm_gimbal.urdf.xacro
[0.933s] -- Installing: /home/ckl/RM/Combat_vision2026/install/rm_robot_description/share/ament_index/resource_index/package_run_dependencies/rm_robot_description
[0.934s] -- Installing: /home/ckl/RM/Combat_vision2026/install/rm_robot_description/share/ament_index/resource_index/parent_prefix_path/rm_robot_description
[0.934s] -- Installing: /home/ckl/RM/Combat_vision2026/install/rm_robot_description/share/rm_robot_description/environment/ament_prefix_path.sh
[0.934s] -- Installing: /home/ckl/RM/Combat_vision2026/install/rm_robot_description/share/rm_robot_description/environment/ament_prefix_path.dsv
[0.934s] -- Installing: /home/ckl/RM/Combat_vision2026/install/rm_robot_description/share/rm_robot_description/environment/path.sh
[0.935s] -- Installing: /home/ckl/RM/Combat_vision2026/install/rm_robot_description/share/rm_robot_description/environment/path.dsv
[0.935s] -- Installing: /home/ckl/RM/Combat_vision2026/install/rm_robot_description/share/rm_robot_description/local_setup.bash
[0.935s] -- Installing: /home/ckl/RM/Combat_vision2026/install/rm_robot_description/share/rm_robot_description/local_setup.sh
[0.935s] -- Installing: /home/ckl/RM/Combat_vision2026/install/rm_robot_description/share/rm_robot_description/local_setup.zsh
[0.935s] -- Installing: /home/ckl/RM/Combat_vision2026/install/rm_robot_description/share/rm_robot_description/local_setup.dsv
[0.935s] -- Installing: /home/ckl/RM/Combat_vision2026/install/rm_robot_description/share/rm_robot_description/package.dsv
[0.936s] -- Installing: /home/ckl/RM/Combat_vision2026/install/rm_robot_description/share/ament_index/resource_index/packages/rm_robot_description
[0.936s] -- Installing: /home/ckl/RM/Combat_vision2026/install/rm_robot_description/share/rm_robot_description/cmake/rm_robot_descriptionConfig.cmake
[0.936s] -- Installing: /home/ckl/RM/Combat_vision2026/install/rm_robot_description/share/rm_robot_description/cmake/rm_robot_descriptionConfig-version.cmake
[0.936s] -- Installing: /home/ckl/RM/Combat_vision2026/install/rm_robot_description/share/rm_robot_description/package.xml
[0.938s] Invoked command in '/home/ckl/RM/Combat_vision2026/build/rm_robot_description' returned '0': CMAKE_PREFIX_PATH=${CMAKE_PREFIX_PATH}:/opt/ros/humble /usr/bin/cmake --install /home/ckl/RM/Combat_vision2026/build/rm_robot_description
