[  7%] Built target gtest_main
[ 14%] Built target gtest
[ 22%] Built target armor_detector_node
[ 25%] [32mBuilding CXX object CMakeFiles/armor_detector.dir/src/armor_detector.cpp.o[0m
[ 29%] [32mBuilding CXX object CMakeFiles/armor_detector.dir/src/armor_detector_node.cpp.o[0m
[ 37%] [32mBuilding CXX object CMakeFiles/armor_detector.dir/src/armor_pose_estimator.cpp.o[0m
[ 37%] [32mBuilding CXX object CMakeFiles/armor_detector.dir/src/ba_solver.cpp.o[0m
[ 40%] [32mBuilding CXX object CMakeFiles/armor_detector.dir/src/graph_optimizer.cpp.o[0m
[ 44%] [32mBuilding CXX object CMakeFiles/armor_detector.dir/src/bound_solver.cpp.o[0m
[ 48%] [32mBuilding CXX object CMakeFiles/armor_detector.dir/src/light_corner_corrector.cpp.o[0m
[ 51%] [32mBuilding CXX object CMakeFiles/armor_detector.dir/src/number_classifier.cpp.o[0m
[ 55%] [32mBuilding CXX object CMakeFiles/armor_detector.dir/src/spiral.cpp.o[0m
[01m[K/home/ckl/RM/Combat_vision2026/src/rm_auto_aim/armor_detector/src/spiral.cpp:[m[K In function ‘[01m[Kint main()[m[K’:
[01m[K/home/ckl/RM/Combat_vision2026/src/rm_auto_aim/armor_detector/src/spiral.cpp:59:26:[m[K [01;31m[Kerror: [m[K‘[01m[Kclass fyt::auto_aim::ArmorPoseEstimator[m[K’ has no member named ‘[01m[KR_gimbal_camera[m[K’; did you mean ‘[01m[KEigen::Matrix3d fyt::auto_aim::ArmorPoseEstimator::R_gimbal_camera_[m[K’? (not accessible from this context)
   59 |   armor_pose_estimator_->[01;31m[KR_gimbal_camera[m[K = Eigen::Mattrix3d::Identity();
      |                          [01;31m[K^~~~~~~~~~~~~~~[m[K
In file included from [01m[K/home/ckl/RM/Combat_vision2026/src/rm_auto_aim/armor_detector/include/armor_detector/armor_detector_node.hpp:47[m[K,
                 from [01m[K/home/ckl/RM/Combat_vision2026/src/rm_auto_aim/armor_detector/include/armor_detector/bound_solver.hpp:30[m[K,
                 from [01m[K/home/ckl/RM/Combat_vision2026/src/rm_auto_aim/armor_detector/src/spiral.cpp:36[m[K:
[01m[K/home/ckl/RM/Combat_vision2026/src/rm_auto_aim/armor_detector/include/armor_detector/armor_pose_estimator.hpp:56:19:[m[K [01;36m[Knote: [m[Kdeclared private here
   56 |   Eigen::Matrix3d [01;36m[KR_gimbal_camera_[m[K;
      |                   [01;36m[K^~~~~~~~~~~~~~~~[m[K
[01m[K/home/ckl/RM/Combat_vision2026/src/rm_auto_aim/armor_detector/src/spiral.cpp:59:51:[m[K [01;31m[Kerror: [m[K‘[01m[KEigen::Mattrix3d[m[K’ has not been declared
   59 |   armor_pose_estimator_->R_gimbal_camera = Eigen::[01;31m[KMattrix3d[m[K::Identity();
      |                                                   [01;31m[K^~~~~~~~~[m[K
gmake[2]: *** [CMakeFiles/armor_detector.dir/build.make:191：CMakeFiles/armor_detector.dir/src/spiral.cpp.o] 错误 1
gmake[2]: *** 正在等待未完成的任务....
gmake[1]: *** [CMakeFiles/Makefile2:185：CMakeFiles/armor_detector.dir/all] 错误 2
gmake: *** [Makefile:146：all] 错误 2
