[0.014s] Invoking command in '/home/ckl/RM/Combat_vision2026/build/rm_robot_description': CMAKE_PREFIX_PATH=/opt/ros/humble /usr/bin/cmake /home/ckl/RM/Combat_vision2026/src/rm_robot_description -DCMAKE_INSTALL_PREFIX=/home/ckl/RM/Combat_vision2026/install/rm_robot_description
[0.018s] [0mCMake Deprecation Warning at CMakeLists.txt:1 (cmake_minimum_required):
[0.018s]   Compatibility with CMake < 3.10 will be removed from a future version of
[0.018s]   CMake.
[0.019s] 
[0.019s]   Update the VERSION argument <min> value.  Or, use the <min>...<max> syntax
[0.019s]   to tell CMake that the project requires at least <min> but has been updated
[0.019s]   to work with policies introduced by <max> or earlier.
[0.019s] 
[0.019s] [0m
[0.028s] -- Found ament_cmake: 1.3.12 (/opt/ros/humble/share/ament_cmake/cmake)
[0.182s] -- Found ament_lint_auto: 0.12.14 (/opt/ros/humble/share/ament_lint_auto/cmake)
[0.238s] -- Added test 'lint_cmake' to check CMake code style
[0.239s] -- Added test 'xmllint' to check XML markup files
[0.240s] -- Configuring done (0.2s)
[0.243s] -- Generating done (0.0s)
[0.244s] -- Build files have been written to: /home/ckl/RM/Combat_vision2026/build/rm_robot_description
[0.246s] Invoked command in '/home/ckl/RM/Combat_vision2026/build/rm_robot_description' returned '0': CMAKE_PREFIX_PATH=/opt/ros/humble /usr/bin/cmake /home/ckl/RM/Combat_vision2026/src/rm_robot_description -DCMAKE_INSTALL_PREFIX=/home/ckl/RM/Combat_vision2026/install/rm_robot_description
[0.248s] Invoking command in '/home/ckl/RM/Combat_vision2026/build/rm_robot_description': CMAKE_PREFIX_PATH=/opt/ros/humble /usr/bin/cmake --build /home/ckl/RM/Combat_vision2026/build/rm_robot_description -- -j16 -l16
[0.267s] Invoked command in '/home/ckl/RM/Combat_vision2026/build/rm_robot_description' returned '0': CMAKE_PREFIX_PATH=/opt/ros/humble /usr/bin/cmake --build /home/ckl/RM/Combat_vision2026/build/rm_robot_description -- -j16 -l16
[0.272s] Invoking command in '/home/ckl/RM/Combat_vision2026/build/rm_robot_description': CMAKE_PREFIX_PATH=/opt/ros/humble /usr/bin/cmake --install /home/ckl/RM/Combat_vision2026/build/rm_robot_description
[0.275s] -- Install configuration: ""
[0.275s] -- Up-to-date: /home/ckl/RM/Combat_vision2026/install/rm_robot_description/share/rm_robot_description/urdf
[0.275s] -- Up-to-date: /home/ckl/RM/Combat_vision2026/install/rm_robot_description/share/rm_robot_description/urdf/sentry.urdf.xacro
[0.275s] -- Up-to-date: /home/ckl/RM/Combat_vision2026/install/rm_robot_description/share/rm_robot_description/urdf/rm_gimbal.urdf.xacro
[0.276s] -- Up-to-date: /home/ckl/RM/Combat_vision2026/install/rm_robot_description/share/ament_index/resource_index/package_run_dependencies/rm_robot_description
[0.276s] -- Up-to-date: /home/ckl/RM/Combat_vision2026/install/rm_robot_description/share/ament_index/resource_index/parent_prefix_path/rm_robot_description
[0.276s] -- Up-to-date: /home/ckl/RM/Combat_vision2026/install/rm_robot_description/share/rm_robot_description/environment/ament_prefix_path.sh
[0.276s] -- Installing: /home/ckl/RM/Combat_vision2026/install/rm_robot_description/share/rm_robot_description/environment/ament_prefix_path.dsv
[0.276s] -- Up-to-date: /home/ckl/RM/Combat_vision2026/install/rm_robot_description/share/rm_robot_description/environment/path.sh
[0.276s] -- Installing: /home/ckl/RM/Combat_vision2026/install/rm_robot_description/share/rm_robot_description/environment/path.dsv
[0.276s] -- Up-to-date: /home/ckl/RM/Combat_vision2026/install/rm_robot_description/share/rm_robot_description/local_setup.bash
[0.276s] -- Up-to-date: /home/ckl/RM/Combat_vision2026/install/rm_robot_description/share/rm_robot_description/local_setup.sh
[0.276s] -- Up-to-date: /home/ckl/RM/Combat_vision2026/install/rm_robot_description/share/rm_robot_description/local_setup.zsh
[0.276s] -- Installing: /home/ckl/RM/Combat_vision2026/install/rm_robot_description/share/rm_robot_description/local_setup.dsv
[0.276s] -- Installing: /home/ckl/RM/Combat_vision2026/install/rm_robot_description/share/rm_robot_description/package.dsv
[0.276s] -- Up-to-date: /home/ckl/RM/Combat_vision2026/install/rm_robot_description/share/ament_index/resource_index/packages/rm_robot_description
[0.276s] -- Up-to-date: /home/ckl/RM/Combat_vision2026/install/rm_robot_description/share/rm_robot_description/cmake/rm_robot_descriptionConfig.cmake
[0.276s] -- Up-to-date: /home/ckl/RM/Combat_vision2026/install/rm_robot_description/share/rm_robot_description/cmake/rm_robot_descriptionConfig-version.cmake
[0.276s] -- Up-to-date: /home/ckl/RM/Combat_vision2026/install/rm_robot_description/share/rm_robot_description/package.xml
[0.277s] Invoked command in '/home/ckl/RM/Combat_vision2026/build/rm_robot_description' returned '0': CMAKE_PREFIX_PATH=/opt/ros/humble /usr/bin/cmake --install /home/ckl/RM/Combat_vision2026/build/rm_robot_description
