[0.019s] Invoking command in '/home/ckl/RM/Combat_vision2026/build/armor_detector': CMAKE_PREFIX_PATH=/home/ckl/RM/Combat_vision2026/install/rm_utils:/home/ckl/RM/Combat_vision2026/install/rm_interfaces:/home/ckl/RM/Combat_vision2026/install/rm_bringup:/home/ckl/RM/Combat_vision2026/install/rm_serial_driver:/home/ckl/RM/Combat_vision2026/install/rm_auto_aim:/home/ckl/RM/Combat_vision2026/install/armor_solver:/home/ckl/RM/Combat_vision2026/install/armor_detector:/home/ckl/RM/Combat_vision2026/install/rm_robot_description:/home/ckl/RM/Combat_vision2026/install/hik_camera:/opt/ros/humble LD_LIBRARY_PATH=/home/ckl/RM/Combat_vision2026/install/rm_utils/lib:/home/ckl/RM/Combat_vision2026/install/rm_interfaces/lib:/home/ckl/RM/Combat_vision2026/install/rm_serial_driver/lib:/home/ckl/RM/Combat_vision2026/install/armor_solver/lib:/home/ckl/RM/Combat_vision2026/install/armor_detector/lib:/home/ckl/RM/Combat_vision2026/install/hik_camera/lib:/opt/ros/humble/opt/rviz_ogre_vendor/lib:/opt/ros/humble/lib/x86_64-linux-gnu:/opt/ros/humble/lib /usr/bin/cmake --build /home/ckl/RM/Combat_vision2026/build/armor_detector -- -j16 -l16
[0.053s] [ 11%] Built target gtest_main
[0.053s] [ 14%] Built target gtest
[0.055s] [ 22%] Built target armor_detector_node
[0.112s] [ 25%] [32mBuilding CXX object CMakeFiles/armor_detector.dir/src/spiral.cpp.o[0m
[5.001s] [01m[K/home/ckl/RM/Combat_vision2026/src/rm_auto_aim/armor_detector/src/spiral.cpp:[m[K In function ‘[01m[Kint main()[m[K’:
[5.001s] [01m[K/home/ckl/RM/Combat_vision2026/src/rm_auto_aim/armor_detector/src/spiral.cpp:59:16:[m[K [01;31m[Kerror: [m[K‘[01m[KArmor[m[K’ has not been declared
[5.001s]    59 |       "small", [01;31m[KArmor[m[K::buildObjectPoints<cv::Point3f>(SMALL_ARMOR_WIDTH,
[5.001s]       |                [01;31m[K^~~~~[m[K
[5.001s] [01m[K/home/ckl/RM/Combat_vision2026/src/rm_auto_aim/armor_detector/src/spiral.cpp:59:52:[m[K [01;31m[Kerror: [m[Kexpected primary-expression before ‘[01m[K>[m[K’ token
[5.002s]    59 |       "small", Armor::buildObjectPoints<cv::Point3f[01;31m[K>[m[K(SMALL_ARMOR_WIDTH,
[5.002s]       |                                                    [01;31m[K^[m[K
[5.002s] [01m[K/home/ckl/RM/Combat_vision2026/src/rm_auto_aim/armor_detector/src/spiral.cpp:59:54:[m[K [01;31m[Kerror: [m[K‘[01m[KSMALL_ARMOR_WIDTH[m[K’ was not declared in this scope; did you mean ‘[01m[Kfyt::auto_aim::SMALL_ARMOR_WIDTH[m[K’?
[5.002s]    59 |       "small", Armor::buildObjectPoints<cv::Point3f>([01;31m[KSMALL_ARMOR_WIDTH[m[K,
[5.002s]       |                                                      [01;31m[K^~~~~~~~~~~~~~~~~[m[K
[5.002s]       |                                                      [32m[Kfyt::auto_aim::SMALL_ARMOR_WIDTH[m[K
[5.002s] In file included from [01m[K/home/ckl/RM/Combat_vision2026/src/rm_auto_aim/armor_detector/include/armor_detector/light_corner_corrector.hpp:22[m[K,
[5.002s]                  from [01m[K/home/ckl/RM/Combat_vision2026/src/rm_auto_aim/armor_detector/include/armor_detector/armor_detector.hpp:31[m[K,
[5.003s]                  from [01m[K/home/ckl/RM/Combat_vision2026/src/rm_auto_aim/armor_detector/src/spiral.cpp:27[m[K:
[5.003s] [01m[K/home/ckl/RM/Combat_vision2026/src/rm_auto_aim/armor_detector/include/armor_detector/types.hpp:37:18:[m[K [01;36m[Knote: [m[K‘[01m[Kfyt::auto_aim::SMALL_ARMOR_WIDTH[m[K’ declared here
[5.003s]    37 | constexpr double [01;36m[KSMALL_ARMOR_WIDTH[m[K = 130 / 1000.0; // 135
[5.003s]       |                  [01;36m[K^~~~~~~~~~~~~~~~~[m[K
[5.004s] [01m[K/home/ckl/RM/Combat_vision2026/src/rm_auto_aim/armor_detector/src/spiral.cpp:60:54:[m[K [01;31m[Kerror: [m[K‘[01m[KSMALL_ARMOR_HEIGHT[m[K’ was not declared in this scope; did you mean ‘[01m[Kfyt::auto_aim::SMALL_ARMOR_HEIGHT[m[K’?
[5.004s]    60 |                                                      [01;31m[KSMALL_ARMOR_HEIGHT[m[K));
[5.004s]       |                                                      [01;31m[K^~~~~~~~~~~~~~~~~~[m[K
[5.004s]       |                                                      [32m[Kfyt::auto_aim::SMALL_ARMOR_HEIGHT[m[K
[5.004s] In file included from [01m[K/home/ckl/RM/Combat_vision2026/src/rm_auto_aim/armor_detector/include/armor_detector/light_corner_corrector.hpp:22[m[K,
[5.004s]                  from [01m[K/home/ckl/RM/Combat_vision2026/src/rm_auto_aim/armor_detector/include/armor_detector/armor_detector.hpp:31[m[K,
[5.004s]                  from [01m[K/home/ckl/RM/Combat_vision2026/src/rm_auto_aim/armor_detector/src/spiral.cpp:27[m[K:
[5.004s] [01m[K/home/ckl/RM/Combat_vision2026/src/rm_auto_aim/armor_detector/include/armor_detector/types.hpp:38:18:[m[K [01;36m[Knote: [m[K‘[01m[Kfyt::auto_aim::SMALL_ARMOR_HEIGHT[m[K’ declared here
[5.004s]    38 | constexpr double [01;36m[KSMALL_ARMOR_HEIGHT[m[K = 50 / 1000.0; // 55
[5.004s]       |                  [01;36m[K^~~~~~~~~~~~~~~~~~[m[K
[5.004s] [01m[K/home/ckl/RM/Combat_vision2026/src/rm_auto_aim/armor_detector/src/spiral.cpp:62:16:[m[K [01;31m[Kerror: [m[K‘[01m[KArmor[m[K’ has not been declared
[5.004s]    62 |       "large", [01;31m[KArmor[m[K::buildObjectPoints<cv::Point3f>(LARGE_ARMOR_WIDTH,
[5.004s]       |                [01;31m[K^~~~~[m[K
[5.004s] [01m[K/home/ckl/RM/Combat_vision2026/src/rm_auto_aim/armor_detector/src/spiral.cpp:62:52:[m[K [01;31m[Kerror: [m[Kexpected primary-expression before ‘[01m[K>[m[K’ token
[5.004s]    62 |       "large", Armor::buildObjectPoints<cv::Point3f[01;31m[K>[m[K(LARGE_ARMOR_WIDTH,
[5.004s]       |                                                    [01;31m[K^[m[K
[5.005s] [01m[K/home/ckl/RM/Combat_vision2026/src/rm_auto_aim/armor_detector/src/spiral.cpp:62:54:[m[K [01;31m[Kerror: [m[K‘[01m[KLARGE_ARMOR_WIDTH[m[K’ was not declared in this scope; did you mean ‘[01m[Kfyt::auto_aim::LARGE_ARMOR_WIDTH[m[K’?
[5.005s]    62 |       "large", Armor::buildObjectPoints<cv::Point3f>([01;31m[KLARGE_ARMOR_WIDTH[m[K,
[5.005s]       |                                                      [01;31m[K^~~~~~~~~~~~~~~~~[m[K
[5.005s]       |                                                      [32m[Kfyt::auto_aim::LARGE_ARMOR_WIDTH[m[K
[5.005s] In file included from [01m[K/home/ckl/RM/Combat_vision2026/src/rm_auto_aim/armor_detector/include/armor_detector/light_corner_corrector.hpp:22[m[K,
[5.005s]                  from [01m[K/home/ckl/RM/Combat_vision2026/src/rm_auto_aim/armor_detector/include/armor_detector/armor_detector.hpp:31[m[K,
[5.005s]                  from [01m[K/home/ckl/RM/Combat_vision2026/src/rm_auto_aim/armor_detector/src/spiral.cpp:27[m[K:
[5.005s] [01m[K/home/ckl/RM/Combat_vision2026/src/rm_auto_aim/armor_detector/include/armor_detector/types.hpp:39:18:[m[K [01;36m[Knote: [m[K‘[01m[Kfyt::auto_aim::LARGE_ARMOR_WIDTH[m[K’ declared here
[5.005s]    39 | constexpr double [01;36m[KLARGE_ARMOR_WIDTH[m[K = 225.0 / 1000.0;
[5.005s]       |                  [01;36m[K^~~~~~~~~~~~~~~~~[m[K
[5.006s] [01m[K/home/ckl/RM/Combat_vision2026/src/rm_auto_aim/armor_detector/src/spiral.cpp:63:54:[m[K [01;31m[Kerror: [m[K‘[01m[KLARGE_ARMOR_HEIGHT[m[K’ was not declared in this scope; did you mean ‘[01m[Kfyt::auto_aim::LARGE_ARMOR_HEIGHT[m[K’?
[5.006s]    63 |                                                      [01;31m[KLARGE_ARMOR_HEIGHT[m[K));
[5.006s]       |                                                      [01;31m[K^~~~~~~~~~~~~~~~~~[m[K
[5.006s]       |                                                      [32m[Kfyt::auto_aim::LARGE_ARMOR_HEIGHT[m[K
[5.006s] In file included from [01m[K/home/ckl/RM/Combat_vision2026/src/rm_auto_aim/armor_detector/include/armor_detector/light_corner_corrector.hpp:22[m[K,
[5.006s]                  from [01m[K/home/ckl/RM/Combat_vision2026/src/rm_auto_aim/armor_detector/include/armor_detector/armor_detector.hpp:31[m[K,
[5.006s]                  from [01m[K/home/ckl/RM/Combat_vision2026/src/rm_auto_aim/armor_detector/src/spiral.cpp:27[m[K:
[5.006s] [01m[K/home/ckl/RM/Combat_vision2026/src/rm_auto_aim/armor_detector/include/armor_detector/types.hpp:40:18:[m[K [01;36m[Knote: [m[K‘[01m[Kfyt::auto_aim::LARGE_ARMOR_HEIGHT[m[K’ declared here
[5.006s]    40 | constexpr double [01;36m[KLARGE_ARMOR_HEIGHT[m[K = 50.0 / 1000.0; // 55
[5.006s]       |                  [01;36m[K^~~~~~~~~~~~~~~~~~[m[K
[5.008s] [01m[K/home/ckl/RM/Combat_vision2026/src/rm_auto_aim/armor_detector/src/spiral.cpp:84:42:[m[K [01;31m[Kerror: [m[K‘[01m[KDetector[m[K’ is not a member of ‘[01m[Kfyt[m[K’; did you mean ‘[01m[Kfyt::auto_aim::Detector[m[K’?
[5.008s]    84 |   auto detector_ = std::make_unique<fyt::[01;31m[KDetector[m[K>(binary_thres, color, l_params, a_params);
[5.008s]       |                                          [01;31m[K^~~~~~~~[m[K
[5.008s] In file included from [01m[K/home/ckl/RM/Combat_vision2026/src/rm_auto_aim/armor_detector/src/spiral.cpp:27[m[K:
[5.009s] [01m[K/home/ckl/RM/Combat_vision2026/src/rm_auto_aim/armor_detector/include/armor_detector/armor_detector.hpp:38:7:[m[K [01;36m[Knote: [m[K‘[01m[Kfyt::auto_aim::Detector[m[K’ declared here
[5.009s]    38 | class [01;36m[KDetector[m[K {
[5.009s]       |       [01;36m[K^~~~~~~~[m[K
[5.009s] [01m[K/home/ckl/RM/Combat_vision2026/src/rm_auto_aim/armor_detector/src/spiral.cpp:84:51:[m[K [01;31m[Kerror: [m[Kno matching function for call to ‘[01m[Kmake_unique<<expression error> >(int&, fyt::EnemyColor&, fyt::auto_aim::Detector::LightParams&, fyt::auto_aim::Detector::ArmorParams&)[m[K’
[5.009s]    84 |   auto detector_ = [01;31m[Kstd::make_unique<fyt::Detector>(binary_thres, color, l_params, a_params)[m[K;
[5.009s]       |                    [01;31m[K~~~~~~~~~~~~~~~~~~~~~~~~~~~~~~~^~~~~~~~~~~~~~~~~~~~~~~~~~~~~~~~~~~~~~~~~[m[K
[5.009s] In file included from [01m[K/usr/include/c++/11/bits/locale_conv.h:41[m[K,
[5.009s]                  from [01m[K/usr/include/c++/11/locale:43[m[K,
[5.009s]                  from [01m[K/usr/include/c++/11/bits/fs_path.h:37[m[K,
[5.009s]                  from [01m[K/usr/include/c++/11/filesystem:45[m[K,
[5.009s]                  from [01m[K/home/ckl/RM/Combat_vision2026/src/rm_auto_aim/armor_detector/src/spiral.cpp:3[m[K:
[5.009s] [01m[K/usr/include/c++/11/bits/unique_ptr.h:961:5:[m[K [01;36m[Knote: [m[Kcandidate: ‘[01m[Ktemplate<class _Tp, class ... _Args> typename std::_MakeUniq<_Tp>::__single_object std::make_unique(_Args&& ...)[m[K’
[5.009s]   961 |     [01;36m[Kmake_unique[m[K(_Args&&... __args)
[5.009s]       |     [01;36m[K^~~~~~~~~~~[m[K
[5.010s] [01m[K/usr/include/c++/11/bits/unique_ptr.h:961:5:[m[K [01;36m[Knote: [m[K  template argument deduction/substitution failed:
[5.010s] [01m[K/home/ckl/RM/Combat_vision2026/src/rm_auto_aim/armor_detector/src/spiral.cpp:84:51:[m[K [01;31m[Kerror: [m[Ktemplate argument 1 is invalid
[5.010s]    84 |   auto detector_ = [01;31m[Kstd::make_unique<fyt::Detector>(binary_thres, color, l_params, a_params)[m[K;
[5.010s]       |                    [01;31m[K~~~~~~~~~~~~~~~~~~~~~~~~~~~~~~~^~~~~~~~~~~~~~~~~~~~~~~~~~~~~~~~~~~~~~~~~[m[K
[5.010s] In file included from [01m[K/usr/include/c++/11/bits/locale_conv.h:41[m[K,
[5.010s]                  from [01m[K/usr/include/c++/11/locale:43[m[K,
[5.010s]                  from [01m[K/usr/include/c++/11/bits/fs_path.h:37[m[K,
[5.010s]                  from [01m[K/usr/include/c++/11/filesystem:45[m[K,
[5.010s]                  from [01m[K/home/ckl/RM/Combat_vision2026/src/rm_auto_aim/armor_detector/src/spiral.cpp:3[m[K:
[5.010s] [01m[K/usr/include/c++/11/bits/unique_ptr.h:967:5:[m[K [01;36m[Knote: [m[Kcandidate: ‘[01m[Ktemplate<class _Tp> typename std::_MakeUniq<_Tp>::__array std::make_unique(std::size_t)[m[K’
[5.010s]   967 |     [01;36m[Kmake_unique[m[K(size_t __num)
[5.010s]       |     [01;36m[K^~~~~~~~~~~[m[K
[5.010s] [01m[K/usr/include/c++/11/bits/unique_ptr.h:967:5:[m[K [01;36m[Knote: [m[K  template argument deduction/substitution failed:
[5.010s] [01m[K/home/ckl/RM/Combat_vision2026/src/rm_auto_aim/armor_detector/src/spiral.cpp:84:51:[m[K [01;31m[Kerror: [m[Ktemplate argument 1 is invalid
[5.010s]    84 |   auto detector_ = [01;31m[Kstd::make_unique<fyt::Detector>(binary_thres, color, l_params, a_params)[m[K;
[5.010s]       |                    [01;31m[K~~~~~~~~~~~~~~~~~~~~~~~~~~~~~~~^~~~~~~~~~~~~~~~~~~~~~~~~~~~~~~~~~~~~~~~~[m[K
[5.010s] In file included from [01m[K/usr/include/c++/11/bits/locale_conv.h:41[m[K,
[5.010s]                  from [01m[K/usr/include/c++/11/locale:43[m[K,
[5.010s]                  from [01m[K/usr/include/c++/11/bits/fs_path.h:37[m[K,
[5.010s]                  from [01m[K/usr/include/c++/11/filesystem:45[m[K,
[5.011s]                  from [01m[K/home/ckl/RM/Combat_vision2026/src/rm_auto_aim/armor_detector/src/spiral.cpp:3[m[K:
[5.011s] [01m[K/usr/include/c++/11/bits/unique_ptr.h:973:5:[m[K [01;36m[Knote: [m[Kcandidate: ‘[01m[Ktemplate<class _Tp, class ... _Args> typename std::_MakeUniq<_Tp>::__invalid_type std::make_unique(_Args&& ...)[m[K’ (deleted)
[5.011s]   973 |     [01;36m[Kmake_unique[m[K(_Args&&...) = delete;
[5.011s]       |     [01;36m[K^~~~~~~~~~~[m[K
[5.011s] [01m[K/usr/include/c++/11/bits/unique_ptr.h:973:5:[m[K [01;36m[Knote: [m[K  template argument deduction/substitution failed:
[5.011s] [01m[K/home/ckl/RM/Combat_vision2026/src/rm_auto_aim/armor_detector/src/spiral.cpp:84:51:[m[K [01;31m[Kerror: [m[Ktemplate argument 1 is invalid
[5.011s]    84 |   auto detector_ = [01;31m[Kstd::make_unique<fyt::Detector>(binary_thres, color, l_params, a_params)[m[K;
[5.011s]       |                    [01;31m[K~~~~~~~~~~~~~~~~~~~~~~~~~~~~~~~^~~~~~~~~~~~~~~~~~~~~~~~~~~~~~~~~~~~~~~~~[m[K
[5.011s] [01m[K/home/ckl/RM/Combat_vision2026/src/rm_auto_aim/armor_detector/src/spiral.cpp:87:12:[m[K [01;31m[Kerror: [m[K‘[01m[KreadImages[m[K’ was not declared in this scope; did you mean ‘[01m[Kfyt::auto_aim::readImages[m[K’?
[5.011s]    87 |   images = [01;31m[KreadImages[m[K(folder_path);
[5.011s]       |            [01;31m[K^~~~~~~~~~[m[K
[5.011s]       |            [32m[Kfyt::auto_aim::readImages[m[K
[5.011s] In file included from [01m[K/home/ckl/RM/Combat_vision2026/src/rm_auto_aim/armor_detector/src/spiral.cpp:36[m[K:
[5.011s] [01m[K/home/ckl/RM/Combat_vision2026/src/rm_auto_aim/armor_detector/include/armor_detector/bound_solver.hpp:42:26:[m[K [01;36m[Knote: [m[K‘[01m[Kfyt::auto_aim::readImages[m[K’ declared here
[5.011s]    42 |     std::vector<cv::Mat> [01;36m[KreadImages[m[K(const std::string& folder_path);
[5.011s]       |                          [01;36m[K^~~~~~~~~~[m[K
[5.011s] [01m[K/home/ckl/RM/Combat_vision2026/src/rm_auto_aim/armor_detector/src/spiral.cpp:90:15:[m[K [01;31m[Kerror: [m[Kno matching function for call to ‘[01m[KresizeWindow(const char [6], cv::Mat&, int)[m[K’
[5.011s]    90 |   [01;31m[KresizeWindow("armor", img, 50)[m[K;
[5.011s]       |   [01;31m[K~~~~~~~~~~~~^~~~~~~~~~~~~~~~~~[m[K
[5.011s] In file included from [01m[K/home/ckl/RM/Combat_vision2026/src/rm_auto_aim/armor_detector/src/spiral.cpp:24[m[K:
[5.011s] [01m[K/usr/include/opencv4/opencv2/highgui.hpp:429:19:[m[K [01;36m[Knote: [m[Kcandidate: ‘[01m[Kvoid cv::resizeWindow(const String&, int, int)[m[K’
[5.011s]   429 | CV_EXPORTS_W void [01;36m[KresizeWindow[m[K(const String& winname, int width, int height);
[5.011s]       |                   [01;36m[K^~~~~~~~~~~~[m[K
[5.011s] [01m[K/usr/include/opencv4/opencv2/highgui.hpp:429:59:[m[K [01;36m[Knote: [m[K  no known conversion for argument 2 from ‘[01m[Kcv::Mat[m[K’ to ‘[01m[Kint[m[K’
[5.011s]   429 | CV_EXPORTS_W void resizeWindow(const String& winname, [01;36m[Kint width[m[K, int height);
[5.011s]       |                                                       [01;36m[K~~~~^~~~~[m[K
[5.012s] [01m[K/usr/include/opencv4/opencv2/highgui.hpp:435:19:[m[K [01;36m[Knote: [m[Kcandidate: ‘[01m[Kvoid cv::resizeWindow(const String&, const Size&)[m[K’
[5.012s]   435 | CV_EXPORTS_W void [01;36m[KresizeWindow[m[K(const String& winname, const cv::Size& size);
[5.012s]       |                   [01;36m[K^~~~~~~~~~~~[m[K
[5.012s] [01m[K/usr/include/opencv4/opencv2/highgui.hpp:435:19:[m[K [01;36m[Knote: [m[K  candidate expects 2 arguments, 3 provided
[8.521s] gmake[2]: *** [CMakeFiles/armor_detector.dir/build.make:191：CMakeFiles/armor_detector.dir/src/spiral.cpp.o] 错误 1
[8.521s] gmake[1]: *** [CMakeFiles/Makefile2:185：CMakeFiles/armor_detector.dir/all] 错误 2
[8.522s] gmake: *** [Makefile:146：all] 错误 2
[8.524s] Invoked command in '/home/ckl/RM/Combat_vision2026/build/armor_detector' returned '2': CMAKE_PREFIX_PATH=/home/ckl/RM/Combat_vision2026/install/rm_utils:/home/ckl/RM/Combat_vision2026/install/rm_interfaces:/home/ckl/RM/Combat_vision2026/install/rm_bringup:/home/ckl/RM/Combat_vision2026/install/rm_serial_driver:/home/ckl/RM/Combat_vision2026/install/rm_auto_aim:/home/ckl/RM/Combat_vision2026/install/armor_solver:/home/ckl/RM/Combat_vision2026/install/armor_detector:/home/ckl/RM/Combat_vision2026/install/rm_robot_description:/home/ckl/RM/Combat_vision2026/install/hik_camera:/opt/ros/humble LD_LIBRARY_PATH=/home/ckl/RM/Combat_vision2026/install/rm_utils/lib:/home/ckl/RM/Combat_vision2026/install/rm_interfaces/lib:/home/ckl/RM/Combat_vision2026/install/rm_serial_driver/lib:/home/ckl/RM/Combat_vision2026/install/armor_solver/lib:/home/ckl/RM/Combat_vision2026/install/armor_detector/lib:/home/ckl/RM/Combat_vision2026/install/hik_camera/lib:/opt/ros/humble/opt/rviz_ogre_vendor/lib:/opt/ros/humble/lib/x86_64-linux-gnu:/opt/ros/humble/lib /usr/bin/cmake --build /home/ckl/RM/Combat_vision2026/build/armor_detector -- -j16 -l16
