[0.028s] Invoking command in '/home/ckl/RM/Combat_vision2026/build/armor_solver': AMENT_PREFIX_PATH=/home/ckl/RM/Combat_vision2026/install/rm_utils:/home/ckl/RM/Combat_vision2026/install/rm_interfaces:${AMENT_PREFIX_PATH} CMAKE_PREFIX_PATH=/home/ckl/RM/Combat_vision2026/install/rm_utils:/home/ckl/RM/Combat_vision2026/install/rm_interfaces:/opt/ros/humble LD_LIBRARY_PATH=/home/ckl/RM/Combat_vision2026/install/rm_utils/lib:/home/ckl/RM/Combat_vision2026/install/rm_interfaces/lib:/opt/MVS/lib/64:/opt/MVS/lib/32:/opt/MVS/lib/64:/opt/MVS/lib/32:/opt/MVS/lib/64:/opt/MVS/lib/32:/opt/ros/humble/opt/rviz_ogre_vendor/lib:/opt/ros/humble/lib/x86_64-linux-gnu:/opt/ros/humble/lib:/opt/MVS/lib/64:/opt/MVS/lib/32:/opt/MVS/lib/64:/opt/MVS/lib/32:/opt/MVS/lib/64:/opt/MVS/lib/32 PYTHONPATH=/home/ckl/RM/Combat_vision2026/install/rm_interfaces/local/lib/python3.10/dist-packages:${PYTHONPATH} /usr/bin/cmake --build /home/ckl/RM/Combat_vision2026/build/armor_solver -- -j16 -l16
[0.071s] [ 33%] Built target armor_solver_node
[0.082s] [ 50%] [1m[32mLinking CXX shared library libarmor_solver.so[0m
[0.338s] [100%] Built target armor_solver
[0.344s] Invoked command in '/home/ckl/RM/Combat_vision2026/build/armor_solver' returned '0': AMENT_PREFIX_PATH=/home/ckl/RM/Combat_vision2026/install/rm_utils:/home/ckl/RM/Combat_vision2026/install/rm_interfaces:${AMENT_PREFIX_PATH} CMAKE_PREFIX_PATH=/home/ckl/RM/Combat_vision2026/install/rm_utils:/home/ckl/RM/Combat_vision2026/install/rm_interfaces:/opt/ros/humble LD_LIBRARY_PATH=/home/ckl/RM/Combat_vision2026/install/rm_utils/lib:/home/ckl/RM/Combat_vision2026/install/rm_interfaces/lib:/opt/MVS/lib/64:/opt/MVS/lib/32:/opt/MVS/lib/64:/opt/MVS/lib/32:/opt/MVS/lib/64:/opt/MVS/lib/32:/opt/ros/humble/opt/rviz_ogre_vendor/lib:/opt/ros/humble/lib/x86_64-linux-gnu:/opt/ros/humble/lib:/opt/MVS/lib/64:/opt/MVS/lib/32:/opt/MVS/lib/64:/opt/MVS/lib/32:/opt/MVS/lib/64:/opt/MVS/lib/32 PYTHONPATH=/home/ckl/RM/Combat_vision2026/install/rm_interfaces/local/lib/python3.10/dist-packages:${PYTHONPATH} /usr/bin/cmake --build /home/ckl/RM/Combat_vision2026/build/armor_solver -- -j16 -l16
[0.348s] Invoking command in '/home/ckl/RM/Combat_vision2026/build/armor_solver': AMENT_PREFIX_PATH=/home/ckl/RM/Combat_vision2026/install/rm_utils:/home/ckl/RM/Combat_vision2026/install/rm_interfaces:${AMENT_PREFIX_PATH} CMAKE_PREFIX_PATH=/home/ckl/RM/Combat_vision2026/install/rm_utils:/home/ckl/RM/Combat_vision2026/install/rm_interfaces:/opt/ros/humble LD_LIBRARY_PATH=/home/ckl/RM/Combat_vision2026/install/rm_utils/lib:/home/ckl/RM/Combat_vision2026/install/rm_interfaces/lib:/opt/MVS/lib/64:/opt/MVS/lib/32:/opt/MVS/lib/64:/opt/MVS/lib/32:/opt/MVS/lib/64:/opt/MVS/lib/32:/opt/ros/humble/opt/rviz_ogre_vendor/lib:/opt/ros/humble/lib/x86_64-linux-gnu:/opt/ros/humble/lib:/opt/MVS/lib/64:/opt/MVS/lib/32:/opt/MVS/lib/64:/opt/MVS/lib/32:/opt/MVS/lib/64:/opt/MVS/lib/32 PYTHONPATH=/home/ckl/RM/Combat_vision2026/install/rm_interfaces/local/lib/python3.10/dist-packages:${PYTHONPATH} /usr/bin/cmake --install /home/ckl/RM/Combat_vision2026/build/armor_solver
[0.354s] -- Install configuration: ""
[0.356s] -- Up-to-date: /home/ckl/RM/Combat_vision2026/install/armor_solver/lib/armor_solver/armor_solver_node
[0.356s] -- Up-to-date: /home/ckl/RM/Combat_vision2026/install/armor_solver/include
[0.356s] -- Up-to-date: /home/ckl/RM/Combat_vision2026/install/armor_solver/include/armor_solver
[0.356s] -- Up-to-date: /home/ckl/RM/Combat_vision2026/install/armor_solver/include/armor_solver/armor_tracker.hpp
[0.356s] -- Up-to-date: /home/ckl/RM/Combat_vision2026/install/armor_solver/include/armor_solver/armor_solver.hpp
[0.356s] -- Up-to-date: /home/ckl/RM/Combat_vision2026/install/armor_solver/include/armor_solver/motion_model.hpp
[0.356s] -- Up-to-date: /home/ckl/RM/Combat_vision2026/install/armor_solver/include/armor_solver/armor_solver_node.hpp
[0.357s] -- Up-to-date: /home/ckl/RM/Combat_vision2026/install/armor_solver/share/armor_solver/environment/library_path.sh
[0.357s] -- Up-to-date: /home/ckl/RM/Combat_vision2026/install/armor_solver/share/armor_solver/environment/library_path.dsv
[0.358s] -- Installing: /home/ckl/RM/Combat_vision2026/install/armor_solver/lib/libarmor_solver.so
[0.361s] -- Set non-toolchain portion of runtime path of "/home/ckl/RM/Combat_vision2026/install/armor_solver/lib/libarmor_solver.so" to ""
[0.361s] -- Up-to-date: /home/ckl/RM/Combat_vision2026/install/armor_solver/share/ament_index/resource_index/package_run_dependencies/armor_solver
[0.362s] -- Up-to-date: /home/ckl/RM/Combat_vision2026/install/armor_solver/share/ament_index/resource_index/parent_prefix_path/armor_solver
[0.362s] -- Up-to-date: /home/ckl/RM/Combat_vision2026/install/armor_solver/share/armor_solver/environment/ament_prefix_path.sh
[0.362s] -- Up-to-date: /home/ckl/RM/Combat_vision2026/install/armor_solver/share/armor_solver/environment/ament_prefix_path.dsv
[0.362s] -- Up-to-date: /home/ckl/RM/Combat_vision2026/install/armor_solver/share/armor_solver/environment/path.sh
[0.362s] -- Up-to-date: /home/ckl/RM/Combat_vision2026/install/armor_solver/share/armor_solver/environment/path.dsv
[0.362s] -- Up-to-date: /home/ckl/RM/Combat_vision2026/install/armor_solver/share/armor_solver/local_setup.bash
[0.362s] -- Up-to-date: /home/ckl/RM/Combat_vision2026/install/armor_solver/share/armor_solver/local_setup.sh
[0.362s] -- Up-to-date: /home/ckl/RM/Combat_vision2026/install/armor_solver/share/armor_solver/local_setup.zsh
[0.362s] -- Up-to-date: /home/ckl/RM/Combat_vision2026/install/armor_solver/share/armor_solver/local_setup.dsv
[0.362s] -- Installing: /home/ckl/RM/Combat_vision2026/install/armor_solver/share/armor_solver/package.dsv
[0.363s] -- Up-to-date: /home/ckl/RM/Combat_vision2026/install/armor_solver/share/ament_index/resource_index/packages/armor_solver
[0.363s] -- Up-to-date: /home/ckl/RM/Combat_vision2026/install/armor_solver/share/ament_index/resource_index/rclcpp_components/armor_solver
[0.363s] -- Up-to-date: /home/ckl/RM/Combat_vision2026/install/armor_solver/share/armor_solver/cmake/ament_cmake_export_dependencies-extras.cmake
[0.363s] -- Up-to-date: /home/ckl/RM/Combat_vision2026/install/armor_solver/share/armor_solver/cmake/ament_cmake_export_include_directories-extras.cmake
[0.364s] -- Up-to-date: /home/ckl/RM/Combat_vision2026/install/armor_solver/share/armor_solver/cmake/ament_cmake_export_libraries-extras.cmake
[0.364s] -- Up-to-date: /home/ckl/RM/Combat_vision2026/install/armor_solver/share/armor_solver/cmake/armor_solverConfig.cmake
[0.364s] -- Up-to-date: /home/ckl/RM/Combat_vision2026/install/armor_solver/share/armor_solver/cmake/armor_solverConfig-version.cmake
[0.364s] -- Up-to-date: /home/ckl/RM/Combat_vision2026/install/armor_solver/share/armor_solver/package.xml
[0.365s] Invoked command in '/home/ckl/RM/Combat_vision2026/build/armor_solver' returned '0': AMENT_PREFIX_PATH=/home/ckl/RM/Combat_vision2026/install/rm_utils:/home/ckl/RM/Combat_vision2026/install/rm_interfaces:${AMENT_PREFIX_PATH} CMAKE_PREFIX_PATH=/home/ckl/RM/Combat_vision2026/install/rm_utils:/home/ckl/RM/Combat_vision2026/install/rm_interfaces:/opt/ros/humble LD_LIBRARY_PATH=/home/ckl/RM/Combat_vision2026/install/rm_utils/lib:/home/ckl/RM/Combat_vision2026/install/rm_interfaces/lib:/opt/MVS/lib/64:/opt/MVS/lib/32:/opt/MVS/lib/64:/opt/MVS/lib/32:/opt/MVS/lib/64:/opt/MVS/lib/32:/opt/ros/humble/opt/rviz_ogre_vendor/lib:/opt/ros/humble/lib/x86_64-linux-gnu:/opt/ros/humble/lib:/opt/MVS/lib/64:/opt/MVS/lib/32:/opt/MVS/lib/64:/opt/MVS/lib/32:/opt/MVS/lib/64:/opt/MVS/lib/32 PYTHONPATH=/home/ckl/RM/Combat_vision2026/install/rm_interfaces/local/lib/python3.10/dist-packages:${PYTHONPATH} /usr/bin/cmake --install /home/ckl/RM/Combat_vision2026/build/armor_solver
