[0.021s] Invoking command in '/home/ckl/RM/Combat_vision2026/build/armor_detector': CMAKE_PREFIX_PATH=/home/ckl/RM/Combat_vision2026/install/rm_utils:/home/ckl/RM/Combat_vision2026/install/rm_interfaces:/home/ckl/RM/Combat_vision2026/install/rm_bringup:/home/ckl/RM/Combat_vision2026/install/rm_serial_driver:/home/ckl/RM/Combat_vision2026/install/rm_auto_aim:/home/ckl/RM/Combat_vision2026/install/armor_solver:/home/ckl/RM/Combat_vision2026/install/armor_detector:/home/ckl/RM/Combat_vision2026/install/rm_robot_description:/home/ckl/RM/Combat_vision2026/install/hik_camera:/opt/ros/humble LD_LIBRARY_PATH=/home/ckl/RM/Combat_vision2026/install/rm_utils/lib:/home/ckl/RM/Combat_vision2026/install/rm_interfaces/lib:/home/ckl/RM/Combat_vision2026/install/rm_serial_driver/lib:/home/ckl/RM/Combat_vision2026/install/armor_solver/lib:/home/ckl/RM/Combat_vision2026/install/armor_detector/lib:/home/ckl/RM/Combat_vision2026/install/hik_camera/lib:/opt/ros/humble/opt/rviz_ogre_vendor/lib:/opt/ros/humble/lib/x86_64-linux-gnu:/opt/ros/humble/lib /usr/bin/cmake --build /home/ckl/RM/Combat_vision2026/build/armor_detector -- -j16 -l16
[0.054s] [ 14%] Built target gtest
[0.054s] [ 14%] Built target gtest_main
[0.056s] [ 22%] Built target armor_detector_node
[0.106s] [ 25%] [32mBuilding CXX object CMakeFiles/armor_detector.dir/src/bound_solver.cpp.o[0m
[5.389s] [01m[K/home/ckl/RM/Combat_vision2026/src/rm_auto_aim/armor_detector/src/bound_solver.cpp:[m[K In member function ‘[01m[Kvoid fyt::auto_aim::BoundSolver::drawBound(cv::Mat&)[m[K’:
[5.389s] [01m[K/home/ckl/RM/Combat_vision2026/src/rm_auto_aim/armor_detector/src/bound_solver.cpp:16:23:[m[K [01;31m[Kerror: [m[K‘[01m[KVec3b[m[K’ is not a member of ‘[01m[KEigen[m[K’; did you mean ‘[01m[Kcv::Vec3b[m[K’?
[5.389s]    16 |         img.at<Eigen::[01;31m[KVec3b[m[K> = cv::Vec3b(0, 0, 255);
[5.389s]       |                       [01;31m[K^~~~~[m[K
[5.389s] In file included from [01m[K/usr/include/opencv4/opencv2/core.hpp:56[m[K,
[5.389s]                  from [01m[K/usr/include/opencv4/opencv2/core/core.hpp:48[m[K,
[5.389s]                  from [01m[K/opt/ros/humble/include/cv_bridge/cv_bridge/cv_bridge.h:43[m[K,
[5.389s]                  from [01m[K/home/ckl/RM/Combat_vision2026/src/rm_auto_aim/armor_detector/include/armor_detector/bound_solver.hpp:14[m[K,
[5.389s]                  from [01m[K/home/ckl/RM/Combat_vision2026/src/rm_auto_aim/armor_detector/src/bound_solver.cpp:1[m[K:
[5.389s] [01m[K/usr/include/opencv4/opencv2/core/matx.hpp:410:23:[m[K [01;36m[Knote: [m[K‘[01m[Kcv::Vec3b[m[K’ declared here
[5.390s]   410 | typedef Vec<uchar, 3> [01;36m[KVec3b[m[K;
[5.390s]       |                       [01;36m[K^~~~~[m[K
[5.390s] [01m[K/home/ckl/RM/Combat_vision2026/src/rm_auto_aim/armor_detector/src/bound_solver.cpp:16:13:[m[K [01;31m[Kerror: [m[Kinvalid use of member function ‘[01m[Ktemplate<class _Tp> const _Tp& cv::Mat::at(cv::Point) const[m[K’ (did you forget the ‘[01m[K()[m[K’ ?)
[5.390s]    16 |         [01;31m[Kimg.at<Eigen::Vec3b>[m[K = cv::Vec3b(0, 0, 255);
[5.390s]       |         [01;31m[K~~~~^~~~~~~~~~~~~~~~[m[K
[8.286s] gmake[2]: *** [CMakeFiles/armor_detector.dir/build.make:135：CMakeFiles/armor_detector.dir/src/bound_solver.cpp.o] 错误 1
[8.287s] gmake[1]: *** [CMakeFiles/Makefile2:185：CMakeFiles/armor_detector.dir/all] 错误 2
[8.287s] gmake: *** [Makefile:146：all] 错误 2
[8.290s] Invoked command in '/home/ckl/RM/Combat_vision2026/build/armor_detector' returned '2': CMAKE_PREFIX_PATH=/home/ckl/RM/Combat_vision2026/install/rm_utils:/home/ckl/RM/Combat_vision2026/install/rm_interfaces:/home/ckl/RM/Combat_vision2026/install/rm_bringup:/home/ckl/RM/Combat_vision2026/install/rm_serial_driver:/home/ckl/RM/Combat_vision2026/install/rm_auto_aim:/home/ckl/RM/Combat_vision2026/install/armor_solver:/home/ckl/RM/Combat_vision2026/install/armor_detector:/home/ckl/RM/Combat_vision2026/install/rm_robot_description:/home/ckl/RM/Combat_vision2026/install/hik_camera:/opt/ros/humble LD_LIBRARY_PATH=/home/ckl/RM/Combat_vision2026/install/rm_utils/lib:/home/ckl/RM/Combat_vision2026/install/rm_interfaces/lib:/home/ckl/RM/Combat_vision2026/install/rm_serial_driver/lib:/home/ckl/RM/Combat_vision2026/install/armor_solver/lib:/home/ckl/RM/Combat_vision2026/install/armor_detector/lib:/home/ckl/RM/Combat_vision2026/install/hik_camera/lib:/opt/ros/humble/opt/rviz_ogre_vendor/lib:/opt/ros/humble/lib/x86_64-linux-gnu:/opt/ros/humble/lib /usr/bin/cmake --build /home/ckl/RM/Combat_vision2026/build/armor_detector -- -j16 -l16
