[0.020s] Invoking command in '/home/ckl/RM/Combat_vision2026/build/rm_bringup': AMENT_PREFIX_PATH=/home/ckl/RM/Combat_vision2026/install/rm_auto_aim:/home/ckl/RM/Combat_vision2026/install/rm_serial_driver:/home/ckl/RM/Combat_vision2026/install/armor_solver:/home/ckl/RM/Combat_vision2026/install/armor_detector:/home/ckl/RM/Combat_vision2026/install/rm_utils:/home/ckl/RM/Combat_vision2026/install/rm_interfaces:${AMENT_PREFIX_PATH} CMAKE_PREFIX_PATH=/home/ckl/RM/Combat_vision2026/install/rm_auto_aim:/home/ckl/RM/Combat_vision2026/install/rm_serial_driver:/home/ckl/RM/Combat_vision2026/install/armor_solver:/home/ckl/RM/Combat_vision2026/install/armor_detector:/home/ckl/RM/Combat_vision2026/install/rm_utils:/home/ckl/RM/Combat_vision2026/install/rm_interfaces:/opt/ros/humble LD_LIBRARY_PATH=/home/ckl/RM/Combat_vision2026/install/rm_serial_driver/lib:/home/ckl/RM/Combat_vision2026/install/armor_solver/lib:/home/ckl/RM/Combat_vision2026/install/armor_detector/lib:/home/ckl/RM/Combat_vision2026/install/rm_utils/lib:/home/ckl/RM/Combat_vision2026/install/rm_interfaces/lib:${LD_LIBRARY_PATH} PYTHONPATH=/home/ckl/RM/Combat_vision2026/install/rm_interfaces/local/lib/python3.10/dist-packages:${PYTHONPATH} /usr/bin/cmake /home/ckl/RM/Combat_vision2026/src/rm_bringup -DCMAKE_INSTALL_PREFIX=/home/ckl/RM/Combat_vision2026/install/rm_bringup
[0.025s] [0mCMake Deprecation Warning at CMakeLists.txt:1 (cmake_minimum_required):
[0.025s]   Compatibility with CMake < 3.10 will be removed from a future version of
[0.025s]   CMake.
[0.025s] 
[0.025s]   Update the VERSION argument <min> value.  Or, use the <min>...<max> syntax
[0.025s]   to tell CMake that the project requires at least <min> but has been updated
[0.025s]   to work with policies introduced by <max> or earlier.
[0.026s] 
[0.026s] [0m
[0.068s] -- The C compiler identification is GNU 11.4.0
[0.131s] -- The CXX compiler identification is GNU 11.4.0
[0.138s] -- Detecting C compiler ABI info
[0.201s] -- Detecting C compiler ABI info - done
[0.215s] -- Check for working C compiler: /usr/bin/cc - skipped
[0.215s] -- Detecting C compile features
[0.216s] -- Detecting C compile features - done
[0.229s] -- Detecting CXX compiler ABI info
[0.300s] -- Detecting CXX compiler ABI info - done
[0.313s] -- Check for working CXX compiler: /usr/bin/c++ - skipped
[0.313s] -- Detecting CXX compile features
[0.314s] -- Detecting CXX compile features - done
[0.324s] -- Found ament_cmake_auto: 1.3.12 (/opt/ros/humble/share/ament_cmake_auto/cmake)
[0.441s] -- Found Python3: /usr/bin/python3 (found version "3.10.12") found components: Interpreter
[0.539s] -- Found ament_lint_auto: 0.12.14 (/opt/ros/humble/share/ament_lint_auto/cmake)
[0.592s] -- Configuring done (0.6s)
[0.595s] -- Generating done (0.0s)
[0.596s] -- Build files have been written to: /home/ckl/RM/Combat_vision2026/build/rm_bringup
[0.601s] Invoked command in '/home/ckl/RM/Combat_vision2026/build/rm_bringup' returned '0': AMENT_PREFIX_PATH=/home/ckl/RM/Combat_vision2026/install/rm_auto_aim:/home/ckl/RM/Combat_vision2026/install/rm_serial_driver:/home/ckl/RM/Combat_vision2026/install/armor_solver:/home/ckl/RM/Combat_vision2026/install/armor_detector:/home/ckl/RM/Combat_vision2026/install/rm_utils:/home/ckl/RM/Combat_vision2026/install/rm_interfaces:${AMENT_PREFIX_PATH} CMAKE_PREFIX_PATH=/home/ckl/RM/Combat_vision2026/install/rm_auto_aim:/home/ckl/RM/Combat_vision2026/install/rm_serial_driver:/home/ckl/RM/Combat_vision2026/install/armor_solver:/home/ckl/RM/Combat_vision2026/install/armor_detector:/home/ckl/RM/Combat_vision2026/install/rm_utils:/home/ckl/RM/Combat_vision2026/install/rm_interfaces:/opt/ros/humble LD_LIBRARY_PATH=/home/ckl/RM/Combat_vision2026/install/rm_serial_driver/lib:/home/ckl/RM/Combat_vision2026/install/armor_solver/lib:/home/ckl/RM/Combat_vision2026/install/armor_detector/lib:/home/ckl/RM/Combat_vision2026/install/rm_utils/lib:/home/ckl/RM/Combat_vision2026/install/rm_interfaces/lib:${LD_LIBRARY_PATH} PYTHONPATH=/home/ckl/RM/Combat_vision2026/install/rm_interfaces/local/lib/python3.10/dist-packages:${PYTHONPATH} /usr/bin/cmake /home/ckl/RM/Combat_vision2026/src/rm_bringup -DCMAKE_INSTALL_PREFIX=/home/ckl/RM/Combat_vision2026/install/rm_bringup
[0.603s] Invoking command in '/home/ckl/RM/Combat_vision2026/build/rm_bringup': AMENT_PREFIX_PATH=/home/ckl/RM/Combat_vision2026/install/rm_auto_aim:/home/ckl/RM/Combat_vision2026/install/rm_serial_driver:/home/ckl/RM/Combat_vision2026/install/armor_solver:/home/ckl/RM/Combat_vision2026/install/armor_detector:/home/ckl/RM/Combat_vision2026/install/rm_utils:/home/ckl/RM/Combat_vision2026/install/rm_interfaces:${AMENT_PREFIX_PATH} CMAKE_PREFIX_PATH=/home/ckl/RM/Combat_vision2026/install/rm_auto_aim:/home/ckl/RM/Combat_vision2026/install/rm_serial_driver:/home/ckl/RM/Combat_vision2026/install/armor_solver:/home/ckl/RM/Combat_vision2026/install/armor_detector:/home/ckl/RM/Combat_vision2026/install/rm_utils:/home/ckl/RM/Combat_vision2026/install/rm_interfaces:/opt/ros/humble LD_LIBRARY_PATH=/home/ckl/RM/Combat_vision2026/install/rm_serial_driver/lib:/home/ckl/RM/Combat_vision2026/install/armor_solver/lib:/home/ckl/RM/Combat_vision2026/install/armor_detector/lib:/home/ckl/RM/Combat_vision2026/install/rm_utils/lib:/home/ckl/RM/Combat_vision2026/install/rm_interfaces/lib:${LD_LIBRARY_PATH} PYTHONPATH=/home/ckl/RM/Combat_vision2026/install/rm_interfaces/local/lib/python3.10/dist-packages:${PYTHONPATH} /usr/bin/cmake --build /home/ckl/RM/Combat_vision2026/build/rm_bringup -- -j16 -l16
[0.624s] Invoked command in '/home/ckl/RM/Combat_vision2026/build/rm_bringup' returned '0': AMENT_PREFIX_PATH=/home/ckl/RM/Combat_vision2026/install/rm_auto_aim:/home/ckl/RM/Combat_vision2026/install/rm_serial_driver:/home/ckl/RM/Combat_vision2026/install/armor_solver:/home/ckl/RM/Combat_vision2026/install/armor_detector:/home/ckl/RM/Combat_vision2026/install/rm_utils:/home/ckl/RM/Combat_vision2026/install/rm_interfaces:${AMENT_PREFIX_PATH} CMAKE_PREFIX_PATH=/home/ckl/RM/Combat_vision2026/install/rm_auto_aim:/home/ckl/RM/Combat_vision2026/install/rm_serial_driver:/home/ckl/RM/Combat_vision2026/install/armor_solver:/home/ckl/RM/Combat_vision2026/install/armor_detector:/home/ckl/RM/Combat_vision2026/install/rm_utils:/home/ckl/RM/Combat_vision2026/install/rm_interfaces:/opt/ros/humble LD_LIBRARY_PATH=/home/ckl/RM/Combat_vision2026/install/rm_serial_driver/lib:/home/ckl/RM/Combat_vision2026/install/armor_solver/lib:/home/ckl/RM/Combat_vision2026/install/armor_detector/lib:/home/ckl/RM/Combat_vision2026/install/rm_utils/lib:/home/ckl/RM/Combat_vision2026/install/rm_interfaces/lib:${LD_LIBRARY_PATH} PYTHONPATH=/home/ckl/RM/Combat_vision2026/install/rm_interfaces/local/lib/python3.10/dist-packages:${PYTHONPATH} /usr/bin/cmake --build /home/ckl/RM/Combat_vision2026/build/rm_bringup -- -j16 -l16
[0.626s] Invoking command in '/home/ckl/RM/Combat_vision2026/build/rm_bringup': AMENT_PREFIX_PATH=/home/ckl/RM/Combat_vision2026/install/rm_auto_aim:/home/ckl/RM/Combat_vision2026/install/rm_serial_driver:/home/ckl/RM/Combat_vision2026/install/armor_solver:/home/ckl/RM/Combat_vision2026/install/armor_detector:/home/ckl/RM/Combat_vision2026/install/rm_utils:/home/ckl/RM/Combat_vision2026/install/rm_interfaces:${AMENT_PREFIX_PATH} CMAKE_PREFIX_PATH=/home/ckl/RM/Combat_vision2026/install/rm_auto_aim:/home/ckl/RM/Combat_vision2026/install/rm_serial_driver:/home/ckl/RM/Combat_vision2026/install/armor_solver:/home/ckl/RM/Combat_vision2026/install/armor_detector:/home/ckl/RM/Combat_vision2026/install/rm_utils:/home/ckl/RM/Combat_vision2026/install/rm_interfaces:/opt/ros/humble LD_LIBRARY_PATH=/home/ckl/RM/Combat_vision2026/install/rm_serial_driver/lib:/home/ckl/RM/Combat_vision2026/install/armor_solver/lib:/home/ckl/RM/Combat_vision2026/install/armor_detector/lib:/home/ckl/RM/Combat_vision2026/install/rm_utils/lib:/home/ckl/RM/Combat_vision2026/install/rm_interfaces/lib:${LD_LIBRARY_PATH} PYTHONPATH=/home/ckl/RM/Combat_vision2026/install/rm_interfaces/local/lib/python3.10/dist-packages:${PYTHONPATH} /usr/bin/cmake --install /home/ckl/RM/Combat_vision2026/build/rm_bringup
[0.629s] -- Install configuration: ""
[0.629s] -- Installing: /home/ckl/RM/Combat_vision2026/install/rm_bringup/share/rm_bringup/launch
[0.629s] -- Installing: /home/ckl/RM/Combat_vision2026/install/rm_bringup/share/rm_bringup/launch/bringup_navigation.launch.py
[0.629s] -- Installing: /home/ckl/RM/Combat_vision2026/install/rm_bringup/share/rm_bringup/launch/bringup.launch.py
[0.629s] -- Installing: /home/ckl/RM/Combat_vision2026/install/rm_bringup/share/rm_bringup/config
[0.629s] -- Installing: /home/ckl/RM/Combat_vision2026/install/rm_bringup/share/rm_bringup/config/camera_info.yaml
[0.630s] -- Installing: /home/ckl/RM/Combat_vision2026/install/rm_bringup/share/rm_bringup/config/launch_params.yaml
[0.630s] -- Installing: /home/ckl/RM/Combat_vision2026/install/rm_bringup/share/rm_bringup/config/node_params
[0.630s] -- Installing: /home/ckl/RM/Combat_vision2026/install/rm_bringup/share/rm_bringup/config/node_params/rune_detector_params.yaml
[0.630s] -- Installing: /home/ckl/RM/Combat_vision2026/install/rm_bringup/share/rm_bringup/config/node_params/armor_solver_params.yaml
[0.630s] -- Installing: /home/ckl/RM/Combat_vision2026/install/rm_bringup/share/rm_bringup/config/node_params/serial_driver_params.yaml
[0.630s] -- Installing: /home/ckl/RM/Combat_vision2026/install/rm_bringup/share/rm_bringup/config/node_params/rune_solver_params.yaml
[0.630s] -- Installing: /home/ckl/RM/Combat_vision2026/install/rm_bringup/share/rm_bringup/config/node_params/camera_driver_params.yaml
[0.630s] -- Installing: /home/ckl/RM/Combat_vision2026/install/rm_bringup/share/rm_bringup/config/node_params/video_player_params.yaml
[0.631s] -- Installing: /home/ckl/RM/Combat_vision2026/install/rm_bringup/share/rm_bringup/config/node_params/armor_detector_params.yaml
[0.631s] -- Installing: /home/ckl/RM/Combat_vision2026/install/rm_bringup/share/rm_bringup/config/node_params/virtual_serial_params.yaml
[0.631s] -- Installing: /home/ckl/RM/Combat_vision2026/install/rm_bringup/share/ament_index/resource_index/package_run_dependencies/rm_bringup
[0.631s] -- Installing: /home/ckl/RM/Combat_vision2026/install/rm_bringup/share/ament_index/resource_index/parent_prefix_path/rm_bringup
[0.631s] -- Installing: /home/ckl/RM/Combat_vision2026/install/rm_bringup/share/rm_bringup/environment/ament_prefix_path.sh
[0.631s] -- Installing: /home/ckl/RM/Combat_vision2026/install/rm_bringup/share/rm_bringup/environment/ament_prefix_path.dsv
[0.632s] -- Installing: /home/ckl/RM/Combat_vision2026/install/rm_bringup/share/rm_bringup/environment/path.sh
[0.632s] -- Installing: /home/ckl/RM/Combat_vision2026/install/rm_bringup/share/rm_bringup/environment/path.dsv
[0.632s] -- Installing: /home/ckl/RM/Combat_vision2026/install/rm_bringup/share/rm_bringup/local_setup.bash
[0.632s] -- Installing: /home/ckl/RM/Combat_vision2026/install/rm_bringup/share/rm_bringup/local_setup.sh
[0.632s] -- Installing: /home/ckl/RM/Combat_vision2026/install/rm_bringup/share/rm_bringup/local_setup.zsh
[0.632s] -- Installing: /home/ckl/RM/Combat_vision2026/install/rm_bringup/share/rm_bringup/local_setup.dsv
[0.632s] -- Installing: /home/ckl/RM/Combat_vision2026/install/rm_bringup/share/rm_bringup/package.dsv
[0.633s] -- Installing: /home/ckl/RM/Combat_vision2026/install/rm_bringup/share/ament_index/resource_index/packages/rm_bringup
[0.633s] -- Installing: /home/ckl/RM/Combat_vision2026/install/rm_bringup/share/rm_bringup/cmake/rm_bringupConfig.cmake
[0.633s] -- Installing: /home/ckl/RM/Combat_vision2026/install/rm_bringup/share/rm_bringup/cmake/rm_bringupConfig-version.cmake
[0.633s] -- Installing: /home/ckl/RM/Combat_vision2026/install/rm_bringup/share/rm_bringup/package.xml
[0.635s] Invoked command in '/home/ckl/RM/Combat_vision2026/build/rm_bringup' returned '0': AMENT_PREFIX_PATH=/home/ckl/RM/Combat_vision2026/install/rm_auto_aim:/home/ckl/RM/Combat_vision2026/install/rm_serial_driver:/home/ckl/RM/Combat_vision2026/install/armor_solver:/home/ckl/RM/Combat_vision2026/install/armor_detector:/home/ckl/RM/Combat_vision2026/install/rm_utils:/home/ckl/RM/Combat_vision2026/install/rm_interfaces:${AMENT_PREFIX_PATH} CMAKE_PREFIX_PATH=/home/ckl/RM/Combat_vision2026/install/rm_auto_aim:/home/ckl/RM/Combat_vision2026/install/rm_serial_driver:/home/ckl/RM/Combat_vision2026/install/armor_solver:/home/ckl/RM/Combat_vision2026/install/armor_detector:/home/ckl/RM/Combat_vision2026/install/rm_utils:/home/ckl/RM/Combat_vision2026/install/rm_interfaces:/opt/ros/humble LD_LIBRARY_PATH=/home/ckl/RM/Combat_vision2026/install/rm_serial_driver/lib:/home/ckl/RM/Combat_vision2026/install/armor_solver/lib:/home/ckl/RM/Combat_vision2026/install/armor_detector/lib:/home/ckl/RM/Combat_vision2026/install/rm_utils/lib:/home/ckl/RM/Combat_vision2026/install/rm_interfaces/lib:${LD_LIBRARY_PATH} PYTHONPATH=/home/ckl/RM/Combat_vision2026/install/rm_interfaces/local/lib/python3.10/dist-packages:${PYTHONPATH} /usr/bin/cmake --install /home/ckl/RM/Combat_vision2026/build/rm_bringup
