[0.013s] Invoking command in '/home/ckl/RM/Combat_vision2026/build/rm_interfaces': CMAKE_PREFIX_PATH=/opt/ros/humble /usr/bin/cmake /home/ckl/RM/Combat_vision2026/src/rm_interfaces -DCMAKE_INSTALL_PREFIX=/home/ckl/RM/Combat_vision2026/install/rm_interfaces
[0.021s] [0mCMake Deprecation Warning at CMakeLists.txt:1 (cmake_minimum_required):
[0.021s]   Compatibility with CMake < 3.10 will be removed from a future version of
[0.021s]   CMake.
[0.021s] 
[0.021s]   Update the VERSION argument <min> value.  Or, use the <min>...<max> syntax
[0.021s]   to tell CMake that the project requires at least <min> but has been updated
[0.021s]   to work with policies introduced by <max> or earlier.
[0.021s] 
[0.021s] [0m
[0.024s] -- Found ament_cmake: 1.3.12 (/opt/ros/humble/share/ament_cmake/cmake)
[0.179s] -- Found rosidl_default_generators: 1.2.0 (/opt/ros/humble/share/rosidl_default_generators/cmake)
[0.180s] -- Using all available rosidl_typesupport_c: rosidl_typesupport_fastrtps_c;rosidl_typesupport_introspection_c
[0.182s] -- Found rosidl_adapter: 3.1.7 (/opt/ros/humble/share/rosidl_adapter/cmake)
[0.207s] -- Using all available rosidl_typesupport_cpp: rosidl_typesupport_fastrtps_cpp;rosidl_typesupport_introspection_cpp
[0.230s] -- Found geometry_msgs: 4.9.0 (/opt/ros/humble/share/geometry_msgs/cmake)
[0.662s] -- Found ament_cmake_ros: 0.10.0 (/opt/ros/humble/share/ament_cmake_ros/cmake)
[1.027s] -- Using all available rosidl_typesupport_c: rosidl_typesupport_fastrtps_c;rosidl_typesupport_introspection_c
[1.495s] -- Using all available rosidl_typesupport_cpp: rosidl_typesupport_fastrtps_cpp;rosidl_typesupport_introspection_cpp
[1.496s] [33mCMake Warning (dev) at /opt/ros/humble/share/rosidl_generator_py/cmake/rosidl_generator_py_generate_interfaces.cmake:20 (find_package):
[1.496s]   Policy CMP0148 is not set: The FindPythonInterp and FindPythonLibs modules
[1.497s]   are removed.  Run "cmake --help-policy CMP0148" for policy details.  Use
[1.497s]   the cmake_policy command to set the policy and suppress this warning.
[1.497s] 
[1.497s] Call Stack (most recent call first):
[1.497s]   /opt/ros/humble/share/ament_cmake_core/cmake/core/ament_execute_extensions.cmake:48 (include)
[1.497s]   /opt/ros/humble/share/rosidl_cmake/cmake/rosidl_generate_interfaces.cmake:286 (ament_execute_extensions)
[1.497s]   CMakeLists.txt:13 (rosidl_generate_interfaces)
[1.497s] This warning is for project developers.  Use -Wno-dev to suppress it.
[1.497s] [0m
[1.512s] -- Found python_cmake_module: 0.10.0 (/opt/ros/humble/share/python_cmake_module/cmake)
[1.512s] [33mCMake Warning (dev) at /opt/ros/humble/share/python_cmake_module/cmake/Modules/FindPythonExtra.cmake:52 (find_package):
[1.512s]   Policy CMP0148 is not set: The FindPythonInterp and FindPythonLibs modules
[1.512s]   are removed.  Run "cmake --help-policy CMP0148" for policy details.  Use
[1.512s]   the cmake_policy command to set the policy and suppress this warning.
[1.512s] 
[1.512s] Call Stack (most recent call first):
[1.512s]   /opt/ros/humble/share/rosidl_generator_py/cmake/rosidl_generator_py_generate_interfaces.cmake:23 (find_package)
[1.512s]   /opt/ros/humble/share/ament_cmake_core/cmake/core/ament_execute_extensions.cmake:48 (include)
[1.513s]   /opt/ros/humble/share/rosidl_cmake/cmake/rosidl_generate_interfaces.cmake:286 (ament_execute_extensions)
[1.513s]   CMakeLists.txt:13 (rosidl_generate_interfaces)
[1.513s] This warning is for project developers.  Use -Wno-dev to suppress it.
[1.513s] [0m
[1.529s] [33mCMake Warning (dev) at /opt/ros/humble/share/python_cmake_module/cmake/Modules/FindPythonExtra.cmake:140 (find_package):
[1.529s]   Policy CMP0148 is not set: The FindPythonInterp and FindPythonLibs modules
[1.529s]   are removed.  Run "cmake --help-policy CMP0148" for policy details.  Use
[1.529s]   the cmake_policy command to set the policy and suppress this warning.
[1.529s] 
[1.530s] Call Stack (most recent call first):
[1.530s]   /opt/ros/humble/share/rosidl_generator_py/cmake/rosidl_generator_py_generate_interfaces.cmake:23 (find_package)
[1.530s]   /opt/ros/humble/share/ament_cmake_core/cmake/core/ament_execute_extensions.cmake:48 (include)
[1.530s]   /opt/ros/humble/share/rosidl_cmake/cmake/rosidl_generate_interfaces.cmake:286 (ament_execute_extensions)
[1.530s]   CMakeLists.txt:13 (rosidl_generate_interfaces)
[1.530s] This warning is for project developers.  Use -Wno-dev to suppress it.
[1.530s] [0m
[1.530s] -- Using PYTHON_EXECUTABLE: /usr/bin/python3
[1.530s] -- Using PYTHON_INCLUDE_DIRS: /usr/include/python3.10
[1.530s] -- Using PYTHON_LIBRARIES: /usr/lib/x86_64-linux-gnu/libpython3.10.so
[1.565s] -- Configuring done (1.5s)
[1.621s] -- Generating done (0.1s)
[1.629s] -- Build files have been written to: /home/ckl/RM/Combat_vision2026/build/rm_interfaces
