[0.017s] Invoking command in '/home/ckl/RM/Combat_vision2026/build/hik_camera': CMAKE_PREFIX_PATH=${CMAKE_PREFIX_PATH}:/opt/ros/humble /usr/bin/cmake /home/ckl/RM/Combat_vision2026/src/rm_hardware_driver/ros2_hik_camera -DCMAKE_INSTALL_PREFIX=/home/ckl/RM/Combat_vision2026/install/hik_camera
[0.030s] [0mCMake Deprecation Warning at CMakeLists.txt:1 (cmake_minimum_required):
[0.030s]   Compatibility with CMake < 3.10 will be removed from a future version of
[0.030s]   CMake.
[0.030s] 
[0.030s]   Update the VERSION argument <min> value.  Or, use the <min>...<max> syntax
[0.031s]   to tell CMake that the project requires at least <min> but has been updated
[0.031s]   to work with policies introduced by <max> or earlier.
[0.031s] 
[0.031s] [0m
[0.159s] -- The C compiler identification is GNU 11.4.0
[0.240s] -- The CXX compiler identification is GNU 11.4.0
[0.267s] -- Detecting C compiler ABI info
[0.335s] -- Detecting C compiler ABI info - done
[0.347s] -- Check for working C compiler: /usr/bin/cc - skipped
[0.349s] -- Detecting C compile features
[0.349s] -- Detecting C compile features - done
[0.367s] -- Detecting CXX compiler ABI info
[0.436s] -- Detecting CXX compiler ABI info - done
[0.449s] -- Check for working CXX compiler: /usr/bin/c++ - skipped
[0.449s] -- Detecting CXX compile features
[0.450s] -- Detecting CXX compile features - done
[0.464s] -- Found ament_cmake_auto: 1.3.12 (/opt/ros/humble/share/ament_cmake_auto/cmake)
[0.597s] -- Found Python3: /usr/bin/python3 (found version "3.10.12") found components: Interpreter
[0.869s] -- Found rosidl_generator_c: 3.1.7 (/opt/ros/humble/share/rosidl_generator_c/cmake)
[0.873s] -- Found rosidl_adapter: 3.1.7 (/opt/ros/humble/share/rosidl_adapter/cmake)
[0.884s] -- Found rosidl_generator_cpp: 3.1.7 (/opt/ros/humble/share/rosidl_generator_cpp/cmake)
[0.922s] -- Using all available rosidl_typesupport_c: rosidl_typesupport_fastrtps_c;rosidl_typesupport_introspection_c
[0.938s] -- Using all available rosidl_typesupport_cpp: rosidl_typesupport_fastrtps_cpp;rosidl_typesupport_introspection_cpp
[1.052s] -- Found rmw_implementation_cmake: 6.1.2 (/opt/ros/humble/share/rmw_implementation_cmake/cmake)
[1.063s] -- Found rmw_fastrtps_cpp: 6.2.8 (/opt/ros/humble/share/rmw_fastrtps_cpp/cmake)
[1.224s] -- Found OpenSSL: /usr/lib/x86_64-linux-gnu/libcrypto.so (found version "3.0.2")
[1.263s] -- Found FastRTPS: /opt/ros/humble/include
[1.311s] -- Using RMW implementation 'rmw_fastrtps_cpp' as default
[1.339s] -- Performing Test CMAKE_HAVE_LIBC_PTHREAD
[1.408s] -- Performing Test CMAKE_HAVE_LIBC_PTHREAD - Success
[1.408s] -- Found Threads: TRUE
[1.669s] -- Found ament_lint_auto: 0.12.14 (/opt/ros/humble/share/ament_lint_auto/cmake)
[1.694s] -- Added test 'cppcheck' to perform static code analysis on C / C++ code
[1.694s] -- Configured cppcheck include dirs: /home/ckl/RM/Combat_vision2026/src/rm_hardware_driver/ros2_hik_camera/hikSDK/include
[1.695s] -- Configured cppcheck exclude dirs and/or files: 
[1.695s] -- Added test 'flake8' to check Python code syntax and style conventions
[1.697s] -- Added test 'lint_cmake' to check CMake code style
[1.698s] -- Added test 'pep257' to check Python code against some of the docstring style conventions in PEP 257
[1.698s] -- Added test 'xmllint' to check XML markup files
[1.702s] -- Configuring done (1.7s)
[1.721s] -- Generating done (0.0s)
[1.724s] -- Build files have been written to: /home/ckl/RM/Combat_vision2026/build/hik_camera
[1.733s] Invoked command in '/home/ckl/RM/Combat_vision2026/build/hik_camera' returned '0': CMAKE_PREFIX_PATH=${CMAKE_PREFIX_PATH}:/opt/ros/humble /usr/bin/cmake /home/ckl/RM/Combat_vision2026/src/rm_hardware_driver/ros2_hik_camera -DCMAKE_INSTALL_PREFIX=/home/ckl/RM/Combat_vision2026/install/hik_camera
[1.735s] Invoking command in '/home/ckl/RM/Combat_vision2026/build/hik_camera': CMAKE_PREFIX_PATH=${CMAKE_PREFIX_PATH}:/opt/ros/humble /usr/bin/cmake --build /home/ckl/RM/Combat_vision2026/build/hik_camera -- -j16 -l16
[1.773s] [ 25%] [32mBuilding CXX object CMakeFiles/hik_camera.dir/src/hik_camera_node.cpp.o[0m
[1.775s] [ 50%] [32mBuilding CXX object CMakeFiles/hik_camera_node.dir/rclcpp_components/node_main_hik_camera_node.cpp.o[0m
[5.561s] [ 75%] [1m[32mLinking CXX executable hik_camera_node[0m
[5.817s] [ 75%] Built target hik_camera_node
[5.984s] [100%] [1m[32mLinking CXX shared library libhik_camera.so[0m
[6.331s] [100%] Built target hik_camera
[6.367s] Invoked command in '/home/ckl/RM/Combat_vision2026/build/hik_camera' returned '0': CMAKE_PREFIX_PATH=${CMAKE_PREFIX_PATH}:/opt/ros/humble /usr/bin/cmake --build /home/ckl/RM/Combat_vision2026/build/hik_camera -- -j16 -l16
[6.368s] Invoking command in '/home/ckl/RM/Combat_vision2026/build/hik_camera': CMAKE_PREFIX_PATH=${CMAKE_PREFIX_PATH}:/opt/ros/humble /usr/bin/cmake --install /home/ckl/RM/Combat_vision2026/build/hik_camera
[6.382s] -- Install configuration: ""
[6.383s] -- Installing: /home/ckl/RM/Combat_vision2026/install/hik_camera/lib
[6.383s] -- Installing: /home/ckl/RM/Combat_vision2026/install/hik_camera/lib/libMediaProcess.so
[6.394s] -- Installing: /home/ckl/RM/Combat_vision2026/install/hik_camera/lib/libMvUsb3vTL.so
[6.432s] -- Installing: /home/ckl/RM/Combat_vision2026/install/hik_camera/lib/libFormatConversion.so
[6.435s] -- Installing: /home/ckl/RM/Combat_vision2026/install/hik_camera/lib/libMVRender.so
[6.436s] -- Installing: /home/ckl/RM/Combat_vision2026/install/hik_camera/lib/libMvCameraControl.so
[6.454s] -- Installing: /home/ckl/RM/Combat_vision2026/install/hik_camera/lib/hik_camera/hik_camera_node
[6.455s] -- Set non-toolchain portion of runtime path of "/home/ckl/RM/Combat_vision2026/install/hik_camera/lib/hik_camera/hik_camera_node" to ""
[6.455s] -- Installing: /home/ckl/RM/Combat_vision2026/install/hik_camera/share/hik_camera/environment/library_path.sh
[6.456s] -- Installing: /home/ckl/RM/Combat_vision2026/install/hik_camera/share/hik_camera/environment/library_path.dsv
[6.456s] -- Installing: /home/ckl/RM/Combat_vision2026/install/hik_camera/lib/libhik_camera.so
[6.458s] -- Set non-toolchain portion of runtime path of "/home/ckl/RM/Combat_vision2026/install/hik_camera/lib/libhik_camera.so" to ""
[6.458s] -- Installing: /home/ckl/RM/Combat_vision2026/install/hik_camera/share/hik_camera/config
[6.459s] -- Installing: /home/ckl/RM/Combat_vision2026/install/hik_camera/share/hik_camera/config/camera_params.yaml
[6.463s] -- Installing: /home/ckl/RM/Combat_vision2026/install/hik_camera/share/hik_camera/config/camera_info.yaml
[6.466s] -- Installing: /home/ckl/RM/Combat_vision2026/install/hik_camera/share/hik_camera/launch
[6.467s] -- Installing: /home/ckl/RM/Combat_vision2026/install/hik_camera/share/hik_camera/launch/hik_camera.launch.py
[6.467s] -- Installing: /home/ckl/RM/Combat_vision2026/install/hik_camera/share/ament_index/resource_index/package_run_dependencies/hik_camera
[6.467s] -- Installing: /home/ckl/RM/Combat_vision2026/install/hik_camera/share/ament_index/resource_index/parent_prefix_path/hik_camera
[6.468s] -- Installing: /home/ckl/RM/Combat_vision2026/install/hik_camera/share/hik_camera/environment/ament_prefix_path.sh
[6.468s] -- Installing: /home/ckl/RM/Combat_vision2026/install/hik_camera/share/hik_camera/environment/ament_prefix_path.dsv
[6.468s] -- Installing: /home/ckl/RM/Combat_vision2026/install/hik_camera/share/hik_camera/environment/path.sh
[6.468s] -- Installing: /home/ckl/RM/Combat_vision2026/install/hik_camera/share/hik_camera/environment/path.dsv
[6.468s] -- Installing: /home/ckl/RM/Combat_vision2026/install/hik_camera/share/hik_camera/local_setup.bash
[6.468s] -- Installing: /home/ckl/RM/Combat_vision2026/install/hik_camera/share/hik_camera/local_setup.sh
[6.468s] -- Installing: /home/ckl/RM/Combat_vision2026/install/hik_camera/share/hik_camera/local_setup.zsh
[6.468s] -- Installing: /home/ckl/RM/Combat_vision2026/install/hik_camera/share/hik_camera/local_setup.dsv
[6.468s] -- Installing: /home/ckl/RM/Combat_vision2026/install/hik_camera/share/hik_camera/package.dsv
[6.469s] -- Installing: /home/ckl/RM/Combat_vision2026/install/hik_camera/share/ament_index/resource_index/packages/hik_camera
[6.469s] -- Installing: /home/ckl/RM/Combat_vision2026/install/hik_camera/share/ament_index/resource_index/rclcpp_components/hik_camera
[6.469s] -- Installing: /home/ckl/RM/Combat_vision2026/install/hik_camera/share/hik_camera/cmake/ament_cmake_export_dependencies-extras.cmake
[6.470s] -- Installing: /home/ckl/RM/Combat_vision2026/install/hik_camera/share/hik_camera/cmake/ament_cmake_export_libraries-extras.cmake
[6.470s] -- Installing: /home/ckl/RM/Combat_vision2026/install/hik_camera/share/hik_camera/cmake/hik_cameraConfig.cmake
[6.471s] -- Installing: /home/ckl/RM/Combat_vision2026/install/hik_camera/share/hik_camera/cmake/hik_cameraConfig-version.cmake
[6.471s] -- Installing: /home/ckl/RM/Combat_vision2026/install/hik_camera/share/hik_camera/package.xml
[6.481s] Invoked command in '/home/ckl/RM/Combat_vision2026/build/hik_camera' returned '0': CMAKE_PREFIX_PATH=${CMAKE_PREFIX_PATH}:/opt/ros/humble /usr/bin/cmake --install /home/ckl/RM/Combat_vision2026/build/hik_camera
