[0.051s] Invoking command in '/home/ckl/RM/Combat_vision2026/build/armor_detector': AMENT_PREFIX_PATH=/home/ckl/RM/Combat_vision2026/install/rm_utils:/home/ckl/RM/Combat_vision2026/install/rm_interfaces:${AMENT_PREFIX_PATH} CMAKE_PREFIX_PATH=/home/ckl/RM/Combat_vision2026/install/rm_utils:/home/ckl/RM/Combat_vision2026/install/rm_interfaces:/opt/ros/humble LD_LIBRARY_PATH=/home/ckl/RM/Combat_vision2026/install/rm_utils/lib:/home/ckl/RM/Combat_vision2026/install/rm_interfaces/lib:${LD_LIBRARY_PATH} PYTHONPATH=/home/ckl/RM/Combat_vision2026/install/rm_interfaces/local/lib/python3.10/dist-packages:${PYTHONPATH} /usr/bin/cmake --build /home/ckl/RM/Combat_vision2026/build/armor_detector -- -j16 -l16
[0.161s] [  7%] Built target gtest
[0.161s] [ 14%] Built target gtest_main
[0.168s] [ 22%] Built target armor_detector_node
[0.210s] [ 25%] [32mBuilding CXX object CMakeFiles/armor_detector.dir/src/armor_detector.cpp.o[0m
[0.217s] [ 29%] [32mBuilding CXX object CMakeFiles/armor_detector.dir/src/armor_detector_node.cpp.o[0m
[0.217s] [ 33%] [32mBuilding CXX object CMakeFiles/armor_detector.dir/src/armor_pose_estimator.cpp.o[0m
[0.219s] [ 37%] [32mBuilding CXX object CMakeFiles/armor_detector.dir/src/ba_solver.cpp.o[0m
[0.219s] [ 40%] [32mBuilding CXX object CMakeFiles/armor_detector.dir/src/bound_solver.cpp.o[0m
[0.219s] [ 44%] [32mBuilding CXX object CMakeFiles/armor_detector.dir/src/graph_optimizer.cpp.o[0m
[0.220s] [ 48%] [32mBuilding CXX object CMakeFiles/armor_detector.dir/src/light_corner_corrector.cpp.o[0m
[0.221s] [ 51%] [32mBuilding CXX object CMakeFiles/armor_detector.dir/src/number_classifier.cpp.o[0m
[0.222s] [ 55%] [32mBuilding CXX object CMakeFiles/armor_detector.dir/src/spiral.cpp.o[0m
[5.841s] [01m[K/home/ckl/RM/Combat_vision2026/src/rm_auto_aim/armor_detector/src/bound_solver.cpp:[m[K In member function ‘[01m[KEigen::Matrix3d fyt::auto_aim::BoundSolver::solveBound(const fyt::auto_aim::Armor&, const Vector3d&, const Matrix3d&, const Matrix3d&)[m[K’:
[5.841s] [01m[K/home/ckl/RM/Combat_vision2026/src/rm_auto_aim/armor_detector/src/bound_solver.cpp:73:3:[m[K [01;31m[Kerror: [m[K‘[01m[Koptimizer_[m[K’ was not declared in this scope
[5.841s]    73 |   [01;31m[Koptimizer_[m[K.addVertex(v_yaw);
[5.841s]       |   [01;31m[K^~~~~~~~~~[m[K
[5.849s] [01m[K/home/ckl/RM/Combat_vision2026/src/rm_auto_aim/armor_detector/src/bound_solver.cpp:76:26:[m[K [01;31m[Kerror: [m[K‘[01m[KBOUNDS[m[K’ was not declared in this scope
[5.849s]    76 |   for (size_t i = 0; i < [01;31m[KBOUNDS[m[K; i++) {
[5.849s]       |                          [01;31m[K^~~~~~[m[K
[5.858s] [01m[K/home/ckl/RM/Combat_vision2026/src/rm_auto_aim/armor_detector/src/bound_solver.cpp:89:42:[m[K [01;31m[Kerror: [m[K‘[01m[Kiamge_points[m[K’ was not declared in this scope; did you mean ‘[01m[Kimage_points[m[K’?
[5.858s]    89 |     edge->setMeasurement(Eigen::Vector2d([01;31m[Kiamge_points[m[K[i].x, image_points[i].y));
[5.858s]       |                                          [01;31m[K^~~~~~~~~~~~[m[K
[5.858s]       |                                          [32m[Kimage_points[m[K
[13.499s] gmake[2]: *** [CMakeFiles/armor_detector.dir/build.make:135：CMakeFiles/armor_detector.dir/src/bound_solver.cpp.o] 错误 1
[13.499s] gmake[2]: *** 正在等待未完成的任务....
[26.603s] gmake[1]: *** [CMakeFiles/Makefile2:185：CMakeFiles/armor_detector.dir/all] 错误 2
[26.603s] gmake: *** [Makefile:146：all] 错误 2
[26.618s] Invoked command in '/home/ckl/RM/Combat_vision2026/build/armor_detector' returned '2': AMENT_PREFIX_PATH=/home/ckl/RM/Combat_vision2026/install/rm_utils:/home/ckl/RM/Combat_vision2026/install/rm_interfaces:${AMENT_PREFIX_PATH} CMAKE_PREFIX_PATH=/home/ckl/RM/Combat_vision2026/install/rm_utils:/home/ckl/RM/Combat_vision2026/install/rm_interfaces:/opt/ros/humble LD_LIBRARY_PATH=/home/ckl/RM/Combat_vision2026/install/rm_utils/lib:/home/ckl/RM/Combat_vision2026/install/rm_interfaces/lib:${LD_LIBRARY_PATH} PYTHONPATH=/home/ckl/RM/Combat_vision2026/install/rm_interfaces/local/lib/python3.10/dist-packages:${PYTHONPATH} /usr/bin/cmake --build /home/ckl/RM/Combat_vision2026/build/armor_detector -- -j16 -l16
