[0.018s] Invoking command in '/home/ckl/RM/Combat_vision2026/build/armor_detector': CMAKE_PREFIX_PATH=/home/ckl/RM/Combat_vision2026/install/rm_utils:/home/ckl/RM/Combat_vision2026/install/rm_interfaces:/home/ckl/RM/Combat_vision2026/install/rm_bringup:/home/ckl/RM/Combat_vision2026/install/rm_serial_driver:/home/ckl/RM/Combat_vision2026/install/rm_auto_aim:/home/ckl/RM/Combat_vision2026/install/armor_solver:/home/ckl/RM/Combat_vision2026/install/armor_detector:/home/ckl/RM/Combat_vision2026/install/rm_robot_description:/home/ckl/RM/Combat_vision2026/install/hik_camera:/opt/ros/humble LD_LIBRARY_PATH=/home/ckl/RM/Combat_vision2026/install/rm_utils/lib:/home/ckl/RM/Combat_vision2026/install/rm_interfaces/lib:/home/ckl/RM/Combat_vision2026/install/rm_serial_driver/lib:/home/ckl/RM/Combat_vision2026/install/armor_solver/lib:/home/ckl/RM/Combat_vision2026/install/armor_detector/lib:/home/ckl/RM/Combat_vision2026/install/hik_camera/lib:/opt/MVS/lib/64:/opt/MVS/lib/32:/opt/MVS/lib/64:/opt/MVS/lib/32:/opt/MVS/lib/64:/opt/MVS/lib/32:/opt/ros/humble/opt/rviz_ogre_vendor/lib:/opt/ros/humble/lib/x86_64-linux-gnu:/opt/ros/humble/lib:/opt/MVS/lib/64:/opt/MVS/lib/32:/opt/MVS/lib/64:/opt/MVS/lib/32:/opt/MVS/lib/64:/opt/MVS/lib/32 /usr/bin/cmake --build /home/ckl/RM/Combat_vision2026/build/armor_detector -- -j16 -l16
[0.061s] [ 14%] Built target gtest
[0.061s] [ 14%] Built target gtest_main
[0.064s] [ 22%] Built target armor_detector_node
[0.116s] [ 25%] [32mBuilding CXX object CMakeFiles/armor_detector.dir/src/bound_solver.cpp.o[0m
[15.046s] [ 29%] [1m[32mLinking CXX shared library libarmor_detector.so[0m
[15.346s] [ 59%] Built target armor_detector
[15.370s] [ 62%] [1m[32mLinking CXX executable test_detector[0m
[15.409s] [ 66%] [32mBuilding CXX object CMakeFiles/spiral_detector.dir/src/bound_solver.cpp.o[0m
[15.838s] [ 70%] Built target test_detector
[28.790s] [ 74%] [1m[32mLinking CXX executable spiral_detector[0m
[28.947s] /usr/bin/ld: warning: libtbb.so.2, needed by /usr/lib/x86_64-linux-gnu/libopencv_core.so.4.5.4d, may conflict with libtbb.so.12
[29.297s] [100%] Built target spiral_detector
[29.308s] Invoked command in '/home/ckl/RM/Combat_vision2026/build/armor_detector' returned '0': CMAKE_PREFIX_PATH=/home/ckl/RM/Combat_vision2026/install/rm_utils:/home/ckl/RM/Combat_vision2026/install/rm_interfaces:/home/ckl/RM/Combat_vision2026/install/rm_bringup:/home/ckl/RM/Combat_vision2026/install/rm_serial_driver:/home/ckl/RM/Combat_vision2026/install/rm_auto_aim:/home/ckl/RM/Combat_vision2026/install/armor_solver:/home/ckl/RM/Combat_vision2026/install/armor_detector:/home/ckl/RM/Combat_vision2026/install/rm_robot_description:/home/ckl/RM/Combat_vision2026/install/hik_camera:/opt/ros/humble LD_LIBRARY_PATH=/home/ckl/RM/Combat_vision2026/install/rm_utils/lib:/home/ckl/RM/Combat_vision2026/install/rm_interfaces/lib:/home/ckl/RM/Combat_vision2026/install/rm_serial_driver/lib:/home/ckl/RM/Combat_vision2026/install/armor_solver/lib:/home/ckl/RM/Combat_vision2026/install/armor_detector/lib:/home/ckl/RM/Combat_vision2026/install/hik_camera/lib:/opt/MVS/lib/64:/opt/MVS/lib/32:/opt/MVS/lib/64:/opt/MVS/lib/32:/opt/MVS/lib/64:/opt/MVS/lib/32:/opt/ros/humble/opt/rviz_ogre_vendor/lib:/opt/ros/humble/lib/x86_64-linux-gnu:/opt/ros/humble/lib:/opt/MVS/lib/64:/opt/MVS/lib/32:/opt/MVS/lib/64:/opt/MVS/lib/32:/opt/MVS/lib/64:/opt/MVS/lib/32 /usr/bin/cmake --build /home/ckl/RM/Combat_vision2026/build/armor_detector -- -j16 -l16
[29.309s] Invoking command in '/home/ckl/RM/Combat_vision2026/build/armor_detector': CMAKE_PREFIX_PATH=/home/ckl/RM/Combat_vision2026/install/rm_utils:/home/ckl/RM/Combat_vision2026/install/rm_interfaces:/home/ckl/RM/Combat_vision2026/install/rm_bringup:/home/ckl/RM/Combat_vision2026/install/rm_serial_driver:/home/ckl/RM/Combat_vision2026/install/rm_auto_aim:/home/ckl/RM/Combat_vision2026/install/armor_solver:/home/ckl/RM/Combat_vision2026/install/armor_detector:/home/ckl/RM/Combat_vision2026/install/rm_robot_description:/home/ckl/RM/Combat_vision2026/install/hik_camera:/opt/ros/humble LD_LIBRARY_PATH=/home/ckl/RM/Combat_vision2026/install/rm_utils/lib:/home/ckl/RM/Combat_vision2026/install/rm_interfaces/lib:/home/ckl/RM/Combat_vision2026/install/rm_serial_driver/lib:/home/ckl/RM/Combat_vision2026/install/armor_solver/lib:/home/ckl/RM/Combat_vision2026/install/armor_detector/lib:/home/ckl/RM/Combat_vision2026/install/hik_camera/lib:/opt/MVS/lib/64:/opt/MVS/lib/32:/opt/MVS/lib/64:/opt/MVS/lib/32:/opt/MVS/lib/64:/opt/MVS/lib/32:/opt/ros/humble/opt/rviz_ogre_vendor/lib:/opt/ros/humble/lib/x86_64-linux-gnu:/opt/ros/humble/lib:/opt/MVS/lib/64:/opt/MVS/lib/32:/opt/MVS/lib/64:/opt/MVS/lib/32:/opt/MVS/lib/64:/opt/MVS/lib/32 /usr/bin/cmake --install /home/ckl/RM/Combat_vision2026/build/armor_detector
[29.313s] -- Install configuration: ""
[29.314s] -- Installing: /home/ckl/RM/Combat_vision2026/install/armor_detector/lib/armor_detector/spiral_detector
[29.315s] -- Set non-toolchain portion of runtime path of "/home/ckl/RM/Combat_vision2026/install/armor_detector/lib/armor_detector/spiral_detector" to ""
[29.315s] -- Up-to-date: /home/ckl/RM/Combat_vision2026/install/armor_detector/lib/armor_detector/armor_detector_node
[29.315s] -- Up-to-date: /home/ckl/RM/Combat_vision2026/install/armor_detector/include
[29.315s] -- Up-to-date: /home/ckl/RM/Combat_vision2026/install/armor_detector/include/armor_detector
[29.315s] -- Up-to-date: /home/ckl/RM/Combat_vision2026/install/armor_detector/include/armor_detector/light_corner_corrector.hpp
[29.316s] -- Up-to-date: /home/ckl/RM/Combat_vision2026/install/armor_detector/include/armor_detector/bound_solver.hpp
[29.316s] -- Up-to-date: /home/ckl/RM/Combat_vision2026/install/armor_detector/include/armor_detector/types.hpp
[29.316s] -- Up-to-date: /home/ckl/RM/Combat_vision2026/install/armor_detector/include/armor_detector/ba_solver.hpp
[29.316s] -- Up-to-date: /home/ckl/RM/Combat_vision2026/install/armor_detector/include/armor_detector/armor_detector_node.hpp
[29.316s] -- Up-to-date: /home/ckl/RM/Combat_vision2026/install/armor_detector/include/armor_detector/armor_pose_estimator.hpp
[29.316s] -- Up-to-date: /home/ckl/RM/Combat_vision2026/install/armor_detector/include/armor_detector/number_classifier.hpp
[29.316s] -- Up-to-date: /home/ckl/RM/Combat_vision2026/install/armor_detector/include/armor_detector/armor_detector.hpp
[29.316s] -- Up-to-date: /home/ckl/RM/Combat_vision2026/install/armor_detector/include/armor_detector/graph_optimizer.hpp
[29.316s] -- Up-to-date: /home/ckl/RM/Combat_vision2026/install/armor_detector/share/armor_detector/environment/library_path.sh
[29.316s] -- Up-to-date: /home/ckl/RM/Combat_vision2026/install/armor_detector/share/armor_detector/environment/library_path.dsv
[29.316s] -- Installing: /home/ckl/RM/Combat_vision2026/install/armor_detector/lib/libarmor_detector.so
[29.321s] -- Set non-toolchain portion of runtime path of "/home/ckl/RM/Combat_vision2026/install/armor_detector/lib/libarmor_detector.so" to ""
[29.321s] -- Up-to-date: /home/ckl/RM/Combat_vision2026/install/armor_detector/share/armor_detector/docs
[29.321s] -- Up-to-date: /home/ckl/RM/Combat_vision2026/install/armor_detector/share/armor_detector/docs/origin1.png
[29.321s] -- Up-to-date: /home/ckl/RM/Combat_vision2026/install/armor_detector/share/armor_detector/docs/num_warp.png
[29.321s] -- Up-to-date: /home/ckl/RM/Combat_vision2026/install/armor_detector/share/armor_detector/docs/test.png
[29.321s] -- Up-to-date: /home/ckl/RM/Combat_vision2026/install/armor_detector/share/armor_detector/docs/gray_bin.png
[29.321s] -- Up-to-date: /home/ckl/RM/Combat_vision2026/install/armor_detector/share/armor_detector/docs/num_bin.png
[29.321s] -- Up-to-date: /home/ckl/RM/Combat_vision2026/install/armor_detector/share/armor_detector/docs/blue.png
[29.321s] -- Up-to-date: /home/ckl/RM/Combat_vision2026/install/armor_detector/share/armor_detector/docs/origin2.png
[29.321s] -- Up-to-date: /home/ckl/RM/Combat_vision2026/install/armor_detector/share/armor_detector/docs/BA.png
[29.321s] -- Up-to-date: /home/ckl/RM/Combat_vision2026/install/armor_detector/share/armor_detector/docs/pca1.png
[29.322s] -- Up-to-date: /home/ckl/RM/Combat_vision2026/install/armor_detector/share/armor_detector/docs/raw.png
[29.322s] -- Up-to-date: /home/ckl/RM/Combat_vision2026/install/armor_detector/share/armor_detector/docs/num_roi.png
[29.322s] -- Up-to-date: /home/ckl/RM/Combat_vision2026/install/armor_detector/share/armor_detector/docs/hsv_bin.png
[29.322s] -- Up-to-date: /home/ckl/RM/Combat_vision2026/install/armor_detector/share/armor_detector/docs/pca2.png
[29.322s] -- Up-to-date: /home/ckl/RM/Combat_vision2026/install/armor_detector/share/armor_detector/docs/num_raw.png
[29.322s] -- Up-to-date: /home/ckl/RM/Combat_vision2026/install/armor_detector/share/armor_detector/docs/model.svg
[29.322s] -- Up-to-date: /home/ckl/RM/Combat_vision2026/install/armor_detector/share/armor_detector/docs/red.png
[29.322s] -- Up-to-date: /home/ckl/RM/Combat_vision2026/install/armor_detector/share/armor_detector/docs/classify.png
[29.322s] -- Up-to-date: /home/ckl/RM/Combat_vision2026/install/armor_detector/share/armor_detector/model
[29.322s] -- Up-to-date: /home/ckl/RM/Combat_vision2026/install/armor_detector/share/armor_detector/model/label.txt
[29.322s] -- Up-to-date: /home/ckl/RM/Combat_vision2026/install/armor_detector/share/armor_detector/model/lenet.onnx
[29.322s] -- Up-to-date: /home/ckl/RM/Combat_vision2026/install/armor_detector/share/armor_detector/model/mlp.onnx
[29.322s] -- Up-to-date: /home/ckl/RM/Combat_vision2026/install/armor_detector/share/ament_index/resource_index/package_run_dependencies/armor_detector
[29.322s] -- Up-to-date: /home/ckl/RM/Combat_vision2026/install/armor_detector/share/ament_index/resource_index/parent_prefix_path/armor_detector
[29.322s] -- Up-to-date: /home/ckl/RM/Combat_vision2026/install/armor_detector/share/armor_detector/environment/ament_prefix_path.sh
[29.322s] -- Up-to-date: /home/ckl/RM/Combat_vision2026/install/armor_detector/share/armor_detector/environment/ament_prefix_path.dsv
[29.322s] -- Up-to-date: /home/ckl/RM/Combat_vision2026/install/armor_detector/share/armor_detector/environment/path.sh
[29.322s] -- Up-to-date: /home/ckl/RM/Combat_vision2026/install/armor_detector/share/armor_detector/environment/path.dsv
[29.322s] -- Up-to-date: /home/ckl/RM/Combat_vision2026/install/armor_detector/share/armor_detector/local_setup.bash
[29.322s] -- Up-to-date: /home/ckl/RM/Combat_vision2026/install/armor_detector/share/armor_detector/local_setup.sh
[29.322s] -- Up-to-date: /home/ckl/RM/Combat_vision2026/install/armor_detector/share/armor_detector/local_setup.zsh
[29.323s] -- Up-to-date: /home/ckl/RM/Combat_vision2026/install/armor_detector/share/armor_detector/local_setup.dsv
[29.323s] -- Installing: /home/ckl/RM/Combat_vision2026/install/armor_detector/share/armor_detector/package.dsv
[29.323s] -- Up-to-date: /home/ckl/RM/Combat_vision2026/install/armor_detector/share/ament_index/resource_index/packages/armor_detector
[29.323s] -- Up-to-date: /home/ckl/RM/Combat_vision2026/install/armor_detector/share/ament_index/resource_index/rclcpp_components/armor_detector
[29.323s] -- Up-to-date: /home/ckl/RM/Combat_vision2026/install/armor_detector/share/armor_detector/cmake/ament_cmake_export_dependencies-extras.cmake
[29.323s] -- Up-to-date: /home/ckl/RM/Combat_vision2026/install/armor_detector/share/armor_detector/cmake/ament_cmake_export_include_directories-extras.cmake
[29.323s] -- Up-to-date: /home/ckl/RM/Combat_vision2026/install/armor_detector/share/armor_detector/cmake/ament_cmake_export_libraries-extras.cmake
[29.323s] -- Up-to-date: /home/ckl/RM/Combat_vision2026/install/armor_detector/share/armor_detector/cmake/armor_detectorConfig.cmake
[29.323s] -- Up-to-date: /home/ckl/RM/Combat_vision2026/install/armor_detector/share/armor_detector/cmake/armor_detectorConfig-version.cmake
[29.323s] -- Up-to-date: /home/ckl/RM/Combat_vision2026/install/armor_detector/share/armor_detector/package.xml
[29.324s] Invoked command in '/home/ckl/RM/Combat_vision2026/build/armor_detector' returned '0': CMAKE_PREFIX_PATH=/home/ckl/RM/Combat_vision2026/install/rm_utils:/home/ckl/RM/Combat_vision2026/install/rm_interfaces:/home/ckl/RM/Combat_vision2026/install/rm_bringup:/home/ckl/RM/Combat_vision2026/install/rm_serial_driver:/home/ckl/RM/Combat_vision2026/install/rm_auto_aim:/home/ckl/RM/Combat_vision2026/install/armor_solver:/home/ckl/RM/Combat_vision2026/install/armor_detector:/home/ckl/RM/Combat_vision2026/install/rm_robot_description:/home/ckl/RM/Combat_vision2026/install/hik_camera:/opt/ros/humble LD_LIBRARY_PATH=/home/ckl/RM/Combat_vision2026/install/rm_utils/lib:/home/ckl/RM/Combat_vision2026/install/rm_interfaces/lib:/home/ckl/RM/Combat_vision2026/install/rm_serial_driver/lib:/home/ckl/RM/Combat_vision2026/install/armor_solver/lib:/home/ckl/RM/Combat_vision2026/install/armor_detector/lib:/home/ckl/RM/Combat_vision2026/install/hik_camera/lib:/opt/MVS/lib/64:/opt/MVS/lib/32:/opt/MVS/lib/64:/opt/MVS/lib/32:/opt/MVS/lib/64:/opt/MVS/lib/32:/opt/ros/humble/opt/rviz_ogre_vendor/lib:/opt/ros/humble/lib/x86_64-linux-gnu:/opt/ros/humble/lib:/opt/MVS/lib/64:/opt/MVS/lib/32:/opt/MVS/lib/64:/opt/MVS/lib/32:/opt/MVS/lib/64:/opt/MVS/lib/32 /usr/bin/cmake --install /home/ckl/RM/Combat_vision2026/build/armor_detector
