[0.011s] Invoking command in '/home/ckl/RM/Combat_vision2026/build/rm_utils': CMAKE_PREFIX_PATH=/opt/ros/humble /usr/bin/cmake /home/ckl/RM/Combat_vision2026/src/rm_utils -DCMAKE_INSTALL_PREFIX=/home/ckl/RM/Combat_vision2026/install/rm_utils
[0.017s] [0mCMake Deprecation Warning at CMakeLists.txt:1 (cmake_minimum_required):
[0.017s]   Compatibility with CMake < 3.10 will be removed from a future version of
[0.017s]   CMake.
[0.017s] 
[0.017s]   Update the VERSION argument <min> value.  Or, use the <min>...<max> syntax
[0.017s]   to tell CMake that the project requires at least <min> but has been updated
[0.017s]   to work with policies introduced by <max> or earlier.
[0.017s] 
[0.017s] [0m
[0.021s] -- Found ament_cmake: 1.3.12 (/opt/ros/humble/share/ament_cmake/cmake)
[0.179s] -- Found rclcpp: 16.0.14 (/opt/ros/humble/share/rclcpp/cmake)
[0.205s] -- Found rosidl_generator_c: 3.1.7 (/opt/ros/humble/share/rosidl_generator_c/cmake)
[0.207s] -- Found rosidl_adapter: 3.1.7 (/opt/ros/humble/share/rosidl_adapter/cmake)
[0.213s] -- Found rosidl_generator_cpp: 3.1.7 (/opt/ros/humble/share/rosidl_generator_cpp/cmake)
[0.221s] -- Using all available rosidl_typesupport_c: rosidl_typesupport_fastrtps_c;rosidl_typesupport_introspection_c
[0.231s] -- Using all available rosidl_typesupport_cpp: rosidl_typesupport_fastrtps_cpp;rosidl_typesupport_introspection_cpp
[0.259s] -- Found rmw_implementation_cmake: 6.1.2 (/opt/ros/humble/share/rmw_implementation_cmake/cmake)
[0.260s] -- Found rmw_fastrtps_cpp: 6.2.8 (/opt/ros/humble/share/rmw_fastrtps_cpp/cmake)
[0.356s] -- Using RMW implementation 'rmw_fastrtps_cpp' as default
[0.407s] -- Found eigen3_cmake_module: 0.1.1 (/opt/ros/humble/share/eigen3_cmake_module/cmake)
[0.408s] -- Found geometry_msgs: 4.9.0 (/opt/ros/humble/share/geometry_msgs/cmake)
[0.557s] [33mCMake Warning at /usr/share/cmake-4.1/Modules/FindLAPACK.cmake:740 (find_package):
[0.557s]   By not providing "Findnvpl.cmake" in CMAKE_MODULE_PATH this project has
[0.557s]   asked CMake to find a package configuration file provided by "nvpl", but
[0.557s]   CMake did not find one.
[0.557s] 
[0.557s]   Could not find a package configuration file provided by "nvpl" with any of
[0.558s]   the following names:
[0.558s] 
[0.558s]     nvplConfig.cmake
[0.558s]     nvpl-config.cmake
[0.558s] 
[0.558s]   Add the installation prefix of "nvpl" to CMAKE_PREFIX_PATH or set
[0.558s]   "nvpl_DIR" to a directory containing one of the above files.  If "nvpl"
[0.558s]   provides a separate development package or SDK, be sure it has been
[0.558s]   installed.
[0.558s] Call Stack (most recent call first):
[0.558s]   /usr/local/lib/cmake/Ceres/FindSuiteSparse.cmake:300 (find_package)
[0.558s]   /usr/share/cmake-4.1/Modules/CMakeFindDependencyMacro.cmake:78 (find_package)
[0.558s]   /usr/local/lib/cmake/Ceres/CeresConfig.cmake:171 (find_dependency)
[0.559s]   CMakeLists.txt:22 (find_package)
[0.559s] 
[0.559s] [0m
[0.559s] -- Found AMD headers in: /usr/include/suitesparse
[0.559s] -- Found AMD library: /usr/lib/x86_64-linux-gnu/libamd.so
[0.559s] -- Found CAMD headers in: /usr/include/suitesparse
[0.559s] -- Found CAMD library: /usr/lib/x86_64-linux-gnu/libcamd.so
[0.559s] -- Found CCOLAMD headers in: /usr/include/suitesparse
[0.559s] -- Found CCOLAMD library: /usr/lib/x86_64-linux-gnu/libccolamd.so
[0.559s] -- Found CHOLMOD headers in: /usr/include/suitesparse
[0.559s] -- Found CHOLMOD library: /usr/lib/x86_64-linux-gnu/libcholmod.so
[0.559s] -- Found COLAMD headers in: /usr/include/suitesparse
[0.559s] -- Found COLAMD library: /usr/lib/x86_64-linux-gnu/libcolamd.so
[0.559s] -- Found SPQR headers in: /usr/include/suitesparse
[0.559s] -- Found SPQR library: /usr/lib/x86_64-linux-gnu/libspqr.so
[0.559s] -- Found Config headers in: /usr/include/suitesparse
[0.559s] -- Found Config library: /usr/lib/x86_64-linux-gnu/libsuitesparseconfig.so
[0.559s] -- Found Intel Thread Building Blocks (TBB) library (2021.5.0). Assuming SuiteSparseQR was compiled with TBB.
[0.559s] -- Adding librt to SuiteSparse_config libraries (required on Linux & Unix [not OSX] if SuiteSparse is compiled with timing).
[0.562s] -- Could NOT find METIS (missing: METIS_INCLUDE_DIR METIS_LIBRARY) 
[0.570s] -- Found required Ceres dependency: absl version 20220623.0 in /usr/local/lib/cmake/absl
[0.571s] -- Found required Ceres dependency: Eigen version 3.4.0 in /usr/share/eigen3/cmake
[0.571s] -- Found Ceres version: 2.3.0 installed in: /usr/local with components: [EigenSparse, SparseLinearAlgebraLibrary, LAPACK, SuiteSparse, SchurSpecializations]
[0.574s] -- Found ament_lint_auto: 0.12.14 (/opt/ros/humble/share/ament_lint_auto/cmake)
[0.630s] -- Added test 'cppcheck' to perform static code analysis on C / C++ code
[0.631s] -- Configured cppcheck include dirs: /home/ckl/RM/Combat_vision2026/src/rm_utils/include
[0.631s] -- Configured cppcheck exclude dirs and/or files: 
[0.632s] -- Added test 'lint_cmake' to check CMake code style
[0.633s] -- Added test 'xmllint' to check XML markup files
[0.633s] -- Configuring done (0.6s)
[0.637s] [31mCMake Error at /usr/local/lib/cmake/Ceres/CeresTargets.cmake:61 (set_target_properties):
[0.638s]   Error evaluating generator expression:
[0.638s] 
[0.638s]     $<TARGET_PROPERTY:absl::log_flags,TYPE>
[0.638s] 
[0.638s]   Target "absl::log_flags" not found.
[0.638s] Call Stack (most recent call first):
[0.638s]   /usr/local/lib/cmake/Ceres/CeresConfig.cmake:235 (include)
[0.638s]   CMakeLists.txt:22 (find_package)
[0.638s] 
[0.638s] [0m
[0.639s] [31mCMake Error at /usr/local/lib/cmake/Ceres/CeresTargets.cmake:61 (set_target_properties):
[0.639s]   Error evaluating generator expression:
[0.639s] 
[0.639s]     $<TARGET_PROPERTY:absl::log_flags,TYPE>
[0.639s] 
[0.639s]   Target "absl::log_flags" not found.
[0.639s] Call Stack (most recent call first):
[0.639s]   /usr/local/lib/cmake/Ceres/CeresConfig.cmake:235 (include)
[0.639s]   CMakeLists.txt:22 (find_package)
[0.639s] 
[0.639s] [0m
[0.647s] -- Generating done (0.0s)
[0.647s] [0mCMake Generate step failed.  Build files cannot be regenerated correctly.[0m
[0.655s] Invoked command in '/home/ckl/RM/Combat_vision2026/build/rm_utils' returned '1': CMAKE_PREFIX_PATH=/opt/ros/humble /usr/bin/cmake /home/ckl/RM/Combat_vision2026/src/rm_utils -DCMAKE_INSTALL_PREFIX=/home/ckl/RM/Combat_vision2026/install/rm_utils
