[0.017s] Invoking command in '/home/ckl/RM/Combat_vision2026/build/armor_detector': CMAKE_PREFIX_PATH=/home/ckl/RM/Combat_vision2026/install/rm_utils:/home/ckl/RM/Combat_vision2026/install/rm_interfaces:/home/ckl/RM/Combat_vision2026/install/rm_bringup:/home/ckl/RM/Combat_vision2026/install/rm_serial_driver:/home/ckl/RM/Combat_vision2026/install/rm_auto_aim:/home/ckl/RM/Combat_vision2026/install/armor_solver:/home/ckl/RM/Combat_vision2026/install/armor_detector:/home/ckl/RM/Combat_vision2026/install/rm_robot_description:/home/ckl/RM/Combat_vision2026/install/hik_camera:/opt/ros/humble LD_LIBRARY_PATH=/home/ckl/RM/Combat_vision2026/install/rm_utils/lib:/home/ckl/RM/Combat_vision2026/install/rm_interfaces/lib:/home/ckl/RM/Combat_vision2026/install/rm_serial_driver/lib:/home/ckl/RM/Combat_vision2026/install/armor_solver/lib:/home/ckl/RM/Combat_vision2026/install/armor_detector/lib:/home/ckl/RM/Combat_vision2026/install/hik_camera/lib:/opt/ros/humble/opt/rviz_ogre_vendor/lib:/opt/ros/humble/lib/x86_64-linux-gnu:/opt/ros/humble/lib /usr/bin/cmake --build /home/ckl/RM/Combat_vision2026/build/armor_detector -- -j16 -l16
[0.055s] [  7%] Built target gtest_main
[0.056s] [ 14%] Built target gtest
[0.058s] [ 22%] Built target armor_detector_node
[0.109s] [ 25%] [32mBuilding CXX object CMakeFiles/armor_detector.dir/src/bound_solver.cpp.o[0m
[0.110s] [ 29%] [32mBuilding CXX object CMakeFiles/armor_detector.dir/src/spiral.cpp.o[0m
[5.816s] [01m[K/home/ckl/RM/Combat_vision2026/src/rm_auto_aim/armor_detector/src/bound_solver.cpp:[m[K In member function ‘[01m[Kcv::Mat fyt::auto_aim::BoundSolver::detectBound(cv::Mat)[m[K’:
[5.816s] [01m[K/home/ckl/RM/Combat_vision2026/src/rm_auto_aim/armor_detector/src/bound_solver.cpp:8:33:[m[K [01;31m[Kerror: [m[Kno match for ‘[01m[Koperator=[m[K’ (operand types are ‘[01m[Kcv::Mat[m[K’ and ‘[01m[Kvoid[m[K’)
[5.816s]     8 |   blurred_img = processImage(img[01;31m[K)[m[K;
[5.816s]       |                                 [01;31m[K^[m[K
[5.816s] In file included from [01m[K/usr/include/opencv4/opencv2/core.hpp:58[m[K,
[5.816s]                  from [01m[K/usr/include/opencv4/opencv2/core/core.hpp:48[m[K,
[5.816s]                  from [01m[K/opt/ros/humble/include/cv_bridge/cv_bridge/cv_bridge.h:43[m[K,
[5.816s]                  from [01m[K/home/ckl/RM/Combat_vision2026/src/rm_auto_aim/armor_detector/include/armor_detector/bound_solver.hpp:14[m[K,
[5.816s]                  from [01m[K/home/ckl/RM/Combat_vision2026/src/rm_auto_aim/armor_detector/src/bound_solver.cpp:1[m[K:
[5.816s] [01m[K/usr/include/opencv4/opencv2/core/mat.hpp:1064:10:[m[K [01;36m[Knote: [m[Kcandidate: ‘[01m[Kcv::Mat& cv::Mat::operator=(const cv::Mat&)[m[K’
[5.816s]  1064 |     Mat& [01;36m[Koperator[m[K = (const Mat& m);
[5.816s]       |          [01;36m[K^~~~~~~~[m[K
[5.816s] [01m[K/usr/include/opencv4/opencv2/core/mat.hpp:1064:33:[m[K [01;36m[Knote: [m[K  no known conversion for argument 1 from ‘[01m[Kvoid[m[K’ to ‘[01m[Kconst cv::Mat&[m[K’
[5.817s]  1064 |     Mat& operator = ([01;36m[Kconst Mat& m[m[K);
[5.817s]       |                      [01;36m[K~~~~~~~~~~~^[m[K
[5.817s] In file included from [01m[K/usr/include/opencv4/opencv2/core/mat.hpp:3764[m[K,
[5.817s]                  from [01m[K/usr/include/opencv4/opencv2/core.hpp:58[m[K,
[5.817s]                  from [01m[K/usr/include/opencv4/opencv2/core/core.hpp:48[m[K,
[5.817s]                  from [01m[K/opt/ros/humble/include/cv_bridge/cv_bridge/cv_bridge.h:43[m[K,
[5.817s]                  from [01m[K/home/ckl/RM/Combat_vision2026/src/rm_auto_aim/armor_detector/include/armor_detector/bound_solver.hpp:14[m[K,
[5.817s]                  from [01m[K/home/ckl/RM/Combat_vision2026/src/rm_auto_aim/armor_detector/src/bound_solver.cpp:1[m[K:
[5.817s] [01m[K/usr/include/opencv4/opencv2/core/mat.inl.hpp:3008:6:[m[K [01;36m[Knote: [m[Kcandidate: ‘[01m[Kcv::Mat& cv::Mat::operator=(const cv::MatExpr&)[m[K’
[5.817s]  3008 | Mat& [01;36m[KMat[m[K::operator = (const MatExpr& e)
[5.817s]       |      [01;36m[K^~~[m[K
[5.817s] [01m[K/usr/include/opencv4/opencv2/core/mat.inl.hpp:3008:38:[m[K [01;36m[Knote: [m[K  no known conversion for argument 1 from ‘[01m[Kvoid[m[K’ to ‘[01m[Kconst cv::MatExpr&[m[K’
[5.817s]  3008 | Mat& Mat::operator = ([01;36m[Kconst MatExpr& e[m[K)
[5.817s]       |                       [01;36m[K~~~~~~~~~~~~~~~^[m[K
[5.817s] In file included from [01m[K/usr/include/opencv4/opencv2/core.hpp:58[m[K,
[5.817s]                  from [01m[K/usr/include/opencv4/opencv2/core/core.hpp:48[m[K,
[5.817s]                  from [01m[K/opt/ros/humble/include/cv_bridge/cv_bridge/cv_bridge.h:43[m[K,
[5.817s]                  from [01m[K/home/ckl/RM/Combat_vision2026/src/rm_auto_aim/armor_detector/include/armor_detector/bound_solver.hpp:14[m[K,
[5.817s]                  from [01m[K/home/ckl/RM/Combat_vision2026/src/rm_auto_aim/armor_detector/src/bound_solver.cpp:1[m[K:
[5.817s] [01m[K/usr/include/opencv4/opencv2/core/mat.hpp:1251:10:[m[K [01;36m[Knote: [m[Kcandidate: ‘[01m[Kcv::Mat& cv::Mat::operator=(const Scalar&)[m[K’
[5.817s]  1251 |     Mat& [01;36m[Koperator[m[K = (const Scalar& s);
[5.817s]       |          [01;36m[K^~~~~~~~[m[K
[5.818s] [01m[K/usr/include/opencv4/opencv2/core/mat.hpp:1251:36:[m[K [01;36m[Knote: [m[K  no known conversion for argument 1 from ‘[01m[Kvoid[m[K’ to ‘[01m[Kconst Scalar&[m[K’ {aka ‘[01m[Kconst cv::Scalar_<double>&[m[K’}
[5.818s]  1251 |     Mat& operator = ([01;36m[Kconst Scalar& s[m[K);
[5.818s]       |                      [01;36m[K~~~~~~~~~~~~~~^[m[K
[5.818s] [01m[K/usr/include/opencv4/opencv2/core/mat.hpp:2092:10:[m[K [01;36m[Knote: [m[Kcandidate: ‘[01m[Kcv::Mat& cv::Mat::operator=(cv::Mat&&)[m[K’
[5.818s]  2092 |     Mat& [01;36m[Koperator[m[K = (Mat&& m);
[5.818s]       |          [01;36m[K^~~~~~~~[m[K
[5.818s] [01m[K/usr/include/opencv4/opencv2/core/mat.hpp:2092:28:[m[K [01;36m[Knote: [m[K  no known conversion for argument 1 from ‘[01m[Kvoid[m[K’ to ‘[01m[Kcv::Mat&&[m[K’
[5.818s]  2092 |     Mat& operator = ([01;36m[KMat&& m[m[K);
[5.818s]       |                      [01;36m[K~~~~~~^[m[K
[5.818s] [01m[K/home/ckl/RM/Combat_vision2026/src/rm_auto_aim/armor_detector/src/bound_solver.cpp:[m[K At global scope:
[5.818s] [01m[K/home/ckl/RM/Combat_vision2026/src/rm_auto_aim/armor_detector/src/bound_solver.cpp:12:6:[m[K [01;31m[Kerror: [m[Kno declaration matches ‘[01m[Kvoid fyt::auto_aim::BoundSolver::drawBound(cv::Mat&)[m[K’
[5.818s]    12 | void [01;31m[KBoundSolver[m[K::drawBound(cv::Mat &img){
[5.818s]       |      [01;31m[K^~~~~~~~~~~[m[K
[5.818s] In file included from [01m[K/home/ckl/RM/Combat_vision2026/src/rm_auto_aim/armor_detector/src/bound_solver.cpp:1[m[K:
[5.818s] [01m[K/home/ckl/RM/Combat_vision2026/src/rm_auto_aim/armor_detector/include/armor_detector/bound_solver.hpp:49:10:[m[K [01;36m[Knote: [m[Kcandidate is: ‘[01m[Kvoid fyt::auto_aim::BoundSolver::drawBound(cv::Mat)[m[K’
[5.818s]    49 |     void [01;36m[KdrawBound[m[K(cv::Mat edge);
[5.818s]       |          [01;36m[K^~~~~~~~~[m[K
[5.818s] [01m[K/home/ckl/RM/Combat_vision2026/src/rm_auto_aim/armor_detector/include/armor_detector/bound_solver.hpp:41:7:[m[K [01;36m[Knote: [m[K‘[01m[Kclass fyt::auto_aim::BoundSolver[m[K’ defined here
[5.818s]    41 | class [01;36m[KBoundSolver[m[K{
[5.818s]       |       [01;36m[K^~~~~~~~~~~[m[K
[9.043s] gmake[2]: *** [CMakeFiles/armor_detector.dir/build.make:135：CMakeFiles/armor_detector.dir/src/bound_solver.cpp.o] 错误 1
[9.043s] gmake[2]: *** 正在等待未完成的任务....
[12.872s] gmake[1]: *** [CMakeFiles/Makefile2:185：CMakeFiles/armor_detector.dir/all] 错误 2
[12.872s] gmake: *** [Makefile:146：all] 错误 2
[12.875s] Invoked command in '/home/ckl/RM/Combat_vision2026/build/armor_detector' returned '2': CMAKE_PREFIX_PATH=/home/ckl/RM/Combat_vision2026/install/rm_utils:/home/ckl/RM/Combat_vision2026/install/rm_interfaces:/home/ckl/RM/Combat_vision2026/install/rm_bringup:/home/ckl/RM/Combat_vision2026/install/rm_serial_driver:/home/ckl/RM/Combat_vision2026/install/rm_auto_aim:/home/ckl/RM/Combat_vision2026/install/armor_solver:/home/ckl/RM/Combat_vision2026/install/armor_detector:/home/ckl/RM/Combat_vision2026/install/rm_robot_description:/home/ckl/RM/Combat_vision2026/install/hik_camera:/opt/ros/humble LD_LIBRARY_PATH=/home/ckl/RM/Combat_vision2026/install/rm_utils/lib:/home/ckl/RM/Combat_vision2026/install/rm_interfaces/lib:/home/ckl/RM/Combat_vision2026/install/rm_serial_driver/lib:/home/ckl/RM/Combat_vision2026/install/armor_solver/lib:/home/ckl/RM/Combat_vision2026/install/armor_detector/lib:/home/ckl/RM/Combat_vision2026/install/hik_camera/lib:/opt/ros/humble/opt/rviz_ogre_vendor/lib:/opt/ros/humble/lib/x86_64-linux-gnu:/opt/ros/humble/lib /usr/bin/cmake --build /home/ckl/RM/Combat_vision2026/build/armor_detector -- -j16 -l16
