[  7%] Built target gtest_main
[ 14%] Built target gtest
[ 22%] Built target armor_detector_node
[ 25%] [32mBuilding CXX object CMakeFiles/armor_detector.dir/src/armor_pose_estimator.cpp.o[0m
[ 29%] [32mBuilding CXX object CMakeFiles/armor_detector.dir/src/bound_solver.cpp.o[0m
[ 33%] [32mBuilding CXX object CMakeFiles/armor_detector.dir/src/spiral.cpp.o[0m
[01m[K/home/ckl/RM/Combat_vision2026/src/rm_auto_aim/armor_detector/src/spiral.cpp:[m[K In function ‘[01m[Kint main()[m[K’:
[01m[K/home/ckl/RM/Combat_vision2026/src/rm_auto_aim/armor_detector/src/spiral.cpp:57:32:[m[K [01;31m[Kerror: [m[K‘[01m[Kmake_unique[m[K’ was not declared in this scope
   57 |   auto armor_pose_estimaror_ = [01;31m[Kmake_unique[m[K<ArmorPoseEstimator>(camera_info);
      |                                [01;31m[K^~~~~~~~~~~[m[K
[01m[K/home/ckl/RM/Combat_vision2026/src/rm_auto_aim/armor_detector/src/spiral.cpp:57:32:[m[K [01;36m[Knote: [m[Ksuggested alternatives:
In file included from [01m[K/usr/include/c++/11/bits/locale_conv.h:41[m[K,
                 from [01m[K/usr/include/c++/11/locale:43[m[K,
                 from [01m[K/usr/include/c++/11/bits/fs_path.h:37[m[K,
                 from [01m[K/usr/include/c++/11/filesystem:45[m[K,
                 from [01m[K/home/ckl/RM/Combat_vision2026/src/rm_auto_aim/armor_detector/src/spiral.cpp:3[m[K:
[01m[K/usr/include/c++/11/bits/unique_ptr.h:973:5:[m[K [01;36m[Knote: [m[K  ‘[01m[Kstd::make_unique[m[K’
  973 |     [01;36m[Kmake_unique[m[K(_Args&&...) = delete;
      |     [01;36m[K^~~~~~~~~~~[m[K
[01m[K/usr/include/c++/11/bits/unique_ptr.h:961:5:[m[K [01;36m[Knote: [m[K  ‘[01m[Kstd::make_unique[m[K’
  961 |     [01;36m[Kmake_unique[m[K(_Args&&... __args)
      |     [01;36m[K^~~~~~~~~~~[m[K
[01m[K/home/ckl/RM/Combat_vision2026/src/rm_auto_aim/armor_detector/src/spiral.cpp:57:62:[m[K [01;31m[Kerror: [m[Kexpected primary-expression before ‘[01m[K>[m[K’ token
   57 |   auto armor_pose_estimaror_ = make_unique<ArmorPoseEstimator[01;31m[K>[m[K(camera_info);
      |                                                              [01;31m[K^[m[K
[01m[K/home/ckl/RM/Combat_vision2026/src/rm_auto_aim/armor_detector/src/spiral.cpp:58:25:[m[K [01;31m[Kerror: [m[Kunused variable ‘[01m[Kcamera_matrix[m[K’ [[01;31m[K]8;;https://gcc.gnu.org/onlinedocs/gcc/Warning-Options.html#index-Wunused-variable-Werror=unused-variable]8;;[m[K]
   58 |   std::array<double, 9> [01;31m[Kcamera_matrix[m[K{1320.127401, 0.000000, 609.902940,
      |                         [01;31m[K^~~~~~~~~~~~~[m[K
cc1plus: all warnings being treated as errors
gmake[2]: *** [CMakeFiles/armor_detector.dir/build.make:191：CMakeFiles/armor_detector.dir/src/spiral.cpp.o] 错误 1
gmake[2]: *** 正在等待未完成的任务....
gmake[1]: *** [CMakeFiles/Makefile2:185：CMakeFiles/armor_detector.dir/all] 错误 2
gmake: *** [Makefile:146：all] 错误 2
