[01m[K/home/ckl/RM/Combat_vision2026/src/rm_auto_aim/armor_detector/src/spiral.cpp:[m[K In function ‘[01m[Kint main()[m[K’:
[01m[K/home/ckl/RM/Combat_vision2026/src/rm_auto_aim/armor_detector/src/spiral.cpp:85:12:[m[K [01;31m[Kerror: [m[K‘[01m[KreadImages[m[K’ was not declared in this scope
   85 |   images = [01;31m[KreadImages[m[K(folder_path);
      |            [01;31m[K^~~~~~~~~~[m[K
[01m[K/home/ckl/RM/Combat_vision2026/src/rm_auto_aim/armor_detector/src/spiral.cpp:88:15:[m[K [01;31m[Kerror: [m[Kno matching function for call to ‘[01m[KresizeWindow(const char [6], cv::Mat&, int)[m[K’
   88 |   [01;31m[KresizeWindow("armor", img, 50)[m[K;
      |   [01;31m[K~~~~~~~~~~~~^~~~~~~~~~~~~~~~~~[m[K
In file included from [01m[K/home/ckl/RM/Combat_vision2026/src/rm_auto_aim/armor_detector/src/spiral.cpp:24[m[K:
[01m[K/usr/include/opencv4/opencv2/highgui.hpp:429:19:[m[K [01;36m[Knote: [m[Kcandidate: ‘[01m[Kvoid cv::resizeWindow(const String&, int, int)[m[K’
  429 | CV_EXPORTS_W void [01;36m[KresizeWindow[m[K(const String& winname, int width, int height);
      |                   [01;36m[K^~~~~~~~~~~~[m[K
[01m[K/usr/include/opencv4/opencv2/highgui.hpp:429:59:[m[K [01;36m[Knote: [m[K  no known conversion for argument 2 from ‘[01m[Kcv::Mat[m[K’ to ‘[01m[Kint[m[K’
  429 | CV_EXPORTS_W void resizeWindow(const String& winname, [01;36m[Kint width[m[K, int height);
      |                                                       [01;36m[K~~~~^~~~~[m[K
[01m[K/usr/include/opencv4/opencv2/highgui.hpp:435:19:[m[K [01;36m[Knote: [m[Kcandidate: ‘[01m[Kvoid cv::resizeWindow(const String&, const Size&)[m[K’
  435 | CV_EXPORTS_W void [01;36m[KresizeWindow[m[K(const String& winname, const cv::Size& size);
      |                   [01;36m[K^~~~~~~~~~~~[m[K
[01m[K/usr/include/opencv4/opencv2/highgui.hpp:435:19:[m[K [01;36m[Knote: [m[K  candidate expects 2 arguments, 3 provided
gmake[2]: *** [CMakeFiles/armor_detector.dir/build.make:177: CMakeFiles/armor_detector.dir/src/spiral.cpp.o] 中断
gmake[1]: *** [CMakeFiles/Makefile2:185: CMakeFiles/armor_detector.dir/all] 中断
gmake: *** [Makefile:146: all] 中断
