[01m[K/home/ckl/RM/Combat_vision2026/src/rm_auto_aim/armor_detector/src/bound_solver.cpp:[m[K In member function ‘[01m[Kvoid fyt::auto_aim::BoundSolver::processImage(cv::Mat)[m[K’:
[01m[K/home/ckl/RM/Combat_vision2026/src/rm_auto_aim/armor_detector/src/bound_solver.cpp:8:35:[m[K [01;31m[Kerror: [m[K‘[01m[KCOLOR_BGR2GRAY[m[K’ was not declared in this scope; did you mean ‘[01m[Kcv::COLOR_BGR2GRAY[m[K’?
    8 |   cv::cvtColor(blurred_img, gray, [01;31m[KCOLOR_BGR2GRAY[m[K);
      |                                   [01;31m[K^~~~~~~~~~~~~~[m[K
      |                                   [32m[Kcv::COLOR_BGR2GRAY[m[K
In file included from [01m[K/usr/include/opencv4/opencv2/imgproc/imgproc.hpp:48[m[K,
                 from [01m[K/opt/ros/humble/include/cv_bridge/cv_bridge/cv_bridge.h:44[m[K,
                 from [01m[K/home/ckl/RM/Combat_vision2026/src/rm_auto_aim/armor_detector/include/armor_detector/bound_solver.hpp:14[m[K,
                 from [01m[K/home/ckl/RM/Combat_vision2026/src/rm_auto_aim/armor_detector/src/bound_solver.cpp:1[m[K:
[01m[K/usr/include/opencv4/opencv2/imgproc.hpp:551:5:[m[K [01;36m[Knote: [m[K‘[01m[Kcv::COLOR_BGR2GRAY[m[K’ declared here
  551 |     [01;36m[KCOLOR_BGR2GRAY[m[K     = 6, //!< convert between RGB/BGR and grayscale, @ref color_convert_rgb_gray "color conversions"
      |     [01;36m[K^~~~~~~~~~~~~~[m[K
[01m[K/home/ckl/RM/Combat_vision2026/src/rm_auto_aim/armor_detector/src/bound_solver.cpp:9:39:[m[K [01;31m[Kerror: [m[K‘[01m[KTHRESH_BINARY[m[K’ was not declared in this scope; did you mean ‘[01m[Kcv::THRESH_BINARY[m[K’?
    9 |   cv::threshold(gray, binary, 0, 255, [01;31m[KTHRESH_BINARY[m[K | THRESH_OTSU);
      |                                       [01;31m[K^~~~~~~~~~~~~[m[K
      |                                       [32m[Kcv::THRESH_BINARY[m[K
In file included from [01m[K/usr/include/opencv4/opencv2/imgproc/imgproc.hpp:48[m[K,
                 from [01m[K/opt/ros/humble/include/cv_bridge/cv_bridge/cv_bridge.h:44[m[K,
                 from [01m[K/home/ckl/RM/Combat_vision2026/src/rm_auto_aim/armor_detector/include/armor_detector/bound_solver.hpp:14[m[K,
                 from [01m[K/home/ckl/RM/Combat_vision2026/src/rm_auto_aim/armor_detector/src/bound_solver.cpp:1[m[K:
[01m[K/usr/include/opencv4/opencv2/imgproc.hpp:321:5:[m[K [01;36m[Knote: [m[K‘[01m[Kcv::THRESH_BINARY[m[K’ declared here
  321 |     [01;36m[KTHRESH_BINARY[m[K     = 0, //!< \f[\texttt{dst} (x,y) =  \fork{\texttt{maxval}}{if \(\texttt{src}(x,y) > \texttt{thresh}\)}{0}{otherwise}\f]
      |     [01;36m[K^~~~~~~~~~~~~[m[K
[01m[K/home/ckl/RM/Combat_vision2026/src/rm_auto_aim/armor_detector/src/bound_solver.cpp:9:55:[m[K [01;31m[Kerror: [m[K‘[01m[KTHRESH_OTSU[m[K’ was not declared in this scope; did you mean ‘[01m[Kcv::THRESH_OTSU[m[K’?
    9 |   cv::threshold(gray, binary, 0, 255, THRESH_BINARY | [01;31m[KTHRESH_OTSU[m[K);
      |                                                       [01;31m[K^~~~~~~~~~~[m[K
      |                                                       [32m[Kcv::THRESH_OTSU[m[K
In file included from [01m[K/usr/include/opencv4/opencv2/imgproc/imgproc.hpp:48[m[K,
                 from [01m[K/opt/ros/humble/include/cv_bridge/cv_bridge/cv_bridge.h:44[m[K,
                 from [01m[K/home/ckl/RM/Combat_vision2026/src/rm_auto_aim/armor_detector/include/armor_detector/bound_solver.hpp:14[m[K,
                 from [01m[K/home/ckl/RM/Combat_vision2026/src/rm_auto_aim/armor_detector/src/bound_solver.cpp:1[m[K:
[01m[K/usr/include/opencv4/opencv2/imgproc.hpp:327:5:[m[K [01;36m[Knote: [m[K‘[01m[Kcv::THRESH_OTSU[m[K’ declared here
  327 |     [01;36m[KTHRESH_OTSU[m[K       = 8, //!< flag, use Otsu algorithm to choose the optimal threshold value
      |     [01;36m[K^~~~~~~~~~~[m[K
[01m[K/home/ckl/RM/Combat_vision2026/src/rm_auto_aim/armor_detector/src/bound_solver.cpp:10:38:[m[K [01;31m[Kerror: [m[K‘[01m[KRETR_EXTERNAL[m[K’ was not declared in this scope; did you mean ‘[01m[Kcv::RETR_EXTERNAL[m[K’?
   10 |   cv::findContours(binary, contours, [01;31m[KRETR_EXTERNAL[m[K, CHAIN_APPROX_SIMPLE);
      |                                      [01;31m[K^~~~~~~~~~~~~[m[K
      |                                      [32m[Kcv::RETR_EXTERNAL[m[K
In file included from [01m[K/usr/include/opencv4/opencv2/imgproc/imgproc.hpp:48[m[K,
                 from [01m[K/opt/ros/humble/include/cv_bridge/cv_bridge/cv_bridge.h:44[m[K,
                 from [01m[K/home/ckl/RM/Combat_vision2026/src/rm_auto_aim/armor_detector/include/armor_detector/bound_solver.hpp:14[m[K,
                 from [01m[K/home/ckl/RM/Combat_vision2026/src/rm_auto_aim/armor_detector/src/bound_solver.cpp:1[m[K:
[01m[K/usr/include/opencv4/opencv2/imgproc.hpp:421:5:[m[K [01;36m[Knote: [m[K‘[01m[Kcv::RETR_EXTERNAL[m[K’ declared here
  421 |     [01;36m[KRETR_EXTERNAL[m[K  = 0,
      |     [01;36m[K^~~~~~~~~~~~~[m[K
[01m[K/home/ckl/RM/Combat_vision2026/src/rm_auto_aim/armor_detector/src/bound_solver.cpp:10:53:[m[K [01;31m[Kerror: [m[K‘[01m[KCHAIN_APPROX_SIMPLE[m[K’ was not declared in this scope; did you mean ‘[01m[Kcv::CHAIN_APPROX_SIMPLE[m[K’?
   10 |   cv::findContours(binary, contours, RETR_EXTERNAL, [01;31m[KCHAIN_APPROX_SIMPLE[m[K);
      |                                                     [01;31m[K^~~~~~~~~~~~~~~~~~~[m[K
      |                                                     [32m[Kcv::CHAIN_APPROX_SIMPLE[m[K
In file included from [01m[K/usr/include/opencv4/opencv2/imgproc/imgproc.hpp:48[m[K,
                 from [01m[K/opt/ros/humble/include/cv_bridge/cv_bridge/cv_bridge.h:44[m[K,
                 from [01m[K/home/ckl/RM/Combat_vision2026/src/rm_auto_aim/armor_detector/include/armor_detector/bound_solver.hpp:14[m[K,
                 from [01m[K/home/ckl/RM/Combat_vision2026/src/rm_auto_aim/armor_detector/src/bound_solver.cpp:1[m[K:
[01m[K/usr/include/opencv4/opencv2/imgproc.hpp:442:5:[m[K [01;36m[Knote: [m[K‘[01m[Kcv::CHAIN_APPROX_SIMPLE[m[K’ declared here
  442 |     [01;36m[KCHAIN_APPROX_SIMPLE[m[K    = 2,
      |     [01;36m[K^~~~~~~~~~~~~~~~~~~[m[K
[01m[K/home/ckl/RM/Combat_vision2026/src/rm_auto_aim/armor_detector/src/bound_solver.cpp:[m[K In member function ‘[01m[Kvoid fyt::auto_aim::BoundSolver::drawBound(cv::Mat&)[m[K’:
[01m[K/home/ckl/RM/Combat_vision2026/src/rm_auto_aim/armor_detector/src/bound_solver.cpp:19:19:[m[K [01;31m[Kerror: [m[Kcannot convert ‘[01m[Kstd::vector<cv::Point_<float> >[m[K’ to ‘[01m[Kcv::Point2f*[m[K’ {aka ‘[01m[Kcv::Point_<float>*[m[K’}
   19 |   boundary.points([01;31m[Kpoints[m[K);
      |                   [01;31m[K^~~~~~[m[K
      |                   [01;31m[K|[m[K
      |                   [01;31m[Kstd::vector<cv::Point_<float> >[m[K
In file included from [01m[K/usr/include/opencv4/opencv2/core.hpp:57[m[K,
                 from [01m[K/usr/include/opencv4/opencv2/core/core.hpp:48[m[K,
                 from [01m[K/opt/ros/humble/include/cv_bridge/cv_bridge/cv_bridge.h:43[m[K,
                 from [01m[K/home/ckl/RM/Combat_vision2026/src/rm_auto_aim/armor_detector/include/armor_detector/bound_solver.hpp:14[m[K,
                 from [01m[K/home/ckl/RM/Combat_vision2026/src/rm_auto_aim/armor_detector/src/bound_solver.cpp:1[m[K:
[01m[K/usr/include/opencv4/opencv2/core/types.hpp:540:25:[m[K [01;36m[Knote: [m[K  initializing argument 1 of ‘[01m[Kvoid cv::RotatedRect::points(cv::Point2f*) const[m[K’
  540 |     void points([01;36m[KPoint2f pts[][m[K) const;
      |                 [01;36m[K~~~~~~~~^~~~~[m[K
gmake[2]: *** [CMakeFiles/armor_detector.dir/build.make:135：CMakeFiles/armor_detector.dir/src/bound_solver.cpp.o] 错误 1
gmake[1]: *** [CMakeFiles/Makefile2:185：CMakeFiles/armor_detector.dir/all] 错误 2
gmake: *** [Makefile:146：all] 错误 2
