[01m[K/home/ckl/RM/Combat_vision2026/src/rm_auto_aim/armor_detector/src/bound_solver.cpp:[m[K In member function ‘[01m[Kvoid fyt::auto_aim::BoundSolver::drawBound(cv::Mat&)[m[K’:
[01m[K/home/ckl/RM/Combat_vision2026/src/rm_auto_aim/armor_detector/src/bound_solver.cpp:16:23:[m[K [01;31m[Kerror: [m[K‘[01m[KVec3b[m[K’ is not a member of ‘[01m[KEigen[m[K’; did you mean ‘[01m[Kcv::Vec3b[m[K’?
   16 |         img.at<Eigen::[01;31m[KVec3b[m[K>(i, j) = cv::Vec3b(0, 0, 255);
      |                       [01;31m[K^~~~~[m[K
In file included from [01m[K/usr/include/opencv4/opencv2/core.hpp:56[m[K,
                 from [01m[K/usr/include/opencv4/opencv2/core/core.hpp:48[m[K,
                 from [01m[K/opt/ros/humble/include/cv_bridge/cv_bridge/cv_bridge.h:43[m[K,
                 from [01m[K/home/ckl/RM/Combat_vision2026/src/rm_auto_aim/armor_detector/include/armor_detector/bound_solver.hpp:14[m[K,
                 from [01m[K/home/ckl/RM/Combat_vision2026/src/rm_auto_aim/armor_detector/src/bound_solver.cpp:1[m[K:
[01m[K/usr/include/opencv4/opencv2/core/matx.hpp:410:23:[m[K [01;36m[Knote: [m[K‘[01m[Kcv::Vec3b[m[K’ declared here
  410 | typedef Vec<uchar, 3> [01;36m[KVec3b[m[K;
      |                       [01;36m[K^~~~~[m[K
[01m[K/home/ckl/RM/Combat_vision2026/src/rm_auto_aim/armor_detector/src/bound_solver.cpp:16:29:[m[K [01;31m[Kerror: [m[Kno matching function for call to ‘[01m[Kcv::Mat::at<<expression error> >(int&, int&)[m[K’
   16 |         [01;31m[Kimg.at<Eigen::Vec3b>(i, j)[m[K = cv::Vec3b(0, 0, 255);
      |         [01;31m[K~~~~~~~~~~~~~~~~~~~~^~~~~~[m[K
In file included from [01m[K/usr/include/opencv4/opencv2/core.hpp:58[m[K,
                 from [01m[K/usr/include/opencv4/opencv2/core/core.hpp:48[m[K,
                 from [01m[K/opt/ros/humble/include/cv_bridge/cv_bridge/cv_bridge.h:43[m[K,
                 from [01m[K/home/ckl/RM/Combat_vision2026/src/rm_auto_aim/armor_detector/include/armor_detector/bound_solver.hpp:14[m[K,
                 from [01m[K/home/ckl/RM/Combat_vision2026/src/rm_auto_aim/armor_detector/src/bound_solver.cpp:1[m[K:
[01m[K/usr/include/opencv4/opencv2/core/mat.hpp:1921:33:[m[K [01;36m[Knote: [m[Kcandidate: ‘[01m[Ktemplate<class _Tp> _Tp& cv::Mat::at(int)[m[K’
 1921 |     template<typename _Tp> _Tp& [01;36m[Kat[m[K(int i0=0);
      |                                 [01;36m[K^~[m[K
[01m[K/usr/include/opencv4/opencv2/core/mat.hpp:1921:33:[m[K [01;36m[Knote: [m[K  template argument deduction/substitution failed:
[01m[K/home/ckl/RM/Combat_vision2026/src/rm_auto_aim/armor_detector/src/bound_solver.cpp:16:29:[m[K [01;31m[Kerror: [m[Ktemplate argument 1 is invalid
   16 |         [01;31m[Kimg.at<Eigen::Vec3b>(i, j)[m[K = cv::Vec3b(0, 0, 255);
      |         [01;31m[K~~~~~~~~~~~~~~~~~~~~^~~~~~[m[K
In file included from [01m[K/usr/include/opencv4/opencv2/core.hpp:58[m[K,
                 from [01m[K/usr/include/opencv4/opencv2/core/core.hpp:48[m[K,
                 from [01m[K/opt/ros/humble/include/cv_bridge/cv_bridge/cv_bridge.h:43[m[K,
                 from [01m[K/home/ckl/RM/Combat_vision2026/src/rm_auto_aim/armor_detector/include/armor_detector/bound_solver.hpp:14[m[K,
                 from [01m[K/home/ckl/RM/Combat_vision2026/src/rm_auto_aim/armor_detector/src/bound_solver.cpp:1[m[K:
[01m[K/usr/include/opencv4/opencv2/core/mat.hpp:1925:39:[m[K [01;36m[Knote: [m[Kcandidate: ‘[01m[Ktemplate<class _Tp> const _Tp& cv::Mat::at(int) const[m[K’
 1925 |     template<typename _Tp> const _Tp& [01;36m[Kat[m[K(int i0=0) const;
      |                                       [01;36m[K^~[m[K
[01m[K/usr/include/opencv4/opencv2/core/mat.hpp:1925:39:[m[K [01;36m[Knote: [m[K  template argument deduction/substitution failed:
[01m[K/home/ckl/RM/Combat_vision2026/src/rm_auto_aim/armor_detector/src/bound_solver.cpp:16:29:[m[K [01;31m[Kerror: [m[Ktemplate argument 1 is invalid
   16 |         [01;31m[Kimg.at<Eigen::Vec3b>(i, j)[m[K = cv::Vec3b(0, 0, 255);
      |         [01;31m[K~~~~~~~~~~~~~~~~~~~~^~~~~~[m[K
In file included from [01m[K/usr/include/opencv4/opencv2/core/mat.hpp:3764[m[K,
                 from [01m[K/usr/include/opencv4/opencv2/core.hpp:58[m[K,
                 from [01m[K/usr/include/opencv4/opencv2/core/core.hpp:48[m[K,
                 from [01m[K/opt/ros/humble/include/cv_bridge/cv_bridge/cv_bridge.h:43[m[K,
                 from [01m[K/home/ckl/RM/Combat_vision2026/src/rm_auto_aim/armor_detector/include/armor_detector/bound_solver.hpp:14[m[K,
                 from [01m[K/home/ckl/RM/Combat_vision2026/src/rm_auto_aim/armor_detector/src/bound_solver.cpp:1[m[K:
[01m[K/usr/include/opencv4/opencv2/core/mat.inl.hpp:894:6:[m[K [01;36m[Knote: [m[Kcandidate: ‘[01m[Ktemplate<class _Tp> _Tp& cv::Mat::at(int, int)[m[K’
  894 | _Tp& [01;36m[KMat[m[K::at(int i0, int i1)
      |      [01;36m[K^~~[m[K
[01m[K/usr/include/opencv4/opencv2/core/mat.inl.hpp:894:6:[m[K [01;36m[Knote: [m[K  template argument deduction/substitution failed:
[01m[K/home/ckl/RM/Combat_vision2026/src/rm_auto_aim/armor_detector/src/bound_solver.cpp:16:29:[m[K [01;31m[Kerror: [m[Ktemplate argument 1 is invalid
   16 |         [01;31m[Kimg.at<Eigen::Vec3b>(i, j)[m[K = cv::Vec3b(0, 0, 255);
      |         [01;31m[K~~~~~~~~~~~~~~~~~~~~^~~~~~[m[K
In file included from [01m[K/usr/include/opencv4/opencv2/core.hpp:58[m[K,
                 from [01m[K/usr/include/opencv4/opencv2/core/core.hpp:48[m[K,
                 from [01m[K/opt/ros/humble/include/cv_bridge/cv_bridge/cv_bridge.h:43[m[K,
                 from [01m[K/home/ckl/RM/Combat_vision2026/src/rm_auto_aim/armor_detector/include/armor_detector/bound_solver.hpp:14[m[K,
                 from [01m[K/home/ckl/RM/Combat_vision2026/src/rm_auto_aim/armor_detector/src/bound_solver.cpp:1[m[K:
[01m[K/usr/include/opencv4/opencv2/core/mat.hpp:1935:39:[m[K [01;36m[Knote: [m[Kcandidate: ‘[01m[Ktemplate<class _Tp> const _Tp& cv::Mat::at(int, int) const[m[K’
 1935 |     template<typename _Tp> const _Tp& [01;36m[Kat[m[K(int row, int col) const;
      |                                       [01;36m[K^~[m[K
[01m[K/usr/include/opencv4/opencv2/core/mat.hpp:1935:39:[m[K [01;36m[Knote: [m[K  template argument deduction/substitution failed:
[01m[K/home/ckl/RM/Combat_vision2026/src/rm_auto_aim/armor_detector/src/bound_solver.cpp:16:29:[m[K [01;31m[Kerror: [m[Ktemplate argument 1 is invalid
   16 |         [01;31m[Kimg.at<Eigen::Vec3b>(i, j)[m[K = cv::Vec3b(0, 0, 255);
      |         [01;31m[K~~~~~~~~~~~~~~~~~~~~^~~~~~[m[K
In file included from [01m[K/usr/include/opencv4/opencv2/core.hpp:58[m[K,
                 from [01m[K/usr/include/opencv4/opencv2/core/core.hpp:48[m[K,
                 from [01m[K/opt/ros/humble/include/cv_bridge/cv_bridge/cv_bridge.h:43[m[K,
                 from [01m[K/home/ckl/RM/Combat_vision2026/src/rm_auto_aim/armor_detector/include/armor_detector/bound_solver.hpp:14[m[K,
                 from [01m[K/home/ckl/RM/Combat_vision2026/src/rm_auto_aim/armor_detector/src/bound_solver.cpp:1[m[K:
[01m[K/usr/include/opencv4/opencv2/core/mat.hpp:1942:33:[m[K [01;36m[Knote: [m[Kcandidate: ‘[01m[Ktemplate<class _Tp> _Tp& cv::Mat::at(int, int, int)[m[K’
 1942 |     template<typename _Tp> _Tp& [01;36m[Kat[m[K(int i0, int i1, int i2);
      |                                 [01;36m[K^~[m[K
[01m[K/usr/include/opencv4/opencv2/core/mat.hpp:1942:33:[m[K [01;36m[Knote: [m[K  template argument deduction/substitution failed:
[01m[K/home/ckl/RM/Combat_vision2026/src/rm_auto_aim/armor_detector/src/bound_solver.cpp:16:29:[m[K [01;31m[Kerror: [m[Ktemplate argument 1 is invalid
   16 |         [01;31m[Kimg.at<Eigen::Vec3b>(i, j)[m[K = cv::Vec3b(0, 0, 255);
      |         [01;31m[K~~~~~~~~~~~~~~~~~~~~^~~~~~[m[K
In file included from [01m[K/usr/include/opencv4/opencv2/core.hpp:58[m[K,
                 from [01m[K/usr/include/opencv4/opencv2/core/core.hpp:48[m[K,
                 from [01m[K/opt/ros/humble/include/cv_bridge/cv_bridge/cv_bridge.h:43[m[K,
                 from [01m[K/home/ckl/RM/Combat_vision2026/src/rm_auto_aim/armor_detector/include/armor_detector/bound_solver.hpp:14[m[K,
                 from [01m[K/home/ckl/RM/Combat_vision2026/src/rm_auto_aim/armor_detector/src/bound_solver.cpp:1[m[K:
[01m[K/usr/include/opencv4/opencv2/core/mat.hpp:1948:39:[m[K [01;36m[Knote: [m[Kcandidate: ‘[01m[Ktemplate<class _Tp> const _Tp& cv::Mat::at(int, int, int) const[m[K’
 1948 |     template<typename _Tp> const _Tp& [01;36m[Kat[m[K(int i0, int i1, int i2) const;
      |                                       [01;36m[K^~[m[K
[01m[K/usr/include/opencv4/opencv2/core/mat.hpp:1948:39:[m[K [01;36m[Knote: [m[K  template argument deduction/substitution failed:
[01m[K/home/ckl/RM/Combat_vision2026/src/rm_auto_aim/armor_detector/src/bound_solver.cpp:16:29:[m[K [01;31m[Kerror: [m[Ktemplate argument 1 is invalid
   16 |         [01;31m[Kimg.at<Eigen::Vec3b>(i, j)[m[K = cv::Vec3b(0, 0, 255);
      |         [01;31m[K~~~~~~~~~~~~~~~~~~~~^~~~~~[m[K
In file included from [01m[K/usr/include/opencv4/opencv2/core.hpp:58[m[K,
                 from [01m[K/usr/include/opencv4/opencv2/core/core.hpp:48[m[K,
                 from [01m[K/opt/ros/humble/include/cv_bridge/cv_bridge/cv_bridge.h:43[m[K,
                 from [01m[K/home/ckl/RM/Combat_vision2026/src/rm_auto_aim/armor_detector/include/armor_detector/bound_solver.hpp:14[m[K,
                 from [01m[K/home/ckl/RM/Combat_vision2026/src/rm_auto_aim/armor_detector/src/bound_solver.cpp:1[m[K:
[01m[K/usr/include/opencv4/opencv2/core/mat.hpp:1953:33:[m[K [01;36m[Knote: [m[Kcandidate: ‘[01m[Ktemplate<class _Tp> _Tp& cv::Mat::at(const int*)[m[K’
 1953 |     template<typename _Tp> _Tp& [01;36m[Kat[m[K(const int* idx);
      |                                 [01;36m[K^~[m[K
[01m[K/usr/include/opencv4/opencv2/core/mat.hpp:1953:33:[m[K [01;36m[Knote: [m[K  template argument deduction/substitution failed:
[01m[K/home/ckl/RM/Combat_vision2026/src/rm_auto_aim/armor_detector/src/bound_solver.cpp:16:29:[m[K [01;31m[Kerror: [m[Ktemplate argument 1 is invalid
   16 |         [01;31m[Kimg.at<Eigen::Vec3b>(i, j)[m[K = cv::Vec3b(0, 0, 255);
      |         [01;31m[K~~~~~~~~~~~~~~~~~~~~^~~~~~[m[K
In file included from [01m[K/usr/include/opencv4/opencv2/core.hpp:58[m[K,
                 from [01m[K/usr/include/opencv4/opencv2/core/core.hpp:48[m[K,
                 from [01m[K/opt/ros/humble/include/cv_bridge/cv_bridge/cv_bridge.h:43[m[K,
                 from [01m[K/home/ckl/RM/Combat_vision2026/src/rm_auto_aim/armor_detector/include/armor_detector/bound_solver.hpp:14[m[K,
                 from [01m[K/home/ckl/RM/Combat_vision2026/src/rm_auto_aim/armor_detector/src/bound_solver.cpp:1[m[K:
[01m[K/usr/include/opencv4/opencv2/core/mat.hpp:1957:39:[m[K [01;36m[Knote: [m[Kcandidate: ‘[01m[Ktemplate<class _Tp> const _Tp& cv::Mat::at(const int*) const[m[K’
 1957 |     template<typename _Tp> const _Tp& [01;36m[Kat[m[K(const int* idx) const;
      |                                       [01;36m[K^~[m[K
[01m[K/usr/include/opencv4/opencv2/core/mat.hpp:1957:39:[m[K [01;36m[Knote: [m[K  template argument deduction/substitution failed:
[01m[K/home/ckl/RM/Combat_vision2026/src/rm_auto_aim/armor_detector/src/bound_solver.cpp:16:29:[m[K [01;31m[Kerror: [m[Ktemplate argument 1 is invalid
   16 |         [01;31m[Kimg.at<Eigen::Vec3b>(i, j)[m[K = cv::Vec3b(0, 0, 255);
      |         [01;31m[K~~~~~~~~~~~~~~~~~~~~^~~~~~[m[K
In file included from [01m[K/usr/include/opencv4/opencv2/core.hpp:58[m[K,
                 from [01m[K/usr/include/opencv4/opencv2/core/core.hpp:48[m[K,
                 from [01m[K/opt/ros/humble/include/cv_bridge/cv_bridge/cv_bridge.h:43[m[K,
                 from [01m[K/home/ckl/RM/Combat_vision2026/src/rm_auto_aim/armor_detector/include/armor_detector/bound_solver.hpp:14[m[K,
                 from [01m[K/home/ckl/RM/Combat_vision2026/src/rm_auto_aim/armor_detector/src/bound_solver.cpp:1[m[K:
[01m[K/usr/include/opencv4/opencv2/core/mat.hpp:1960:40:[m[K [01;36m[Knote: [m[Kcandidate: ‘[01m[Ktemplate<class _Tp, int n> _Tp& cv::Mat::at(const cv::Vec<int, n>&)[m[K’
 1960 |     template<typename _Tp, int n> _Tp& [01;36m[Kat[m[K(const Vec<int, n>& idx);
      |                                        [01;36m[K^~[m[K
[01m[K/usr/include/opencv4/opencv2/core/mat.hpp:1960:40:[m[K [01;36m[Knote: [m[K  template argument deduction/substitution failed:
[01m[K/home/ckl/RM/Combat_vision2026/src/rm_auto_aim/armor_detector/src/bound_solver.cpp:16:29:[m[K [01;31m[Kerror: [m[Ktemplate argument 1 is invalid
   16 |         [01;31m[Kimg.at<Eigen::Vec3b>(i, j)[m[K = cv::Vec3b(0, 0, 255);
      |         [01;31m[K~~~~~~~~~~~~~~~~~~~~^~~~~~[m[K
In file included from [01m[K/usr/include/opencv4/opencv2/core.hpp:58[m[K,
                 from [01m[K/usr/include/opencv4/opencv2/core/core.hpp:48[m[K,
                 from [01m[K/opt/ros/humble/include/cv_bridge/cv_bridge/cv_bridge.h:43[m[K,
                 from [01m[K/home/ckl/RM/Combat_vision2026/src/rm_auto_aim/armor_detector/include/armor_detector/bound_solver.hpp:14[m[K,
                 from [01m[K/home/ckl/RM/Combat_vision2026/src/rm_auto_aim/armor_detector/src/bound_solver.cpp:1[m[K:
[01m[K/usr/include/opencv4/opencv2/core/mat.hpp:1962:46:[m[K [01;36m[Knote: [m[Kcandidate: ‘[01m[Ktemplate<class _Tp, int n> const _Tp& cv::Mat::at(const cv::Vec<int, n>&) const[m[K’
 1962 |     template<typename _Tp, int n> const _Tp& [01;36m[Kat[m[K(const Vec<int, n>& idx) const;
      |                                              [01;36m[K^~[m[K
[01m[K/usr/include/opencv4/opencv2/core/mat.hpp:1962:46:[m[K [01;36m[Knote: [m[K  template argument deduction/substitution failed:
[01m[K/home/ckl/RM/Combat_vision2026/src/rm_auto_aim/armor_detector/src/bound_solver.cpp:16:29:[m[K [01;31m[Kerror: [m[Ktemplate argument 1 is invalid
   16 |         [01;31m[Kimg.at<Eigen::Vec3b>(i, j)[m[K = cv::Vec3b(0, 0, 255);
      |         [01;31m[K~~~~~~~~~~~~~~~~~~~~^~~~~~[m[K
In file included from [01m[K/usr/include/opencv4/opencv2/core.hpp:58[m[K,
                 from [01m[K/usr/include/opencv4/opencv2/core/core.hpp:48[m[K,
                 from [01m[K/opt/ros/humble/include/cv_bridge/cv_bridge/cv_bridge.h:43[m[K,
                 from [01m[K/home/ckl/RM/Combat_vision2026/src/rm_auto_aim/armor_detector/include/armor_detector/bound_solver.hpp:14[m[K,
                 from [01m[K/home/ckl/RM/Combat_vision2026/src/rm_auto_aim/armor_detector/src/bound_solver.cpp:1[m[K:
[01m[K/usr/include/opencv4/opencv2/core/mat.hpp:1968:33:[m[K [01;36m[Knote: [m[Kcandidate: ‘[01m[Ktemplate<class _Tp> _Tp& cv::Mat::at(cv::Point)[m[K’
 1968 |     template<typename _Tp> _Tp& [01;36m[Kat[m[K(Point pt);
      |                                 [01;36m[K^~[m[K
[01m[K/usr/include/opencv4/opencv2/core/mat.hpp:1968:33:[m[K [01;36m[Knote: [m[K  template argument deduction/substitution failed:
[01m[K/home/ckl/RM/Combat_vision2026/src/rm_auto_aim/armor_detector/src/bound_solver.cpp:16:29:[m[K [01;31m[Kerror: [m[Ktemplate argument 1 is invalid
   16 |         [01;31m[Kimg.at<Eigen::Vec3b>(i, j)[m[K = cv::Vec3b(0, 0, 255);
      |         [01;31m[K~~~~~~~~~~~~~~~~~~~~^~~~~~[m[K
In file included from [01m[K/usr/include/opencv4/opencv2/core.hpp:58[m[K,
                 from [01m[K/usr/include/opencv4/opencv2/core/core.hpp:48[m[K,
                 from [01m[K/opt/ros/humble/include/cv_bridge/cv_bridge/cv_bridge.h:43[m[K,
                 from [01m[K/home/ckl/RM/Combat_vision2026/src/rm_auto_aim/armor_detector/include/armor_detector/bound_solver.hpp:14[m[K,
                 from [01m[K/home/ckl/RM/Combat_vision2026/src/rm_auto_aim/armor_detector/src/bound_solver.cpp:1[m[K:
[01m[K/usr/include/opencv4/opencv2/core/mat.hpp:1973:39:[m[K [01;36m[Knote: [m[Kcandidate: ‘[01m[Ktemplate<class _Tp> const _Tp& cv::Mat::at(cv::Point) const[m[K’
 1973 |     template<typename _Tp> const _Tp& [01;36m[Kat[m[K(Point pt) const;
      |                                       [01;36m[K^~[m[K
[01m[K/usr/include/opencv4/opencv2/core/mat.hpp:1973:39:[m[K [01;36m[Knote: [m[K  template argument deduction/substitution failed:
[01m[K/home/ckl/RM/Combat_vision2026/src/rm_auto_aim/armor_detector/src/bound_solver.cpp:16:29:[m[K [01;31m[Kerror: [m[Ktemplate argument 1 is invalid
   16 |         [01;31m[Kimg.at<Eigen::Vec3b>(i, j)[m[K = cv::Vec3b(0, 0, 255);
      |         [01;31m[K~~~~~~~~~~~~~~~~~~~~^~~~~~[m[K
gmake[2]: *** [CMakeFiles/armor_detector.dir/build.make:135：CMakeFiles/armor_detector.dir/src/bound_solver.cpp.o] 错误 1
gmake[1]: *** [CMakeFiles/Makefile2:185：CMakeFiles/armor_detector.dir/all] 错误 2
gmake: *** [Makefile:146：all] 错误 2
