[0.018s] Invoking command in '/home/ckl/RM/Combat_vision2026/build/armor_detector': CMAKE_PREFIX_PATH=/home/ckl/RM/Combat_vision2026/install/rm_utils:/home/ckl/RM/Combat_vision2026/install/rm_interfaces:/home/ckl/RM/Combat_vision2026/install/rm_bringup:/home/ckl/RM/Combat_vision2026/install/rm_serial_driver:/home/ckl/RM/Combat_vision2026/install/rm_auto_aim:/home/ckl/RM/Combat_vision2026/install/armor_solver:/home/ckl/RM/Combat_vision2026/install/armor_detector:/home/ckl/RM/Combat_vision2026/install/rm_robot_description:/home/ckl/RM/Combat_vision2026/install/hik_camera:/opt/ros/humble LD_LIBRARY_PATH=/home/ckl/RM/Combat_vision2026/install/rm_utils/lib:/home/ckl/RM/Combat_vision2026/install/rm_interfaces/lib:/home/ckl/RM/Combat_vision2026/install/rm_serial_driver/lib:/home/ckl/RM/Combat_vision2026/install/armor_solver/lib:/home/ckl/RM/Combat_vision2026/install/armor_detector/lib:/home/ckl/RM/Combat_vision2026/install/hik_camera/lib:/opt/ros/humble/opt/rviz_ogre_vendor/lib:/opt/ros/humble/lib/x86_64-linux-gnu:/opt/ros/humble/lib /usr/bin/cmake --build /home/ckl/RM/Combat_vision2026/build/armor_detector -- -j16 -l16
[0.053s] [  7%] Built target gtest
[0.053s] [ 14%] Built target gtest_main
[0.055s] [ 22%] Built target armor_detector_node
[0.103s] [ 25%] [32mBuilding CXX object CMakeFiles/armor_detector.dir/src/bound_solver.cpp.o[0m
[5.450s] [01m[K/home/ckl/RM/Combat_vision2026/src/rm_auto_aim/armor_detector/src/bound_solver.cpp:[m[K In member function ‘[01m[Kvoid fyt::auto_aim::BoundSolver::drawBound(cv::Mat&)[m[K’:
[5.450s] [01m[K/home/ckl/RM/Combat_vision2026/src/rm_auto_aim/armor_detector/src/bound_solver.cpp:16:23:[m[K [01;31m[Kerror: [m[K‘[01m[KVec3b[m[K’ is not a member of ‘[01m[KEigen[m[K’; did you mean ‘[01m[Kcv::Vec3b[m[K’?
[5.450s]    16 |         img.at<Eigen::[01;31m[KVec3b[m[K>(i, j) = cv::Vec3b(0, 0, 255);
[5.450s]       |                       [01;31m[K^~~~~[m[K
[5.450s] In file included from [01m[K/usr/include/opencv4/opencv2/core.hpp:56[m[K,
[5.450s]                  from [01m[K/usr/include/opencv4/opencv2/core/core.hpp:48[m[K,
[5.450s]                  from [01m[K/opt/ros/humble/include/cv_bridge/cv_bridge/cv_bridge.h:43[m[K,
[5.450s]                  from [01m[K/home/ckl/RM/Combat_vision2026/src/rm_auto_aim/armor_detector/include/armor_detector/bound_solver.hpp:14[m[K,
[5.450s]                  from [01m[K/home/ckl/RM/Combat_vision2026/src/rm_auto_aim/armor_detector/src/bound_solver.cpp:1[m[K:
[5.451s] [01m[K/usr/include/opencv4/opencv2/core/matx.hpp:410:23:[m[K [01;36m[Knote: [m[K‘[01m[Kcv::Vec3b[m[K’ declared here
[5.451s]   410 | typedef Vec<uchar, 3> [01;36m[KVec3b[m[K;
[5.451s]       |                       [01;36m[K^~~~~[m[K
[5.451s] [01m[K/home/ckl/RM/Combat_vision2026/src/rm_auto_aim/armor_detector/src/bound_solver.cpp:16:29:[m[K [01;31m[Kerror: [m[Kno matching function for call to ‘[01m[Kcv::Mat::at<<expression error> >(int&, int&)[m[K’
[5.451s]    16 |         [01;31m[Kimg.at<Eigen::Vec3b>(i, j)[m[K = cv::Vec3b(0, 0, 255);
[5.451s]       |         [01;31m[K~~~~~~~~~~~~~~~~~~~~^~~~~~[m[K
[5.451s] In file included from [01m[K/usr/include/opencv4/opencv2/core.hpp:58[m[K,
[5.451s]                  from [01m[K/usr/include/opencv4/opencv2/core/core.hpp:48[m[K,
[5.451s]                  from [01m[K/opt/ros/humble/include/cv_bridge/cv_bridge/cv_bridge.h:43[m[K,
[5.451s]                  from [01m[K/home/ckl/RM/Combat_vision2026/src/rm_auto_aim/armor_detector/include/armor_detector/bound_solver.hpp:14[m[K,
[5.451s]                  from [01m[K/home/ckl/RM/Combat_vision2026/src/rm_auto_aim/armor_detector/src/bound_solver.cpp:1[m[K:
[5.451s] [01m[K/usr/include/opencv4/opencv2/core/mat.hpp:1921:33:[m[K [01;36m[Knote: [m[Kcandidate: ‘[01m[Ktemplate<class _Tp> _Tp& cv::Mat::at(int)[m[K’
[5.451s]  1921 |     template<typename _Tp> _Tp& [01;36m[Kat[m[K(int i0=0);
[5.451s]       |                                 [01;36m[K^~[m[K
[5.451s] [01m[K/usr/include/opencv4/opencv2/core/mat.hpp:1921:33:[m[K [01;36m[Knote: [m[K  template argument deduction/substitution failed:
[5.451s] [01m[K/home/ckl/RM/Combat_vision2026/src/rm_auto_aim/armor_detector/src/bound_solver.cpp:16:29:[m[K [01;31m[Kerror: [m[Ktemplate argument 1 is invalid
[5.451s]    16 |         [01;31m[Kimg.at<Eigen::Vec3b>(i, j)[m[K = cv::Vec3b(0, 0, 255);
[5.451s]       |         [01;31m[K~~~~~~~~~~~~~~~~~~~~^~~~~~[m[K
[5.451s] In file included from [01m[K/usr/include/opencv4/opencv2/core.hpp:58[m[K,
[5.451s]                  from [01m[K/usr/include/opencv4/opencv2/core/core.hpp:48[m[K,
[5.451s]                  from [01m[K/opt/ros/humble/include/cv_bridge/cv_bridge/cv_bridge.h:43[m[K,
[5.451s]                  from [01m[K/home/ckl/RM/Combat_vision2026/src/rm_auto_aim/armor_detector/include/armor_detector/bound_solver.hpp:14[m[K,
[5.451s]                  from [01m[K/home/ckl/RM/Combat_vision2026/src/rm_auto_aim/armor_detector/src/bound_solver.cpp:1[m[K:
[5.451s] [01m[K/usr/include/opencv4/opencv2/core/mat.hpp:1925:39:[m[K [01;36m[Knote: [m[Kcandidate: ‘[01m[Ktemplate<class _Tp> const _Tp& cv::Mat::at(int) const[m[K’
[5.452s]  1925 |     template<typename _Tp> const _Tp& [01;36m[Kat[m[K(int i0=0) const;
[5.452s]       |                                       [01;36m[K^~[m[K
[5.452s] [01m[K/usr/include/opencv4/opencv2/core/mat.hpp:1925:39:[m[K [01;36m[Knote: [m[K  template argument deduction/substitution failed:
[5.452s] [01m[K/home/ckl/RM/Combat_vision2026/src/rm_auto_aim/armor_detector/src/bound_solver.cpp:16:29:[m[K [01;31m[Kerror: [m[Ktemplate argument 1 is invalid
[5.452s]    16 |         [01;31m[Kimg.at<Eigen::Vec3b>(i, j)[m[K = cv::Vec3b(0, 0, 255);
[5.452s]       |         [01;31m[K~~~~~~~~~~~~~~~~~~~~^~~~~~[m[K
[5.452s] In file included from [01m[K/usr/include/opencv4/opencv2/core/mat.hpp:3764[m[K,
[5.452s]                  from [01m[K/usr/include/opencv4/opencv2/core.hpp:58[m[K,
[5.452s]                  from [01m[K/usr/include/opencv4/opencv2/core/core.hpp:48[m[K,
[5.452s]                  from [01m[K/opt/ros/humble/include/cv_bridge/cv_bridge/cv_bridge.h:43[m[K,
[5.452s]                  from [01m[K/home/ckl/RM/Combat_vision2026/src/rm_auto_aim/armor_detector/include/armor_detector/bound_solver.hpp:14[m[K,
[5.452s]                  from [01m[K/home/ckl/RM/Combat_vision2026/src/rm_auto_aim/armor_detector/src/bound_solver.cpp:1[m[K:
[5.452s] [01m[K/usr/include/opencv4/opencv2/core/mat.inl.hpp:894:6:[m[K [01;36m[Knote: [m[Kcandidate: ‘[01m[Ktemplate<class _Tp> _Tp& cv::Mat::at(int, int)[m[K’
[5.452s]   894 | _Tp& [01;36m[KMat[m[K::at(int i0, int i1)
[5.452s]       |      [01;36m[K^~~[m[K
[5.452s] [01m[K/usr/include/opencv4/opencv2/core/mat.inl.hpp:894:6:[m[K [01;36m[Knote: [m[K  template argument deduction/substitution failed:
[5.452s] [01m[K/home/ckl/RM/Combat_vision2026/src/rm_auto_aim/armor_detector/src/bound_solver.cpp:16:29:[m[K [01;31m[Kerror: [m[Ktemplate argument 1 is invalid
[5.452s]    16 |         [01;31m[Kimg.at<Eigen::Vec3b>(i, j)[m[K = cv::Vec3b(0, 0, 255);
[5.452s]       |         [01;31m[K~~~~~~~~~~~~~~~~~~~~^~~~~~[m[K
[5.452s] In file included from [01m[K/usr/include/opencv4/opencv2/core.hpp:58[m[K,
[5.453s]                  from [01m[K/usr/include/opencv4/opencv2/core/core.hpp:48[m[K,
[5.453s]                  from [01m[K/opt/ros/humble/include/cv_bridge/cv_bridge/cv_bridge.h:43[m[K,
[5.453s]                  from [01m[K/home/ckl/RM/Combat_vision2026/src/rm_auto_aim/armor_detector/include/armor_detector/bound_solver.hpp:14[m[K,
[5.453s]                  from [01m[K/home/ckl/RM/Combat_vision2026/src/rm_auto_aim/armor_detector/src/bound_solver.cpp:1[m[K:
[5.453s] [01m[K/usr/include/opencv4/opencv2/core/mat.hpp:1935:39:[m[K [01;36m[Knote: [m[Kcandidate: ‘[01m[Ktemplate<class _Tp> const _Tp& cv::Mat::at(int, int) const[m[K’
[5.453s]  1935 |     template<typename _Tp> const _Tp& [01;36m[Kat[m[K(int row, int col) const;
[5.453s]       |                                       [01;36m[K^~[m[K
[5.453s] [01m[K/usr/include/opencv4/opencv2/core/mat.hpp:1935:39:[m[K [01;36m[Knote: [m[K  template argument deduction/substitution failed:
[5.453s] [01m[K/home/ckl/RM/Combat_vision2026/src/rm_auto_aim/armor_detector/src/bound_solver.cpp:16:29:[m[K [01;31m[Kerror: [m[Ktemplate argument 1 is invalid
[5.453s]    16 |         [01;31m[Kimg.at<Eigen::Vec3b>(i, j)[m[K = cv::Vec3b(0, 0, 255);
[5.453s]       |         [01;31m[K~~~~~~~~~~~~~~~~~~~~^~~~~~[m[K
[5.453s] In file included from [01m[K/usr/include/opencv4/opencv2/core.hpp:58[m[K,
[5.453s]                  from [01m[K/usr/include/opencv4/opencv2/core/core.hpp:48[m[K,
[5.453s]                  from [01m[K/opt/ros/humble/include/cv_bridge/cv_bridge/cv_bridge.h:43[m[K,
[5.453s]                  from [01m[K/home/ckl/RM/Combat_vision2026/src/rm_auto_aim/armor_detector/include/armor_detector/bound_solver.hpp:14[m[K,
[5.453s]                  from [01m[K/home/ckl/RM/Combat_vision2026/src/rm_auto_aim/armor_detector/src/bound_solver.cpp:1[m[K:
[5.453s] [01m[K/usr/include/opencv4/opencv2/core/mat.hpp:1942:33:[m[K [01;36m[Knote: [m[Kcandidate: ‘[01m[Ktemplate<class _Tp> _Tp& cv::Mat::at(int, int, int)[m[K’
[5.454s]  1942 |     template<typename _Tp> _Tp& [01;36m[Kat[m[K(int i0, int i1, int i2);
[5.454s]       |                                 [01;36m[K^~[m[K
[5.454s] [01m[K/usr/include/opencv4/opencv2/core/mat.hpp:1942:33:[m[K [01;36m[Knote: [m[K  template argument deduction/substitution failed:
[5.454s] [01m[K/home/ckl/RM/Combat_vision2026/src/rm_auto_aim/armor_detector/src/bound_solver.cpp:16:29:[m[K [01;31m[Kerror: [m[Ktemplate argument 1 is invalid
[5.454s]    16 |         [01;31m[Kimg.at<Eigen::Vec3b>(i, j)[m[K = cv::Vec3b(0, 0, 255);
[5.454s]       |         [01;31m[K~~~~~~~~~~~~~~~~~~~~^~~~~~[m[K
[5.454s] In file included from [01m[K/usr/include/opencv4/opencv2/core.hpp:58[m[K,
[5.454s]                  from [01m[K/usr/include/opencv4/opencv2/core/core.hpp:48[m[K,
[5.454s]                  from [01m[K/opt/ros/humble/include/cv_bridge/cv_bridge/cv_bridge.h:43[m[K,
[5.454s]                  from [01m[K/home/ckl/RM/Combat_vision2026/src/rm_auto_aim/armor_detector/include/armor_detector/bound_solver.hpp:14[m[K,
[5.454s]                  from [01m[K/home/ckl/RM/Combat_vision2026/src/rm_auto_aim/armor_detector/src/bound_solver.cpp:1[m[K:
[5.454s] [01m[K/usr/include/opencv4/opencv2/core/mat.hpp:1948:39:[m[K [01;36m[Knote: [m[Kcandidate: ‘[01m[Ktemplate<class _Tp> const _Tp& cv::Mat::at(int, int, int) const[m[K’
[5.454s]  1948 |     template<typename _Tp> const _Tp& [01;36m[Kat[m[K(int i0, int i1, int i2) const;
[5.454s]       |                                       [01;36m[K^~[m[K
[5.454s] [01m[K/usr/include/opencv4/opencv2/core/mat.hpp:1948:39:[m[K [01;36m[Knote: [m[K  template argument deduction/substitution failed:
[5.454s] [01m[K/home/ckl/RM/Combat_vision2026/src/rm_auto_aim/armor_detector/src/bound_solver.cpp:16:29:[m[K [01;31m[Kerror: [m[Ktemplate argument 1 is invalid
[5.454s]    16 |         [01;31m[Kimg.at<Eigen::Vec3b>(i, j)[m[K = cv::Vec3b(0, 0, 255);
[5.454s]       |         [01;31m[K~~~~~~~~~~~~~~~~~~~~^~~~~~[m[K
[5.454s] In file included from [01m[K/usr/include/opencv4/opencv2/core.hpp:58[m[K,
[5.454s]                  from [01m[K/usr/include/opencv4/opencv2/core/core.hpp:48[m[K,
[5.454s]                  from [01m[K/opt/ros/humble/include/cv_bridge/cv_bridge/cv_bridge.h:43[m[K,
[5.454s]                  from [01m[K/home/ckl/RM/Combat_vision2026/src/rm_auto_aim/armor_detector/include/armor_detector/bound_solver.hpp:14[m[K,
[5.454s]                  from [01m[K/home/ckl/RM/Combat_vision2026/src/rm_auto_aim/armor_detector/src/bound_solver.cpp:1[m[K:
[5.454s] [01m[K/usr/include/opencv4/opencv2/core/mat.hpp:1953:33:[m[K [01;36m[Knote: [m[Kcandidate: ‘[01m[Ktemplate<class _Tp> _Tp& cv::Mat::at(const int*)[m[K’
[5.454s]  1953 |     template<typename _Tp> _Tp& [01;36m[Kat[m[K(const int* idx);
[5.455s]       |                                 [01;36m[K^~[m[K
[5.455s] [01m[K/usr/include/opencv4/opencv2/core/mat.hpp:1953:33:[m[K [01;36m[Knote: [m[K  template argument deduction/substitution failed:
[5.455s] [01m[K/home/ckl/RM/Combat_vision2026/src/rm_auto_aim/armor_detector/src/bound_solver.cpp:16:29:[m[K [01;31m[Kerror: [m[Ktemplate argument 1 is invalid
[5.455s]    16 |         [01;31m[Kimg.at<Eigen::Vec3b>(i, j)[m[K = cv::Vec3b(0, 0, 255);
[5.455s]       |         [01;31m[K~~~~~~~~~~~~~~~~~~~~^~~~~~[m[K
[5.455s] In file included from [01m[K/usr/include/opencv4/opencv2/core.hpp:58[m[K,
[5.455s]                  from [01m[K/usr/include/opencv4/opencv2/core/core.hpp:48[m[K,
[5.455s]                  from [01m[K/opt/ros/humble/include/cv_bridge/cv_bridge/cv_bridge.h:43[m[K,
[5.455s]                  from [01m[K/home/ckl/RM/Combat_vision2026/src/rm_auto_aim/armor_detector/include/armor_detector/bound_solver.hpp:14[m[K,
[5.455s]                  from [01m[K/home/ckl/RM/Combat_vision2026/src/rm_auto_aim/armor_detector/src/bound_solver.cpp:1[m[K:
[5.455s] [01m[K/usr/include/opencv4/opencv2/core/mat.hpp:1957:39:[m[K [01;36m[Knote: [m[Kcandidate: ‘[01m[Ktemplate<class _Tp> const _Tp& cv::Mat::at(const int*) const[m[K’
[5.455s]  1957 |     template<typename _Tp> const _Tp& [01;36m[Kat[m[K(const int* idx) const;
[5.455s]       |                                       [01;36m[K^~[m[K
[5.455s] [01m[K/usr/include/opencv4/opencv2/core/mat.hpp:1957:39:[m[K [01;36m[Knote: [m[K  template argument deduction/substitution failed:
[5.455s] [01m[K/home/ckl/RM/Combat_vision2026/src/rm_auto_aim/armor_detector/src/bound_solver.cpp:16:29:[m[K [01;31m[Kerror: [m[Ktemplate argument 1 is invalid
[5.455s]    16 |         [01;31m[Kimg.at<Eigen::Vec3b>(i, j)[m[K = cv::Vec3b(0, 0, 255);
[5.455s]       |         [01;31m[K~~~~~~~~~~~~~~~~~~~~^~~~~~[m[K
[5.455s] In file included from [01m[K/usr/include/opencv4/opencv2/core.hpp:58[m[K,
[5.455s]                  from [01m[K/usr/include/opencv4/opencv2/core/core.hpp:48[m[K,
[5.455s]                  from [01m[K/opt/ros/humble/include/cv_bridge/cv_bridge/cv_bridge.h:43[m[K,
[5.455s]                  from [01m[K/home/ckl/RM/Combat_vision2026/src/rm_auto_aim/armor_detector/include/armor_detector/bound_solver.hpp:14[m[K,
[5.455s]                  from [01m[K/home/ckl/RM/Combat_vision2026/src/rm_auto_aim/armor_detector/src/bound_solver.cpp:1[m[K:
[5.455s] [01m[K/usr/include/opencv4/opencv2/core/mat.hpp:1960:40:[m[K [01;36m[Knote: [m[Kcandidate: ‘[01m[Ktemplate<class _Tp, int n> _Tp& cv::Mat::at(const cv::Vec<int, n>&)[m[K’
[5.455s]  1960 |     template<typename _Tp, int n> _Tp& [01;36m[Kat[m[K(const Vec<int, n>& idx);
[5.455s]       |                                        [01;36m[K^~[m[K
[5.455s] [01m[K/usr/include/opencv4/opencv2/core/mat.hpp:1960:40:[m[K [01;36m[Knote: [m[K  template argument deduction/substitution failed:
[5.456s] [01m[K/home/ckl/RM/Combat_vision2026/src/rm_auto_aim/armor_detector/src/bound_solver.cpp:16:29:[m[K [01;31m[Kerror: [m[Ktemplate argument 1 is invalid
[5.456s]    16 |         [01;31m[Kimg.at<Eigen::Vec3b>(i, j)[m[K = cv::Vec3b(0, 0, 255);
[5.456s]       |         [01;31m[K~~~~~~~~~~~~~~~~~~~~^~~~~~[m[K
[5.456s] In file included from [01m[K/usr/include/opencv4/opencv2/core.hpp:58[m[K,
[5.456s]                  from [01m[K/usr/include/opencv4/opencv2/core/core.hpp:48[m[K,
[5.456s]                  from [01m[K/opt/ros/humble/include/cv_bridge/cv_bridge/cv_bridge.h:43[m[K,
[5.456s]                  from [01m[K/home/ckl/RM/Combat_vision2026/src/rm_auto_aim/armor_detector/include/armor_detector/bound_solver.hpp:14[m[K,
[5.456s]                  from [01m[K/home/ckl/RM/Combat_vision2026/src/rm_auto_aim/armor_detector/src/bound_solver.cpp:1[m[K:
[5.456s] [01m[K/usr/include/opencv4/opencv2/core/mat.hpp:1962:46:[m[K [01;36m[Knote: [m[Kcandidate: ‘[01m[Ktemplate<class _Tp, int n> const _Tp& cv::Mat::at(const cv::Vec<int, n>&) const[m[K’
[5.456s]  1962 |     template<typename _Tp, int n> const _Tp& [01;36m[Kat[m[K(const Vec<int, n>& idx) const;
[5.456s]       |                                              [01;36m[K^~[m[K
[5.456s] [01m[K/usr/include/opencv4/opencv2/core/mat.hpp:1962:46:[m[K [01;36m[Knote: [m[K  template argument deduction/substitution failed:
[5.456s] [01m[K/home/ckl/RM/Combat_vision2026/src/rm_auto_aim/armor_detector/src/bound_solver.cpp:16:29:[m[K [01;31m[Kerror: [m[Ktemplate argument 1 is invalid
[5.456s]    16 |         [01;31m[Kimg.at<Eigen::Vec3b>(i, j)[m[K = cv::Vec3b(0, 0, 255);
[5.456s]       |         [01;31m[K~~~~~~~~~~~~~~~~~~~~^~~~~~[m[K
[5.456s] In file included from [01m[K/usr/include/opencv4/opencv2/core.hpp:58[m[K,
[5.456s]                  from [01m[K/usr/include/opencv4/opencv2/core/core.hpp:48[m[K,
[5.456s]                  from [01m[K/opt/ros/humble/include/cv_bridge/cv_bridge/cv_bridge.h:43[m[K,
[5.456s]                  from [01m[K/home/ckl/RM/Combat_vision2026/src/rm_auto_aim/armor_detector/include/armor_detector/bound_solver.hpp:14[m[K,
[5.456s]                  from [01m[K/home/ckl/RM/Combat_vision2026/src/rm_auto_aim/armor_detector/src/bound_solver.cpp:1[m[K:
[5.456s] [01m[K/usr/include/opencv4/opencv2/core/mat.hpp:1968:33:[m[K [01;36m[Knote: [m[Kcandidate: ‘[01m[Ktemplate<class _Tp> _Tp& cv::Mat::at(cv::Point)[m[K’
[5.456s]  1968 |     template<typename _Tp> _Tp& [01;36m[Kat[m[K(Point pt);
[5.456s]       |                                 [01;36m[K^~[m[K
[5.456s] [01m[K/usr/include/opencv4/opencv2/core/mat.hpp:1968:33:[m[K [01;36m[Knote: [m[K  template argument deduction/substitution failed:
[5.456s] [01m[K/home/ckl/RM/Combat_vision2026/src/rm_auto_aim/armor_detector/src/bound_solver.cpp:16:29:[m[K [01;31m[Kerror: [m[Ktemplate argument 1 is invalid
[5.456s]    16 |         [01;31m[Kimg.at<Eigen::Vec3b>(i, j)[m[K = cv::Vec3b(0, 0, 255);
[5.456s]       |         [01;31m[K~~~~~~~~~~~~~~~~~~~~^~~~~~[m[K
[5.457s] In file included from [01m[K/usr/include/opencv4/opencv2/core.hpp:58[m[K,
[5.457s]                  from [01m[K/usr/include/opencv4/opencv2/core/core.hpp:48[m[K,
[5.457s]                  from [01m[K/opt/ros/humble/include/cv_bridge/cv_bridge/cv_bridge.h:43[m[K,
[5.457s]                  from [01m[K/home/ckl/RM/Combat_vision2026/src/rm_auto_aim/armor_detector/include/armor_detector/bound_solver.hpp:14[m[K,
[5.457s]                  from [01m[K/home/ckl/RM/Combat_vision2026/src/rm_auto_aim/armor_detector/src/bound_solver.cpp:1[m[K:
[5.457s] [01m[K/usr/include/opencv4/opencv2/core/mat.hpp:1973:39:[m[K [01;36m[Knote: [m[Kcandidate: ‘[01m[Ktemplate<class _Tp> const _Tp& cv::Mat::at(cv::Point) const[m[K’
[5.457s]  1973 |     template<typename _Tp> const _Tp& [01;36m[Kat[m[K(Point pt) const;
[5.457s]       |                                       [01;36m[K^~[m[K
[5.457s] [01m[K/usr/include/opencv4/opencv2/core/mat.hpp:1973:39:[m[K [01;36m[Knote: [m[K  template argument deduction/substitution failed:
[5.457s] [01m[K/home/ckl/RM/Combat_vision2026/src/rm_auto_aim/armor_detector/src/bound_solver.cpp:16:29:[m[K [01;31m[Kerror: [m[Ktemplate argument 1 is invalid
[5.457s]    16 |         [01;31m[Kimg.at<Eigen::Vec3b>(i, j)[m[K = cv::Vec3b(0, 0, 255);
[5.457s]       |         [01;31m[K~~~~~~~~~~~~~~~~~~~~^~~~~~[m[K
[8.443s] gmake[2]: *** [CMakeFiles/armor_detector.dir/build.make:135：CMakeFiles/armor_detector.dir/src/bound_solver.cpp.o] 错误 1
[8.444s] gmake[1]: *** [CMakeFiles/Makefile2:185：CMakeFiles/armor_detector.dir/all] 错误 2
[8.444s] gmake: *** [Makefile:146：all] 错误 2
[8.446s] Invoked command in '/home/ckl/RM/Combat_vision2026/build/armor_detector' returned '2': CMAKE_PREFIX_PATH=/home/ckl/RM/Combat_vision2026/install/rm_utils:/home/ckl/RM/Combat_vision2026/install/rm_interfaces:/home/ckl/RM/Combat_vision2026/install/rm_bringup:/home/ckl/RM/Combat_vision2026/install/rm_serial_driver:/home/ckl/RM/Combat_vision2026/install/rm_auto_aim:/home/ckl/RM/Combat_vision2026/install/armor_solver:/home/ckl/RM/Combat_vision2026/install/armor_detector:/home/ckl/RM/Combat_vision2026/install/rm_robot_description:/home/ckl/RM/Combat_vision2026/install/hik_camera:/opt/ros/humble LD_LIBRARY_PATH=/home/ckl/RM/Combat_vision2026/install/rm_utils/lib:/home/ckl/RM/Combat_vision2026/install/rm_interfaces/lib:/home/ckl/RM/Combat_vision2026/install/rm_serial_driver/lib:/home/ckl/RM/Combat_vision2026/install/armor_solver/lib:/home/ckl/RM/Combat_vision2026/install/armor_detector/lib:/home/ckl/RM/Combat_vision2026/install/hik_camera/lib:/opt/ros/humble/opt/rviz_ogre_vendor/lib:/opt/ros/humble/lib/x86_64-linux-gnu:/opt/ros/humble/lib /usr/bin/cmake --build /home/ckl/RM/Combat_vision2026/build/armor_detector -- -j16 -l16
