[0.035s] Invoking command in '/home/ckl/RM/Combat_vision2026/build/rm_robot_description': CMAKE_PREFIX_PATH=/opt/ros/humble /usr/bin/cmake --build /home/ckl/RM/Combat_vision2026/build/rm_robot_description -- -j16 -l16
[0.050s] Invoked command in '/home/ckl/RM/Combat_vision2026/build/rm_robot_description' returned '0': CMAKE_PREFIX_PATH=/opt/ros/humble /usr/bin/cmake --build /home/ckl/RM/Combat_vision2026/build/rm_robot_description -- -j16 -l16
[0.056s] Invoking command in '/home/ckl/RM/Combat_vision2026/build/rm_robot_description': CMAKE_PREFIX_PATH=/opt/ros/humble /usr/bin/cmake --install /home/ckl/RM/Combat_vision2026/build/rm_robot_description
[0.059s] -- Install configuration: ""
[0.059s] -- Up-to-date: /home/ckl/RM/Combat_vision2026/install/rm_robot_description/share/rm_robot_description/urdf
[0.059s] -- Up-to-date: /home/ckl/RM/Combat_vision2026/install/rm_robot_description/share/rm_robot_description/urdf/sentry.urdf.xacro
[0.059s] -- Up-to-date: /home/ckl/RM/Combat_vision2026/install/rm_robot_description/share/rm_robot_description/urdf/rm_gimbal.urdf.xacro
[0.059s] -- Up-to-date: /home/ckl/RM/Combat_vision2026/install/rm_robot_description/share/ament_index/resource_index/package_run_dependencies/rm_robot_description
[0.059s] -- Up-to-date: /home/ckl/RM/Combat_vision2026/install/rm_robot_description/share/ament_index/resource_index/parent_prefix_path/rm_robot_description
[0.059s] -- Up-to-date: /home/ckl/RM/Combat_vision2026/install/rm_robot_description/share/rm_robot_description/environment/ament_prefix_path.sh
[0.059s] -- Up-to-date: /home/ckl/RM/Combat_vision2026/install/rm_robot_description/share/rm_robot_description/environment/ament_prefix_path.dsv
[0.059s] -- Up-to-date: /home/ckl/RM/Combat_vision2026/install/rm_robot_description/share/rm_robot_description/environment/path.sh
[0.059s] -- Up-to-date: /home/ckl/RM/Combat_vision2026/install/rm_robot_description/share/rm_robot_description/environment/path.dsv
[0.059s] -- Up-to-date: /home/ckl/RM/Combat_vision2026/install/rm_robot_description/share/rm_robot_description/local_setup.bash
[0.059s] -- Up-to-date: /home/ckl/RM/Combat_vision2026/install/rm_robot_description/share/rm_robot_description/local_setup.sh
[0.059s] -- Up-to-date: /home/ckl/RM/Combat_vision2026/install/rm_robot_description/share/rm_robot_description/local_setup.zsh
[0.059s] -- Up-to-date: /home/ckl/RM/Combat_vision2026/install/rm_robot_description/share/rm_robot_description/local_setup.dsv
[0.059s] -- Up-to-date: /home/ckl/RM/Combat_vision2026/install/rm_robot_description/share/rm_robot_description/package.dsv
[0.059s] -- Up-to-date: /home/ckl/RM/Combat_vision2026/install/rm_robot_description/share/ament_index/resource_index/packages/rm_robot_description
[0.059s] -- Up-to-date: /home/ckl/RM/Combat_vision2026/install/rm_robot_description/share/rm_robot_description/cmake/rm_robot_descriptionConfig.cmake
[0.060s] -- Up-to-date: /home/ckl/RM/Combat_vision2026/install/rm_robot_description/share/rm_robot_description/cmake/rm_robot_descriptionConfig-version.cmake
[0.060s] -- Up-to-date: /home/ckl/RM/Combat_vision2026/install/rm_robot_description/share/rm_robot_description/package.xml
[0.061s] Invoked command in '/home/ckl/RM/Combat_vision2026/build/rm_robot_description' returned '0': CMAKE_PREFIX_PATH=/opt/ros/humble /usr/bin/cmake --install /home/ckl/RM/Combat_vision2026/build/rm_robot_description
