[0.018s] Invoking command in '/home/ckl/RM/Combat_vision2026/build/armor_detector': CMAKE_PREFIX_PATH=/home/ckl/RM/Combat_vision2026/install/rm_utils:/home/ckl/RM/Combat_vision2026/install/rm_interfaces:/home/ckl/RM/Combat_vision2026/install/rm_bringup:/home/ckl/RM/Combat_vision2026/install/rm_serial_driver:/home/ckl/RM/Combat_vision2026/install/rm_auto_aim:/home/ckl/RM/Combat_vision2026/install/armor_solver:/home/ckl/RM/Combat_vision2026/install/armor_detector:/home/ckl/RM/Combat_vision2026/install/rm_robot_description:/home/ckl/RM/Combat_vision2026/install/hik_camera:/opt/ros/humble LD_LIBRARY_PATH=/home/ckl/RM/Combat_vision2026/install/rm_utils/lib:/home/ckl/RM/Combat_vision2026/install/rm_interfaces/lib:/home/ckl/RM/Combat_vision2026/install/rm_serial_driver/lib:/home/ckl/RM/Combat_vision2026/install/armor_solver/lib:/home/ckl/RM/Combat_vision2026/install/armor_detector/lib:/home/ckl/RM/Combat_vision2026/install/hik_camera/lib:/opt/ros/humble/opt/rviz_ogre_vendor/lib:/opt/ros/humble/lib/x86_64-linux-gnu:/opt/ros/humble/lib /usr/bin/cmake --build /home/ckl/RM/Combat_vision2026/build/armor_detector -- -j16 -l16
[0.056s] [ 14%] Built target gtest_main
[0.056s] [ 14%] Built target gtest
[0.058s] [ 22%] Built target armor_detector_node
[0.106s] [ 25%] [32mBuilding CXX object CMakeFiles/armor_detector.dir/src/spiral.cpp.o[0m
[11.940s] [ 29%] [1m[32mLinking CXX shared library libarmor_detector.so[0m
[12.244s] [ 59%] Built target armor_detector
[12.267s] [ 62%] [32mBuilding CXX object CMakeFiles/test_detector.dir/test/test_detector.cpp.o[0m
[12.303s] [ 66%] [32mBuilding CXX object CMakeFiles/spiral_detector.dir/src/spiral.cpp.o[0m
[12.305s] [ 74%] [32mBuilding CXX object CMakeFiles/spiral_detector.dir/src/light_corner_corrector.cpp.o[0m
[12.305s] [ 74%] [32mBuilding CXX object CMakeFiles/spiral_detector.dir/src/armor_detector.cpp.o[0m
[12.305s] [ 77%] [32mBuilding CXX object CMakeFiles/spiral_detector.dir/src/number_classifier.cpp.o[0m
[12.306s] [ 85%] [32mBuilding CXX object CMakeFiles/spiral_detector.dir/src/armor_pose_estimator.cpp.o[0m
[12.306s] [ 85%] [32mBuilding CXX object CMakeFiles/spiral_detector.dir/src/ba_solver.cpp.o[0m
[12.306s] [ 88%] [32mBuilding CXX object CMakeFiles/spiral_detector.dir/src/graph_optimizer.cpp.o[0m
[12.308s] [ 92%] [32mBuilding CXX object CMakeFiles/spiral_detector.dir/src/bound_solver.cpp.o[0m
[17.673s] [ 96%] [1m[32mLinking CXX executable test_detector[0m
[18.215s] [ 96%] Built target test_detector
[26.686s] [100%] [1m[32mLinking CXX executable spiral_detector[0m
[26.846s] /usr/bin/ld: warning: libtbb.so.2, needed by /usr/lib/x86_64-linux-gnu/libopencv_core.so.4.5.4d, may conflict with libtbb.so.12
[27.174s] [100%] Built target spiral_detector
[27.185s] Invoked command in '/home/ckl/RM/Combat_vision2026/build/armor_detector' returned '0': CMAKE_PREFIX_PATH=/home/ckl/RM/Combat_vision2026/install/rm_utils:/home/ckl/RM/Combat_vision2026/install/rm_interfaces:/home/ckl/RM/Combat_vision2026/install/rm_bringup:/home/ckl/RM/Combat_vision2026/install/rm_serial_driver:/home/ckl/RM/Combat_vision2026/install/rm_auto_aim:/home/ckl/RM/Combat_vision2026/install/armor_solver:/home/ckl/RM/Combat_vision2026/install/armor_detector:/home/ckl/RM/Combat_vision2026/install/rm_robot_description:/home/ckl/RM/Combat_vision2026/install/hik_camera:/opt/ros/humble LD_LIBRARY_PATH=/home/ckl/RM/Combat_vision2026/install/rm_utils/lib:/home/ckl/RM/Combat_vision2026/install/rm_interfaces/lib:/home/ckl/RM/Combat_vision2026/install/rm_serial_driver/lib:/home/ckl/RM/Combat_vision2026/install/armor_solver/lib:/home/ckl/RM/Combat_vision2026/install/armor_detector/lib:/home/ckl/RM/Combat_vision2026/install/hik_camera/lib:/opt/ros/humble/opt/rviz_ogre_vendor/lib:/opt/ros/humble/lib/x86_64-linux-gnu:/opt/ros/humble/lib /usr/bin/cmake --build /home/ckl/RM/Combat_vision2026/build/armor_detector -- -j16 -l16
[27.192s] Invoking command in '/home/ckl/RM/Combat_vision2026/build/armor_detector': CMAKE_PREFIX_PATH=/home/ckl/RM/Combat_vision2026/install/rm_utils:/home/ckl/RM/Combat_vision2026/install/rm_interfaces:/home/ckl/RM/Combat_vision2026/install/rm_bringup:/home/ckl/RM/Combat_vision2026/install/rm_serial_driver:/home/ckl/RM/Combat_vision2026/install/rm_auto_aim:/home/ckl/RM/Combat_vision2026/install/armor_solver:/home/ckl/RM/Combat_vision2026/install/armor_detector:/home/ckl/RM/Combat_vision2026/install/rm_robot_description:/home/ckl/RM/Combat_vision2026/install/hik_camera:/opt/ros/humble LD_LIBRARY_PATH=/home/ckl/RM/Combat_vision2026/install/rm_utils/lib:/home/ckl/RM/Combat_vision2026/install/rm_interfaces/lib:/home/ckl/RM/Combat_vision2026/install/rm_serial_driver/lib:/home/ckl/RM/Combat_vision2026/install/armor_solver/lib:/home/ckl/RM/Combat_vision2026/install/armor_detector/lib:/home/ckl/RM/Combat_vision2026/install/hik_camera/lib:/opt/ros/humble/opt/rviz_ogre_vendor/lib:/opt/ros/humble/lib/x86_64-linux-gnu:/opt/ros/humble/lib /usr/bin/cmake --install /home/ckl/RM/Combat_vision2026/build/armor_detector
[27.195s] -- Install configuration: ""
[27.195s] -- Installing: /home/ckl/RM/Combat_vision2026/install/armor_detector/lib/armor_detector/spiral_detector
[27.196s] -- Set non-toolchain portion of runtime path of "/home/ckl/RM/Combat_vision2026/install/armor_detector/lib/armor_detector/spiral_detector" to ""
[27.196s] -- Up-to-date: /home/ckl/RM/Combat_vision2026/install/armor_detector/lib/armor_detector/armor_detector_node
[27.196s] -- Up-to-date: /home/ckl/RM/Combat_vision2026/install/armor_detector/include
[27.196s] -- Up-to-date: /home/ckl/RM/Combat_vision2026/install/armor_detector/include/armor_detector
[27.196s] -- Up-to-date: /home/ckl/RM/Combat_vision2026/install/armor_detector/include/armor_detector/light_corner_corrector.hpp
[27.197s] -- Up-to-date: /home/ckl/RM/Combat_vision2026/install/armor_detector/include/armor_detector/bound_solver.hpp
[27.197s] -- Installing: /home/ckl/RM/Combat_vision2026/install/armor_detector/include/armor_detector/types.hpp
[27.197s] -- Up-to-date: /home/ckl/RM/Combat_vision2026/install/armor_detector/include/armor_detector/ba_solver.hpp
[27.197s] -- Up-to-date: /home/ckl/RM/Combat_vision2026/install/armor_detector/include/armor_detector/armor_detector_node.hpp
[27.197s] -- Up-to-date: /home/ckl/RM/Combat_vision2026/install/armor_detector/include/armor_detector/armor_pose_estimator.hpp
[27.197s] -- Up-to-date: /home/ckl/RM/Combat_vision2026/install/armor_detector/include/armor_detector/number_classifier.hpp
[27.197s] -- Up-to-date: /home/ckl/RM/Combat_vision2026/install/armor_detector/include/armor_detector/armor_detector.hpp
[27.197s] -- Up-to-date: /home/ckl/RM/Combat_vision2026/install/armor_detector/include/armor_detector/graph_optimizer.hpp
[27.197s] -- Up-to-date: /home/ckl/RM/Combat_vision2026/install/armor_detector/share/armor_detector/environment/library_path.sh
[27.197s] -- Up-to-date: /home/ckl/RM/Combat_vision2026/install/armor_detector/share/armor_detector/environment/library_path.dsv
[27.197s] -- Installing: /home/ckl/RM/Combat_vision2026/install/armor_detector/lib/libarmor_detector.so
[27.202s] -- Set non-toolchain portion of runtime path of "/home/ckl/RM/Combat_vision2026/install/armor_detector/lib/libarmor_detector.so" to ""
[27.202s] -- Up-to-date: /home/ckl/RM/Combat_vision2026/install/armor_detector/share/armor_detector/docs
[27.202s] -- Up-to-date: /home/ckl/RM/Combat_vision2026/install/armor_detector/share/armor_detector/docs/origin1.png
[27.202s] -- Up-to-date: /home/ckl/RM/Combat_vision2026/install/armor_detector/share/armor_detector/docs/num_warp.png
[27.202s] -- Up-to-date: /home/ckl/RM/Combat_vision2026/install/armor_detector/share/armor_detector/docs/test.png
[27.202s] -- Up-to-date: /home/ckl/RM/Combat_vision2026/install/armor_detector/share/armor_detector/docs/gray_bin.png
[27.202s] -- Up-to-date: /home/ckl/RM/Combat_vision2026/install/armor_detector/share/armor_detector/docs/num_bin.png
[27.202s] -- Up-to-date: /home/ckl/RM/Combat_vision2026/install/armor_detector/share/armor_detector/docs/blue.png
[27.202s] -- Up-to-date: /home/ckl/RM/Combat_vision2026/install/armor_detector/share/armor_detector/docs/origin2.png
[27.202s] -- Up-to-date: /home/ckl/RM/Combat_vision2026/install/armor_detector/share/armor_detector/docs/BA.png
[27.203s] -- Up-to-date: /home/ckl/RM/Combat_vision2026/install/armor_detector/share/armor_detector/docs/pca1.png
[27.203s] -- Up-to-date: /home/ckl/RM/Combat_vision2026/install/armor_detector/share/armor_detector/docs/raw.png
[27.203s] -- Up-to-date: /home/ckl/RM/Combat_vision2026/install/armor_detector/share/armor_detector/docs/num_roi.png
[27.203s] -- Up-to-date: /home/ckl/RM/Combat_vision2026/install/armor_detector/share/armor_detector/docs/hsv_bin.png
[27.203s] -- Up-to-date: /home/ckl/RM/Combat_vision2026/install/armor_detector/share/armor_detector/docs/pca2.png
[27.203s] -- Up-to-date: /home/ckl/RM/Combat_vision2026/install/armor_detector/share/armor_detector/docs/num_raw.png
[27.203s] -- Up-to-date: /home/ckl/RM/Combat_vision2026/install/armor_detector/share/armor_detector/docs/model.svg
[27.203s] -- Up-to-date: /home/ckl/RM/Combat_vision2026/install/armor_detector/share/armor_detector/docs/red.png
[27.203s] -- Up-to-date: /home/ckl/RM/Combat_vision2026/install/armor_detector/share/armor_detector/docs/classify.png
[27.203s] -- Up-to-date: /home/ckl/RM/Combat_vision2026/install/armor_detector/share/armor_detector/model
[27.203s] -- Up-to-date: /home/ckl/RM/Combat_vision2026/install/armor_detector/share/armor_detector/model/label.txt
[27.203s] -- Up-to-date: /home/ckl/RM/Combat_vision2026/install/armor_detector/share/armor_detector/model/lenet.onnx
[27.203s] -- Up-to-date: /home/ckl/RM/Combat_vision2026/install/armor_detector/share/armor_detector/model/mlp.onnx
[27.203s] -- Up-to-date: /home/ckl/RM/Combat_vision2026/install/armor_detector/share/ament_index/resource_index/package_run_dependencies/armor_detector
[27.204s] -- Up-to-date: /home/ckl/RM/Combat_vision2026/install/armor_detector/share/ament_index/resource_index/parent_prefix_path/armor_detector
[27.204s] -- Up-to-date: /home/ckl/RM/Combat_vision2026/install/armor_detector/share/armor_detector/environment/ament_prefix_path.sh
[27.204s] -- Up-to-date: /home/ckl/RM/Combat_vision2026/install/armor_detector/share/armor_detector/environment/ament_prefix_path.dsv
[27.204s] -- Up-to-date: /home/ckl/RM/Combat_vision2026/install/armor_detector/share/armor_detector/environment/path.sh
[27.204s] -- Up-to-date: /home/ckl/RM/Combat_vision2026/install/armor_detector/share/armor_detector/environment/path.dsv
[27.204s] -- Up-to-date: /home/ckl/RM/Combat_vision2026/install/armor_detector/share/armor_detector/local_setup.bash
[27.204s] -- Up-to-date: /home/ckl/RM/Combat_vision2026/install/armor_detector/share/armor_detector/local_setup.sh
[27.204s] -- Up-to-date: /home/ckl/RM/Combat_vision2026/install/armor_detector/share/armor_detector/local_setup.zsh
[27.204s] -- Up-to-date: /home/ckl/RM/Combat_vision2026/install/armor_detector/share/armor_detector/local_setup.dsv
[27.204s] -- Installing: /home/ckl/RM/Combat_vision2026/install/armor_detector/share/armor_detector/package.dsv
[27.204s] -- Up-to-date: /home/ckl/RM/Combat_vision2026/install/armor_detector/share/ament_index/resource_index/packages/armor_detector
[27.204s] -- Up-to-date: /home/ckl/RM/Combat_vision2026/install/armor_detector/share/ament_index/resource_index/rclcpp_components/armor_detector
[27.204s] -- Up-to-date: /home/ckl/RM/Combat_vision2026/install/armor_detector/share/armor_detector/cmake/ament_cmake_export_dependencies-extras.cmake
[27.204s] -- Up-to-date: /home/ckl/RM/Combat_vision2026/install/armor_detector/share/armor_detector/cmake/ament_cmake_export_include_directories-extras.cmake
[27.205s] -- Up-to-date: /home/ckl/RM/Combat_vision2026/install/armor_detector/share/armor_detector/cmake/ament_cmake_export_libraries-extras.cmake
[27.205s] -- Up-to-date: /home/ckl/RM/Combat_vision2026/install/armor_detector/share/armor_detector/cmake/armor_detectorConfig.cmake
[27.205s] -- Up-to-date: /home/ckl/RM/Combat_vision2026/install/armor_detector/share/armor_detector/cmake/armor_detectorConfig-version.cmake
[27.205s] -- Up-to-date: /home/ckl/RM/Combat_vision2026/install/armor_detector/share/armor_detector/package.xml
[27.208s] Invoked command in '/home/ckl/RM/Combat_vision2026/build/armor_detector' returned '0': CMAKE_PREFIX_PATH=/home/ckl/RM/Combat_vision2026/install/rm_utils:/home/ckl/RM/Combat_vision2026/install/rm_interfaces:/home/ckl/RM/Combat_vision2026/install/rm_bringup:/home/ckl/RM/Combat_vision2026/install/rm_serial_driver:/home/ckl/RM/Combat_vision2026/install/rm_auto_aim:/home/ckl/RM/Combat_vision2026/install/armor_solver:/home/ckl/RM/Combat_vision2026/install/armor_detector:/home/ckl/RM/Combat_vision2026/install/rm_robot_description:/home/ckl/RM/Combat_vision2026/install/hik_camera:/opt/ros/humble LD_LIBRARY_PATH=/home/ckl/RM/Combat_vision2026/install/rm_utils/lib:/home/ckl/RM/Combat_vision2026/install/rm_interfaces/lib:/home/ckl/RM/Combat_vision2026/install/rm_serial_driver/lib:/home/ckl/RM/Combat_vision2026/install/armor_solver/lib:/home/ckl/RM/Combat_vision2026/install/armor_detector/lib:/home/ckl/RM/Combat_vision2026/install/hik_camera/lib:/opt/ros/humble/opt/rviz_ogre_vendor/lib:/opt/ros/humble/lib/x86_64-linux-gnu:/opt/ros/humble/lib /usr/bin/cmake --install /home/ckl/RM/Combat_vision2026/build/armor_detector
