[0.054s] Invoking command in '/home/ckl/RM/Combat_vision2026/build/armor_detector': AMENT_PREFIX_PATH=/home/ckl/RM/Combat_vision2026/install/rm_utils:/home/ckl/RM/Combat_vision2026/install/rm_interfaces:${AMENT_PREFIX_PATH} CMAKE_PREFIX_PATH=/home/ckl/RM/Combat_vision2026/install/rm_utils:/home/ckl/RM/Combat_vision2026/install/rm_interfaces:/opt/ros/humble LD_LIBRARY_PATH=/home/ckl/RM/Combat_vision2026/install/rm_utils/lib:/home/ckl/RM/Combat_vision2026/install/rm_interfaces/lib:${LD_LIBRARY_PATH} PYTHONPATH=/home/ckl/RM/Combat_vision2026/install/rm_interfaces/local/lib/python3.10/dist-packages:${PYTHONPATH} /usr/bin/cmake --build /home/ckl/RM/Combat_vision2026/build/armor_detector -- -j16 -l16
[0.195s] [  7%] Built target gtest
[0.195s] [ 14%] Built target gtest_main
[0.206s] [ 22%] Built target armor_detector_node
[0.256s] [ 29%] [32mBuilding CXX object CMakeFiles/armor_detector.dir/src/bound_solver.cpp.o[0m
[0.256s] [ 29%] [32mBuilding CXX object CMakeFiles/armor_detector.dir/src/spiral.cpp.o[0m
[14.919s] [ 33%] [1m[32mLinking CXX shared library libarmor_detector.so[0m
[15.501s] [ 59%] Built target armor_detector
[15.536s] [ 62%] [1m[32mLinking CXX executable test_detector[0m
[15.588s] [ 66%] [32mBuilding CXX object CMakeFiles/spiral_detector.dir/src/spiral.cpp.o[0m
[15.589s] [ 70%] [32mBuilding CXX object CMakeFiles/spiral_detector.dir/src/bound_solver.cpp.o[0m
[16.029s] [ 74%] Built target test_detector
[29.570s] [ 77%] [1m[32mLinking CXX executable spiral_detector[0m
[29.759s] /usr/bin/ld: warning: libtbb.so.2, needed by /usr/lib/x86_64-linux-gnu/libopencv_core.so.4.5.4d, may conflict with libtbb.so.12
[30.068s] [100%] Built target spiral_detector
[30.079s] Invoked command in '/home/ckl/RM/Combat_vision2026/build/armor_detector' returned '0': AMENT_PREFIX_PATH=/home/ckl/RM/Combat_vision2026/install/rm_utils:/home/ckl/RM/Combat_vision2026/install/rm_interfaces:${AMENT_PREFIX_PATH} CMAKE_PREFIX_PATH=/home/ckl/RM/Combat_vision2026/install/rm_utils:/home/ckl/RM/Combat_vision2026/install/rm_interfaces:/opt/ros/humble LD_LIBRARY_PATH=/home/ckl/RM/Combat_vision2026/install/rm_utils/lib:/home/ckl/RM/Combat_vision2026/install/rm_interfaces/lib:${LD_LIBRARY_PATH} PYTHONPATH=/home/ckl/RM/Combat_vision2026/install/rm_interfaces/local/lib/python3.10/dist-packages:${PYTHONPATH} /usr/bin/cmake --build /home/ckl/RM/Combat_vision2026/build/armor_detector -- -j16 -l16
[30.087s] Invoking command in '/home/ckl/RM/Combat_vision2026/build/armor_detector': AMENT_PREFIX_PATH=/home/ckl/RM/Combat_vision2026/install/rm_utils:/home/ckl/RM/Combat_vision2026/install/rm_interfaces:${AMENT_PREFIX_PATH} CMAKE_PREFIX_PATH=/home/ckl/RM/Combat_vision2026/install/rm_utils:/home/ckl/RM/Combat_vision2026/install/rm_interfaces:/opt/ros/humble LD_LIBRARY_PATH=/home/ckl/RM/Combat_vision2026/install/rm_utils/lib:/home/ckl/RM/Combat_vision2026/install/rm_interfaces/lib:${LD_LIBRARY_PATH} PYTHONPATH=/home/ckl/RM/Combat_vision2026/install/rm_interfaces/local/lib/python3.10/dist-packages:${PYTHONPATH} /usr/bin/cmake --install /home/ckl/RM/Combat_vision2026/build/armor_detector
[30.092s] -- Install configuration: ""
[30.093s] -- Installing: /home/ckl/RM/Combat_vision2026/install/armor_detector/lib/armor_detector/spiral_detector
[30.094s] -- Set non-toolchain portion of runtime path of "/home/ckl/RM/Combat_vision2026/install/armor_detector/lib/armor_detector/spiral_detector" to ""
[30.096s] -- Up-to-date: /home/ckl/RM/Combat_vision2026/install/armor_detector/lib/armor_detector/armor_detector_node
[30.096s] -- Up-to-date: /home/ckl/RM/Combat_vision2026/install/armor_detector/include
[30.096s] -- Up-to-date: /home/ckl/RM/Combat_vision2026/install/armor_detector/include/armor_detector
[30.096s] -- Up-to-date: /home/ckl/RM/Combat_vision2026/install/armor_detector/include/armor_detector/light_corner_corrector.hpp
[30.096s] -- Up-to-date: /home/ckl/RM/Combat_vision2026/install/armor_detector/include/armor_detector/bound_solver.hpp
[30.096s] -- Up-to-date: /home/ckl/RM/Combat_vision2026/install/armor_detector/include/armor_detector/types.hpp
[30.096s] -- Up-to-date: /home/ckl/RM/Combat_vision2026/install/armor_detector/include/armor_detector/ba_solver.hpp
[30.096s] -- Up-to-date: /home/ckl/RM/Combat_vision2026/install/armor_detector/include/armor_detector/armor_detector_node.hpp
[30.096s] -- Up-to-date: /home/ckl/RM/Combat_vision2026/install/armor_detector/include/armor_detector/armor_pose_estimator.hpp
[30.097s] -- Up-to-date: /home/ckl/RM/Combat_vision2026/install/armor_detector/include/armor_detector/number_classifier.hpp
[30.097s] -- Up-to-date: /home/ckl/RM/Combat_vision2026/install/armor_detector/include/armor_detector/armor_detector.hpp
[30.097s] -- Up-to-date: /home/ckl/RM/Combat_vision2026/install/armor_detector/include/armor_detector/graph_optimizer.hpp
[30.097s] -- Up-to-date: /home/ckl/RM/Combat_vision2026/install/armor_detector/share/armor_detector/environment/library_path.sh
[30.097s] -- Up-to-date: /home/ckl/RM/Combat_vision2026/install/armor_detector/share/armor_detector/environment/library_path.dsv
[30.098s] -- Installing: /home/ckl/RM/Combat_vision2026/install/armor_detector/lib/libarmor_detector.so
[30.102s] -- Set non-toolchain portion of runtime path of "/home/ckl/RM/Combat_vision2026/install/armor_detector/lib/libarmor_detector.so" to ""
[30.102s] -- Up-to-date: /home/ckl/RM/Combat_vision2026/install/armor_detector/share/armor_detector/docs
[30.103s] -- Up-to-date: /home/ckl/RM/Combat_vision2026/install/armor_detector/share/armor_detector/docs/origin1.png
[30.103s] -- Up-to-date: /home/ckl/RM/Combat_vision2026/install/armor_detector/share/armor_detector/docs/num_warp.png
[30.103s] -- Up-to-date: /home/ckl/RM/Combat_vision2026/install/armor_detector/share/armor_detector/docs/test.png
[30.103s] -- Up-to-date: /home/ckl/RM/Combat_vision2026/install/armor_detector/share/armor_detector/docs/gray_bin.png
[30.103s] -- Up-to-date: /home/ckl/RM/Combat_vision2026/install/armor_detector/share/armor_detector/docs/num_bin.png
[30.103s] -- Up-to-date: /home/ckl/RM/Combat_vision2026/install/armor_detector/share/armor_detector/docs/blue.png
[30.103s] -- Up-to-date: /home/ckl/RM/Combat_vision2026/install/armor_detector/share/armor_detector/docs/origin2.png
[30.103s] -- Up-to-date: /home/ckl/RM/Combat_vision2026/install/armor_detector/share/armor_detector/docs/BA.png
[30.103s] -- Up-to-date: /home/ckl/RM/Combat_vision2026/install/armor_detector/share/armor_detector/docs/pca1.png
[30.103s] -- Up-to-date: /home/ckl/RM/Combat_vision2026/install/armor_detector/share/armor_detector/docs/raw.png
[30.103s] -- Up-to-date: /home/ckl/RM/Combat_vision2026/install/armor_detector/share/armor_detector/docs/num_roi.png
[30.103s] -- Up-to-date: /home/ckl/RM/Combat_vision2026/install/armor_detector/share/armor_detector/docs/hsv_bin.png
[30.103s] -- Up-to-date: /home/ckl/RM/Combat_vision2026/install/armor_detector/share/armor_detector/docs/pca2.png
[30.103s] -- Up-to-date: /home/ckl/RM/Combat_vision2026/install/armor_detector/share/armor_detector/docs/num_raw.png
[30.104s] -- Up-to-date: /home/ckl/RM/Combat_vision2026/install/armor_detector/share/armor_detector/docs/model.svg
[30.104s] -- Up-to-date: /home/ckl/RM/Combat_vision2026/install/armor_detector/share/armor_detector/docs/red.png
[30.104s] -- Up-to-date: /home/ckl/RM/Combat_vision2026/install/armor_detector/share/armor_detector/docs/classify.png
[30.104s] -- Up-to-date: /home/ckl/RM/Combat_vision2026/install/armor_detector/share/armor_detector/model
[30.104s] -- Up-to-date: /home/ckl/RM/Combat_vision2026/install/armor_detector/share/armor_detector/model/label.txt
[30.104s] -- Up-to-date: /home/ckl/RM/Combat_vision2026/install/armor_detector/share/armor_detector/model/lenet.onnx
[30.104s] -- Up-to-date: /home/ckl/RM/Combat_vision2026/install/armor_detector/share/armor_detector/model/mlp.onnx
[30.104s] -- Up-to-date: /home/ckl/RM/Combat_vision2026/install/armor_detector/share/ament_index/resource_index/package_run_dependencies/armor_detector
[30.104s] -- Up-to-date: /home/ckl/RM/Combat_vision2026/install/armor_detector/share/ament_index/resource_index/parent_prefix_path/armor_detector
[30.104s] -- Up-to-date: /home/ckl/RM/Combat_vision2026/install/armor_detector/share/armor_detector/environment/ament_prefix_path.sh
[30.104s] -- Up-to-date: /home/ckl/RM/Combat_vision2026/install/armor_detector/share/armor_detector/environment/ament_prefix_path.dsv
[30.105s] -- Up-to-date: /home/ckl/RM/Combat_vision2026/install/armor_detector/share/armor_detector/environment/path.sh
[30.105s] -- Up-to-date: /home/ckl/RM/Combat_vision2026/install/armor_detector/share/armor_detector/environment/path.dsv
[30.105s] -- Up-to-date: /home/ckl/RM/Combat_vision2026/install/armor_detector/share/armor_detector/local_setup.bash
[30.105s] -- Up-to-date: /home/ckl/RM/Combat_vision2026/install/armor_detector/share/armor_detector/local_setup.sh
[30.105s] -- Up-to-date: /home/ckl/RM/Combat_vision2026/install/armor_detector/share/armor_detector/local_setup.zsh
[30.105s] -- Up-to-date: /home/ckl/RM/Combat_vision2026/install/armor_detector/share/armor_detector/local_setup.dsv
[30.105s] -- Installing: /home/ckl/RM/Combat_vision2026/install/armor_detector/share/armor_detector/package.dsv
[30.105s] -- Up-to-date: /home/ckl/RM/Combat_vision2026/install/armor_detector/share/ament_index/resource_index/packages/armor_detector
[30.105s] -- Up-to-date: /home/ckl/RM/Combat_vision2026/install/armor_detector/share/ament_index/resource_index/rclcpp_components/armor_detector
[30.105s] -- Up-to-date: /home/ckl/RM/Combat_vision2026/install/armor_detector/share/armor_detector/cmake/ament_cmake_export_dependencies-extras.cmake
[30.105s] -- Up-to-date: /home/ckl/RM/Combat_vision2026/install/armor_detector/share/armor_detector/cmake/ament_cmake_export_include_directories-extras.cmake
[30.105s] -- Up-to-date: /home/ckl/RM/Combat_vision2026/install/armor_detector/share/armor_detector/cmake/ament_cmake_export_libraries-extras.cmake
[30.106s] -- Up-to-date: /home/ckl/RM/Combat_vision2026/install/armor_detector/share/armor_detector/cmake/armor_detectorConfig.cmake
[30.106s] -- Up-to-date: /home/ckl/RM/Combat_vision2026/install/armor_detector/share/armor_detector/cmake/armor_detectorConfig-version.cmake
[30.106s] -- Up-to-date: /home/ckl/RM/Combat_vision2026/install/armor_detector/share/armor_detector/package.xml
[30.108s] Invoked command in '/home/ckl/RM/Combat_vision2026/build/armor_detector' returned '0': AMENT_PREFIX_PATH=/home/ckl/RM/Combat_vision2026/install/rm_utils:/home/ckl/RM/Combat_vision2026/install/rm_interfaces:${AMENT_PREFIX_PATH} CMAKE_PREFIX_PATH=/home/ckl/RM/Combat_vision2026/install/rm_utils:/home/ckl/RM/Combat_vision2026/install/rm_interfaces:/opt/ros/humble LD_LIBRARY_PATH=/home/ckl/RM/Combat_vision2026/install/rm_utils/lib:/home/ckl/RM/Combat_vision2026/install/rm_interfaces/lib:${LD_LIBRARY_PATH} PYTHONPATH=/home/ckl/RM/Combat_vision2026/install/rm_interfaces/local/lib/python3.10/dist-packages:${PYTHONPATH} /usr/bin/cmake --install /home/ckl/RM/Combat_vision2026/build/armor_detector
