[0.016s] Invoking command in '/home/ckl/RM/Combat_vision2026/build/armor_detector': AMENT_PREFIX_PATH=/home/ckl/RM/Combat_vision2026/install/rm_utils:/home/ckl/RM/Combat_vision2026/install/rm_interfaces:${AMENT_PREFIX_PATH} CMAKE_PREFIX_PATH=/home/ckl/RM/Combat_vision2026/install/rm_utils:/home/ckl/RM/Combat_vision2026/install/rm_interfaces:/opt/ros/humble LD_LIBRARY_PATH=/home/ckl/RM/Combat_vision2026/install/rm_utils/lib:/home/ckl/RM/Combat_vision2026/install/rm_interfaces/lib:${LD_LIBRARY_PATH} PYTHONPATH=/home/ckl/RM/Combat_vision2026/install/rm_interfaces/local/lib/python3.10/dist-packages:${PYTHONPATH} /usr/bin/cmake --build /home/ckl/RM/Combat_vision2026/build/armor_detector -- -j16 -l16
[0.051s] [  8%] Built target gtest
[0.051s] [ 16%] Built target gtest_main
[0.053s] [ 24%] Built target armor_detector_node
[0.093s] [ 28%] [32mBuilding CXX object CMakeFiles/armor_detector.dir/src/spiral.cpp.o[0m
[10.663s] [ 32%] [1m[32mLinking CXX shared library libarmor_detector.so[0m
[11.331s] [ 60%] Built target armor_detector
[11.352s] [ 64%] [1m[32mLinking CXX executable test_detector[0m
[11.387s] [ 68%] [32mBuilding CXX object CMakeFiles/spiral_detector.dir/src/spiral.cpp.o[0m
[11.911s] [ 72%] Built target test_detector
[21.844s] [ 76%] [1m[32mLinking CXX executable spiral_detector[0m
[22.038s] /usr/bin/ld: warning: libtbb.so.2, needed by /usr/lib/x86_64-linux-gnu/libopencv_core.so.4.5.4d, may conflict with libtbb.so.12
[22.373s] [100%] Built target spiral_detector
[22.384s] Invoked command in '/home/ckl/RM/Combat_vision2026/build/armor_detector' returned '0': AMENT_PREFIX_PATH=/home/ckl/RM/Combat_vision2026/install/rm_utils:/home/ckl/RM/Combat_vision2026/install/rm_interfaces:${AMENT_PREFIX_PATH} CMAKE_PREFIX_PATH=/home/ckl/RM/Combat_vision2026/install/rm_utils:/home/ckl/RM/Combat_vision2026/install/rm_interfaces:/opt/ros/humble LD_LIBRARY_PATH=/home/ckl/RM/Combat_vision2026/install/rm_utils/lib:/home/ckl/RM/Combat_vision2026/install/rm_interfaces/lib:${LD_LIBRARY_PATH} PYTHONPATH=/home/ckl/RM/Combat_vision2026/install/rm_interfaces/local/lib/python3.10/dist-packages:${PYTHONPATH} /usr/bin/cmake --build /home/ckl/RM/Combat_vision2026/build/armor_detector -- -j16 -l16
[22.389s] Invoking command in '/home/ckl/RM/Combat_vision2026/build/armor_detector': AMENT_PREFIX_PATH=/home/ckl/RM/Combat_vision2026/install/rm_utils:/home/ckl/RM/Combat_vision2026/install/rm_interfaces:${AMENT_PREFIX_PATH} CMAKE_PREFIX_PATH=/home/ckl/RM/Combat_vision2026/install/rm_utils:/home/ckl/RM/Combat_vision2026/install/rm_interfaces:/opt/ros/humble LD_LIBRARY_PATH=/home/ckl/RM/Combat_vision2026/install/rm_utils/lib:/home/ckl/RM/Combat_vision2026/install/rm_interfaces/lib:${LD_LIBRARY_PATH} PYTHONPATH=/home/ckl/RM/Combat_vision2026/install/rm_interfaces/local/lib/python3.10/dist-packages:${PYTHONPATH} /usr/bin/cmake --install /home/ckl/RM/Combat_vision2026/build/armor_detector
[22.397s] -- Install configuration: ""
[22.399s] -- Installing: /home/ckl/RM/Combat_vision2026/install/armor_detector/lib/armor_detector/spiral_detector
[22.400s] -- Set non-toolchain portion of runtime path of "/home/ckl/RM/Combat_vision2026/install/armor_detector/lib/armor_detector/spiral_detector" to ""
[22.401s] -- Up-to-date: /home/ckl/RM/Combat_vision2026/install/armor_detector/lib/armor_detector/armor_detector_node
[22.401s] -- Up-to-date: /home/ckl/RM/Combat_vision2026/install/armor_detector/include
[22.402s] -- Up-to-date: /home/ckl/RM/Combat_vision2026/install/armor_detector/include/armor_detector
[22.402s] -- Up-to-date: /home/ckl/RM/Combat_vision2026/install/armor_detector/include/armor_detector/light_corner_corrector.hpp
[22.402s] -- Up-to-date: /home/ckl/RM/Combat_vision2026/install/armor_detector/include/armor_detector/types.hpp
[22.402s] -- Up-to-date: /home/ckl/RM/Combat_vision2026/install/armor_detector/include/armor_detector/ba_solver.hpp
[22.402s] -- Up-to-date: /home/ckl/RM/Combat_vision2026/install/armor_detector/include/armor_detector/armor_detector_node.hpp
[22.402s] -- Up-to-date: /home/ckl/RM/Combat_vision2026/install/armor_detector/include/armor_detector/armor_pose_estimator.hpp
[22.402s] -- Up-to-date: /home/ckl/RM/Combat_vision2026/install/armor_detector/include/armor_detector/number_classifier.hpp
[22.402s] -- Up-to-date: /home/ckl/RM/Combat_vision2026/install/armor_detector/include/armor_detector/armor_detector.hpp
[22.402s] -- Up-to-date: /home/ckl/RM/Combat_vision2026/install/armor_detector/include/armor_detector/graph_optimizer.hpp
[22.403s] -- Up-to-date: /home/ckl/RM/Combat_vision2026/install/armor_detector/share/armor_detector/environment/library_path.sh
[22.403s] -- Up-to-date: /home/ckl/RM/Combat_vision2026/install/armor_detector/share/armor_detector/environment/library_path.dsv
[22.403s] -- Installing: /home/ckl/RM/Combat_vision2026/install/armor_detector/lib/libarmor_detector.so
[22.407s] -- Set non-toolchain portion of runtime path of "/home/ckl/RM/Combat_vision2026/install/armor_detector/lib/libarmor_detector.so" to ""
[22.407s] -- Up-to-date: /home/ckl/RM/Combat_vision2026/install/armor_detector/share/armor_detector/docs
[22.408s] -- Up-to-date: /home/ckl/RM/Combat_vision2026/install/armor_detector/share/armor_detector/docs/origin1.png
[22.408s] -- Up-to-date: /home/ckl/RM/Combat_vision2026/install/armor_detector/share/armor_detector/docs/num_warp.png
[22.408s] -- Up-to-date: /home/ckl/RM/Combat_vision2026/install/armor_detector/share/armor_detector/docs/test.png
[22.408s] -- Up-to-date: /home/ckl/RM/Combat_vision2026/install/armor_detector/share/armor_detector/docs/gray_bin.png
[22.408s] -- Up-to-date: /home/ckl/RM/Combat_vision2026/install/armor_detector/share/armor_detector/docs/num_bin.png
[22.408s] -- Up-to-date: /home/ckl/RM/Combat_vision2026/install/armor_detector/share/armor_detector/docs/blue.png
[22.408s] -- Up-to-date: /home/ckl/RM/Combat_vision2026/install/armor_detector/share/armor_detector/docs/origin2.png
[22.408s] -- Up-to-date: /home/ckl/RM/Combat_vision2026/install/armor_detector/share/armor_detector/docs/BA.png
[22.408s] -- Up-to-date: /home/ckl/RM/Combat_vision2026/install/armor_detector/share/armor_detector/docs/pca1.png
[22.408s] -- Up-to-date: /home/ckl/RM/Combat_vision2026/install/armor_detector/share/armor_detector/docs/raw.png
[22.408s] -- Up-to-date: /home/ckl/RM/Combat_vision2026/install/armor_detector/share/armor_detector/docs/num_roi.png
[22.408s] -- Up-to-date: /home/ckl/RM/Combat_vision2026/install/armor_detector/share/armor_detector/docs/hsv_bin.png
[22.408s] -- Up-to-date: /home/ckl/RM/Combat_vision2026/install/armor_detector/share/armor_detector/docs/pca2.png
[22.409s] -- Up-to-date: /home/ckl/RM/Combat_vision2026/install/armor_detector/share/armor_detector/docs/num_raw.png
[22.409s] -- Up-to-date: /home/ckl/RM/Combat_vision2026/install/armor_detector/share/armor_detector/docs/model.svg
[22.409s] -- Up-to-date: /home/ckl/RM/Combat_vision2026/install/armor_detector/share/armor_detector/docs/red.png
[22.409s] -- Up-to-date: /home/ckl/RM/Combat_vision2026/install/armor_detector/share/armor_detector/docs/classify.png
[22.409s] -- Up-to-date: /home/ckl/RM/Combat_vision2026/install/armor_detector/share/armor_detector/model
[22.409s] -- Up-to-date: /home/ckl/RM/Combat_vision2026/install/armor_detector/share/armor_detector/model/label.txt
[22.409s] -- Up-to-date: /home/ckl/RM/Combat_vision2026/install/armor_detector/share/armor_detector/model/lenet.onnx
[22.409s] -- Up-to-date: /home/ckl/RM/Combat_vision2026/install/armor_detector/share/armor_detector/model/mlp.onnx
[22.409s] -- Up-to-date: /home/ckl/RM/Combat_vision2026/install/armor_detector/share/ament_index/resource_index/package_run_dependencies/armor_detector
[22.409s] -- Up-to-date: /home/ckl/RM/Combat_vision2026/install/armor_detector/share/ament_index/resource_index/parent_prefix_path/armor_detector
[22.409s] -- Up-to-date: /home/ckl/RM/Combat_vision2026/install/armor_detector/share/armor_detector/environment/ament_prefix_path.sh
[22.409s] -- Up-to-date: /home/ckl/RM/Combat_vision2026/install/armor_detector/share/armor_detector/environment/ament_prefix_path.dsv
[22.409s] -- Up-to-date: /home/ckl/RM/Combat_vision2026/install/armor_detector/share/armor_detector/environment/path.sh
[22.409s] -- Up-to-date: /home/ckl/RM/Combat_vision2026/install/armor_detector/share/armor_detector/environment/path.dsv
[22.409s] -- Up-to-date: /home/ckl/RM/Combat_vision2026/install/armor_detector/share/armor_detector/local_setup.bash
[22.409s] -- Up-to-date: /home/ckl/RM/Combat_vision2026/install/armor_detector/share/armor_detector/local_setup.sh
[22.409s] -- Up-to-date: /home/ckl/RM/Combat_vision2026/install/armor_detector/share/armor_detector/local_setup.zsh
[22.409s] -- Up-to-date: /home/ckl/RM/Combat_vision2026/install/armor_detector/share/armor_detector/local_setup.dsv
[22.409s] -- Installing: /home/ckl/RM/Combat_vision2026/install/armor_detector/share/armor_detector/package.dsv
[22.410s] -- Up-to-date: /home/ckl/RM/Combat_vision2026/install/armor_detector/share/ament_index/resource_index/packages/armor_detector
[22.410s] -- Up-to-date: /home/ckl/RM/Combat_vision2026/install/armor_detector/share/ament_index/resource_index/rclcpp_components/armor_detector
[22.410s] -- Up-to-date: /home/ckl/RM/Combat_vision2026/install/armor_detector/share/armor_detector/cmake/ament_cmake_export_dependencies-extras.cmake
[22.410s] -- Up-to-date: /home/ckl/RM/Combat_vision2026/install/armor_detector/share/armor_detector/cmake/ament_cmake_export_include_directories-extras.cmake
[22.410s] -- Up-to-date: /home/ckl/RM/Combat_vision2026/install/armor_detector/share/armor_detector/cmake/ament_cmake_export_libraries-extras.cmake
[22.410s] -- Up-to-date: /home/ckl/RM/Combat_vision2026/install/armor_detector/share/armor_detector/cmake/armor_detectorConfig.cmake
[22.410s] -- Up-to-date: /home/ckl/RM/Combat_vision2026/install/armor_detector/share/armor_detector/cmake/armor_detectorConfig-version.cmake
[22.410s] -- Up-to-date: /home/ckl/RM/Combat_vision2026/install/armor_detector/share/armor_detector/package.xml
[22.413s] Invoked command in '/home/ckl/RM/Combat_vision2026/build/armor_detector' returned '0': AMENT_PREFIX_PATH=/home/ckl/RM/Combat_vision2026/install/rm_utils:/home/ckl/RM/Combat_vision2026/install/rm_interfaces:${AMENT_PREFIX_PATH} CMAKE_PREFIX_PATH=/home/ckl/RM/Combat_vision2026/install/rm_utils:/home/ckl/RM/Combat_vision2026/install/rm_interfaces:/opt/ros/humble LD_LIBRARY_PATH=/home/ckl/RM/Combat_vision2026/install/rm_utils/lib:/home/ckl/RM/Combat_vision2026/install/rm_interfaces/lib:${LD_LIBRARY_PATH} PYTHONPATH=/home/ckl/RM/Combat_vision2026/install/rm_interfaces/local/lib/python3.10/dist-packages:${PYTHONPATH} /usr/bin/cmake --install /home/ckl/RM/Combat_vision2026/build/armor_detector
