[0.012s] Invoking command in '/home/ckl/RM/Combat_vision2026/build/rm_utils': CMAKE_PREFIX_PATH=/opt/ros/humble /usr/bin/cmake /home/ckl/RM/Combat_vision2026/src/rm_utils -Dabsl_DIR=/usr/local/lib/cmake/absl -DCMAKE_INSTALL_PREFIX=/home/ckl/RM/Combat_vision2026/install/rm_utils
[0.016s] [0mCMake Deprecation Warning at CMakeLists.txt:1 (cmake_minimum_required):
[0.016s]   Compatibility with CMake < 3.10 will be removed from a future version of
[0.017s]   CMake.
[0.017s] 
[0.017s]   Update the VERSION argument <min> value.  Or, use the <min>...<max> syntax
[0.017s]   to tell CMake that the project requires at least <min> but has been updated
[0.017s]   to work with policies introduced by <max> or earlier.
[0.017s] 
[0.017s] [0m
[0.074s] -- The C compiler identification is GNU 11.4.0
[0.134s] -- The CXX compiler identification is GNU 11.4.0
[0.140s] -- Detecting C compiler ABI info
[0.191s] -- Detecting C compiler ABI info - done
[0.204s] -- Check for working C compiler: /usr/bin/cc - skipped
[0.204s] -- Detecting C compile features
[0.204s] -- Detecting C compile features - done
[0.215s] -- Detecting CXX compiler ABI info
[0.275s] -- Detecting CXX compiler ABI info - done
[0.287s] -- Check for working CXX compiler: /usr/bin/c++ - skipped
[0.287s] -- Detecting CXX compile features
[0.288s] -- Detecting CXX compile features - done
[0.296s] -- Found ament_cmake: 1.3.12 (/opt/ros/humble/share/ament_cmake/cmake)
[0.399s] -- Found Python3: /usr/bin/python3 (found version "3.10.12") found components: Interpreter
[0.474s] -- Found rclcpp: 16.0.14 (/opt/ros/humble/share/rclcpp/cmake)
[0.514s] -- Found rosidl_generator_c: 3.1.7 (/opt/ros/humble/share/rosidl_generator_c/cmake)
[0.518s] -- Found rosidl_adapter: 3.1.7 (/opt/ros/humble/share/rosidl_adapter/cmake)
[0.526s] -- Found rosidl_generator_cpp: 3.1.7 (/opt/ros/humble/share/rosidl_generator_cpp/cmake)
[0.538s] -- Using all available rosidl_typesupport_c: rosidl_typesupport_fastrtps_c;rosidl_typesupport_introspection_c
[0.552s] -- Using all available rosidl_typesupport_cpp: rosidl_typesupport_fastrtps_cpp;rosidl_typesupport_introspection_cpp
[0.593s] -- Found rmw_implementation_cmake: 6.1.2 (/opt/ros/humble/share/rmw_implementation_cmake/cmake)
[0.596s] -- Found rmw_fastrtps_cpp: 6.2.8 (/opt/ros/humble/share/rmw_fastrtps_cpp/cmake)
[0.679s] -- Found OpenSSL: /usr/lib/x86_64-linux-gnu/libcrypto.so (found version "3.0.2")
[0.709s] -- Found FastRTPS: /opt/ros/humble/include
[0.749s] -- Using RMW implementation 'rmw_fastrtps_cpp' as default
[0.757s] -- Performing Test CMAKE_HAVE_LIBC_PTHREAD
[0.819s] -- Performing Test CMAKE_HAVE_LIBC_PTHREAD - Success
[0.820s] -- Found Threads: TRUE
[0.873s] -- Found eigen3_cmake_module: 0.1.1 (/opt/ros/humble/share/eigen3_cmake_module/cmake)
[0.880s] -- Found Eigen3: TRUE (found version "3.4.0")
[0.881s] -- Found geometry_msgs: 4.9.0 (/opt/ros/humble/share/geometry_msgs/cmake)
[0.897s] -- Found OpenCV: /usr/local (found suitable version "4.12.0", minimum required is "4")
[1.246s] [33mCMake Warning at /usr/share/cmake-4.1/Modules/FindLAPACK.cmake:740 (find_package):
[1.246s]   By not providing "Findnvpl.cmake" in CMAKE_MODULE_PATH this project has
[1.246s]   asked CMake to find a package configuration file provided by "nvpl", but
[1.246s]   CMake did not find one.
[1.246s] 
[1.246s]   Could not find a package configuration file provided by "nvpl" with any of
[1.246s]   the following names:
[1.246s] 
[1.246s]     nvplConfig.cmake
[1.246s]     nvpl-config.cmake
[1.246s] 
[1.246s]   Add the installation prefix of "nvpl" to CMAKE_PREFIX_PATH or set
[1.246s]   "nvpl_DIR" to a directory containing one of the above files.  If "nvpl"
[1.246s]   provides a separate development package or SDK, be sure it has been
[1.246s]   installed.
[1.246s] Call Stack (most recent call first):
[1.246s]   /usr/local/lib/cmake/Ceres/FindSuiteSparse.cmake:300 (find_package)
[1.247s]   /usr/share/cmake-4.1/Modules/CMakeFindDependencyMacro.cmake:78 (find_package)
[1.247s]   /usr/local/lib/cmake/Ceres/CeresConfig.cmake:171 (find_dependency)
[1.247s]   CMakeLists.txt:22 (find_package)
[1.247s] 
[1.247s] [0m
[1.323s] -- Found AMD headers in: /usr/include/suitesparse
[1.324s] -- Found AMD library: /usr/lib/x86_64-linux-gnu/libamd.so
[1.325s] -- Found CAMD headers in: /usr/include/suitesparse
[1.326s] -- Found CAMD library: /usr/lib/x86_64-linux-gnu/libcamd.so
[1.326s] -- Found CCOLAMD headers in: /usr/include/suitesparse
[1.328s] -- Found CCOLAMD library: /usr/lib/x86_64-linux-gnu/libccolamd.so
[1.328s] -- Found CHOLMOD headers in: /usr/include/suitesparse
[1.329s] -- Found CHOLMOD library: /usr/lib/x86_64-linux-gnu/libcholmod.so
[1.330s] -- Found COLAMD headers in: /usr/include/suitesparse
[1.331s] -- Found COLAMD library: /usr/lib/x86_64-linux-gnu/libcolamd.so
[1.331s] -- Found SPQR headers in: /usr/include/suitesparse
[1.332s] -- Found SPQR library: /usr/lib/x86_64-linux-gnu/libspqr.so
[1.333s] -- Found Config headers in: /usr/include/suitesparse
[1.334s] -- Found Config library: /usr/lib/x86_64-linux-gnu/libsuitesparseconfig.so
[1.337s] -- Found Intel Thread Building Blocks (TBB) library (2021.5.0). Assuming SuiteSparseQR was compiled with TBB.
[1.337s] -- Looking for shm_open in rt
[1.393s] -- Looking for shm_open in rt - found
[1.393s] -- Adding librt to SuiteSparse_config libraries (required on Linux & Unix [not OSX] if SuiteSparse is compiled with timing).
[1.399s] -- Could NOT find METIS (missing: METIS_INCLUDE_DIR METIS_LIBRARY) 
[1.400s] -- Found SuiteSparse: /usr/include/suitesparse (found suitable version "5.10.1", minimum required is "5.10.1") found components: AMD CAMD CCOLAMD CHOLMOD COLAMD SPQR Config
[1.408s] -- Found required Ceres dependency: absl version 20220623.0 in /usr/local/lib/cmake/absl
[1.410s] -- Found required Ceres dependency: Eigen version 3.4.0 in /usr/share/eigen3/cmake
[1.410s] -- Found Ceres version: 2.3.0 installed in: /usr/local with components: [EigenSparse, SparseLinearAlgebraLibrary, LAPACK, SuiteSparse, SchurSpecializations]
[1.415s] -- Found ament_lint_auto: 0.12.14 (/opt/ros/humble/share/ament_lint_auto/cmake)
[1.482s] -- Added test 'cppcheck' to perform static code analysis on C / C++ code
[1.482s] -- Configured cppcheck include dirs: /home/ckl/RM/Combat_vision2026/src/rm_utils/include
[1.482s] -- Configured cppcheck exclude dirs and/or files: 
[1.483s] -- Added test 'lint_cmake' to check CMake code style
[1.484s] -- Added test 'xmllint' to check XML markup files
[1.486s] -- Configuring done (1.5s)
[1.490s] [31mCMake Error at /usr/local/lib/cmake/Ceres/CeresTargets.cmake:61 (set_target_properties):
[1.490s]   Error evaluating generator expression:
[1.490s] 
[1.490s]     $<TARGET_PROPERTY:absl::log_flags,TYPE>
[1.490s] 
[1.491s]   Target "absl::log_flags" not found.
[1.491s] Call Stack (most recent call first):
[1.491s]   /usr/local/lib/cmake/Ceres/CeresConfig.cmake:235 (include)
[1.491s]   CMakeLists.txt:22 (find_package)
[1.491s] 
[1.491s] [0m
[1.491s] [31mCMake Error at /usr/local/lib/cmake/Ceres/CeresTargets.cmake:61 (set_target_properties):
[1.491s]   Error evaluating generator expression:
[1.491s] 
[1.491s]     $<TARGET_PROPERTY:absl::log_flags,TYPE>
[1.491s] 
[1.492s]   Target "absl::log_flags" not found.
[1.492s] Call Stack (most recent call first):
[1.492s]   /usr/local/lib/cmake/Ceres/CeresConfig.cmake:235 (include)
[1.492s]   CMakeLists.txt:22 (find_package)
[1.492s] 
[1.492s] [0m
[1.499s] -- Generating done (0.0s)
[1.500s] [0mCMake Generate step failed.  Build files cannot be regenerated correctly.[0m
[1.512s] Invoked command in '/home/ckl/RM/Combat_vision2026/build/rm_utils' returned '1': CMAKE_PREFIX_PATH=/opt/ros/humble /usr/bin/cmake /home/ckl/RM/Combat_vision2026/src/rm_utils -Dabsl_DIR=/usr/local/lib/cmake/absl -DCMAKE_INSTALL_PREFIX=/home/ckl/RM/Combat_vision2026/install/rm_utils
