[0.016s] Invoking command in '/home/ckl/RM/Combat_vision2026/build/armor_detector': AMENT_PREFIX_PATH=/home/ckl/RM/Combat_vision2026/install/rm_utils:/home/ckl/RM/Combat_vision2026/install/rm_interfaces:${AMENT_PREFIX_PATH} CMAKE_PREFIX_PATH=/home/ckl/RM/Combat_vision2026/install/rm_utils:/home/ckl/RM/Combat_vision2026/install/rm_interfaces:/opt/ros/humble LD_LIBRARY_PATH=/home/ckl/RM/Combat_vision2026/install/rm_utils/lib:/home/ckl/RM/Combat_vision2026/install/rm_interfaces/lib:${LD_LIBRARY_PATH} PYTHONPATH=/home/ckl/RM/Combat_vision2026/install/rm_interfaces/local/lib/python3.10/dist-packages:${PYTHONPATH} /usr/bin/cmake --build /home/ckl/RM/Combat_vision2026/build/armor_detector -- -j16 -l16
[0.052s] [  7%] Built target gtest_main
[0.052s] [ 14%] Built target gtest
[0.053s] [ 22%] Built target armor_detector_node
[0.108s] [ 25%] [32mBuilding CXX object CMakeFiles/armor_detector.dir/src/armor_detector_node.cpp.o[0m
[0.110s] [ 29%] [32mBuilding CXX object CMakeFiles/armor_detector.dir/src/armor_pose_estimator.cpp.o[0m
[0.110s] [ 33%] [32mBuilding CXX object CMakeFiles/armor_detector.dir/src/bound_solver.cpp.o[0m
[0.111s] [ 37%] [32mBuilding CXX object CMakeFiles/armor_detector.dir/src/spiral.cpp.o[0m
[3.999s] In file included from [01m[K/home/ckl/RM/Combat_vision2026/src/rm_auto_aim/armor_detector/src/bound_solver.cpp:1[m[K:
[4.000s] [01m[K/home/ckl/RM/Combat_vision2026/src/rm_auto_aim/armor_detector/include/armor_detector/bound_solver.hpp:64:5:[m[K [01;31m[Kerror: [m[K‘[01m[Kg2o[m[K’ does not name a type
[4.000s]    64 |     [01;31m[Kg2o[m[K::SparseOptimizer optimizer_;
[4.000s]       |     [01;31m[K^~~[m[K
[4.001s] [01m[K/home/ckl/RM/Combat_vision2026/src/rm_auto_aim/armor_detector/include/armor_detector/bound_solver.hpp:65:5:[m[K [01;31m[Kerror: [m[K‘[01m[Kg2o[m[K’ does not name a type
[4.001s]    65 |     [01;31m[Kg2o[m[K::OptimizationAlgorithmProperty solver_property_;
[4.001s]       |     [01;31m[K^~~[m[K
[4.002s] [01m[K/home/ckl/RM/Combat_vision2026/src/rm_auto_aim/armor_detector/include/armor_detector/bound_solver.hpp:66:5:[m[K [01;31m[Kerror: [m[K‘[01m[Kg2o[m[K’ does not name a type
[4.002s]    66 |     [01;31m[Kg2o[m[K::OptimizationAlgorithmLevenberg *lm_algorithm_;
[4.002s]       |     [01;31m[K^~~[m[K
[4.129s] In file included from [01m[K/home/ckl/RM/Combat_vision2026/src/rm_auto_aim/armor_detector/src/spiral.cpp:27[m[K:
[4.129s] [01m[K/home/ckl/RM/Combat_vision2026/src/rm_auto_aim/armor_detector/include/armor_detector/bound_solver.hpp:64:5:[m[K [01;31m[Kerror: [m[K‘[01m[Kg2o[m[K’ does not name a type
[4.129s]    64 |     [01;31m[Kg2o[m[K::SparseOptimizer optimizer_;
[4.129s]       |     [01;31m[K^~~[m[K
[4.133s] [01m[K/home/ckl/RM/Combat_vision2026/src/rm_auto_aim/armor_detector/include/armor_detector/bound_solver.hpp:65:5:[m[K [01;31m[Kerror: [m[K‘[01m[Kg2o[m[K’ does not name a type
[4.133s]    65 |     [01;31m[Kg2o[m[K::OptimizationAlgorithmProperty solver_property_;
[4.133s]       |     [01;31m[K^~~[m[K
[4.135s] [01m[K/home/ckl/RM/Combat_vision2026/src/rm_auto_aim/armor_detector/include/armor_detector/bound_solver.hpp:66:5:[m[K [01;31m[Kerror: [m[K‘[01m[Kg2o[m[K’ does not name a type
[4.135s]    66 |     [01;31m[Kg2o[m[K::OptimizationAlgorithmLevenberg *lm_algorithm_;
[4.135s]       |     [01;31m[K^~~[m[K
[4.384s] In file included from [01m[K/home/ckl/RM/Combat_vision2026/src/rm_auto_aim/armor_detector/include/armor_detector/armor_pose_estimator.hpp:32[m[K,
[4.384s]                  from [01m[K/home/ckl/RM/Combat_vision2026/src/rm_auto_aim/armor_detector/src/armor_pose_estimator.cpp:15[m[K:
[4.385s] [01m[K/home/ckl/RM/Combat_vision2026/src/rm_auto_aim/armor_detector/include/armor_detector/bound_solver.hpp:64:5:[m[K [01;31m[Kerror: [m[K‘[01m[Kg2o[m[K’ does not name a type
[4.385s]    64 |     [01;31m[Kg2o[m[K::SparseOptimizer optimizer_;
[4.385s]       |     [01;31m[K^~~[m[K
[4.386s] [01m[K/home/ckl/RM/Combat_vision2026/src/rm_auto_aim/armor_detector/include/armor_detector/bound_solver.hpp:65:5:[m[K [01;31m[Kerror: [m[K‘[01m[Kg2o[m[K’ does not name a type
[4.386s]    65 |     [01;31m[Kg2o[m[K::OptimizationAlgorithmProperty solver_property_;
[4.387s]       |     [01;31m[K^~~[m[K
[4.389s] [01m[K/home/ckl/RM/Combat_vision2026/src/rm_auto_aim/armor_detector/include/armor_detector/bound_solver.hpp:66:5:[m[K [01;31m[Kerror: [m[K‘[01m[Kg2o[m[K’ does not name a type
[4.389s]    66 |     [01;31m[Kg2o[m[K::OptimizationAlgorithmLevenberg *lm_algorithm_;
[4.389s]       |     [01;31m[K^~~[m[K
[4.660s] In file included from [01m[K/home/ckl/RM/Combat_vision2026/src/rm_auto_aim/armor_detector/include/armor_detector/armor_pose_estimator.hpp:32[m[K,
[4.660s]                  from [01m[K/home/ckl/RM/Combat_vision2026/src/rm_auto_aim/armor_detector/include/armor_detector/armor_detector_node.hpp:47[m[K,
[4.660s]                  from [01m[K/home/ckl/RM/Combat_vision2026/src/rm_auto_aim/armor_detector/src/armor_detector_node.cpp:47[m[K:
[4.660s] [01m[K/home/ckl/RM/Combat_vision2026/src/rm_auto_aim/armor_detector/include/armor_detector/bound_solver.hpp:64:5:[m[K [01;31m[Kerror: [m[K‘[01m[Kg2o[m[K’ does not name a type
[4.660s]    64 |     [01;31m[Kg2o[m[K::SparseOptimizer optimizer_;
[4.660s]       |     [01;31m[K^~~[m[K
[4.662s] [01m[K/home/ckl/RM/Combat_vision2026/src/rm_auto_aim/armor_detector/include/armor_detector/bound_solver.hpp:65:5:[m[K [01;31m[Kerror: [m[K‘[01m[Kg2o[m[K’ does not name a type
[4.662s]    65 |     [01;31m[Kg2o[m[K::OptimizationAlgorithmProperty solver_property_;
[4.662s]       |     [01;31m[K^~~[m[K
[4.665s] [01m[K/home/ckl/RM/Combat_vision2026/src/rm_auto_aim/armor_detector/include/armor_detector/bound_solver.hpp:66:5:[m[K [01;31m[Kerror: [m[K‘[01m[Kg2o[m[K’ does not name a type
[4.665s]    66 |     [01;31m[Kg2o[m[K::OptimizationAlgorithmLevenberg *lm_algorithm_;
[4.665s]       |     [01;31m[K^~~[m[K
[5.175s] [01m[K/home/ckl/RM/Combat_vision2026/src/rm_auto_aim/armor_detector/src/bound_solver.cpp:[m[K In constructor ‘[01m[Kfyt::auto_aim::BoundSolver::BoundSolver(sensor_msgs::msg::CameraInfo_<std::allocator<void> >::SharedPtr)[m[K’:
[5.175s] [01m[K/home/ckl/RM/Combat_vision2026/src/rm_auto_aim/armor_detector/src/bound_solver.cpp:34:3:[m[K [01;31m[Kerror: [m[K‘[01m[Koptimizer_[m[K’ was not declared in this scope
[5.175s]    34 |   [01;31m[Koptimizer_[m[K.setVerbose(false);
[5.175s]       |   [01;31m[K^~~~~~~~~~[m[K
[5.187s] [01m[K/home/ckl/RM/Combat_vision2026/src/rm_auto_aim/armor_detector/src/bound_solver.cpp:38:23:[m[K [01;31m[Kerror: [m[K‘[01m[Ksolver_property_[m[K’ was not declared in this scope
[5.187s]    38 |           "lm_dense", [01;31m[Ksolver_property_[m[K));
[5.187s]       |                       [01;31m[K^~~~~~~~~~~~~~~~[m[K
[5.197s] [01m[K/home/ckl/RM/Combat_vision2026/src/rm_auto_aim/armor_detector/src/bound_solver.cpp:40:3:[m[K [01;31m[Kerror: [m[K‘[01m[Klm_algorithm_[m[K’ was not declared in this scope
[5.197s]    40 |   [01;31m[Klm_algorithm_[m[K = dynamic_cast<g2o::OptimizationAlgorithmLevenberg *>(
[5.197s]       |   [01;31m[K^~~~~~~~~~~~~[m[K
[5.197s] [01m[K/home/ckl/RM/Combat_vision2026/src/rm_auto_aim/armor_detector/src/bound_solver.cpp:40:37:[m[K [01;31m[Kerror: [m[K‘[01m[KOptimizationAlgorithmLevenberg[m[K’ in namespace ‘[01m[Kg2o[m[K’ does not name a type; did you mean ‘[01m[KOptimizationAlgorithmProperty[m[K’?
[5.197s]    40 |   lm_algorithm_ = dynamic_cast<g2o::[01;31m[KOptimizationAlgorithmLevenberg[m[K *>(
[5.197s]       |                                     [01;31m[K^~~~~~~~~~~~~~~~~~~~~~~~~~~~~~[m[K
[5.197s]       |                                     [32m[KOptimizationAlgorithmProperty[m[K
[5.197s] [01m[K/home/ckl/RM/Combat_vision2026/src/rm_auto_aim/armor_detector/src/bound_solver.cpp:40:68:[m[K [01;31m[Kerror: [m[Kexpected ‘[01m[K>[m[K’ before ‘[01m[K*[m[K’ token
[5.197s]    40 |   lm_algorithm_ = dynamic_cast<g2o::OptimizationAlgorithmLevenberg [01;31m[K*[m[K>(
[5.197s]       |                                                                    [01;31m[K^[m[K
[5.197s] [01m[K/home/ckl/RM/Combat_vision2026/src/rm_auto_aim/armor_detector/src/bound_solver.cpp:40:68:[m[K [01;31m[Kerror: [m[Kexpected ‘[01m[K([m[K’ before ‘[01m[K*[m[K’ token
[5.197s]    40 |   lm_algorithm_ = dynamic_cast<g2o::OptimizationAlgorithmLevenberg [01;31m[K*[m[K>(
[5.197s]       |                                                                    [01;31m[K^[m[K
[5.197s]       |                                                                    [32m[K([m[K
[5.197s] [01m[K/home/ckl/RM/Combat_vision2026/src/rm_auto_aim/armor_detector/src/bound_solver.cpp:40:69:[m[K [01;31m[Kerror: [m[Kexpected primary-expression before ‘[01m[K>[m[K’ token
[5.197s]    40 |   lm_algorithm_ = dynamic_cast<g2o::OptimizationAlgorithmLevenberg *[01;31m[K>[m[K(
[5.198s]       |                                                                     [01;31m[K^[m[K
[5.198s] [01m[K/home/ckl/RM/Combat_vision2026/src/rm_auto_aim/armor_detector/src/bound_solver.cpp:41:72:[m[K [01;31m[Kerror: [m[Kexpected ‘[01m[K)[m[K’ before ‘[01m[K;[m[K’ token
[5.198s]    41 |       const_cast<g2o::OptimizationAlgorithm *>(optimizer_.algorithm()))[01;31m[K;[m[K
[5.198s]       |                                                                        [01;31m[K^[m[K
[5.198s]       |                                                                        [32m[K)[m[K
[5.209s] [01m[K/home/ckl/RM/Combat_vision2026/src/rm_auto_aim/armor_detector/src/bound_solver.cpp:[m[K In member function ‘[01m[KEigen::Matrix3d fyt::auto_aim::BoundSolver::solveBound(const fyt::auto_aim::Armor&, const Vector3d&, const Matrix3d&, const Matrix3d&)[m[K’:
[5.209s] [01m[K/home/ckl/RM/Combat_vision2026/src/rm_auto_aim/armor_detector/src/bound_solver.cpp:83:3:[m[K [01;31m[Kerror: [m[K‘[01m[Koptimizer_[m[K’ was not declared in this scope
[5.209s]    83 |   [01;31m[Koptimizer_[m[K.addVertex(v_yaw);
[5.209s]       |   [01;31m[K^~~~~~~~~~[m[K
[8.911s] gmake[2]: *** [CMakeFiles/armor_detector.dir/build.make:191：CMakeFiles/armor_detector.dir/src/spiral.cpp.o] 错误 1
[8.911s] gmake[2]: *** 正在等待未完成的任务....
[8.950s] gmake[2]: *** [CMakeFiles/armor_detector.dir/build.make:107：CMakeFiles/armor_detector.dir/src/armor_pose_estimator.cpp.o] 错误 1
[12.021s] gmake[2]: *** [CMakeFiles/armor_detector.dir/build.make:135：CMakeFiles/armor_detector.dir/src/bound_solver.cpp.o] 错误 1
[13.373s] gmake[2]: *** [CMakeFiles/armor_detector.dir/build.make:93：CMakeFiles/armor_detector.dir/src/armor_detector_node.cpp.o] 错误 1
[13.374s] gmake[1]: *** [CMakeFiles/Makefile2:185：CMakeFiles/armor_detector.dir/all] 错误 2
[13.374s] gmake: *** [Makefile:146：all] 错误 2
[13.376s] Invoked command in '/home/ckl/RM/Combat_vision2026/build/armor_detector' returned '2': AMENT_PREFIX_PATH=/home/ckl/RM/Combat_vision2026/install/rm_utils:/home/ckl/RM/Combat_vision2026/install/rm_interfaces:${AMENT_PREFIX_PATH} CMAKE_PREFIX_PATH=/home/ckl/RM/Combat_vision2026/install/rm_utils:/home/ckl/RM/Combat_vision2026/install/rm_interfaces:/opt/ros/humble LD_LIBRARY_PATH=/home/ckl/RM/Combat_vision2026/install/rm_utils/lib:/home/ckl/RM/Combat_vision2026/install/rm_interfaces/lib:${LD_LIBRARY_PATH} PYTHONPATH=/home/ckl/RM/Combat_vision2026/install/rm_interfaces/local/lib/python3.10/dist-packages:${PYTHONPATH} /usr/bin/cmake --build /home/ckl/RM/Combat_vision2026/build/armor_detector -- -j16 -l16
