[0.019s] Invoking command in '/home/ckl/RM/Combat_vision2026/build/armor_detector': CMAKE_PREFIX_PATH=/home/ckl/RM/Combat_vision2026/install/rm_utils:/home/ckl/RM/Combat_vision2026/install/rm_interfaces:/home/ckl/RM/Combat_vision2026/install/rm_bringup:/home/ckl/RM/Combat_vision2026/install/rm_serial_driver:/home/ckl/RM/Combat_vision2026/install/rm_auto_aim:/home/ckl/RM/Combat_vision2026/install/armor_solver:/home/ckl/RM/Combat_vision2026/install/armor_detector:/home/ckl/RM/Combat_vision2026/install/rm_robot_description:/home/ckl/RM/Combat_vision2026/install/hik_camera:/opt/ros/humble LD_LIBRARY_PATH=/home/ckl/RM/Combat_vision2026/install/rm_utils/lib:/home/ckl/RM/Combat_vision2026/install/rm_interfaces/lib:/home/ckl/RM/Combat_vision2026/install/rm_serial_driver/lib:/home/ckl/RM/Combat_vision2026/install/armor_solver/lib:/home/ckl/RM/Combat_vision2026/install/armor_detector/lib:/home/ckl/RM/Combat_vision2026/install/hik_camera/lib:/opt/ros/humble/opt/rviz_ogre_vendor/lib:/opt/ros/humble/lib/x86_64-linux-gnu:/opt/ros/humble/lib /usr/bin/cmake --build /home/ckl/RM/Combat_vision2026/build/armor_detector -- -j16 -l16
[0.054s] [  8%] Built target gtest_main
[0.054s] [ 16%] Built target gtest
[0.056s] [ 24%] Built target armor_detector_node
[0.096s] [ 28%] [32mBuilding CXX object CMakeFiles/armor_detector.dir/src/armor_detector.cpp.o[0m
[2.166s] [01m[K/home/ckl/RM/Combat_vision2026/src/rm_auto_aim/armor_detector/src/armor_detector.cpp:[m[K In member function ‘[01m[Kstd::vector<fyt::auto_aim::Armor> fyt::auto_aim::Detector::matchLights(const std::vector<fyt::auto_aim::Light>&)[m[K’:
[2.167s] [01m[K/home/ckl/RM/Combat_vision2026/src/rm_auto_aim/armor_detector/src/armor_detector.cpp:146:38:[m[K [01;31m[Kerror: [m[K‘[01m[Kendl[m[K’ was not declared in this scope; did you mean ‘[01m[Kstd::endl[m[K’?
[2.167s]   146 |   std::cout<<"going to matchLights"<<[01;31m[Kendl[m[K;
[2.167s]       |                                      [01;31m[K^~~~[m[K
[2.167s]       |                                      [32m[Kstd::endl[m[K
[2.167s] In file included from [01m[K/usr/include/c++/11/istream:39[m[K,
[2.167s]                  from [01m[K/usr/include/c++/11/sstream:38[m[K,
[2.167s]                  from [01m[K/usr/include/c++/11/complex:45[m[K,
[2.167s]                  from [01m[K/usr/include/opencv4/opencv2/core/cvstd.inl.hpp:47[m[K,
[2.167s]                  from [01m[K/usr/include/opencv4/opencv2/core.hpp:3306[m[K,
[2.167s]                  from [01m[K/home/ckl/RM/Combat_vision2026/src/rm_auto_aim/armor_detector/include/armor_detector/armor_detector.hpp:28[m[K,
[2.167s]                  from [01m[K/home/ckl/RM/Combat_vision2026/src/rm_auto_aim/armor_detector/src/armor_detector.cpp:19[m[K:
[2.167s] [01m[K/usr/include/c++/11/ostream:684:5:[m[K [01;36m[Knote: [m[K‘[01m[Kstd::endl[m[K’ declared here
[2.167s]   684 |     [01;36m[Kendl[m[K(basic_ostream<_CharT, _Traits>& __os)
[2.168s]       |     [01;36m[K^~~~[m[K
[2.617s] gmake[2]: *** [CMakeFiles/armor_detector.dir/build.make:79：CMakeFiles/armor_detector.dir/src/armor_detector.cpp.o] 错误 1
[2.617s] gmake[1]: *** [CMakeFiles/Makefile2:185：CMakeFiles/armor_detector.dir/all] 错误 2
[2.617s] gmake: *** [Makefile:146：all] 错误 2
[2.623s] Invoked command in '/home/ckl/RM/Combat_vision2026/build/armor_detector' returned '2': CMAKE_PREFIX_PATH=/home/ckl/RM/Combat_vision2026/install/rm_utils:/home/ckl/RM/Combat_vision2026/install/rm_interfaces:/home/ckl/RM/Combat_vision2026/install/rm_bringup:/home/ckl/RM/Combat_vision2026/install/rm_serial_driver:/home/ckl/RM/Combat_vision2026/install/rm_auto_aim:/home/ckl/RM/Combat_vision2026/install/armor_solver:/home/ckl/RM/Combat_vision2026/install/armor_detector:/home/ckl/RM/Combat_vision2026/install/rm_robot_description:/home/ckl/RM/Combat_vision2026/install/hik_camera:/opt/ros/humble LD_LIBRARY_PATH=/home/ckl/RM/Combat_vision2026/install/rm_utils/lib:/home/ckl/RM/Combat_vision2026/install/rm_interfaces/lib:/home/ckl/RM/Combat_vision2026/install/rm_serial_driver/lib:/home/ckl/RM/Combat_vision2026/install/armor_solver/lib:/home/ckl/RM/Combat_vision2026/install/armor_detector/lib:/home/ckl/RM/Combat_vision2026/install/hik_camera/lib:/opt/ros/humble/opt/rviz_ogre_vendor/lib:/opt/ros/humble/lib/x86_64-linux-gnu:/opt/ros/humble/lib /usr/bin/cmake --build /home/ckl/RM/Combat_vision2026/build/armor_detector -- -j16 -l16
