-- The C compiler identification is GNU 11.4.0
-- The CXX compiler identification is GNU 11.4.0
-- Detecting C compiler ABI info
-- Detecting C compiler ABI info - done
-- Check for working C compiler: /usr/bin/cc - skipped
-- Detecting C compile features
-- Detecting C compile features - done
-- Detecting CXX compiler ABI info
-- Detecting CXX compiler ABI info - done
-- Check for working CXX compiler: /usr/bin/c++ - skipped
-- Detecting CXX compile features
-- Detecting CXX compile features - done
-- Found ament_cmake_auto: 1.3.12 (/opt/ros/humble/share/ament_cmake_auto/cmake)
-- Found Python3: /usr/bin/python3 (found version "3.10.12") found components: Interpreter
-- Found rosidl_generator_c: 3.1.7 (/opt/ros/humble/share/rosidl_generator_c/cmake)
-- Found rosidl_adapter: 3.1.7 (/opt/ros/humble/share/rosidl_adapter/cmake)
-- Found rosidl_generator_cpp: 3.1.7 (/opt/ros/humble/share/rosidl_generator_cpp/cmake)
-- Using all available rosidl_typesupport_c: rosidl_typesupport_fastrtps_c;rosidl_typesupport_introspection_c
-- Using all available rosidl_typesupport_cpp: rosidl_typesupport_fastrtps_cpp;rosidl_typesupport_introspection_cpp
-- Found rmw_implementation_cmake: 6.1.2 (/opt/ros/humble/share/rmw_implementation_cmake/cmake)
-- Found rmw_fastrtps_cpp: 6.2.8 (/opt/ros/humble/share/rmw_fastrtps_cpp/cmake)
-- Found OpenSSL: /usr/lib/x86_64-linux-gnu/libcrypto.so (found version "3.0.2")
-- Found FastRTPS: /opt/ros/humble/include
-- Using RMW implementation 'rmw_fastrtps_cpp' as default
-- Performing Test CMAKE_HAVE_LIBC_PTHREAD
-- Performing Test CMAKE_HAVE_LIBC_PTHREAD - Success
-- Found Threads: TRUE
-- Found eigen3_cmake_module: 0.1.1 (/opt/ros/humble/share/eigen3_cmake_module/cmake)
-- Found Eigen3: TRUE (found version "3.4.0")
-- Ensuring Eigen3 include directory is part of orocos-kdl CMake target
-- Found ament_lint_auto: 0.12.14 (/opt/ros/humble/share/ament_lint_auto/cmake)
-- Found ament_cmake_gtest: 1.3.12 (/opt/ros/humble/share/ament_cmake_gtest/cmake)
-- Added test 'cppcheck' to perform static code analysis on C / C++ code
-- Configured cppcheck include dirs: /home/ckl/RM/Combat_vision2026/src/rm_auto_aim/armor_solver/include
-- Configured cppcheck exclude dirs and/or files: 
-- Added test 'lint_cmake' to check CMake code style
-- Added test 'xmllint' to check XML markup files
-- Configuring done (1.3s)
-- Generating done (0.0s)
-- Build files have been written to: /home/ckl/RM/Combat_vision2026/build/armor_solver
[ 33%] [32mBuilding CXX object CMakeFiles/armor_solver.dir/src/armor_solver.cpp.o[0m
[ 33%] [32mBuilding CXX object CMakeFiles/armor_solver.dir/src/armor_tracker.cpp.o[0m
[ 50%] [32mBuilding CXX object CMakeFiles/armor_solver.dir/src/armor_solver_node.cpp.o[0m
[ 66%] [32mBuilding CXX object CMakeFiles/armor_solver_node.dir/rclcpp_components/node_main_armor_solver_node.cpp.o[0m
[ 83%] [1m[32mLinking CXX executable armor_solver_node[0m
[ 83%] Built target armor_solver_node
[100%] [1m[32mLinking CXX shared library libarmor_solver.so[0m
[100%] Built target armor_solver
-- Install configuration: ""
-- Installing: /home/ckl/RM/Combat_vision2026/install/armor_solver/lib/armor_solver/armor_solver_node
-- Set non-toolchain portion of runtime path of "/home/ckl/RM/Combat_vision2026/install/armor_solver/lib/armor_solver/armor_solver_node" to ""
-- Installing: /home/ckl/RM/Combat_vision2026/install/armor_solver/include
-- Installing: /home/ckl/RM/Combat_vision2026/install/armor_solver/include/armor_solver
-- Installing: /home/ckl/RM/Combat_vision2026/install/armor_solver/include/armor_solver/armor_tracker.hpp
-- Installing: /home/ckl/RM/Combat_vision2026/install/armor_solver/include/armor_solver/armor_solver.hpp
-- Installing: /home/ckl/RM/Combat_vision2026/install/armor_solver/include/armor_solver/motion_model.hpp
-- Installing: /home/ckl/RM/Combat_vision2026/install/armor_solver/include/armor_solver/armor_solver_node.hpp
-- Installing: /home/ckl/RM/Combat_vision2026/install/armor_solver/share/armor_solver/environment/library_path.sh
-- Installing: /home/ckl/RM/Combat_vision2026/install/armor_solver/share/armor_solver/environment/library_path.dsv
-- Installing: /home/ckl/RM/Combat_vision2026/install/armor_solver/lib/libarmor_solver.so
-- Set non-toolchain portion of runtime path of "/home/ckl/RM/Combat_vision2026/install/armor_solver/lib/libarmor_solver.so" to ""
-- Installing: /home/ckl/RM/Combat_vision2026/install/armor_solver/share/ament_index/resource_index/package_run_dependencies/armor_solver
-- Installing: /home/ckl/RM/Combat_vision2026/install/armor_solver/share/ament_index/resource_index/parent_prefix_path/armor_solver
-- Installing: /home/ckl/RM/Combat_vision2026/install/armor_solver/share/armor_solver/environment/ament_prefix_path.sh
-- Installing: /home/ckl/RM/Combat_vision2026/install/armor_solver/share/armor_solver/environment/ament_prefix_path.dsv
-- Installing: /home/ckl/RM/Combat_vision2026/install/armor_solver/share/armor_solver/environment/path.sh
-- Installing: /home/ckl/RM/Combat_vision2026/install/armor_solver/share/armor_solver/environment/path.dsv
-- Installing: /home/ckl/RM/Combat_vision2026/install/armor_solver/share/armor_solver/local_setup.bash
-- Installing: /home/ckl/RM/Combat_vision2026/install/armor_solver/share/armor_solver/local_setup.sh
-- Installing: /home/ckl/RM/Combat_vision2026/install/armor_solver/share/armor_solver/local_setup.zsh
-- Installing: /home/ckl/RM/Combat_vision2026/install/armor_solver/share/armor_solver/local_setup.dsv
-- Installing: /home/ckl/RM/Combat_vision2026/install/armor_solver/share/armor_solver/package.dsv
-- Installing: /home/ckl/RM/Combat_vision2026/install/armor_solver/share/ament_index/resource_index/packages/armor_solver
-- Installing: /home/ckl/RM/Combat_vision2026/install/armor_solver/share/ament_index/resource_index/rclcpp_components/armor_solver
-- Installing: /home/ckl/RM/Combat_vision2026/install/armor_solver/share/armor_solver/cmake/ament_cmake_export_dependencies-extras.cmake
-- Installing: /home/ckl/RM/Combat_vision2026/install/armor_solver/share/armor_solver/cmake/ament_cmake_export_include_directories-extras.cmake
-- Installing: /home/ckl/RM/Combat_vision2026/install/armor_solver/share/armor_solver/cmake/ament_cmake_export_libraries-extras.cmake
-- Installing: /home/ckl/RM/Combat_vision2026/install/armor_solver/share/armor_solver/cmake/armor_solverConfig.cmake
-- Installing: /home/ckl/RM/Combat_vision2026/install/armor_solver/share/armor_solver/cmake/armor_solverConfig-version.cmake
-- Installing: /home/ckl/RM/Combat_vision2026/install/armor_solver/share/armor_solver/package.xml
