[0.011s] Invoking command in '/home/ckl/RM/Combat_vision2026/build/armor_solver': AMENT_PREFIX_PATH=/home/ckl/RM/Combat_vision2026/install/rm_utils:/home/ckl/RM/Combat_vision2026/install/rm_interfaces:${AMENT_PREFIX_PATH} CMAKE_PREFIX_PATH=/home/ckl/RM/Combat_vision2026/install/rm_utils:/home/ckl/RM/Combat_vision2026/install/rm_interfaces:/opt/ros/humble LD_LIBRARY_PATH=/home/ckl/RM/Combat_vision2026/install/rm_utils/lib:/home/ckl/RM/Combat_vision2026/install/rm_interfaces/lib:${LD_LIBRARY_PATH} PYTHONPATH=/home/ckl/RM/Combat_vision2026/install/rm_interfaces/local/lib/python3.10/dist-packages:${PYTHONPATH} /usr/bin/cmake /home/ckl/RM/Combat_vision2026/src/rm_auto_aim/armor_solver -DCMAKE_INSTALL_PREFIX=/home/ckl/RM/Combat_vision2026/install/armor_solver
[0.055s] -- The C compiler identification is GNU 11.4.0
[0.110s] -- The CXX compiler identification is GNU 11.4.0
[0.115s] -- Detecting C compiler ABI info
[0.167s] -- Detecting C compiler ABI info - done
[0.178s] -- Check for working C compiler: /usr/bin/cc - skipped
[0.178s] -- Detecting C compile features
[0.179s] -- Detecting C compile features - done
[0.189s] -- Detecting CXX compiler ABI info
[0.251s] -- Detecting CXX compiler ABI info - done
[0.263s] -- Check for working CXX compiler: /usr/bin/c++ - skipped
[0.264s] -- Detecting CXX compile features
[0.264s] -- Detecting CXX compile features - done
[0.272s] -- Found ament_cmake_auto: 1.3.12 (/opt/ros/humble/share/ament_cmake_auto/cmake)
[0.383s] -- Found Python3: /usr/bin/python3 (found version "3.10.12") found components: Interpreter
[0.566s] -- Found rosidl_generator_c: 3.1.7 (/opt/ros/humble/share/rosidl_generator_c/cmake)
[0.571s] -- Found rosidl_adapter: 3.1.7 (/opt/ros/humble/share/rosidl_adapter/cmake)
[0.579s] -- Found rosidl_generator_cpp: 3.1.7 (/opt/ros/humble/share/rosidl_generator_cpp/cmake)
[0.591s] -- Using all available rosidl_typesupport_c: rosidl_typesupport_fastrtps_c;rosidl_typesupport_introspection_c
[0.606s] -- Using all available rosidl_typesupport_cpp: rosidl_typesupport_fastrtps_cpp;rosidl_typesupport_introspection_cpp
[0.653s] -- Found rmw_implementation_cmake: 6.1.2 (/opt/ros/humble/share/rmw_implementation_cmake/cmake)
[0.657s] -- Found rmw_fastrtps_cpp: 6.2.8 (/opt/ros/humble/share/rmw_fastrtps_cpp/cmake)
[0.742s] -- Found OpenSSL: /usr/lib/x86_64-linux-gnu/libcrypto.so (found version "3.0.2")
[0.770s] -- Found FastRTPS: /opt/ros/humble/include
[0.808s] -- Using RMW implementation 'rmw_fastrtps_cpp' as default
[0.816s] -- Performing Test CMAKE_HAVE_LIBC_PTHREAD
[0.873s] -- Performing Test CMAKE_HAVE_LIBC_PTHREAD - Success
[0.873s] -- Found Threads: TRUE
[1.157s] -- Found eigen3_cmake_module: 0.1.1 (/opt/ros/humble/share/eigen3_cmake_module/cmake)
[1.159s] -- Found Eigen3: TRUE (found version "3.4.0")
[1.159s] -- Ensuring Eigen3 include directory is part of orocos-kdl CMake target
[1.285s] -- Found ament_lint_auto: 0.12.14 (/opt/ros/humble/share/ament_lint_auto/cmake)
[1.315s] -- Found ament_cmake_gtest: 1.3.12 (/opt/ros/humble/share/ament_cmake_gtest/cmake)
[1.316s] [0mIn this package, headers install destination is set to `include` by ament_auto_package. It is recommended to install `include/armor_solver` instead and will be the default behavior of ament_auto_package from ROS 2 Kilted Kaiju. On distributions before Kilted, ament_auto_package behaves the same way when you use USE_SCOPED_HEADER_INSTALL_DIR option.[0m
[1.321s] -- Added test 'cppcheck' to perform static code analysis on C / C++ code
[1.322s] -- Configured cppcheck include dirs: /home/ckl/RM/Combat_vision2026/src/rm_auto_aim/armor_solver/include
[1.322s] -- Configured cppcheck exclude dirs and/or files: 
[1.323s] -- Added test 'lint_cmake' to check CMake code style
[1.324s] -- Added test 'xmllint' to check XML markup files
[1.330s] -- Configuring done (1.3s)
[1.351s] -- Generating done (0.0s)
[1.354s] -- Build files have been written to: /home/ckl/RM/Combat_vision2026/build/armor_solver
[1.363s] Invoked command in '/home/ckl/RM/Combat_vision2026/build/armor_solver' returned '0': AMENT_PREFIX_PATH=/home/ckl/RM/Combat_vision2026/install/rm_utils:/home/ckl/RM/Combat_vision2026/install/rm_interfaces:${AMENT_PREFIX_PATH} CMAKE_PREFIX_PATH=/home/ckl/RM/Combat_vision2026/install/rm_utils:/home/ckl/RM/Combat_vision2026/install/rm_interfaces:/opt/ros/humble LD_LIBRARY_PATH=/home/ckl/RM/Combat_vision2026/install/rm_utils/lib:/home/ckl/RM/Combat_vision2026/install/rm_interfaces/lib:${LD_LIBRARY_PATH} PYTHONPATH=/home/ckl/RM/Combat_vision2026/install/rm_interfaces/local/lib/python3.10/dist-packages:${PYTHONPATH} /usr/bin/cmake /home/ckl/RM/Combat_vision2026/src/rm_auto_aim/armor_solver -DCMAKE_INSTALL_PREFIX=/home/ckl/RM/Combat_vision2026/install/armor_solver
[1.365s] Invoking command in '/home/ckl/RM/Combat_vision2026/build/armor_solver': AMENT_PREFIX_PATH=/home/ckl/RM/Combat_vision2026/install/rm_utils:/home/ckl/RM/Combat_vision2026/install/rm_interfaces:${AMENT_PREFIX_PATH} CMAKE_PREFIX_PATH=/home/ckl/RM/Combat_vision2026/install/rm_utils:/home/ckl/RM/Combat_vision2026/install/rm_interfaces:/opt/ros/humble LD_LIBRARY_PATH=/home/ckl/RM/Combat_vision2026/install/rm_utils/lib:/home/ckl/RM/Combat_vision2026/install/rm_interfaces/lib:${LD_LIBRARY_PATH} PYTHONPATH=/home/ckl/RM/Combat_vision2026/install/rm_interfaces/local/lib/python3.10/dist-packages:${PYTHONPATH} /usr/bin/cmake --build /home/ckl/RM/Combat_vision2026/build/armor_solver -- -j16 -l16
[1.394s] [ 33%] [32mBuilding CXX object CMakeFiles/armor_solver.dir/src/armor_solver.cpp.o[0m
[1.394s] [ 33%] [32mBuilding CXX object CMakeFiles/armor_solver.dir/src/armor_tracker.cpp.o[0m
[1.395s] [ 50%] [32mBuilding CXX object CMakeFiles/armor_solver.dir/src/armor_solver_node.cpp.o[0m
[1.395s] [ 66%] [32mBuilding CXX object CMakeFiles/armor_solver_node.dir/rclcpp_components/node_main_armor_solver_node.cpp.o[0m
[7.799s] [ 83%] [1m[32mLinking CXX executable armor_solver_node[0m
[8.190s] [ 83%] Built target armor_solver_node
[27.875s] [100%] [1m[32mLinking CXX shared library libarmor_solver.so[0m
[28.073s] [100%] Built target armor_solver
[28.080s] Invoked command in '/home/ckl/RM/Combat_vision2026/build/armor_solver' returned '0': AMENT_PREFIX_PATH=/home/ckl/RM/Combat_vision2026/install/rm_utils:/home/ckl/RM/Combat_vision2026/install/rm_interfaces:${AMENT_PREFIX_PATH} CMAKE_PREFIX_PATH=/home/ckl/RM/Combat_vision2026/install/rm_utils:/home/ckl/RM/Combat_vision2026/install/rm_interfaces:/opt/ros/humble LD_LIBRARY_PATH=/home/ckl/RM/Combat_vision2026/install/rm_utils/lib:/home/ckl/RM/Combat_vision2026/install/rm_interfaces/lib:${LD_LIBRARY_PATH} PYTHONPATH=/home/ckl/RM/Combat_vision2026/install/rm_interfaces/local/lib/python3.10/dist-packages:${PYTHONPATH} /usr/bin/cmake --build /home/ckl/RM/Combat_vision2026/build/armor_solver -- -j16 -l16
[28.082s] Invoking command in '/home/ckl/RM/Combat_vision2026/build/armor_solver': AMENT_PREFIX_PATH=/home/ckl/RM/Combat_vision2026/install/rm_utils:/home/ckl/RM/Combat_vision2026/install/rm_interfaces:${AMENT_PREFIX_PATH} CMAKE_PREFIX_PATH=/home/ckl/RM/Combat_vision2026/install/rm_utils:/home/ckl/RM/Combat_vision2026/install/rm_interfaces:/opt/ros/humble LD_LIBRARY_PATH=/home/ckl/RM/Combat_vision2026/install/rm_utils/lib:/home/ckl/RM/Combat_vision2026/install/rm_interfaces/lib:${LD_LIBRARY_PATH} PYTHONPATH=/home/ckl/RM/Combat_vision2026/install/rm_interfaces/local/lib/python3.10/dist-packages:${PYTHONPATH} /usr/bin/cmake --install /home/ckl/RM/Combat_vision2026/build/armor_solver
[28.086s] -- Install configuration: ""
[28.086s] -- Installing: /home/ckl/RM/Combat_vision2026/install/armor_solver/lib/armor_solver/armor_solver_node
[28.087s] -- Set non-toolchain portion of runtime path of "/home/ckl/RM/Combat_vision2026/install/armor_solver/lib/armor_solver/armor_solver_node" to ""
[28.087s] -- Installing: /home/ckl/RM/Combat_vision2026/install/armor_solver/include
[28.087s] -- Installing: /home/ckl/RM/Combat_vision2026/install/armor_solver/include/armor_solver
[28.087s] -- Installing: /home/ckl/RM/Combat_vision2026/install/armor_solver/include/armor_solver/armor_tracker.hpp
[28.087s] -- Installing: /home/ckl/RM/Combat_vision2026/install/armor_solver/include/armor_solver/armor_solver.hpp
[28.088s] -- Installing: /home/ckl/RM/Combat_vision2026/install/armor_solver/include/armor_solver/motion_model.hpp
[28.088s] -- Installing: /home/ckl/RM/Combat_vision2026/install/armor_solver/include/armor_solver/armor_solver_node.hpp
[28.088s] -- Installing: /home/ckl/RM/Combat_vision2026/install/armor_solver/share/armor_solver/environment/library_path.sh
[28.088s] -- Installing: /home/ckl/RM/Combat_vision2026/install/armor_solver/share/armor_solver/environment/library_path.dsv
[28.088s] -- Installing: /home/ckl/RM/Combat_vision2026/install/armor_solver/lib/libarmor_solver.so
[28.091s] -- Set non-toolchain portion of runtime path of "/home/ckl/RM/Combat_vision2026/install/armor_solver/lib/libarmor_solver.so" to ""
[28.091s] -- Installing: /home/ckl/RM/Combat_vision2026/install/armor_solver/share/ament_index/resource_index/package_run_dependencies/armor_solver
[28.091s] -- Installing: /home/ckl/RM/Combat_vision2026/install/armor_solver/share/ament_index/resource_index/parent_prefix_path/armor_solver
[28.091s] -- Installing: /home/ckl/RM/Combat_vision2026/install/armor_solver/share/armor_solver/environment/ament_prefix_path.sh
[28.092s] -- Installing: /home/ckl/RM/Combat_vision2026/install/armor_solver/share/armor_solver/environment/ament_prefix_path.dsv
[28.092s] -- Installing: /home/ckl/RM/Combat_vision2026/install/armor_solver/share/armor_solver/environment/path.sh
[28.092s] -- Installing: /home/ckl/RM/Combat_vision2026/install/armor_solver/share/armor_solver/environment/path.dsv
[28.092s] -- Installing: /home/ckl/RM/Combat_vision2026/install/armor_solver/share/armor_solver/local_setup.bash
[28.092s] -- Installing: /home/ckl/RM/Combat_vision2026/install/armor_solver/share/armor_solver/local_setup.sh
[28.093s] -- Installing: /home/ckl/RM/Combat_vision2026/install/armor_solver/share/armor_solver/local_setup.zsh
[28.093s] -- Installing: /home/ckl/RM/Combat_vision2026/install/armor_solver/share/armor_solver/local_setup.dsv
[28.093s] -- Installing: /home/ckl/RM/Combat_vision2026/install/armor_solver/share/armor_solver/package.dsv
[28.093s] -- Installing: /home/ckl/RM/Combat_vision2026/install/armor_solver/share/ament_index/resource_index/packages/armor_solver
[28.093s] -- Installing: /home/ckl/RM/Combat_vision2026/install/armor_solver/share/ament_index/resource_index/rclcpp_components/armor_solver
[28.093s] -- Installing: /home/ckl/RM/Combat_vision2026/install/armor_solver/share/armor_solver/cmake/ament_cmake_export_dependencies-extras.cmake
[28.094s] -- Installing: /home/ckl/RM/Combat_vision2026/install/armor_solver/share/armor_solver/cmake/ament_cmake_export_include_directories-extras.cmake
[28.094s] -- Installing: /home/ckl/RM/Combat_vision2026/install/armor_solver/share/armor_solver/cmake/ament_cmake_export_libraries-extras.cmake
[28.094s] -- Installing: /home/ckl/RM/Combat_vision2026/install/armor_solver/share/armor_solver/cmake/armor_solverConfig.cmake
[28.094s] -- Installing: /home/ckl/RM/Combat_vision2026/install/armor_solver/share/armor_solver/cmake/armor_solverConfig-version.cmake
[28.094s] -- Installing: /home/ckl/RM/Combat_vision2026/install/armor_solver/share/armor_solver/package.xml
[28.097s] Invoked command in '/home/ckl/RM/Combat_vision2026/build/armor_solver' returned '0': AMENT_PREFIX_PATH=/home/ckl/RM/Combat_vision2026/install/rm_utils:/home/ckl/RM/Combat_vision2026/install/rm_interfaces:${AMENT_PREFIX_PATH} CMAKE_PREFIX_PATH=/home/ckl/RM/Combat_vision2026/install/rm_utils:/home/ckl/RM/Combat_vision2026/install/rm_interfaces:/opt/ros/humble LD_LIBRARY_PATH=/home/ckl/RM/Combat_vision2026/install/rm_utils/lib:/home/ckl/RM/Combat_vision2026/install/rm_interfaces/lib:${LD_LIBRARY_PATH} PYTHONPATH=/home/ckl/RM/Combat_vision2026/install/rm_interfaces/local/lib/python3.10/dist-packages:${PYTHONPATH} /usr/bin/cmake --install /home/ckl/RM/Combat_vision2026/build/armor_solver
