[01m[K/home/ckl/RM/Combat_vision2026/src/rm_auto_aim/armor_detector/src/spiral.cpp:[m[K In function ‘[01m[Kint main()[m[K’:
[01m[K/home/ckl/RM/Combat_vision2026/src/rm_auto_aim/armor_detector/src/spiral.cpp:53:16:[m[K [01;31m[Kerror: [m[K‘[01m[Kusing element_type = class std::shared_ptr<sensor_msgs::msg::CameraInfo_<std::allocator<void> > >[m[K’ {aka ‘[01m[Kclass std::shared_ptr<sensor_msgs::msg::CameraInfo_<std::allocator<void> > >[m[K’} has no member named ‘[01m[Kk[m[K’
   53 |   camera_info->[01;31m[Kk[m[K = {1320.127401, 0.000000, 609.902940,
      |                [01;31m[K^[m[K
[01m[K/home/ckl/RM/Combat_vision2026/src/rm_auto_aim/armor_detector/src/spiral.cpp:56:16:[m[K [01;31m[Kerror: [m[K‘[01m[Kusing element_type = class std::shared_ptr<sensor_msgs::msg::CameraInfo_<std::allocator<void> > >[m[K’ {aka ‘[01m[Kclass std::shared_ptr<sensor_msgs::msg::CameraInfo_<std::allocator<void> > >[m[K’} has no member named ‘[01m[Kd[m[K’
   56 |   camera_info->[01;31m[Kd[m[K = {-0.034135, 0.131210, -0.015866, -0.004433, 0.000000};
      |                [01;31m[K^[m[K
[01m[K/home/ckl/RM/Combat_vision2026/src/rm_auto_aim/armor_detector/src/spiral.cpp:63:62:[m[K [01;31m[Kerror: [m[K‘[01m[Kclass std::shared_ptr<std::shared_ptr<sensor_msgs::msg::CameraInfo_<std::allocator<void> > > >[m[K’ has no member named ‘[01m[Kk[m[K’
   63 |   auto pnp_solver_ = std::make_unique<PnPSolver>(camera_info.[01;31m[Kk[m[K, camera_info.d);
      |                                                              [01;31m[K^[m[K
[01m[K/home/ckl/RM/Combat_vision2026/src/rm_auto_aim/armor_detector/src/spiral.cpp:63:77:[m[K [01;31m[Kerror: [m[K‘[01m[Kclass std::shared_ptr<std::shared_ptr<sensor_msgs::msg::CameraInfo_<std::allocator<void> > > >[m[K’ has no member named ‘[01m[Kd[m[K’
   63 |   auto pnp_solver_ = std::make_unique<PnPSolver>(camera_info.k, camera_info.[01;31m[Kd[m[K);
      |                                                                             [01;31m[K^[m[K
In file included from [01m[K/usr/include/c++/11/bits/locale_conv.h:41[m[K,
                 from [01m[K/usr/include/c++/11/locale:43[m[K,
                 from [01m[K/usr/include/c++/11/bits/fs_path.h:37[m[K,
                 from [01m[K/usr/include/c++/11/filesystem:45[m[K,
                 from [01m[K/home/ckl/RM/Combat_vision2026/src/rm_auto_aim/armor_detector/src/spiral.cpp:3[m[K:
/usr/include/c++/11/bits/unique_ptr.h: In instantiation of ‘[01m[Ktypename std::_MakeUniq<_Tp>::__single_object std::make_unique(_Args&& ...) [with _Tp = fyt::auto_aim::ArmorPoseEstimator; _Args = {std::shared_ptr<std::shared_ptr<sensor_msgs::msg::CameraInfo_<std::allocator<void> > > >&}; typename std::_MakeUniq<_Tp>::__single_object = std::unique_ptr<fyt::auto_aim::ArmorPoseEstimator>][m[K’:
[01m[K/home/ckl/RM/Combat_vision2026/src/rm_auto_aim/armor_detector/src/spiral.cpp:57:68:[m[K   required from here
[01m[K/usr/include/c++/11/bits/unique_ptr.h:962:30:[m[K [01;31m[Kerror: [m[Kno matching function for call to ‘[01m[Kfyt::auto_aim::ArmorPoseEstimator::ArmorPoseEstimator(std::shared_ptr<std::shared_ptr<sensor_msgs::msg::CameraInfo_<std::allocator<void> > > >&)[m[K’
  962 |     { return unique_ptr<_Tp>([01;31m[Knew _Tp(std::forward<_Args>(__args)...)[m[K); }
      |                              [01;31m[K^~~~~~~~~~~~~~~~~~~~~~~~~~~~~~~~~~~~~~~[m[K
In file included from [01m[K/home/ckl/RM/Combat_vision2026/src/rm_auto_aim/armor_detector/include/armor_detector/armor_detector_node.hpp:47[m[K,
                 from [01m[K/home/ckl/RM/Combat_vision2026/src/rm_auto_aim/armor_detector/include/armor_detector/bound_solver.hpp:30[m[K,
                 from [01m[K/home/ckl/RM/Combat_vision2026/src/rm_auto_aim/armor_detector/src/spiral.cpp:36[m[K:
[01m[K/home/ckl/RM/Combat_vision2026/src/rm_auto_aim/armor_detector/include/armor_detector/armor_pose_estimator.hpp:39:12:[m[K [01;36m[Knote: [m[Kcandidate: ‘[01m[Kfyt::auto_aim::ArmorPoseEstimator::ArmorPoseEstimator(sensor_msgs::msg::CameraInfo_<std::allocator<void> >::SharedPtr)[m[K’
   39 |   explicit [01;36m[KArmorPoseEstimator[m[K(sensor_msgs::msg::CameraInfo::SharedPtr camera_info);
      |            [01;36m[K^~~~~~~~~~~~~~~~~~[m[K
[01m[K/home/ckl/RM/Combat_vision2026/src/rm_auto_aim/armor_detector/include/armor_detector/armor_pose_estimator.hpp:39:71:[m[K [01;36m[Knote: [m[K  no known conversion for argument 1 from ‘[01m[Kshared_ptr<[01;32m[Kstd::shared_ptr<sensor_msgs::msg::CameraInfo_<std::allocator<void> > >[m[K>[m[K’ to ‘[01m[Kshared_ptr<[01;32m[Ksensor_msgs::msg::CameraInfo_<std::allocator<void> >[m[K>[m[K’
   39 |   explicit ArmorPoseEstimator([01;36m[Ksensor_msgs::msg::CameraInfo::SharedPtr camera_info[m[K);
      |                               [01;36m[K~~~~~~~~~~~~~~~~~~~~~~~~~~~~~~~~~~~~~~~~^~~~~~~~~~~[m[K
[01m[K/home/ckl/RM/Combat_vision2026/src/rm_auto_aim/armor_detector/include/armor_detector/armor_pose_estimator.hpp:37:7:[m[K [01;36m[Knote: [m[Kcandidate: ‘[01m[Kfyt::auto_aim::ArmorPoseEstimator::ArmorPoseEstimator(fyt::auto_aim::ArmorPoseEstimator&&)[m[K’
   37 | class [01;36m[KArmorPoseEstimator[m[K {
      |       [01;36m[K^~~~~~~~~~~~~~~~~~[m[K
[01m[K/home/ckl/RM/Combat_vision2026/src/rm_auto_aim/armor_detector/include/armor_detector/armor_pose_estimator.hpp:37:7:[m[K [01;36m[Knote: [m[K  no known conversion for argument 1 from ‘[01m[Kstd::shared_ptr<std::shared_ptr<sensor_msgs::msg::CameraInfo_<std::allocator<void> > > >[m[K’ to ‘[01m[Kfyt::auto_aim::ArmorPoseEstimator&&[m[K’
gmake[2]: *** [CMakeFiles/armor_detector.dir/build.make:191：CMakeFiles/armor_detector.dir/src/spiral.cpp.o] 错误 1
gmake[1]: *** [CMakeFiles/Makefile2:185：CMakeFiles/armor_detector.dir/all] 错误 2
gmake: *** [Makefile:146：all] 错误 2
