[0.011s] Invoking command in '/home/ckl/RM/Combat_vision2026/build/rm_serial_driver': AMENT_PREFIX_PATH=/home/ckl/RM/Combat_vision2026/install/rm_utils:/home/ckl/RM/Combat_vision2026/install/rm_interfaces:${AMENT_PREFIX_PATH} CMAKE_PREFIX_PATH=/home/ckl/RM/Combat_vision2026/install/rm_utils:/home/ckl/RM/Combat_vision2026/install/rm_interfaces:/opt/ros/humble LD_LIBRARY_PATH=/home/ckl/RM/Combat_vision2026/install/rm_utils/lib:/home/ckl/RM/Combat_vision2026/install/rm_interfaces/lib:${LD_LIBRARY_PATH} PYTHONPATH=/home/ckl/RM/Combat_vision2026/install/rm_interfaces/local/lib/python3.10/dist-packages:${PYTHONPATH} /usr/bin/cmake /home/ckl/RM/Combat_vision2026/src/rm_hardware_driver/rm_serial_driver -DCMAKE_INSTALL_PREFIX=/home/ckl/RM/Combat_vision2026/install/rm_serial_driver
[0.055s] -- The C compiler identification is GNU 11.4.0
[0.112s] -- The CXX compiler identification is GNU 11.4.0
[0.118s] -- Detecting C compiler ABI info
[0.172s] -- Detecting C compiler ABI info - done
[0.184s] -- Check for working C compiler: /usr/bin/cc - skipped
[0.184s] -- Detecting C compile features
[0.185s] -- Detecting C compile features - done
[0.196s] -- Detecting CXX compiler ABI info
[0.259s] -- Detecting CXX compiler ABI info - done
[0.270s] -- Check for working CXX compiler: /usr/bin/c++ - skipped
[0.270s] -- Detecting CXX compile features
[0.271s] -- Detecting CXX compile features - done
[0.279s] -- Found ament_cmake_auto: 1.3.12 (/opt/ros/humble/share/ament_cmake_auto/cmake)
[0.385s] -- Found Python3: /usr/bin/python3 (found version "3.10.12") found components: Interpreter
[0.563s] -- Found rosidl_generator_c: 3.1.7 (/opt/ros/humble/share/rosidl_generator_c/cmake)
[0.567s] -- Found rosidl_adapter: 3.1.7 (/opt/ros/humble/share/rosidl_adapter/cmake)
[0.576s] -- Found rosidl_generator_cpp: 3.1.7 (/opt/ros/humble/share/rosidl_generator_cpp/cmake)
[0.587s] -- Using all available rosidl_typesupport_c: rosidl_typesupport_fastrtps_c;rosidl_typesupport_introspection_c
[0.603s] -- Using all available rosidl_typesupport_cpp: rosidl_typesupport_fastrtps_cpp;rosidl_typesupport_introspection_cpp
[0.650s] -- Found rmw_implementation_cmake: 6.1.2 (/opt/ros/humble/share/rmw_implementation_cmake/cmake)
[0.654s] -- Found rmw_fastrtps_cpp: 6.2.8 (/opt/ros/humble/share/rmw_fastrtps_cpp/cmake)
[0.737s] -- Found OpenSSL: /usr/lib/x86_64-linux-gnu/libcrypto.so (found version "3.0.2")
[0.766s] -- Found FastRTPS: /opt/ros/humble/include
[0.805s] -- Using RMW implementation 'rmw_fastrtps_cpp' as default
[0.813s] -- Performing Test CMAKE_HAVE_LIBC_PTHREAD
[0.869s] -- Performing Test CMAKE_HAVE_LIBC_PTHREAD - Success
[0.869s] -- Found Threads: TRUE
[1.245s] -- Found eigen3_cmake_module: 0.1.1 (/opt/ros/humble/share/eigen3_cmake_module/cmake)
[1.246s] -- Found Eigen3: TRUE (found version "3.4.0")
[1.246s] -- Ensuring Eigen3 include directory is part of orocos-kdl CMake target
[1.349s] -- Found ament_lint_auto: 0.12.14 (/opt/ros/humble/share/ament_lint_auto/cmake)
[1.380s] -- Found ament_cmake_gtest: 1.3.12 (/opt/ros/humble/share/ament_cmake_gtest/cmake)
[1.388s] -- Found gtest sources under '/opt/ros/humble/src/gtest_vendor': C++ tests using 'Google Test' will be built
[1.390s] [0mCMake Deprecation Warning at /opt/ros/humble/src/gtest_vendor/CMakeLists.txt:2 (cmake_minimum_required):
[1.390s]   Compatibility with CMake < 3.10 will be removed from a future version of
[1.391s]   CMake.
[1.391s] 
[1.391s]   Update the VERSION argument <min> value.  Or, use the <min>...<max> syntax
[1.391s]   to tell CMake that the project requires at least <min> but has been updated
[1.391s]   to work with policies introduced by <max> or earlier.
[1.391s] 
[1.391s] [0m
[1.392s] [0mIn this package, headers install destination is set to `include` by ament_auto_package. It is recommended to install `include/rm_serial_driver` instead and will be the default behavior of ament_auto_package from ROS 2 Kilted Kaiju. On distributions before Kilted, ament_auto_package behaves the same way when you use USE_SCOPED_HEADER_INSTALL_DIR option.[0m
[1.398s] -- Added test 'cppcheck' to perform static code analysis on C / C++ code
[1.398s] -- Configured cppcheck include dirs: /home/ckl/RM/Combat_vision2026/src/rm_hardware_driver/rm_serial_driver/include
[1.398s] -- Configured cppcheck exclude dirs and/or files: 
[1.399s] -- Added test 'lint_cmake' to check CMake code style
[1.400s] -- Added test 'xmllint' to check XML markup files
[1.403s] -- Configuring done (1.4s)
[1.439s] -- Generating done (0.0s)
[1.444s] -- Build files have been written to: /home/ckl/RM/Combat_vision2026/build/rm_serial_driver
[1.456s] Invoked command in '/home/ckl/RM/Combat_vision2026/build/rm_serial_driver' returned '0': AMENT_PREFIX_PATH=/home/ckl/RM/Combat_vision2026/install/rm_utils:/home/ckl/RM/Combat_vision2026/install/rm_interfaces:${AMENT_PREFIX_PATH} CMAKE_PREFIX_PATH=/home/ckl/RM/Combat_vision2026/install/rm_utils:/home/ckl/RM/Combat_vision2026/install/rm_interfaces:/opt/ros/humble LD_LIBRARY_PATH=/home/ckl/RM/Combat_vision2026/install/rm_utils/lib:/home/ckl/RM/Combat_vision2026/install/rm_interfaces/lib:${LD_LIBRARY_PATH} PYTHONPATH=/home/ckl/RM/Combat_vision2026/install/rm_interfaces/local/lib/python3.10/dist-packages:${PYTHONPATH} /usr/bin/cmake /home/ckl/RM/Combat_vision2026/src/rm_hardware_driver/rm_serial_driver -DCMAKE_INSTALL_PREFIX=/home/ckl/RM/Combat_vision2026/install/rm_serial_driver
[1.458s] Invoking command in '/home/ckl/RM/Combat_vision2026/build/rm_serial_driver': AMENT_PREFIX_PATH=/home/ckl/RM/Combat_vision2026/install/rm_utils:/home/ckl/RM/Combat_vision2026/install/rm_interfaces:${AMENT_PREFIX_PATH} CMAKE_PREFIX_PATH=/home/ckl/RM/Combat_vision2026/install/rm_utils:/home/ckl/RM/Combat_vision2026/install/rm_interfaces:/opt/ros/humble LD_LIBRARY_PATH=/home/ckl/RM/Combat_vision2026/install/rm_utils/lib:/home/ckl/RM/Combat_vision2026/install/rm_interfaces/lib:${LD_LIBRARY_PATH} PYTHONPATH=/home/ckl/RM/Combat_vision2026/install/rm_interfaces/local/lib/python3.10/dist-packages:${PYTHONPATH} /usr/bin/cmake --build /home/ckl/RM/Combat_vision2026/build/rm_serial_driver -- -j16 -l16
[1.488s] [ 17%] [32mBuilding CXX object CMakeFiles/virtual_serial_node.dir/rclcpp_components/node_main_virtual_serial_node.cpp.o[0m
[1.489s] [ 29%] [32mBuilding CXX object gtest/CMakeFiles/gtest.dir/src/gtest-all.cc.o[0m
[1.489s] [ 29%] [32mBuilding CXX object CMakeFiles/rm_serial_driver.dir/src/protocol/default_protocol.cpp.o[0m
[1.489s] [ 17%] [32mBuilding CXX object gtest/CMakeFiles/gtest_main.dir/src/gtest_main.cc.o[0m
[1.489s] [ 35%] [32mBuilding CXX object CMakeFiles/rm_serial_driver.dir/src/protocol/sentry_protocol.cpp.o[0m
[1.489s] [ 41%] [32mBuilding CXX object CMakeFiles/rm_serial_driver.dir/src/serial_driver_node.cpp.o[0m
[1.489s] [ 17%] [32mBuilding CXX object CMakeFiles/rm_serial_driver_node.dir/rclcpp_components/node_main_rm_serial_driver_node.cpp.o[0m
[1.489s] [ 47%] [32mBuilding CXX object CMakeFiles/rm_serial_driver.dir/src/virtual_serial_node.cpp.o[0m
[1.492s] [ 52%] [32mBuilding CXX object CMakeFiles/rm_serial_driver.dir/src/transporter_driver/uart_transporter.cpp.o[0m
[1.493s] [ 58%] [32mBuilding CXX object CMakeFiles/rm_serial_driver.dir/src/protocol/infantry_protocol.cpp.o[0m
[4.241s] [ 64%] [1m[32mLinking CXX static library libgtest_main.a[0m
[4.330s] [ 64%] Built target gtest_main
[8.122s] [ 70%] [1m[32mLinking CXX executable virtual_serial_node[0m
[8.348s] [ 70%] Built target virtual_serial_node
[8.646s] [ 76%] [1m[32mLinking CXX executable rm_serial_driver_node[0m
[9.043s] [ 76%] Built target rm_serial_driver_node
[14.987s] [ 82%] [1m[32mLinking CXX static library libgtest.a[0m
[15.070s] [ 82%] Built target gtest
[25.117s] [ 88%] [1m[32mLinking CXX shared library librm_serial_driver.so[0m
[25.398s] [ 88%] Built target rm_serial_driver
[25.436s] [ 94%] [32mBuilding CXX object CMakeFiles/test_fixed_packet_tool.dir/test/test_fixed_packet_tool.cpp.o[0m
[28.500s] [100%] [1m[32mLinking CXX executable test_fixed_packet_tool[0m
[28.620s] [100%] Built target test_fixed_packet_tool
[28.627s] Invoked command in '/home/ckl/RM/Combat_vision2026/build/rm_serial_driver' returned '0': AMENT_PREFIX_PATH=/home/ckl/RM/Combat_vision2026/install/rm_utils:/home/ckl/RM/Combat_vision2026/install/rm_interfaces:${AMENT_PREFIX_PATH} CMAKE_PREFIX_PATH=/home/ckl/RM/Combat_vision2026/install/rm_utils:/home/ckl/RM/Combat_vision2026/install/rm_interfaces:/opt/ros/humble LD_LIBRARY_PATH=/home/ckl/RM/Combat_vision2026/install/rm_utils/lib:/home/ckl/RM/Combat_vision2026/install/rm_interfaces/lib:${LD_LIBRARY_PATH} PYTHONPATH=/home/ckl/RM/Combat_vision2026/install/rm_interfaces/local/lib/python3.10/dist-packages:${PYTHONPATH} /usr/bin/cmake --build /home/ckl/RM/Combat_vision2026/build/rm_serial_driver -- -j16 -l16
[28.629s] Invoking command in '/home/ckl/RM/Combat_vision2026/build/rm_serial_driver': AMENT_PREFIX_PATH=/home/ckl/RM/Combat_vision2026/install/rm_utils:/home/ckl/RM/Combat_vision2026/install/rm_interfaces:${AMENT_PREFIX_PATH} CMAKE_PREFIX_PATH=/home/ckl/RM/Combat_vision2026/install/rm_utils:/home/ckl/RM/Combat_vision2026/install/rm_interfaces:/opt/ros/humble LD_LIBRARY_PATH=/home/ckl/RM/Combat_vision2026/install/rm_utils/lib:/home/ckl/RM/Combat_vision2026/install/rm_interfaces/lib:${LD_LIBRARY_PATH} PYTHONPATH=/home/ckl/RM/Combat_vision2026/install/rm_interfaces/local/lib/python3.10/dist-packages:${PYTHONPATH} /usr/bin/cmake --install /home/ckl/RM/Combat_vision2026/build/rm_serial_driver
[28.632s] -- Install configuration: ""
[28.632s] -- Installing: /home/ckl/RM/Combat_vision2026/install/rm_serial_driver/lib/rm_serial_driver/rm_serial_driver_node
[28.632s] -- Set non-toolchain portion of runtime path of "/home/ckl/RM/Combat_vision2026/install/rm_serial_driver/lib/rm_serial_driver/rm_serial_driver_node" to ""
[28.633s] -- Installing: /home/ckl/RM/Combat_vision2026/install/rm_serial_driver/lib/rm_serial_driver/virtual_serial_node
[28.633s] -- Set non-toolchain portion of runtime path of "/home/ckl/RM/Combat_vision2026/install/rm_serial_driver/lib/rm_serial_driver/virtual_serial_node" to ""
[28.633s] -- Installing: /home/ckl/RM/Combat_vision2026/install/rm_serial_driver/include
[28.633s] -- Installing: /home/ckl/RM/Combat_vision2026/install/rm_serial_driver/include/rm_serial_driver
[28.633s] -- Installing: /home/ckl/RM/Combat_vision2026/install/rm_serial_driver/include/rm_serial_driver/uart_transporter.hpp
[28.633s] -- Installing: /home/ckl/RM/Combat_vision2026/install/rm_serial_driver/include/rm_serial_driver/protocol_factory.hpp
[28.633s] -- Installing: /home/ckl/RM/Combat_vision2026/install/rm_serial_driver/include/rm_serial_driver/fixed_packet_tool.hpp
[28.634s] -- Installing: /home/ckl/RM/Combat_vision2026/install/rm_serial_driver/include/rm_serial_driver/fixed_packet.hpp
[28.634s] -- Installing: /home/ckl/RM/Combat_vision2026/install/rm_serial_driver/include/rm_serial_driver/protocol
[28.634s] -- Installing: /home/ckl/RM/Combat_vision2026/install/rm_serial_driver/include/rm_serial_driver/protocol/infantry_protocol.hpp
[28.634s] -- Installing: /home/ckl/RM/Combat_vision2026/install/rm_serial_driver/include/rm_serial_driver/protocol/default_protocol.hpp
[28.634s] -- Installing: /home/ckl/RM/Combat_vision2026/install/rm_serial_driver/include/rm_serial_driver/protocol/sentry_protocol.hpp
[28.634s] -- Installing: /home/ckl/RM/Combat_vision2026/install/rm_serial_driver/include/rm_serial_driver/transporter_interface.hpp
[28.635s] -- Installing: /home/ckl/RM/Combat_vision2026/install/rm_serial_driver/include/rm_serial_driver/serial_driver_node.hpp
[28.635s] -- Installing: /home/ckl/RM/Combat_vision2026/install/rm_serial_driver/include/rm_serial_driver/protocol.hpp
[28.635s] -- Installing: /home/ckl/RM/Combat_vision2026/install/rm_serial_driver/share/rm_serial_driver/environment/library_path.sh
[28.635s] -- Installing: /home/ckl/RM/Combat_vision2026/install/rm_serial_driver/share/rm_serial_driver/environment/library_path.dsv
[28.635s] -- Installing: /home/ckl/RM/Combat_vision2026/install/rm_serial_driver/lib/librm_serial_driver.so
[28.638s] -- Set non-toolchain portion of runtime path of "/home/ckl/RM/Combat_vision2026/install/rm_serial_driver/lib/librm_serial_driver.so" to ""
[28.638s] -- Installing: /home/ckl/RM/Combat_vision2026/install/rm_serial_driver/share/ament_index/resource_index/package_run_dependencies/rm_serial_driver
[28.638s] -- Installing: /home/ckl/RM/Combat_vision2026/install/rm_serial_driver/share/ament_index/resource_index/parent_prefix_path/rm_serial_driver
[28.638s] -- Installing: /home/ckl/RM/Combat_vision2026/install/rm_serial_driver/share/rm_serial_driver/environment/ament_prefix_path.sh
[28.638s] -- Installing: /home/ckl/RM/Combat_vision2026/install/rm_serial_driver/share/rm_serial_driver/environment/ament_prefix_path.dsv
[28.638s] -- Installing: /home/ckl/RM/Combat_vision2026/install/rm_serial_driver/share/rm_serial_driver/environment/path.sh
[28.639s] -- Installing: /home/ckl/RM/Combat_vision2026/install/rm_serial_driver/share/rm_serial_driver/environment/path.dsv
[28.639s] -- Installing: /home/ckl/RM/Combat_vision2026/install/rm_serial_driver/share/rm_serial_driver/local_setup.bash
[28.639s] -- Installing: /home/ckl/RM/Combat_vision2026/install/rm_serial_driver/share/rm_serial_driver/local_setup.sh
[28.639s] -- Installing: /home/ckl/RM/Combat_vision2026/install/rm_serial_driver/share/rm_serial_driver/local_setup.zsh
[28.639s] -- Installing: /home/ckl/RM/Combat_vision2026/install/rm_serial_driver/share/rm_serial_driver/local_setup.dsv
[28.639s] -- Installing: /home/ckl/RM/Combat_vision2026/install/rm_serial_driver/share/rm_serial_driver/package.dsv
[28.640s] -- Installing: /home/ckl/RM/Combat_vision2026/install/rm_serial_driver/share/ament_index/resource_index/packages/rm_serial_driver
[28.640s] -- Installing: /home/ckl/RM/Combat_vision2026/install/rm_serial_driver/share/ament_index/resource_index/rclcpp_components/rm_serial_driver
[28.640s] -- Installing: /home/ckl/RM/Combat_vision2026/install/rm_serial_driver/share/rm_serial_driver/cmake/ament_cmake_export_dependencies-extras.cmake
[28.640s] -- Installing: /home/ckl/RM/Combat_vision2026/install/rm_serial_driver/share/rm_serial_driver/cmake/ament_cmake_export_include_directories-extras.cmake
[28.641s] -- Installing: /home/ckl/RM/Combat_vision2026/install/rm_serial_driver/share/rm_serial_driver/cmake/ament_cmake_export_libraries-extras.cmake
[28.641s] -- Installing: /home/ckl/RM/Combat_vision2026/install/rm_serial_driver/share/rm_serial_driver/cmake/rm_serial_driverConfig.cmake
[28.641s] -- Installing: /home/ckl/RM/Combat_vision2026/install/rm_serial_driver/share/rm_serial_driver/cmake/rm_serial_driverConfig-version.cmake
[28.641s] -- Installing: /home/ckl/RM/Combat_vision2026/install/rm_serial_driver/share/rm_serial_driver/package.xml
[28.643s] Invoked command in '/home/ckl/RM/Combat_vision2026/build/rm_serial_driver' returned '0': AMENT_PREFIX_PATH=/home/ckl/RM/Combat_vision2026/install/rm_utils:/home/ckl/RM/Combat_vision2026/install/rm_interfaces:${AMENT_PREFIX_PATH} CMAKE_PREFIX_PATH=/home/ckl/RM/Combat_vision2026/install/rm_utils:/home/ckl/RM/Combat_vision2026/install/rm_interfaces:/opt/ros/humble LD_LIBRARY_PATH=/home/ckl/RM/Combat_vision2026/install/rm_utils/lib:/home/ckl/RM/Combat_vision2026/install/rm_interfaces/lib:${LD_LIBRARY_PATH} PYTHONPATH=/home/ckl/RM/Combat_vision2026/install/rm_interfaces/local/lib/python3.10/dist-packages:${PYTHONPATH} /usr/bin/cmake --install /home/ckl/RM/Combat_vision2026/build/rm_serial_driver
