[0.058s] Invoking command in '/home/ckl/RM/Combat_vision2026/build/armor_detector': CMAKE_PREFIX_PATH=/home/ckl/RM/Combat_vision2026/install/rm_utils:/home/ckl/RM/Combat_vision2026/install/rm_interfaces:/home/ckl/RM/Combat_vision2026/install/rm_bringup:/home/ckl/RM/Combat_vision2026/install/rm_serial_driver:/home/ckl/RM/Combat_vision2026/install/rm_auto_aim:/home/ckl/RM/Combat_vision2026/install/armor_solver:/home/ckl/RM/Combat_vision2026/install/armor_detector:/home/ckl/RM/Combat_vision2026/install/rm_robot_description:/home/ckl/RM/Combat_vision2026/install/hik_camera:/opt/ros/humble LD_LIBRARY_PATH=/home/ckl/RM/Combat_vision2026/install/rm_utils/lib:/home/ckl/RM/Combat_vision2026/install/rm_interfaces/lib:/home/ckl/RM/Combat_vision2026/install/rm_serial_driver/lib:/home/ckl/RM/Combat_vision2026/install/armor_solver/lib:/home/ckl/RM/Combat_vision2026/install/armor_detector/lib:/home/ckl/RM/Combat_vision2026/install/hik_camera/lib:/opt/MVS/lib/64:/opt/MVS/lib/32:/opt/MVS/lib/64:/opt/MVS/lib/32:/opt/MVS/lib/64:/opt/MVS/lib/32:/opt/ros/humble/opt/rviz_ogre_vendor/lib:/opt/ros/humble/lib/x86_64-linux-gnu:/opt/ros/humble/lib:/opt/MVS/lib/64:/opt/MVS/lib/32:/opt/MVS/lib/64:/opt/MVS/lib/32:/opt/MVS/lib/64:/opt/MVS/lib/32 /usr/bin/cmake --build /home/ckl/RM/Combat_vision2026/build/armor_detector -- -j16 -l16
[0.188s] [  7%] Built target gtest_main
[0.188s] [ 14%] Built target gtest
[0.209s] [ 22%] Built target armor_detector_node
[0.240s] [ 29%] [32mBuilding CXX object CMakeFiles/armor_detector.dir/src/armor_pose_estimator.cpp.o[0m
[0.240s] [ 29%] [32mBuilding CXX object CMakeFiles/armor_detector.dir/src/ba_solver.cpp.o[0m
[4.865s] [01m[K/home/ckl/RM/Combat_vision2026/src/rm_auto_aim/armor_detector/src/armor_pose_estimator.cpp:[m[K In member function ‘[01m[Kstd::vector<rm_interfaces::msg::Armor_<std::allocator<void> > > fyt::auto_aim::ArmorPoseEstimator::extractArmorPoses(const std::vector<fyt::auto_aim::Armor>&, Eigen::Matrix3d)[m[K’:
[4.865s] [01m[K/home/ckl/RM/Combat_vision2026/src/rm_auto_aim/armor_detector/src/armor_pose_estimator.cpp:66:30:[m[K [01;31m[Kerror: [m[Kcannot convert ‘[01m[KEigen::DenseCoeffsBase<Eigen::Matrix<double, 3, 3>, 1>::Scalar[m[K’ {aka ‘[01m[Kdouble[m[K’} to ‘[01m[Kconst Matrix3d&[m[K’ {aka ‘[01m[Kconst Eigen::Matrix<double, 3, 3>&[m[K’}
[4.865s]    66 |           [01;31m[KrotationMatrixToRPY(R[2])[m[K * 180 / M_PI;
[4.865s]       |           [01;31m[K~~~~~~~~~~~~~~~~~~~^~~~~~[m[K
[4.866s] In file included from [01m[K/home/ckl/RM/Combat_vision2026/src/rm_auto_aim/armor_detector/src/armor_pose_estimator.cpp:15[m[K:
[4.866s] [01m[K/home/ckl/RM/Combat_vision2026/src/rm_auto_aim/armor_detector/include/armor_detector/armor_pose_estimator.hpp:55:69:[m[K [01;36m[Knote: [m[K  initializing argument 1 of ‘[01m[Kstatic Eigen::Vector3d fyt::auto_aim::ArmorPoseEstimator::rotationMatrixToRPY(const Matrix3d&)[m[K’
[4.866s]    55 |   static Eigen::Vector3d rotationMatrixToRPY([01;36m[Kconst Eigen::Matrix3d &R[m[K);
[4.866s]       |                                              [01;36m[K~~~~~~~~~~~~~~~~~~~~~~~^[m[K
[5.707s] In file included from [01m[K/usr/include/eigen3/Eigen/Core:164[m[K,
[5.707s]                  from [01m[K/usr/include/eigen3/Eigen/Dense:1[m[K,
[5.707s]                  from [01m[K/home/ckl/RM/Combat_vision2026/src/rm_auto_aim/armor_detector/include/armor_detector/armor_pose_estimator.hpp:25[m[K,
[5.707s]                  from [01m[K/home/ckl/RM/Combat_vision2026/src/rm_auto_aim/armor_detector/src/armor_pose_estimator.cpp:15[m[K:
[5.708s] /usr/include/eigen3/Eigen/src/Core/DenseCoeffsBase.h: In instantiation of ‘[01m[KEigen::DenseCoeffsBase<Derived, 1>::Scalar& Eigen::DenseCoeffsBase<Derived, 1>::operator[](Eigen::Index) [with Derived = Eigen::Matrix<double, 3, 3>; Eigen::DenseCoeffsBase<Derived, 1>::Scalar = double; Eigen::Index = long int][m[K’:
[5.708s] [01m[K/home/ckl/RM/Combat_vision2026/src/rm_auto_aim/armor_detector/src/armor_pose_estimator.cpp:66:34:[m[K   required from here
[5.708s] [01m[K/usr/include/eigen3/Eigen/src/Core/DenseCoeffsBase.h:408:7:[m[K [01;31m[Kerror: [m[Kstatic assertion failed: THE_BRACKET_OPERATOR_IS_ONLY_FOR_VECTORS__USE_THE_PARENTHESIS_OPERATOR_INSTEAD
[5.708s]   408 |       [01;31m[KEIGEN_STATIC_ASSERT[m[K(Derived::IsVectorAtCompileTime,
[5.708s]       |       [01;31m[K^~~~~~~~~~~~~~~~~~~[m[K
[5.708s] [01m[K/usr/include/eigen3/Eigen/src/Core/DenseCoeffsBase.h:408:7:[m[K [01;36m[Knote: [m[K‘[01m[KEigen::Matrix<double, 3, 3>::IsVectorAtCompileTime[m[K’ evaluates to false
[9.098s] gmake[2]: *** [CMakeFiles/armor_detector.dir/build.make:107：CMakeFiles/armor_detector.dir/src/armor_pose_estimator.cpp.o] 错误 1
[9.098s] gmake[2]: *** 正在等待未完成的任务....
[13.430s] gmake[1]: *** [CMakeFiles/Makefile2:185：CMakeFiles/armor_detector.dir/all] 错误 2
[13.431s] gmake: *** [Makefile:146：all] 错误 2
[13.433s] Invoked command in '/home/ckl/RM/Combat_vision2026/build/armor_detector' returned '2': CMAKE_PREFIX_PATH=/home/ckl/RM/Combat_vision2026/install/rm_utils:/home/ckl/RM/Combat_vision2026/install/rm_interfaces:/home/ckl/RM/Combat_vision2026/install/rm_bringup:/home/ckl/RM/Combat_vision2026/install/rm_serial_driver:/home/ckl/RM/Combat_vision2026/install/rm_auto_aim:/home/ckl/RM/Combat_vision2026/install/armor_solver:/home/ckl/RM/Combat_vision2026/install/armor_detector:/home/ckl/RM/Combat_vision2026/install/rm_robot_description:/home/ckl/RM/Combat_vision2026/install/hik_camera:/opt/ros/humble LD_LIBRARY_PATH=/home/ckl/RM/Combat_vision2026/install/rm_utils/lib:/home/ckl/RM/Combat_vision2026/install/rm_interfaces/lib:/home/ckl/RM/Combat_vision2026/install/rm_serial_driver/lib:/home/ckl/RM/Combat_vision2026/install/armor_solver/lib:/home/ckl/RM/Combat_vision2026/install/armor_detector/lib:/home/ckl/RM/Combat_vision2026/install/hik_camera/lib:/opt/MVS/lib/64:/opt/MVS/lib/32:/opt/MVS/lib/64:/opt/MVS/lib/32:/opt/MVS/lib/64:/opt/MVS/lib/32:/opt/ros/humble/opt/rviz_ogre_vendor/lib:/opt/ros/humble/lib/x86_64-linux-gnu:/opt/ros/humble/lib:/opt/MVS/lib/64:/opt/MVS/lib/32:/opt/MVS/lib/64:/opt/MVS/lib/32:/opt/MVS/lib/64:/opt/MVS/lib/32 /usr/bin/cmake --build /home/ckl/RM/Combat_vision2026/build/armor_detector -- -j16 -l16
