[0.015s] Invoking command in '/home/ckl/RM/Combat_vision2026/build/armor_detector': AMENT_PREFIX_PATH=/home/ckl/RM/Combat_vision2026/install/rm_utils:/home/ckl/RM/Combat_vision2026/install/rm_interfaces:${AMENT_PREFIX_PATH} CMAKE_PREFIX_PATH=/home/ckl/RM/Combat_vision2026/install/rm_utils:/home/ckl/RM/Combat_vision2026/install/rm_interfaces:/opt/ros/humble LD_LIBRARY_PATH=/home/ckl/RM/Combat_vision2026/install/rm_utils/lib:/home/ckl/RM/Combat_vision2026/install/rm_interfaces/lib:${LD_LIBRARY_PATH} PYTHONPATH=/home/ckl/RM/Combat_vision2026/install/rm_interfaces/local/lib/python3.10/dist-packages:${PYTHONPATH} /usr/bin/cmake --build /home/ckl/RM/Combat_vision2026/build/armor_detector -- -j16 -l16
[0.050s] [ 14%] Built target gtest
[0.050s] [ 14%] Built target gtest_main
[0.052s] [ 22%] Built target armor_detector_node
[0.098s] [ 29%] [32mBuilding CXX object CMakeFiles/armor_detector.dir/src/armor_detector_node.cpp.o[0m
[0.098s] [ 29%] [32mBuilding CXX object CMakeFiles/armor_detector.dir/src/armor_pose_estimator.cpp.o[0m
[0.099s] [ 33%] [32mBuilding CXX object CMakeFiles/armor_detector.dir/src/bound_solver.cpp.o[0m
[0.100s] [ 37%] [32mBuilding CXX object CMakeFiles/armor_detector.dir/src/spiral.cpp.o[0m
[4.060s] [01m[K/home/ckl/RM/Combat_vision2026/src/rm_auto_aim/armor_detector/src/bound_solver.cpp:[m[K In member function ‘[01m[KEigen::Matrix3d fyt::auto_aim::BoundSolver::solveBound(const fyt::auto_aim::Armor&, const Vector3d&, const Matrix3d&, const Matrix3d&)[m[K’:
[4.060s] [01m[K/home/ckl/RM/Combat_vision2026/src/rm_auto_aim/armor_detector/src/bound_solver.cpp:43:16:[m[K [01;31m[Kerror: [m[Kcannot convert ‘[01m[Kconst std::vector<Eigen::Matrix<double, 3, 1>, std::allocator<Eigen::Matrix<double, 3, 1> > >[m[K’ to ‘[01m[KEigen::Vector3d[m[K’ {aka ‘[01m[KEigen::Matrix<double, 3, 1>[m[K’}
[4.060s]    43 |   reprojection([01;31m[Kobject_points[m[K, R_camera_armor, t_camera_armor);   //to get bound_solver->projected_points
[4.060s]       |                [01;31m[K^~~~~~~~~~~~~[m[K
[4.060s]       |                [01;31m[K|[m[K
[4.060s]       |                [01;31m[Kconst std::vector<Eigen::Matrix<double, 3, 1>, std::allocator<Eigen::Matrix<double, 3, 1> > >[m[K
[4.060s] In file included from [01m[K/home/ckl/RM/Combat_vision2026/src/rm_auto_aim/armor_detector/src/bound_solver.cpp:1[m[K:
[4.060s] [01m[K/home/ckl/RM/Combat_vision2026/src/rm_auto_aim/armor_detector/include/armor_detector/bound_solver.hpp:47:39:[m[K [01;36m[Knote: [m[K  initializing argument 1 of ‘[01m[Kvoid fyt::auto_aim::BoundSolver::reprojection(Eigen::Vector3d, Eigen::Matrix3d, Eigen::Vector3d)[m[K’
[4.060s]    47 |     void reprojection([01;36m[KEigen::Vector3d object_points[m[K, Eigen::Matrix3d R_camera_armor, Eigen::Vector3d t_camera_armor);
[4.060s]       |                       [01;36m[K~~~~~~~~~~~~~~~~^~~~~~~~~~~~~[m[K
[5.037s] gmake[2]: *** [CMakeFiles/armor_detector.dir/build.make:135：CMakeFiles/armor_detector.dir/src/bound_solver.cpp.o] 错误 1
[5.037s] gmake[2]: *** 正在等待未完成的任务....
[25.591s] gmake[1]: *** [CMakeFiles/Makefile2:185：CMakeFiles/armor_detector.dir/all] 错误 2
[25.592s] gmake: *** [Makefile:146：all] 错误 2
[25.594s] Invoked command in '/home/ckl/RM/Combat_vision2026/build/armor_detector' returned '2': AMENT_PREFIX_PATH=/home/ckl/RM/Combat_vision2026/install/rm_utils:/home/ckl/RM/Combat_vision2026/install/rm_interfaces:${AMENT_PREFIX_PATH} CMAKE_PREFIX_PATH=/home/ckl/RM/Combat_vision2026/install/rm_utils:/home/ckl/RM/Combat_vision2026/install/rm_interfaces:/opt/ros/humble LD_LIBRARY_PATH=/home/ckl/RM/Combat_vision2026/install/rm_utils/lib:/home/ckl/RM/Combat_vision2026/install/rm_interfaces/lib:${LD_LIBRARY_PATH} PYTHONPATH=/home/ckl/RM/Combat_vision2026/install/rm_interfaces/local/lib/python3.10/dist-packages:${PYTHONPATH} /usr/bin/cmake --build /home/ckl/RM/Combat_vision2026/build/armor_detector -- -j16 -l16
