[  7%] Built target gtest_main
[ 14%] Built target gtest
[ 22%] Built target armor_detector_node
[ 25%] [32mBuilding CXX object CMakeFiles/armor_detector.dir/src/bound_solver.cpp.o[0m
[ 29%] [32mBuilding CXX object CMakeFiles/armor_detector.dir/src/spiral.cpp.o[0m
[01m[K/home/ckl/RM/Combat_vision2026/src/rm_auto_aim/armor_detector/src/spiral.cpp:[m[K In function ‘[01m[Kint main()[m[K’:
[01m[K/home/ckl/RM/Combat_vision2026/src/rm_auto_aim/armor_detector/src/spiral.cpp:108:41:[m[K [01;31m[Kerror: [m[K‘[01m[Kstd::vector<cv::RotatedRect> fyt::auto_aim::BoundSolver::boundaries[m[K’ is private within this context
  108 |   armor_pose_estimator_->bound_solver_->[01;31m[Kboundaries[m[K.empty();
      |                                         [01;31m[K^~~~~~~~~~[m[K
In file included from [01m[K/home/ckl/RM/Combat_vision2026/src/rm_auto_aim/armor_detector/src/spiral.cpp:27[m[K:
[01m[K/home/ckl/RM/Combat_vision2026/src/rm_auto_aim/armor_detector/include/armor_detector/bound_solver.hpp:63:34:[m[K [01;36m[Knote: [m[Kdeclared private here
   63 |     std::vector<cv::RotatedRect> [01;36m[Kboundaries[m[K;
      |                                  [01;36m[K^~~~~~~~~~[m[K
[01m[K/home/ckl/RM/Combat_vision2026/src/rm_auto_aim/armor_detector/src/spiral.cpp:108:57:[m[K [01;31m[Kerror: [m[Kignoring return value of ‘[01m[Kbool std::vector<_Tp, _Alloc>::empty() const [with _Tp = cv::RotatedRect; _Alloc = std::allocator<cv::RotatedRect>][m[K’, declared with attribute ‘[01m[Knodiscard[m[K’ [[01;31m[K]8;;https://gcc.gnu.org/onlinedocs/gcc/Warning-Options.html#index-Wunused-result-Werror=unused-result]8;;[m[K]
  108 |   [01;31m[Karmor_pose_estimator_->bound_solver_->boundaries.empty()[m[K;
      |   [01;31m[K~~~~~~~~~~~~~~~~~~~~~~~~~~~~~~~~~~~~~~~~~~~~~~~~~~~~~~^~[m[K
In file included from [01m[K/usr/include/c++/11/vector:67[m[K,
                 from [01m[K/usr/include/c++/11/functional:62[m[K,
                 from [01m[K/usr/include/c++/11/pstl/glue_algorithm_defs.h:13[m[K,
                 from [01m[K/usr/include/c++/11/algorithm:74[m[K,
                 from [01m[K/home/ckl/RM/Combat_vision2026/src/rm_auto_aim/armor_detector/src/spiral.cpp:1[m[K:
[01m[K/usr/include/c++/11/bits/stl_vector.h:1007:7:[m[K [01;36m[Knote: [m[Kdeclared here
 1007 |       [01;36m[Kempty[m[K() const _GLIBCXX_NOEXCEPT
      |       [01;36m[K^~~~~[m[K
cc1plus: all warnings being treated as errors
gmake[2]: *** [CMakeFiles/armor_detector.dir/build.make:191：CMakeFiles/armor_detector.dir/src/spiral.cpp.o] 错误 1
gmake[2]: *** 正在等待未完成的任务....
gmake[1]: *** [CMakeFiles/Makefile2:185：CMakeFiles/armor_detector.dir/all] 错误 2
gmake: *** [Makefile:146：all] 错误 2
