[0.017s] Invoking command in '/home/ckl/RM/Combat_vision2026/build/armor_solver': CMAKE_PREFIX_PATH=/home/ckl/RM/Combat_vision2026/install/rm_utils:/home/ckl/RM/Combat_vision2026/install/rm_interfaces:/home/ckl/RM/Combat_vision2026/install/rm_bringup:/home/ckl/RM/Combat_vision2026/install/rm_serial_driver:/home/ckl/RM/Combat_vision2026/install/rm_auto_aim:/home/ckl/RM/Combat_vision2026/install/armor_solver:/home/ckl/RM/Combat_vision2026/install/armor_detector:/home/ckl/RM/Combat_vision2026/install/rm_robot_description:/home/ckl/RM/Combat_vision2026/install/hik_camera:/opt/ros/humble LD_LIBRARY_PATH=/home/ckl/RM/Combat_vision2026/install/rm_utils/lib:/home/ckl/RM/Combat_vision2026/install/rm_interfaces/lib:/home/ckl/RM/Combat_vision2026/install/rm_serial_driver/lib:/home/ckl/RM/Combat_vision2026/install/armor_solver/lib:/home/ckl/RM/Combat_vision2026/install/armor_detector/lib:/home/ckl/RM/Combat_vision2026/install/hik_camera/lib:/opt/ros/humble/opt/rviz_ogre_vendor/lib:/opt/ros/humble/lib/x86_64-linux-gnu:/opt/ros/humble/lib /usr/bin/cmake --build /home/ckl/RM/Combat_vision2026/build/armor_solver -- -j16 -l16
[0.063s] [ 33%] Built target armor_solver_node
[0.073s] [100%] Built target armor_solver
[0.079s] Invoked command in '/home/ckl/RM/Combat_vision2026/build/armor_solver' returned '0': CMAKE_PREFIX_PATH=/home/ckl/RM/Combat_vision2026/install/rm_utils:/home/ckl/RM/Combat_vision2026/install/rm_interfaces:/home/ckl/RM/Combat_vision2026/install/rm_bringup:/home/ckl/RM/Combat_vision2026/install/rm_serial_driver:/home/ckl/RM/Combat_vision2026/install/rm_auto_aim:/home/ckl/RM/Combat_vision2026/install/armor_solver:/home/ckl/RM/Combat_vision2026/install/armor_detector:/home/ckl/RM/Combat_vision2026/install/rm_robot_description:/home/ckl/RM/Combat_vision2026/install/hik_camera:/opt/ros/humble LD_LIBRARY_PATH=/home/ckl/RM/Combat_vision2026/install/rm_utils/lib:/home/ckl/RM/Combat_vision2026/install/rm_interfaces/lib:/home/ckl/RM/Combat_vision2026/install/rm_serial_driver/lib:/home/ckl/RM/Combat_vision2026/install/armor_solver/lib:/home/ckl/RM/Combat_vision2026/install/armor_detector/lib:/home/ckl/RM/Combat_vision2026/install/hik_camera/lib:/opt/ros/humble/opt/rviz_ogre_vendor/lib:/opt/ros/humble/lib/x86_64-linux-gnu:/opt/ros/humble/lib /usr/bin/cmake --build /home/ckl/RM/Combat_vision2026/build/armor_solver -- -j16 -l16
[0.080s] Invoking command in '/home/ckl/RM/Combat_vision2026/build/armor_solver': CMAKE_PREFIX_PATH=/home/ckl/RM/Combat_vision2026/install/rm_utils:/home/ckl/RM/Combat_vision2026/install/rm_interfaces:/home/ckl/RM/Combat_vision2026/install/rm_bringup:/home/ckl/RM/Combat_vision2026/install/rm_serial_driver:/home/ckl/RM/Combat_vision2026/install/rm_auto_aim:/home/ckl/RM/Combat_vision2026/install/armor_solver:/home/ckl/RM/Combat_vision2026/install/armor_detector:/home/ckl/RM/Combat_vision2026/install/rm_robot_description:/home/ckl/RM/Combat_vision2026/install/hik_camera:/opt/ros/humble LD_LIBRARY_PATH=/home/ckl/RM/Combat_vision2026/install/rm_utils/lib:/home/ckl/RM/Combat_vision2026/install/rm_interfaces/lib:/home/ckl/RM/Combat_vision2026/install/rm_serial_driver/lib:/home/ckl/RM/Combat_vision2026/install/armor_solver/lib:/home/ckl/RM/Combat_vision2026/install/armor_detector/lib:/home/ckl/RM/Combat_vision2026/install/hik_camera/lib:/opt/ros/humble/opt/rviz_ogre_vendor/lib:/opt/ros/humble/lib/x86_64-linux-gnu:/opt/ros/humble/lib /usr/bin/cmake --install /home/ckl/RM/Combat_vision2026/build/armor_solver
[0.083s] -- Install configuration: ""
[0.083s] -- Up-to-date: /home/ckl/RM/Combat_vision2026/install/armor_solver/lib/armor_solver/armor_solver_node
[0.083s] -- Up-to-date: /home/ckl/RM/Combat_vision2026/install/armor_solver/include
[0.083s] -- Up-to-date: /home/ckl/RM/Combat_vision2026/install/armor_solver/include/armor_solver
[0.083s] -- Up-to-date: /home/ckl/RM/Combat_vision2026/install/armor_solver/include/armor_solver/armor_tracker.hpp
[0.083s] -- Up-to-date: /home/ckl/RM/Combat_vision2026/install/armor_solver/include/armor_solver/armor_solver.hpp
[0.083s] -- Up-to-date: /home/ckl/RM/Combat_vision2026/install/armor_solver/include/armor_solver/motion_model.hpp
[0.083s] -- Up-to-date: /home/ckl/RM/Combat_vision2026/install/armor_solver/include/armor_solver/armor_solver_node.hpp
[0.083s] -- Up-to-date: /home/ckl/RM/Combat_vision2026/install/armor_solver/share/armor_solver/environment/library_path.sh
[0.083s] -- Up-to-date: /home/ckl/RM/Combat_vision2026/install/armor_solver/share/armor_solver/environment/library_path.dsv
[0.083s] -- Up-to-date: /home/ckl/RM/Combat_vision2026/install/armor_solver/lib/libarmor_solver.so
[0.083s] -- Up-to-date: /home/ckl/RM/Combat_vision2026/install/armor_solver/share/ament_index/resource_index/package_run_dependencies/armor_solver
[0.084s] -- Up-to-date: /home/ckl/RM/Combat_vision2026/install/armor_solver/share/ament_index/resource_index/parent_prefix_path/armor_solver
[0.084s] -- Up-to-date: /home/ckl/RM/Combat_vision2026/install/armor_solver/share/armor_solver/environment/ament_prefix_path.sh
[0.084s] -- Up-to-date: /home/ckl/RM/Combat_vision2026/install/armor_solver/share/armor_solver/environment/ament_prefix_path.dsv
[0.084s] -- Up-to-date: /home/ckl/RM/Combat_vision2026/install/armor_solver/share/armor_solver/environment/path.sh
[0.084s] -- Up-to-date: /home/ckl/RM/Combat_vision2026/install/armor_solver/share/armor_solver/environment/path.dsv
[0.084s] -- Up-to-date: /home/ckl/RM/Combat_vision2026/install/armor_solver/share/armor_solver/local_setup.bash
[0.084s] -- Up-to-date: /home/ckl/RM/Combat_vision2026/install/armor_solver/share/armor_solver/local_setup.sh
[0.084s] -- Up-to-date: /home/ckl/RM/Combat_vision2026/install/armor_solver/share/armor_solver/local_setup.zsh
[0.084s] -- Up-to-date: /home/ckl/RM/Combat_vision2026/install/armor_solver/share/armor_solver/local_setup.dsv
[0.084s] -- Installing: /home/ckl/RM/Combat_vision2026/install/armor_solver/share/armor_solver/package.dsv
[0.085s] -- Up-to-date: /home/ckl/RM/Combat_vision2026/install/armor_solver/share/ament_index/resource_index/packages/armor_solver
[0.085s] -- Up-to-date: /home/ckl/RM/Combat_vision2026/install/armor_solver/share/ament_index/resource_index/rclcpp_components/armor_solver
[0.085s] -- Up-to-date: /home/ckl/RM/Combat_vision2026/install/armor_solver/share/armor_solver/cmake/ament_cmake_export_dependencies-extras.cmake
[0.085s] -- Up-to-date: /home/ckl/RM/Combat_vision2026/install/armor_solver/share/armor_solver/cmake/ament_cmake_export_include_directories-extras.cmake
[0.085s] -- Up-to-date: /home/ckl/RM/Combat_vision2026/install/armor_solver/share/armor_solver/cmake/ament_cmake_export_libraries-extras.cmake
[0.085s] -- Up-to-date: /home/ckl/RM/Combat_vision2026/install/armor_solver/share/armor_solver/cmake/armor_solverConfig.cmake
[0.085s] -- Up-to-date: /home/ckl/RM/Combat_vision2026/install/armor_solver/share/armor_solver/cmake/armor_solverConfig-version.cmake
[0.085s] -- Up-to-date: /home/ckl/RM/Combat_vision2026/install/armor_solver/share/armor_solver/package.xml
[0.086s] Invoked command in '/home/ckl/RM/Combat_vision2026/build/armor_solver' returned '0': CMAKE_PREFIX_PATH=/home/ckl/RM/Combat_vision2026/install/rm_utils:/home/ckl/RM/Combat_vision2026/install/rm_interfaces:/home/ckl/RM/Combat_vision2026/install/rm_bringup:/home/ckl/RM/Combat_vision2026/install/rm_serial_driver:/home/ckl/RM/Combat_vision2026/install/rm_auto_aim:/home/ckl/RM/Combat_vision2026/install/armor_solver:/home/ckl/RM/Combat_vision2026/install/armor_detector:/home/ckl/RM/Combat_vision2026/install/rm_robot_description:/home/ckl/RM/Combat_vision2026/install/hik_camera:/opt/ros/humble LD_LIBRARY_PATH=/home/ckl/RM/Combat_vision2026/install/rm_utils/lib:/home/ckl/RM/Combat_vision2026/install/rm_interfaces/lib:/home/ckl/RM/Combat_vision2026/install/rm_serial_driver/lib:/home/ckl/RM/Combat_vision2026/install/armor_solver/lib:/home/ckl/RM/Combat_vision2026/install/armor_detector/lib:/home/ckl/RM/Combat_vision2026/install/hik_camera/lib:/opt/ros/humble/opt/rviz_ogre_vendor/lib:/opt/ros/humble/lib/x86_64-linux-gnu:/opt/ros/humble/lib /usr/bin/cmake --install /home/ckl/RM/Combat_vision2026/build/armor_solver
