[  7%] Built target gtest
[ 14%] Built target gtest_main
[ 22%] Built target armor_detector_node
[ 25%] [32mBuilding CXX object CMakeFiles/armor_detector.dir/src/bound_solver.cpp.o[0m
[01m[K/home/ckl/RM/Combat_vision2026/src/rm_auto_aim/armor_detector/src/bound_solver.cpp:[m[K In member function ‘[01m[KEigen::Matrix3d fyt::auto_aim::BoundSolver::solveBound(const fyt::auto_aim::Armor&, const Vector3d&, const Matrix3d&, const Matrix3d&)[m[K’:
[01m[K/home/ckl/RM/Combat_vision2026/src/rm_auto_aim/armor_detector/src/bound_solver.cpp:43:16:[m[K [01;31m[Kerror: [m[Kcannot convert ‘[01m[Kconst std::vector<Eigen::Matrix<double, 3, 1>, std::allocator<Eigen::Matrix<double, 3, 1> > >[m[K’ to ‘[01m[KEigen::Vector3d[m[K’ {aka ‘[01m[KEigen::Matrix<double, 3, 1>[m[K’}
   43 |   reprojection([01;31m[Kobject_points[m[K, R_camera_armor, t_camera_armor);   //to get bound_solver->projected_points
      |                [01;31m[K^~~~~~~~~~~~~[m[K
      |                [01;31m[K|[m[K
      |                [01;31m[Kconst std::vector<Eigen::Matrix<double, 3, 1>, std::allocator<Eigen::Matrix<double, 3, 1> > >[m[K
In file included from [01m[K/home/ckl/RM/Combat_vision2026/src/rm_auto_aim/armor_detector/src/bound_solver.cpp:1[m[K:
[01m[K/home/ckl/RM/Combat_vision2026/src/rm_auto_aim/armor_detector/include/armor_detector/bound_solver.hpp:47:39:[m[K [01;36m[Knote: [m[K  initializing argument 1 of ‘[01m[Kvoid fyt::auto_aim::BoundSolver::reprojection(Eigen::Vector3d, Eigen::Matrix3d, cv::Mat)[m[K’
   47 |     void reprojection([01;36m[KEigen::Vector3d object_points[m[K, Eigen::Matrix3d R_camera_armor, cv::Mat t_camera_armor);
      |                       [01;36m[K~~~~~~~~~~~~~~~~^~~~~~~~~~~~~[m[K
[01m[K/home/ckl/RM/Combat_vision2026/src/rm_auto_aim/armor_detector/src/bound_solver.cpp:[m[K At global scope:
[01m[K/home/ckl/RM/Combat_vision2026/src/rm_auto_aim/armor_detector/src/bound_solver.cpp:109:6:[m[K [01;31m[Kerror: [m[Kno declaration matches ‘[01m[Kvoid fyt::auto_aim::BoundSolver::reprojection(Eigen::Vector3d, Eigen::Matrix3d, Eigen::Vector3d)[m[K’
  109 | void [01;31m[KBoundSolver[m[K::reprojection(Eigen::Vector3d object_points,
      |      [01;31m[K^~~~~~~~~~~[m[K
In file included from [01m[K/home/ckl/RM/Combat_vision2026/src/rm_auto_aim/armor_detector/src/bound_solver.cpp:1[m[K:
[01m[K/home/ckl/RM/Combat_vision2026/src/rm_auto_aim/armor_detector/include/armor_detector/bound_solver.hpp:47:10:[m[K [01;36m[Knote: [m[Kcandidate is: ‘[01m[Kvoid fyt::auto_aim::BoundSolver::reprojection(Eigen::Vector3d, Eigen::Matrix3d, cv::Mat)[m[K’
   47 |     void [01;36m[Kreprojection[m[K(Eigen::Vector3d object_points, Eigen::Matrix3d R_camera_armor, cv::Mat t_camera_armor);
      |          [01;36m[K^~~~~~~~~~~~[m[K
[01m[K/home/ckl/RM/Combat_vision2026/src/rm_auto_aim/armor_detector/include/armor_detector/bound_solver.hpp:41:7:[m[K [01;36m[Knote: [m[K‘[01m[Kclass fyt::auto_aim::BoundSolver[m[K’ defined here
   41 | class [01;36m[KBoundSolver[m[K{
      |       [01;36m[K^~~~~~~~~~~[m[K
gmake[2]: *** [CMakeFiles/armor_detector.dir/build.make:135：CMakeFiles/armor_detector.dir/src/bound_solver.cpp.o] 错误 1
gmake[1]: *** [CMakeFiles/Makefile2:185：CMakeFiles/armor_detector.dir/all] 错误 2
gmake: *** [Makefile:146：all] 错误 2
