[0.016s] Invoking command in '/home/ckl/RM/Combat_vision2026/build/armor_detector': AMENT_PREFIX_PATH=/home/ckl/RM/Combat_vision2026/install/rm_utils:/home/ckl/RM/Combat_vision2026/install/rm_interfaces:${AMENT_PREFIX_PATH} CMAKE_PREFIX_PATH=/home/ckl/RM/Combat_vision2026/install/rm_utils:/home/ckl/RM/Combat_vision2026/install/rm_interfaces:/opt/ros/humble LD_LIBRARY_PATH=/home/ckl/RM/Combat_vision2026/install/rm_utils/lib:/home/ckl/RM/Combat_vision2026/install/rm_interfaces/lib:${LD_LIBRARY_PATH} PYTHONPATH=/home/ckl/RM/Combat_vision2026/install/rm_interfaces/local/lib/python3.10/dist-packages:${PYTHONPATH} /usr/bin/cmake --build /home/ckl/RM/Combat_vision2026/build/armor_detector -- -j16 -l16
[0.048s] [  7%] Built target gtest
[0.048s] [ 14%] Built target gtest_main
[0.050s] [ 22%] Built target armor_detector_node
[0.097s] [ 25%] [32mBuilding CXX object CMakeFiles/armor_detector.dir/src/bound_solver.cpp.o[0m
[3.705s] [01m[K/home/ckl/RM/Combat_vision2026/src/rm_auto_aim/armor_detector/src/bound_solver.cpp:[m[K In member function ‘[01m[KEigen::Matrix3d fyt::auto_aim::BoundSolver::solveBound(const fyt::auto_aim::Armor&, const Vector3d&, const Matrix3d&, const Matrix3d&)[m[K’:
[3.705s] [01m[K/home/ckl/RM/Combat_vision2026/src/rm_auto_aim/armor_detector/src/bound_solver.cpp:43:16:[m[K [01;31m[Kerror: [m[Kcannot convert ‘[01m[Kconst std::vector<Eigen::Matrix<double, 3, 1>, std::allocator<Eigen::Matrix<double, 3, 1> > >[m[K’ to ‘[01m[KEigen::Vector3d[m[K’ {aka ‘[01m[KEigen::Matrix<double, 3, 1>[m[K’}
[3.705s]    43 |   reprojection([01;31m[Kobject_points[m[K, R_camera_armor, t_camera_armor);   //to get bound_solver->projected_points
[3.706s]       |                [01;31m[K^~~~~~~~~~~~~[m[K
[3.706s]       |                [01;31m[K|[m[K
[3.706s]       |                [01;31m[Kconst std::vector<Eigen::Matrix<double, 3, 1>, std::allocator<Eigen::Matrix<double, 3, 1> > >[m[K
[3.706s] In file included from [01m[K/home/ckl/RM/Combat_vision2026/src/rm_auto_aim/armor_detector/src/bound_solver.cpp:1[m[K:
[3.706s] [01m[K/home/ckl/RM/Combat_vision2026/src/rm_auto_aim/armor_detector/include/armor_detector/bound_solver.hpp:47:39:[m[K [01;36m[Knote: [m[K  initializing argument 1 of ‘[01m[Kvoid fyt::auto_aim::BoundSolver::reprojection(Eigen::Vector3d, Eigen::Matrix3d, cv::Mat)[m[K’
[3.706s]    47 |     void reprojection([01;36m[KEigen::Vector3d object_points[m[K, Eigen::Matrix3d R_camera_armor, cv::Mat t_camera_armor);
[3.706s]       |                       [01;36m[K~~~~~~~~~~~~~~~~^~~~~~~~~~~~~[m[K
[3.711s] [01m[K/home/ckl/RM/Combat_vision2026/src/rm_auto_aim/armor_detector/src/bound_solver.cpp:[m[K At global scope:
[3.711s] [01m[K/home/ckl/RM/Combat_vision2026/src/rm_auto_aim/armor_detector/src/bound_solver.cpp:109:6:[m[K [01;31m[Kerror: [m[Kno declaration matches ‘[01m[Kvoid fyt::auto_aim::BoundSolver::reprojection(Eigen::Vector3d, Eigen::Matrix3d, Eigen::Vector3d)[m[K’
[3.711s]   109 | void [01;31m[KBoundSolver[m[K::reprojection(Eigen::Vector3d object_points,
[3.711s]       |      [01;31m[K^~~~~~~~~~~[m[K
[3.711s] In file included from [01m[K/home/ckl/RM/Combat_vision2026/src/rm_auto_aim/armor_detector/src/bound_solver.cpp:1[m[K:
[3.711s] [01m[K/home/ckl/RM/Combat_vision2026/src/rm_auto_aim/armor_detector/include/armor_detector/bound_solver.hpp:47:10:[m[K [01;36m[Knote: [m[Kcandidate is: ‘[01m[Kvoid fyt::auto_aim::BoundSolver::reprojection(Eigen::Vector3d, Eigen::Matrix3d, cv::Mat)[m[K’
[3.711s]    47 |     void [01;36m[Kreprojection[m[K(Eigen::Vector3d object_points, Eigen::Matrix3d R_camera_armor, cv::Mat t_camera_armor);
[3.712s]       |          [01;36m[K^~~~~~~~~~~~[m[K
[3.712s] [01m[K/home/ckl/RM/Combat_vision2026/src/rm_auto_aim/armor_detector/include/armor_detector/bound_solver.hpp:41:7:[m[K [01;36m[Knote: [m[K‘[01m[Kclass fyt::auto_aim::BoundSolver[m[K’ defined here
[3.712s]    41 | class [01;36m[KBoundSolver[m[K{
[3.712s]       |       [01;36m[K^~~~~~~~~~~[m[K
[4.606s] gmake[2]: *** [CMakeFiles/armor_detector.dir/build.make:135：CMakeFiles/armor_detector.dir/src/bound_solver.cpp.o] 错误 1
[4.607s] gmake[1]: *** [CMakeFiles/Makefile2:185：CMakeFiles/armor_detector.dir/all] 错误 2
[4.607s] gmake: *** [Makefile:146：all] 错误 2
[4.609s] Invoked command in '/home/ckl/RM/Combat_vision2026/build/armor_detector' returned '2': AMENT_PREFIX_PATH=/home/ckl/RM/Combat_vision2026/install/rm_utils:/home/ckl/RM/Combat_vision2026/install/rm_interfaces:${AMENT_PREFIX_PATH} CMAKE_PREFIX_PATH=/home/ckl/RM/Combat_vision2026/install/rm_utils:/home/ckl/RM/Combat_vision2026/install/rm_interfaces:/opt/ros/humble LD_LIBRARY_PATH=/home/ckl/RM/Combat_vision2026/install/rm_utils/lib:/home/ckl/RM/Combat_vision2026/install/rm_interfaces/lib:${LD_LIBRARY_PATH} PYTHONPATH=/home/ckl/RM/Combat_vision2026/install/rm_interfaces/local/lib/python3.10/dist-packages:${PYTHONPATH} /usr/bin/cmake --build /home/ckl/RM/Combat_vision2026/build/armor_detector -- -j16 -l16
