[0.018s] Invoking command in '/home/ckl/RM/Combat_vision2026/build/rm_interfaces': CMAKE_PREFIX_PATH=${CMAKE_PREFIX_PATH}:/opt/ros/humble /usr/bin/cmake --build /home/ckl/RM/Combat_vision2026/build/rm_interfaces -- -j16 -l16
[0.056s] [  0%] Built target rm_interfaces__cpp
[0.059s] [ 12%] Built target rm_interfaces__rosidl_generator_c
[0.064s] [ 12%] Built target ament_cmake_python_copy_rm_interfaces
[0.076s] [ 24%] Built target rm_interfaces__rosidl_typesupport_cpp
[0.078s] [ 36%] Built target rm_interfaces__rosidl_typesupport_c
[0.080s] [ 59%] Built target rm_interfaces__rosidl_typesupport_fastrtps_cpp
[0.080s] [ 60%] Built target rm_interfaces__rosidl_typesupport_introspection_c
[0.081s] [ 72%] Built target rm_interfaces__rosidl_typesupport_introspection_cpp
[0.084s] [ 84%] Built target rm_interfaces__rosidl_typesupport_fastrtps_c
[0.097s] [ 84%] Built target rm_interfaces
[0.111s] [ 85%] Built target rm_interfaces__py
[0.134s] [ 96%] Built target rm_interfaces__rosidl_generator_py
[0.151s] [ 97%] Built target rm_interfaces__rosidl_typesupport_fastrtps_c__pyext
[0.156s] [ 99%] Built target rm_interfaces__rosidl_typesupport_c__pyext
[0.156s] [100%] Built target rm_interfaces__rosidl_typesupport_introspection_c__pyext
[0.258s] running egg_info
[0.259s] writing rm_interfaces.egg-info/PKG-INFO
[0.259s] writing dependency_links to rm_interfaces.egg-info/dependency_links.txt
[0.259s] writing top-level names to rm_interfaces.egg-info/top_level.txt
[0.261s] reading manifest file 'rm_interfaces.egg-info/SOURCES.txt'
[0.261s] writing manifest file 'rm_interfaces.egg-info/SOURCES.txt'
[0.282s] [100%] Built target ament_cmake_python_build_rm_interfaces_egg
[0.291s] Invoked command in '/home/ckl/RM/Combat_vision2026/build/rm_interfaces' returned '0': CMAKE_PREFIX_PATH=${CMAKE_PREFIX_PATH}:/opt/ros/humble /usr/bin/cmake --build /home/ckl/RM/Combat_vision2026/build/rm_interfaces -- -j16 -l16
[0.292s] Invoking command in '/home/ckl/RM/Combat_vision2026/build/rm_interfaces': CMAKE_PREFIX_PATH=${CMAKE_PREFIX_PATH}:/opt/ros/humble /usr/bin/cmake --install /home/ckl/RM/Combat_vision2026/build/rm_interfaces
[0.297s] -- Install configuration: ""
[0.297s] -- Up-to-date: /home/ckl/RM/Combat_vision2026/install/rm_interfaces/share/ament_index/resource_index/rosidl_interfaces/rm_interfaces
[0.297s] -- Up-to-date: /home/ckl/RM/Combat_vision2026/install/rm_interfaces/include/rm_interfaces/rm_interfaces
[0.297s] -- Up-to-date: /home/ckl/RM/Combat_vision2026/install/rm_interfaces/include/rm_interfaces/rm_interfaces/srv
[0.297s] -- Up-to-date: /home/ckl/RM/Combat_vision2026/install/rm_interfaces/include/rm_interfaces/rm_interfaces/srv/set_mode.h
[0.298s] -- Up-to-date: /home/ckl/RM/Combat_vision2026/install/rm_interfaces/include/rm_interfaces/rm_interfaces/srv/detail
[0.298s] -- Up-to-date: /home/ckl/RM/Combat_vision2026/install/rm_interfaces/include/rm_interfaces/rm_interfaces/srv/detail/set_mode__functions.h
[0.298s] -- Up-to-date: /home/ckl/RM/Combat_vision2026/install/rm_interfaces/include/rm_interfaces/rm_interfaces/srv/detail/set_mode__functions.c
[0.298s] -- Up-to-date: /home/ckl/RM/Combat_vision2026/install/rm_interfaces/include/rm_interfaces/rm_interfaces/srv/detail/set_mode__struct.h
[0.298s] -- Up-to-date: /home/ckl/RM/Combat_vision2026/install/rm_interfaces/include/rm_interfaces/rm_interfaces/srv/detail/set_mode__type_support.h
[0.298s] -- Up-to-date: /home/ckl/RM/Combat_vision2026/install/rm_interfaces/include/rm_interfaces/rm_interfaces/msg
[0.298s] -- Up-to-date: /home/ckl/RM/Combat_vision2026/install/rm_interfaces/include/rm_interfaces/rm_interfaces/msg/point2d.h
[0.298s] -- Up-to-date: /home/ckl/RM/Combat_vision2026/install/rm_interfaces/include/rm_interfaces/rm_interfaces/msg/judge_system_data.h
[0.298s] -- Up-to-date: /home/ckl/RM/Combat_vision2026/install/rm_interfaces/include/rm_interfaces/rm_interfaces/msg/operator_command.h
[0.298s] -- Up-to-date: /home/ckl/RM/Combat_vision2026/install/rm_interfaces/include/rm_interfaces/rm_interfaces/msg/debug_armor.h
[0.298s] -- Up-to-date: /home/ckl/RM/Combat_vision2026/install/rm_interfaces/include/rm_interfaces/rm_interfaces/msg/rosidl_generator_c__visibility_control.h
[0.298s] -- Up-to-date: /home/ckl/RM/Combat_vision2026/install/rm_interfaces/include/rm_interfaces/rm_interfaces/msg/debug_light.h
[0.298s] -- Up-to-date: /home/ckl/RM/Combat_vision2026/install/rm_interfaces/include/rm_interfaces/rm_interfaces/msg/debug_rune_angle.h
[0.298s] -- Up-to-date: /home/ckl/RM/Combat_vision2026/install/rm_interfaces/include/rm_interfaces/rm_interfaces/msg/debug_lights.h
[0.298s] -- Up-to-date: /home/ckl/RM/Combat_vision2026/install/rm_interfaces/include/rm_interfaces/rm_interfaces/msg/armor.h
[0.298s] -- Up-to-date: /home/ckl/RM/Combat_vision2026/install/rm_interfaces/include/rm_interfaces/rm_interfaces/msg/serial_receive_data.h
[0.298s] -- Up-to-date: /home/ckl/RM/Combat_vision2026/install/rm_interfaces/include/rm_interfaces/rm_interfaces/msg/debug_armors.h
[0.298s] -- Up-to-date: /home/ckl/RM/Combat_vision2026/install/rm_interfaces/include/rm_interfaces/rm_interfaces/msg/armors.h
[0.299s] -- Up-to-date: /home/ckl/RM/Combat_vision2026/install/rm_interfaces/include/rm_interfaces/rm_interfaces/msg/target.h
[0.299s] -- Up-to-date: /home/ckl/RM/Combat_vision2026/install/rm_interfaces/include/rm_interfaces/rm_interfaces/msg/measurement.h
[0.299s] -- Up-to-date: /home/ckl/RM/Combat_vision2026/install/rm_interfaces/include/rm_interfaces/rm_interfaces/msg/detail
[0.299s] -- Up-to-date: /home/ckl/RM/Combat_vision2026/install/rm_interfaces/include/rm_interfaces/rm_interfaces/msg/detail/debug_armors__type_support.h
[0.299s] -- Up-to-date: /home/ckl/RM/Combat_vision2026/install/rm_interfaces/include/rm_interfaces/rm_interfaces/msg/detail/rune_target__type_support.h
[0.299s] -- Up-to-date: /home/ckl/RM/Combat_vision2026/install/rm_interfaces/include/rm_interfaces/rm_interfaces/msg/detail/point2d__struct.h
[0.299s] -- Up-to-date: /home/ckl/RM/Combat_vision2026/install/rm_interfaces/include/rm_interfaces/rm_interfaces/msg/detail/armors__functions.h
[0.299s] -- Up-to-date: /home/ckl/RM/Combat_vision2026/install/rm_interfaces/include/rm_interfaces/rm_interfaces/msg/detail/debug_armor__type_support.h
[0.299s] -- Up-to-date: /home/ckl/RM/Combat_vision2026/install/rm_interfaces/include/rm_interfaces/rm_interfaces/msg/detail/armors__type_support.h
[0.299s] -- Up-to-date: /home/ckl/RM/Combat_vision2026/install/rm_interfaces/include/rm_interfaces/rm_interfaces/msg/detail/debug_lights__type_support.h
[0.299s] -- Up-to-date: /home/ckl/RM/Combat_vision2026/install/rm_interfaces/include/rm_interfaces/rm_interfaces/msg/detail/debug_armors__struct.h
[0.299s] -- Up-to-date: /home/ckl/RM/Combat_vision2026/install/rm_interfaces/include/rm_interfaces/rm_interfaces/msg/detail/measurement__functions.h
[0.299s] -- Up-to-date: /home/ckl/RM/Combat_vision2026/install/rm_interfaces/include/rm_interfaces/rm_interfaces/msg/detail/operator_command__functions.h
[0.299s] -- Up-to-date: /home/ckl/RM/Combat_vision2026/install/rm_interfaces/include/rm_interfaces/rm_interfaces/msg/detail/target__struct.h
[0.299s] -- Up-to-date: /home/ckl/RM/Combat_vision2026/install/rm_interfaces/include/rm_interfaces/rm_interfaces/msg/detail/serial_receive_data__struct.h
[0.299s] -- Up-to-date: /home/ckl/RM/Combat_vision2026/install/rm_interfaces/include/rm_interfaces/rm_interfaces/msg/detail/armors__functions.c
[0.299s] -- Up-to-date: /home/ckl/RM/Combat_vision2026/install/rm_interfaces/include/rm_interfaces/rm_interfaces/msg/detail/armor__functions.h
[0.299s] -- Up-to-date: /home/ckl/RM/Combat_vision2026/install/rm_interfaces/include/rm_interfaces/rm_interfaces/msg/detail/debug_light__struct.h
[0.299s] -- Up-to-date: /home/ckl/RM/Combat_vision2026/install/rm_interfaces/include/rm_interfaces/rm_interfaces/msg/detail/debug_lights__functions.h
[0.299s] -- Up-to-date: /home/ckl/RM/Combat_vision2026/install/rm_interfaces/include/rm_interfaces/rm_interfaces/msg/detail/debug_lights__struct.h
[0.299s] -- Up-to-date: /home/ckl/RM/Combat_vision2026/install/rm_interfaces/include/rm_interfaces/rm_interfaces/msg/detail/debug_light__functions.h
[0.299s] -- Up-to-date: /home/ckl/RM/Combat_vision2026/install/rm_interfaces/include/rm_interfaces/rm_interfaces/msg/detail/measurement__type_support.h
[0.300s] -- Up-to-date: /home/ckl/RM/Combat_vision2026/install/rm_interfaces/include/rm_interfaces/rm_interfaces/msg/detail/armor__functions.c
[0.300s] -- Up-to-date: /home/ckl/RM/Combat_vision2026/install/rm_interfaces/include/rm_interfaces/rm_interfaces/msg/detail/operator_command__type_support.h
[0.300s] -- Up-to-date: /home/ckl/RM/Combat_vision2026/install/rm_interfaces/include/rm_interfaces/rm_interfaces/msg/detail/debug_armor__functions.h
[0.300s] -- Up-to-date: /home/ckl/RM/Combat_vision2026/install/rm_interfaces/include/rm_interfaces/rm_interfaces/msg/detail/target__type_support.h
[0.300s] -- Up-to-date: /home/ckl/RM/Combat_vision2026/install/rm_interfaces/include/rm_interfaces/rm_interfaces/msg/detail/point2d__functions.c
[0.300s] -- Up-to-date: /home/ckl/RM/Combat_vision2026/install/rm_interfaces/include/rm_interfaces/rm_interfaces/msg/detail/chassis_cmd__functions.c
[0.300s] -- Up-to-date: /home/ckl/RM/Combat_vision2026/install/rm_interfaces/include/rm_interfaces/rm_interfaces/msg/detail/debug_lights__functions.c
[0.300s] -- Up-to-date: /home/ckl/RM/Combat_vision2026/install/rm_interfaces/include/rm_interfaces/rm_interfaces/msg/detail/point2d__functions.h
[0.300s] -- Up-to-date: /home/ckl/RM/Combat_vision2026/install/rm_interfaces/include/rm_interfaces/rm_interfaces/msg/detail/chassis_cmd__functions.h
[0.300s] -- Up-to-date: /home/ckl/RM/Combat_vision2026/install/rm_interfaces/include/rm_interfaces/rm_interfaces/msg/detail/gimbal_cmd__type_support.h
[0.300s] -- Up-to-date: /home/ckl/RM/Combat_vision2026/install/rm_interfaces/include/rm_interfaces/rm_interfaces/msg/detail/rune_target__struct.h
[0.300s] -- Up-to-date: /home/ckl/RM/Combat_vision2026/install/rm_interfaces/include/rm_interfaces/rm_interfaces/msg/detail/debug_light__type_support.h
[0.301s] -- Up-to-date: /home/ckl/RM/Combat_vision2026/install/rm_interfaces/include/rm_interfaces/rm_interfaces/msg/detail/debug_armor__struct.h
[0.301s] -- Up-to-date: /home/ckl/RM/Combat_vision2026/install/rm_interfaces/include/rm_interfaces/rm_interfaces/msg/detail/debug_armors__functions.c
[0.301s] -- Up-to-date: /home/ckl/RM/Combat_vision2026/install/rm_interfaces/include/rm_interfaces/rm_interfaces/msg/detail/debug_light__functions.c
[0.301s] -- Up-to-date: /home/ckl/RM/Combat_vision2026/install/rm_interfaces/include/rm_interfaces/rm_interfaces/msg/detail/rune_target__functions.c
[0.301s] -- Up-to-date: /home/ckl/RM/Combat_vision2026/install/rm_interfaces/include/rm_interfaces/rm_interfaces/msg/detail/gimbal_cmd__struct.h
[0.301s] -- Up-to-date: /home/ckl/RM/Combat_vision2026/install/rm_interfaces/include/rm_interfaces/rm_interfaces/msg/detail/chassis_cmd__type_support.h
[0.301s] -- Up-to-date: /home/ckl/RM/Combat_vision2026/install/rm_interfaces/include/rm_interfaces/rm_interfaces/msg/detail/judge_system_data__type_support.h
[0.301s] -- Up-to-date: /home/ckl/RM/Combat_vision2026/install/rm_interfaces/include/rm_interfaces/rm_interfaces/msg/detail/target__functions.h
[0.301s] -- Up-to-date: /home/ckl/RM/Combat_vision2026/install/rm_interfaces/include/rm_interfaces/rm_interfaces/msg/detail/serial_receive_data__type_support.h
[0.301s] -- Up-to-date: /home/ckl/RM/Combat_vision2026/install/rm_interfaces/include/rm_interfaces/rm_interfaces/msg/detail/gimbal_cmd__functions.c
[0.301s] -- Up-to-date: /home/ckl/RM/Combat_vision2026/install/rm_interfaces/include/rm_interfaces/rm_interfaces/msg/detail/point2d__type_support.h
[0.302s] -- Up-to-date: /home/ckl/RM/Combat_vision2026/install/rm_interfaces/include/rm_interfaces/rm_interfaces/msg/detail/debug_rune_angle__functions.h
[0.302s] -- Up-to-date: /home/ckl/RM/Combat_vision2026/install/rm_interfaces/include/rm_interfaces/rm_interfaces/msg/detail/armor__type_support.h
[0.302s] -- Up-to-date: /home/ckl/RM/Combat_vision2026/install/rm_interfaces/include/rm_interfaces/rm_interfaces/msg/detail/judge_system_data__functions.h
[0.302s] -- Up-to-date: /home/ckl/RM/Combat_vision2026/install/rm_interfaces/include/rm_interfaces/rm_interfaces/msg/detail/operator_command__struct.h
[0.302s] -- Up-to-date: /home/ckl/RM/Combat_vision2026/install/rm_interfaces/include/rm_interfaces/rm_interfaces/msg/detail/debug_armor__functions.c
[0.302s] -- Up-to-date: /home/ckl/RM/Combat_vision2026/install/rm_interfaces/include/rm_interfaces/rm_interfaces/msg/detail/judge_system_data__functions.c
[0.302s] -- Up-to-date: /home/ckl/RM/Combat_vision2026/install/rm_interfaces/include/rm_interfaces/rm_interfaces/msg/detail/serial_receive_data__functions.c
[0.302s] -- Up-to-date: /home/ckl/RM/Combat_vision2026/install/rm_interfaces/include/rm_interfaces/rm_interfaces/msg/detail/chassis_cmd__struct.h
[0.302s] -- Up-to-date: /home/ckl/RM/Combat_vision2026/install/rm_interfaces/include/rm_interfaces/rm_interfaces/msg/detail/operator_command__functions.c
[0.302s] -- Up-to-date: /home/ckl/RM/Combat_vision2026/install/rm_interfaces/include/rm_interfaces/rm_interfaces/msg/detail/measurement__functions.c
[0.302s] -- Up-to-date: /home/ckl/RM/Combat_vision2026/install/rm_interfaces/include/rm_interfaces/rm_interfaces/msg/detail/debug_armors__functions.h
[0.302s] -- Up-to-date: /home/ckl/RM/Combat_vision2026/install/rm_interfaces/include/rm_interfaces/rm_interfaces/msg/detail/armors__struct.h
[0.302s] -- Up-to-date: /home/ckl/RM/Combat_vision2026/install/rm_interfaces/include/rm_interfaces/rm_interfaces/msg/detail/measurement__struct.h
[0.302s] -- Up-to-date: /home/ckl/RM/Combat_vision2026/install/rm_interfaces/include/rm_interfaces/rm_interfaces/msg/detail/debug_rune_angle__type_support.h
[0.302s] -- Up-to-date: /home/ckl/RM/Combat_vision2026/install/rm_interfaces/include/rm_interfaces/rm_interfaces/msg/detail/target__functions.c
[0.302s] -- Up-to-date: /home/ckl/RM/Combat_vision2026/install/rm_interfaces/include/rm_interfaces/rm_interfaces/msg/detail/judge_system_data__struct.h
[0.302s] -- Up-to-date: /home/ckl/RM/Combat_vision2026/install/rm_interfaces/include/rm_interfaces/rm_interfaces/msg/detail/armor__struct.h
[0.302s] -- Up-to-date: /home/ckl/RM/Combat_vision2026/install/rm_interfaces/include/rm_interfaces/rm_interfaces/msg/detail/serial_receive_data__functions.h
[0.303s] -- Up-to-date: /home/ckl/RM/Combat_vision2026/install/rm_interfaces/include/rm_interfaces/rm_interfaces/msg/detail/debug_rune_angle__functions.c
[0.303s] -- Up-to-date: /home/ckl/RM/Combat_vision2026/install/rm_interfaces/include/rm_interfaces/rm_interfaces/msg/detail/rune_target__functions.h
[0.303s] -- Up-to-date: /home/ckl/RM/Combat_vision2026/install/rm_interfaces/include/rm_interfaces/rm_interfaces/msg/detail/debug_rune_angle__struct.h
[0.303s] -- Up-to-date: /home/ckl/RM/Combat_vision2026/install/rm_interfaces/include/rm_interfaces/rm_interfaces/msg/detail/gimbal_cmd__functions.h
[0.303s] -- Up-to-date: /home/ckl/RM/Combat_vision2026/install/rm_interfaces/include/rm_interfaces/rm_interfaces/msg/rune_target.h
[0.303s] -- Up-to-date: /home/ckl/RM/Combat_vision2026/install/rm_interfaces/include/rm_interfaces/rm_interfaces/msg/gimbal_cmd.h
[0.303s] -- Up-to-date: /home/ckl/RM/Combat_vision2026/install/rm_interfaces/include/rm_interfaces/rm_interfaces/msg/chassis_cmd.h
[0.303s] -- Up-to-date: /home/ckl/RM/Combat_vision2026/install/rm_interfaces/share/rm_interfaces/environment/library_path.sh
[0.303s] -- Up-to-date: /home/ckl/RM/Combat_vision2026/install/rm_interfaces/share/rm_interfaces/environment/library_path.dsv
[0.303s] -- Up-to-date: /home/ckl/RM/Combat_vision2026/install/rm_interfaces/lib/librm_interfaces__rosidl_generator_c.so
[0.303s] -- Up-to-date: /home/ckl/RM/Combat_vision2026/install/rm_interfaces/include/rm_interfaces/rm_interfaces
[0.303s] -- Up-to-date: /home/ckl/RM/Combat_vision2026/install/rm_interfaces/include/rm_interfaces/rm_interfaces/srv
[0.303s] -- Up-to-date: /home/ckl/RM/Combat_vision2026/install/rm_interfaces/include/rm_interfaces/rm_interfaces/srv/detail
[0.303s] -- Up-to-date: /home/ckl/RM/Combat_vision2026/install/rm_interfaces/include/rm_interfaces/rm_interfaces/srv/detail/set_mode__rosidl_typesupport_fastrtps_c.h
[0.303s] -- Up-to-date: /home/ckl/RM/Combat_vision2026/install/rm_interfaces/include/rm_interfaces/rm_interfaces/msg
[0.303s] -- Up-to-date: /home/ckl/RM/Combat_vision2026/install/rm_interfaces/include/rm_interfaces/rm_interfaces/msg/rosidl_typesupport_fastrtps_c__visibility_control.h
[0.303s] -- Up-to-date: /home/ckl/RM/Combat_vision2026/install/rm_interfaces/include/rm_interfaces/rm_interfaces/msg/detail
[0.303s] -- Up-to-date: /home/ckl/RM/Combat_vision2026/install/rm_interfaces/include/rm_interfaces/rm_interfaces/msg/detail/judge_system_data__rosidl_typesupport_fastrtps_c.h
[0.303s] -- Up-to-date: /home/ckl/RM/Combat_vision2026/install/rm_interfaces/include/rm_interfaces/rm_interfaces/msg/detail/operator_command__rosidl_typesupport_fastrtps_c.h
[0.303s] -- Up-to-date: /home/ckl/RM/Combat_vision2026/install/rm_interfaces/include/rm_interfaces/rm_interfaces/msg/detail/gimbal_cmd__rosidl_typesupport_fastrtps_c.h
[0.303s] -- Up-to-date: /home/ckl/RM/Combat_vision2026/install/rm_interfaces/include/rm_interfaces/rm_interfaces/msg/detail/debug_light__rosidl_typesupport_fastrtps_c.h
[0.303s] -- Up-to-date: /home/ckl/RM/Combat_vision2026/install/rm_interfaces/include/rm_interfaces/rm_interfaces/msg/detail/debug_rune_angle__rosidl_typesupport_fastrtps_c.h
[0.304s] -- Up-to-date: /home/ckl/RM/Combat_vision2026/install/rm_interfaces/include/rm_interfaces/rm_interfaces/msg/detail/debug_armor__rosidl_typesupport_fastrtps_c.h
[0.304s] -- Up-to-date: /home/ckl/RM/Combat_vision2026/install/rm_interfaces/include/rm_interfaces/rm_interfaces/msg/detail/chassis_cmd__rosidl_typesupport_fastrtps_c.h
[0.304s] -- Up-to-date: /home/ckl/RM/Combat_vision2026/install/rm_interfaces/include/rm_interfaces/rm_interfaces/msg/detail/measurement__rosidl_typesupport_fastrtps_c.h
[0.304s] -- Up-to-date: /home/ckl/RM/Combat_vision2026/install/rm_interfaces/include/rm_interfaces/rm_interfaces/msg/detail/armors__rosidl_typesupport_fastrtps_c.h
[0.304s] -- Up-to-date: /home/ckl/RM/Combat_vision2026/install/rm_interfaces/include/rm_interfaces/rm_interfaces/msg/detail/debug_lights__rosidl_typesupport_fastrtps_c.h
[0.304s] -- Up-to-date: /home/ckl/RM/Combat_vision2026/install/rm_interfaces/include/rm_interfaces/rm_interfaces/msg/detail/armor__rosidl_typesupport_fastrtps_c.h
[0.304s] -- Up-to-date: /home/ckl/RM/Combat_vision2026/install/rm_interfaces/include/rm_interfaces/rm_interfaces/msg/detail/serial_receive_data__rosidl_typesupport_fastrtps_c.h
[0.304s] -- Up-to-date: /home/ckl/RM/Combat_vision2026/install/rm_interfaces/include/rm_interfaces/rm_interfaces/msg/detail/target__rosidl_typesupport_fastrtps_c.h
[0.304s] -- Up-to-date: /home/ckl/RM/Combat_vision2026/install/rm_interfaces/include/rm_interfaces/rm_interfaces/msg/detail/rune_target__rosidl_typesupport_fastrtps_c.h
[0.304s] -- Up-to-date: /home/ckl/RM/Combat_vision2026/install/rm_interfaces/include/rm_interfaces/rm_interfaces/msg/detail/debug_armors__rosidl_typesupport_fastrtps_c.h
[0.304s] -- Up-to-date: /home/ckl/RM/Combat_vision2026/install/rm_interfaces/include/rm_interfaces/rm_interfaces/msg/detail/point2d__rosidl_typesupport_fastrtps_c.h
[0.304s] -- Up-to-date: /home/ckl/RM/Combat_vision2026/install/rm_interfaces/lib/librm_interfaces__rosidl_typesupport_fastrtps_c.so
[0.304s] -- Up-to-date: /home/ckl/RM/Combat_vision2026/install/rm_interfaces/include/rm_interfaces/rm_interfaces
[0.304s] -- Up-to-date: /home/ckl/RM/Combat_vision2026/install/rm_interfaces/include/rm_interfaces/rm_interfaces/srv
[0.304s] -- Up-to-date: /home/ckl/RM/Combat_vision2026/install/rm_interfaces/include/rm_interfaces/rm_interfaces/srv/detail
[0.304s] -- Up-to-date: /home/ckl/RM/Combat_vision2026/install/rm_interfaces/include/rm_interfaces/rm_interfaces/srv/detail/set_mode__rosidl_typesupport_introspection_c.h
[0.304s] -- Up-to-date: /home/ckl/RM/Combat_vision2026/install/rm_interfaces/include/rm_interfaces/rm_interfaces/srv/detail/set_mode__type_support.c
[0.304s] -- Up-to-date: /home/ckl/RM/Combat_vision2026/install/rm_interfaces/include/rm_interfaces/rm_interfaces/msg
[0.304s] -- Up-to-date: /home/ckl/RM/Combat_vision2026/install/rm_interfaces/include/rm_interfaces/rm_interfaces/msg/rosidl_typesupport_introspection_c__visibility_control.h
[0.305s] -- Up-to-date: /home/ckl/RM/Combat_vision2026/install/rm_interfaces/include/rm_interfaces/rm_interfaces/msg/detail
[0.305s] -- Up-to-date: /home/ckl/RM/Combat_vision2026/install/rm_interfaces/include/rm_interfaces/rm_interfaces/msg/detail/operator_command__type_support.c
[0.305s] -- Up-to-date: /home/ckl/RM/Combat_vision2026/install/rm_interfaces/include/rm_interfaces/rm_interfaces/msg/detail/point2d__rosidl_typesupport_introspection_c.h
[0.305s] -- Up-to-date: /home/ckl/RM/Combat_vision2026/install/rm_interfaces/include/rm_interfaces/rm_interfaces/msg/detail/serial_receive_data__type_support.c
[0.305s] -- Up-to-date: /home/ckl/RM/Combat_vision2026/install/rm_interfaces/include/rm_interfaces/rm_interfaces/msg/detail/debug_rune_angle__type_support.c
[0.305s] -- Up-to-date: /home/ckl/RM/Combat_vision2026/install/rm_interfaces/include/rm_interfaces/rm_interfaces/msg/detail/debug_lights__rosidl_typesupport_introspection_c.h
[0.305s] -- Up-to-date: /home/ckl/RM/Combat_vision2026/install/rm_interfaces/include/rm_interfaces/rm_interfaces/msg/detail/debug_rune_angle__rosidl_typesupport_introspection_c.h
[0.305s] -- Up-to-date: /home/ckl/RM/Combat_vision2026/install/rm_interfaces/include/rm_interfaces/rm_interfaces/msg/detail/debug_armors__type_support.c
[0.305s] -- Up-to-date: /home/ckl/RM/Combat_vision2026/install/rm_interfaces/include/rm_interfaces/rm_interfaces/msg/detail/point2d__type_support.c
[0.305s] -- Up-to-date: /home/ckl/RM/Combat_vision2026/install/rm_interfaces/include/rm_interfaces/rm_interfaces/msg/detail/measurement__type_support.c
[0.305s] -- Up-to-date: /home/ckl/RM/Combat_vision2026/install/rm_interfaces/include/rm_interfaces/rm_interfaces/msg/detail/armors__type_support.c
[0.305s] -- Up-to-date: /home/ckl/RM/Combat_vision2026/install/rm_interfaces/include/rm_interfaces/rm_interfaces/msg/detail/gimbal_cmd__rosidl_typesupport_introspection_c.h
[0.305s] -- Up-to-date: /home/ckl/RM/Combat_vision2026/install/rm_interfaces/include/rm_interfaces/rm_interfaces/msg/detail/debug_armor__rosidl_typesupport_introspection_c.h
[0.305s] -- Up-to-date: /home/ckl/RM/Combat_vision2026/install/rm_interfaces/include/rm_interfaces/rm_interfaces/msg/detail/chassis_cmd__rosidl_typesupport_introspection_c.h
[0.305s] -- Up-to-date: /home/ckl/RM/Combat_vision2026/install/rm_interfaces/include/rm_interfaces/rm_interfaces/msg/detail/armor__type_support.c
[0.306s] -- Up-to-date: /home/ckl/RM/Combat_vision2026/install/rm_interfaces/include/rm_interfaces/rm_interfaces/msg/detail/measurement__rosidl_typesupport_introspection_c.h
[0.306s] -- Up-to-date: /home/ckl/RM/Combat_vision2026/install/rm_interfaces/include/rm_interfaces/rm_interfaces/msg/detail/rune_target__type_support.c
[0.306s] -- Up-to-date: /home/ckl/RM/Combat_vision2026/install/rm_interfaces/include/rm_interfaces/rm_interfaces/msg/detail/chassis_cmd__type_support.c
[0.306s] -- Up-to-date: /home/ckl/RM/Combat_vision2026/install/rm_interfaces/include/rm_interfaces/rm_interfaces/msg/detail/armor__rosidl_typesupport_introspection_c.h
[0.306s] -- Up-to-date: /home/ckl/RM/Combat_vision2026/install/rm_interfaces/include/rm_interfaces/rm_interfaces/msg/detail/operator_command__rosidl_typesupport_introspection_c.h
[0.306s] -- Up-to-date: /home/ckl/RM/Combat_vision2026/install/rm_interfaces/include/rm_interfaces/rm_interfaces/msg/detail/serial_receive_data__rosidl_typesupport_introspection_c.h
[0.306s] -- Up-to-date: /home/ckl/RM/Combat_vision2026/install/rm_interfaces/include/rm_interfaces/rm_interfaces/msg/detail/debug_armors__rosidl_typesupport_introspection_c.h
[0.306s] -- Up-to-date: /home/ckl/RM/Combat_vision2026/install/rm_interfaces/include/rm_interfaces/rm_interfaces/msg/detail/judge_system_data__type_support.c
[0.306s] -- Up-to-date: /home/ckl/RM/Combat_vision2026/install/rm_interfaces/include/rm_interfaces/rm_interfaces/msg/detail/target__type_support.c
[0.306s] -- Up-to-date: /home/ckl/RM/Combat_vision2026/install/rm_interfaces/include/rm_interfaces/rm_interfaces/msg/detail/debug_light__type_support.c
[0.306s] -- Up-to-date: /home/ckl/RM/Combat_vision2026/install/rm_interfaces/include/rm_interfaces/rm_interfaces/msg/detail/gimbal_cmd__type_support.c
[0.306s] -- Up-to-date: /home/ckl/RM/Combat_vision2026/install/rm_interfaces/include/rm_interfaces/rm_interfaces/msg/detail/armors__rosidl_typesupport_introspection_c.h
[0.306s] -- Up-to-date: /home/ckl/RM/Combat_vision2026/install/rm_interfaces/include/rm_interfaces/rm_interfaces/msg/detail/debug_armor__type_support.c
[0.306s] -- Up-to-date: /home/ckl/RM/Combat_vision2026/install/rm_interfaces/include/rm_interfaces/rm_interfaces/msg/detail/rune_target__rosidl_typesupport_introspection_c.h
[0.306s] -- Up-to-date: /home/ckl/RM/Combat_vision2026/install/rm_interfaces/include/rm_interfaces/rm_interfaces/msg/detail/debug_light__rosidl_typesupport_introspection_c.h
[0.306s] -- Up-to-date: /home/ckl/RM/Combat_vision2026/install/rm_interfaces/include/rm_interfaces/rm_interfaces/msg/detail/target__rosidl_typesupport_introspection_c.h
[0.306s] -- Up-to-date: /home/ckl/RM/Combat_vision2026/install/rm_interfaces/include/rm_interfaces/rm_interfaces/msg/detail/debug_lights__type_support.c
[0.306s] -- Up-to-date: /home/ckl/RM/Combat_vision2026/install/rm_interfaces/include/rm_interfaces/rm_interfaces/msg/detail/judge_system_data__rosidl_typesupport_introspection_c.h
[0.306s] -- Up-to-date: /home/ckl/RM/Combat_vision2026/install/rm_interfaces/lib/librm_interfaces__rosidl_typesupport_introspection_c.so
[0.306s] -- Up-to-date: /home/ckl/RM/Combat_vision2026/install/rm_interfaces/lib/librm_interfaces__rosidl_typesupport_c.so
[0.306s] -- Up-to-date: /home/ckl/RM/Combat_vision2026/install/rm_interfaces/include/rm_interfaces/rm_interfaces
[0.307s] -- Up-to-date: /home/ckl/RM/Combat_vision2026/install/rm_interfaces/include/rm_interfaces/rm_interfaces/srv
[0.307s] -- Up-to-date: /home/ckl/RM/Combat_vision2026/install/rm_interfaces/include/rm_interfaces/rm_interfaces/srv/set_mode.hpp
[0.307s] -- Up-to-date: /home/ckl/RM/Combat_vision2026/install/rm_interfaces/include/rm_interfaces/rm_interfaces/srv/detail
[0.307s] -- Up-to-date: /home/ckl/RM/Combat_vision2026/install/rm_interfaces/include/rm_interfaces/rm_interfaces/srv/detail/set_mode__builder.hpp
[0.307s] -- Up-to-date: /home/ckl/RM/Combat_vision2026/install/rm_interfaces/include/rm_interfaces/rm_interfaces/srv/detail/set_mode__struct.hpp
[0.307s] -- Up-to-date: /home/ckl/RM/Combat_vision2026/install/rm_interfaces/include/rm_interfaces/rm_interfaces/srv/detail/set_mode__type_support.hpp
[0.307s] -- Up-to-date: /home/ckl/RM/Combat_vision2026/install/rm_interfaces/include/rm_interfaces/rm_interfaces/srv/detail/set_mode__traits.hpp
[0.307s] -- Up-to-date: /home/ckl/RM/Combat_vision2026/install/rm_interfaces/include/rm_interfaces/rm_interfaces/msg
[0.307s] -- Up-to-date: /home/ckl/RM/Combat_vision2026/install/rm_interfaces/include/rm_interfaces/rm_interfaces/msg/point2d.hpp
[0.307s] -- Up-to-date: /home/ckl/RM/Combat_vision2026/install/rm_interfaces/include/rm_interfaces/rm_interfaces/msg/judge_system_data.hpp
[0.307s] -- Up-to-date: /home/ckl/RM/Combat_vision2026/install/rm_interfaces/include/rm_interfaces/rm_interfaces/msg/rosidl_generator_cpp__visibility_control.hpp
[0.307s] -- Up-to-date: /home/ckl/RM/Combat_vision2026/install/rm_interfaces/include/rm_interfaces/rm_interfaces/msg/operator_command.hpp
[0.307s] -- Up-to-date: /home/ckl/RM/Combat_vision2026/install/rm_interfaces/include/rm_interfaces/rm_interfaces/msg/armor.hpp
[0.307s] -- Up-to-date: /home/ckl/RM/Combat_vision2026/install/rm_interfaces/include/rm_interfaces/rm_interfaces/msg/armors.hpp
[0.307s] -- Up-to-date: /home/ckl/RM/Combat_vision2026/install/rm_interfaces/include/rm_interfaces/rm_interfaces/msg/serial_receive_data.hpp
[0.307s] -- Up-to-date: /home/ckl/RM/Combat_vision2026/install/rm_interfaces/include/rm_interfaces/rm_interfaces/msg/gimbal_cmd.hpp
[0.307s] -- Up-to-date: /home/ckl/RM/Combat_vision2026/install/rm_interfaces/include/rm_interfaces/rm_interfaces/msg/debug_armor.hpp
[0.307s] -- Up-to-date: /home/ckl/RM/Combat_vision2026/install/rm_interfaces/include/rm_interfaces/rm_interfaces/msg/measurement.hpp
[0.308s] -- Up-to-date: /home/ckl/RM/Combat_vision2026/install/rm_interfaces/include/rm_interfaces/rm_interfaces/msg/debug_rune_angle.hpp
[0.308s] -- Up-to-date: /home/ckl/RM/Combat_vision2026/install/rm_interfaces/include/rm_interfaces/rm_interfaces/msg/debug_light.hpp
[0.308s] -- Up-to-date: /home/ckl/RM/Combat_vision2026/install/rm_interfaces/include/rm_interfaces/rm_interfaces/msg/debug_armors.hpp
[0.308s] -- Up-to-date: /home/ckl/RM/Combat_vision2026/install/rm_interfaces/include/rm_interfaces/rm_interfaces/msg/debug_lights.hpp
[0.308s] -- Up-to-date: /home/ckl/RM/Combat_vision2026/install/rm_interfaces/include/rm_interfaces/rm_interfaces/msg/detail
[0.308s] -- Up-to-date: /home/ckl/RM/Combat_vision2026/install/rm_interfaces/include/rm_interfaces/rm_interfaces/msg/detail/armor__builder.hpp
[0.308s] -- Up-to-date: /home/ckl/RM/Combat_vision2026/install/rm_interfaces/include/rm_interfaces/rm_interfaces/msg/detail/debug_armors__type_support.hpp
[0.308s] -- Up-to-date: /home/ckl/RM/Combat_vision2026/install/rm_interfaces/include/rm_interfaces/rm_interfaces/msg/detail/point2d__builder.hpp
[0.308s] -- Up-to-date: /home/ckl/RM/Combat_vision2026/install/rm_interfaces/include/rm_interfaces/rm_interfaces/msg/detail/point2d__struct.hpp
[0.308s] -- Up-to-date: /home/ckl/RM/Combat_vision2026/install/rm_interfaces/include/rm_interfaces/rm_interfaces/msg/detail/debug_rune_angle__struct.hpp
[0.308s] -- Up-to-date: /home/ckl/RM/Combat_vision2026/install/rm_interfaces/include/rm_interfaces/rm_interfaces/msg/detail/debug_armors__traits.hpp
[0.308s] -- Up-to-date: /home/ckl/RM/Combat_vision2026/install/rm_interfaces/include/rm_interfaces/rm_interfaces/msg/detail/target__struct.hpp
[0.308s] -- Up-to-date: /home/ckl/RM/Combat_vision2026/install/rm_interfaces/include/rm_interfaces/rm_interfaces/msg/detail/rune_target__traits.hpp
[0.308s] -- Up-to-date: /home/ckl/RM/Combat_vision2026/install/rm_interfaces/include/rm_interfaces/rm_interfaces/msg/detail/debug_lights__traits.hpp
[0.309s] -- Up-to-date: /home/ckl/RM/Combat_vision2026/install/rm_interfaces/include/rm_interfaces/rm_interfaces/msg/detail/debug_light__builder.hpp
[0.309s] -- Up-to-date: /home/ckl/RM/Combat_vision2026/install/rm_interfaces/include/rm_interfaces/rm_interfaces/msg/detail/debug_armor__struct.hpp
[0.309s] -- Up-to-date: /home/ckl/RM/Combat_vision2026/install/rm_interfaces/include/rm_interfaces/rm_interfaces/msg/detail/debug_light__struct.hpp
[0.309s] -- Up-to-date: /home/ckl/RM/Combat_vision2026/install/rm_interfaces/include/rm_interfaces/rm_interfaces/msg/detail/debug_armor__traits.hpp
[0.309s] -- Up-to-date: /home/ckl/RM/Combat_vision2026/install/rm_interfaces/include/rm_interfaces/rm_interfaces/msg/detail/chassis_cmd__type_support.hpp
[0.309s] -- Up-to-date: /home/ckl/RM/Combat_vision2026/install/rm_interfaces/include/rm_interfaces/rm_interfaces/msg/detail/operator_command__builder.hpp
[0.309s] -- Up-to-date: /home/ckl/RM/Combat_vision2026/install/rm_interfaces/include/rm_interfaces/rm_interfaces/msg/detail/armors__type_support.hpp
[0.309s] -- Up-to-date: /home/ckl/RM/Combat_vision2026/install/rm_interfaces/include/rm_interfaces/rm_interfaces/msg/detail/measurement__traits.hpp
[0.309s] -- Up-to-date: /home/ckl/RM/Combat_vision2026/install/rm_interfaces/include/rm_interfaces/rm_interfaces/msg/detail/gimbal_cmd__type_support.hpp
[0.309s] -- Up-to-date: /home/ckl/RM/Combat_vision2026/install/rm_interfaces/include/rm_interfaces/rm_interfaces/msg/detail/serial_receive_data__traits.hpp
[0.309s] -- Up-to-date: /home/ckl/RM/Combat_vision2026/install/rm_interfaces/include/rm_interfaces/rm_interfaces/msg/detail/target__traits.hpp
[0.309s] -- Up-to-date: /home/ckl/RM/Combat_vision2026/install/rm_interfaces/include/rm_interfaces/rm_interfaces/msg/detail/serial_receive_data__type_support.hpp
[0.309s] -- Up-to-date: /home/ckl/RM/Combat_vision2026/install/rm_interfaces/include/rm_interfaces/rm_interfaces/msg/detail/chassis_cmd__struct.hpp
[0.309s] -- Up-to-date: /home/ckl/RM/Combat_vision2026/install/rm_interfaces/include/rm_interfaces/rm_interfaces/msg/detail/operator_command__type_support.hpp
[0.309s] -- Up-to-date: /home/ckl/RM/Combat_vision2026/install/rm_interfaces/include/rm_interfaces/rm_interfaces/msg/detail/judge_system_data__builder.hpp
[0.309s] -- Up-to-date: /home/ckl/RM/Combat_vision2026/install/rm_interfaces/include/rm_interfaces/rm_interfaces/msg/detail/debug_light__type_support.hpp
[0.309s] -- Up-to-date: /home/ckl/RM/Combat_vision2026/install/rm_interfaces/include/rm_interfaces/rm_interfaces/msg/detail/serial_receive_data__builder.hpp
[0.309s] -- Up-to-date: /home/ckl/RM/Combat_vision2026/install/rm_interfaces/include/rm_interfaces/rm_interfaces/msg/detail/rune_target__struct.hpp
[0.309s] -- Up-to-date: /home/ckl/RM/Combat_vision2026/install/rm_interfaces/include/rm_interfaces/rm_interfaces/msg/detail/debug_light__traits.hpp
[0.309s] -- Up-to-date: /home/ckl/RM/Combat_vision2026/install/rm_interfaces/include/rm_interfaces/rm_interfaces/msg/detail/armor__type_support.hpp
[0.310s] -- Up-to-date: /home/ckl/RM/Combat_vision2026/install/rm_interfaces/include/rm_interfaces/rm_interfaces/msg/detail/measurement__builder.hpp
[0.310s] -- Up-to-date: /home/ckl/RM/Combat_vision2026/install/rm_interfaces/include/rm_interfaces/rm_interfaces/msg/detail/armor__struct.hpp
[0.310s] -- Up-to-date: /home/ckl/RM/Combat_vision2026/install/rm_interfaces/include/rm_interfaces/rm_interfaces/msg/detail/debug_lights__type_support.hpp
[0.310s] -- Up-to-date: /home/ckl/RM/Combat_vision2026/install/rm_interfaces/include/rm_interfaces/rm_interfaces/msg/detail/debug_armors__builder.hpp
[0.310s] -- Up-to-date: /home/ckl/RM/Combat_vision2026/install/rm_interfaces/include/rm_interfaces/rm_interfaces/msg/detail/rune_target__type_support.hpp
[0.310s] -- Up-to-date: /home/ckl/RM/Combat_vision2026/install/rm_interfaces/include/rm_interfaces/rm_interfaces/msg/detail/target__builder.hpp
[0.310s] -- Up-to-date: /home/ckl/RM/Combat_vision2026/install/rm_interfaces/include/rm_interfaces/rm_interfaces/msg/detail/debug_rune_angle__traits.hpp
[0.310s] -- Up-to-date: /home/ckl/RM/Combat_vision2026/install/rm_interfaces/include/rm_interfaces/rm_interfaces/msg/detail/judge_system_data__traits.hpp
[0.310s] -- Up-to-date: /home/ckl/RM/Combat_vision2026/install/rm_interfaces/include/rm_interfaces/rm_interfaces/msg/detail/armors__builder.hpp
[0.310s] -- Up-to-date: /home/ckl/RM/Combat_vision2026/install/rm_interfaces/include/rm_interfaces/rm_interfaces/msg/detail/armor__traits.hpp
[0.310s] -- Up-to-date: /home/ckl/RM/Combat_vision2026/install/rm_interfaces/include/rm_interfaces/rm_interfaces/msg/detail/gimbal_cmd__struct.hpp
[0.310s] -- Up-to-date: /home/ckl/RM/Combat_vision2026/install/rm_interfaces/include/rm_interfaces/rm_interfaces/msg/detail/point2d__traits.hpp
[0.310s] -- Up-to-date: /home/ckl/RM/Combat_vision2026/install/rm_interfaces/include/rm_interfaces/rm_interfaces/msg/detail/judge_system_data__struct.hpp
[0.310s] -- Up-to-date: /home/ckl/RM/Combat_vision2026/install/rm_interfaces/include/rm_interfaces/rm_interfaces/msg/detail/measurement__type_support.hpp
[0.310s] -- Up-to-date: /home/ckl/RM/Combat_vision2026/install/rm_interfaces/include/rm_interfaces/rm_interfaces/msg/detail/chassis_cmd__traits.hpp
[0.310s] -- Up-to-date: /home/ckl/RM/Combat_vision2026/install/rm_interfaces/include/rm_interfaces/rm_interfaces/msg/detail/target__type_support.hpp
[0.310s] -- Up-to-date: /home/ckl/RM/Combat_vision2026/install/rm_interfaces/include/rm_interfaces/rm_interfaces/msg/detail/debug_lights__struct.hpp
[0.310s] -- Up-to-date: /home/ckl/RM/Combat_vision2026/install/rm_interfaces/include/rm_interfaces/rm_interfaces/msg/detail/gimbal_cmd__builder.hpp
[0.310s] -- Up-to-date: /home/ckl/RM/Combat_vision2026/install/rm_interfaces/include/rm_interfaces/rm_interfaces/msg/detail/point2d__type_support.hpp
[0.311s] -- Up-to-date: /home/ckl/RM/Combat_vision2026/install/rm_interfaces/include/rm_interfaces/rm_interfaces/msg/detail/armors__traits.hpp
[0.311s] -- Up-to-date: /home/ckl/RM/Combat_vision2026/install/rm_interfaces/include/rm_interfaces/rm_interfaces/msg/detail/serial_receive_data__struct.hpp
[0.311s] -- Up-to-date: /home/ckl/RM/Combat_vision2026/install/rm_interfaces/include/rm_interfaces/rm_interfaces/msg/detail/debug_rune_angle__builder.hpp
[0.311s] -- Up-to-date: /home/ckl/RM/Combat_vision2026/install/rm_interfaces/include/rm_interfaces/rm_interfaces/msg/detail/debug_armors__struct.hpp
[0.311s] -- Up-to-date: /home/ckl/RM/Combat_vision2026/install/rm_interfaces/include/rm_interfaces/rm_interfaces/msg/detail/armors__struct.hpp
[0.311s] -- Up-to-date: /home/ckl/RM/Combat_vision2026/install/rm_interfaces/include/rm_interfaces/rm_interfaces/msg/detail/debug_rune_angle__type_support.hpp
[0.311s] -- Up-to-date: /home/ckl/RM/Combat_vision2026/install/rm_interfaces/include/rm_interfaces/rm_interfaces/msg/detail/operator_command__struct.hpp
[0.311s] -- Up-to-date: /home/ckl/RM/Combat_vision2026/install/rm_interfaces/include/rm_interfaces/rm_interfaces/msg/detail/debug_armor__builder.hpp
[0.311s] -- Up-to-date: /home/ckl/RM/Combat_vision2026/install/rm_interfaces/include/rm_interfaces/rm_interfaces/msg/detail/measurement__struct.hpp
[0.311s] -- Up-to-date: /home/ckl/RM/Combat_vision2026/install/rm_interfaces/include/rm_interfaces/rm_interfaces/msg/detail/judge_system_data__type_support.hpp
[0.311s] -- Up-to-date: /home/ckl/RM/Combat_vision2026/install/rm_interfaces/include/rm_interfaces/rm_interfaces/msg/detail/chassis_cmd__builder.hpp
[0.311s] -- Up-to-date: /home/ckl/RM/Combat_vision2026/install/rm_interfaces/include/rm_interfaces/rm_interfaces/msg/detail/debug_lights__builder.hpp
[0.311s] -- Up-to-date: /home/ckl/RM/Combat_vision2026/install/rm_interfaces/include/rm_interfaces/rm_interfaces/msg/detail/debug_armor__type_support.hpp
[0.311s] -- Up-to-date: /home/ckl/RM/Combat_vision2026/install/rm_interfaces/include/rm_interfaces/rm_interfaces/msg/detail/rune_target__builder.hpp
[0.311s] -- Up-to-date: /home/ckl/RM/Combat_vision2026/install/rm_interfaces/include/rm_interfaces/rm_interfaces/msg/detail/operator_command__traits.hpp
[0.312s] -- Up-to-date: /home/ckl/RM/Combat_vision2026/install/rm_interfaces/include/rm_interfaces/rm_interfaces/msg/detail/gimbal_cmd__traits.hpp
[0.312s] -- Up-to-date: /home/ckl/RM/Combat_vision2026/install/rm_interfaces/include/rm_interfaces/rm_interfaces/msg/rune_target.hpp
[0.312s] -- Up-to-date: /home/ckl/RM/Combat_vision2026/install/rm_interfaces/include/rm_interfaces/rm_interfaces/msg/target.hpp
[0.312s] -- Up-to-date: /home/ckl/RM/Combat_vision2026/install/rm_interfaces/include/rm_interfaces/rm_interfaces/msg/chassis_cmd.hpp
[0.312s] -- Up-to-date: /home/ckl/RM/Combat_vision2026/install/rm_interfaces/include/rm_interfaces/rm_interfaces
[0.312s] -- Up-to-date: /home/ckl/RM/Combat_vision2026/install/rm_interfaces/include/rm_interfaces/rm_interfaces/srv
[0.312s] -- Up-to-date: /home/ckl/RM/Combat_vision2026/install/rm_interfaces/include/rm_interfaces/rm_interfaces/srv/detail
[0.312s] -- Up-to-date: /home/ckl/RM/Combat_vision2026/install/rm_interfaces/include/rm_interfaces/rm_interfaces/srv/detail/dds_fastrtps
[0.312s] -- Up-to-date: /home/ckl/RM/Combat_vision2026/install/rm_interfaces/include/rm_interfaces/rm_interfaces/srv/detail/set_mode__rosidl_typesupport_fastrtps_cpp.hpp
[0.312s] -- Up-to-date: /home/ckl/RM/Combat_vision2026/install/rm_interfaces/include/rm_interfaces/rm_interfaces/msg
[0.312s] -- Up-to-date: /home/ckl/RM/Combat_vision2026/install/rm_interfaces/include/rm_interfaces/rm_interfaces/msg/detail
[0.313s] -- Up-to-date: /home/ckl/RM/Combat_vision2026/install/rm_interfaces/include/rm_interfaces/rm_interfaces/msg/detail/dds_fastrtps
[0.313s] -- Up-to-date: /home/ckl/RM/Combat_vision2026/install/rm_interfaces/include/rm_interfaces/rm_interfaces/msg/detail/judge_system_data__rosidl_typesupport_fastrtps_cpp.hpp
[0.313s] -- Up-to-date: /home/ckl/RM/Combat_vision2026/install/rm_interfaces/include/rm_interfaces/rm_interfaces/msg/detail/armors__rosidl_typesupport_fastrtps_cpp.hpp
[0.313s] -- Up-to-date: /home/ckl/RM/Combat_vision2026/install/rm_interfaces/include/rm_interfaces/rm_interfaces/msg/detail/debug_armors__rosidl_typesupport_fastrtps_cpp.hpp
[0.313s] -- Up-to-date: /home/ckl/RM/Combat_vision2026/install/rm_interfaces/include/rm_interfaces/rm_interfaces/msg/detail/gimbal_cmd__rosidl_typesupport_fastrtps_cpp.hpp
[0.313s] -- Up-to-date: /home/ckl/RM/Combat_vision2026/install/rm_interfaces/include/rm_interfaces/rm_interfaces/msg/detail/debug_lights__rosidl_typesupport_fastrtps_cpp.hpp
[0.313s] -- Up-to-date: /home/ckl/RM/Combat_vision2026/install/rm_interfaces/include/rm_interfaces/rm_interfaces/msg/detail/chassis_cmd__rosidl_typesupport_fastrtps_cpp.hpp
[0.313s] -- Up-to-date: /home/ckl/RM/Combat_vision2026/install/rm_interfaces/include/rm_interfaces/rm_interfaces/msg/detail/measurement__rosidl_typesupport_fastrtps_cpp.hpp
[0.313s] -- Up-to-date: /home/ckl/RM/Combat_vision2026/install/rm_interfaces/include/rm_interfaces/rm_interfaces/msg/detail/debug_light__rosidl_typesupport_fastrtps_cpp.hpp
[0.314s] -- Up-to-date: /home/ckl/RM/Combat_vision2026/install/rm_interfaces/include/rm_interfaces/rm_interfaces/msg/detail/debug_rune_angle__rosidl_typesupport_fastrtps_cpp.hpp
[0.314s] -- Up-to-date: /home/ckl/RM/Combat_vision2026/install/rm_interfaces/include/rm_interfaces/rm_interfaces/msg/detail/armor__rosidl_typesupport_fastrtps_cpp.hpp
[0.314s] -- Up-to-date: /home/ckl/RM/Combat_vision2026/install/rm_interfaces/include/rm_interfaces/rm_interfaces/msg/detail/debug_armor__rosidl_typesupport_fastrtps_cpp.hpp
[0.314s] -- Up-to-date: /home/ckl/RM/Combat_vision2026/install/rm_interfaces/include/rm_interfaces/rm_interfaces/msg/detail/rune_target__rosidl_typesupport_fastrtps_cpp.hpp
[0.314s] -- Up-to-date: /home/ckl/RM/Combat_vision2026/install/rm_interfaces/include/rm_interfaces/rm_interfaces/msg/detail/serial_receive_data__rosidl_typesupport_fastrtps_cpp.hpp
[0.314s] -- Up-to-date: /home/ckl/RM/Combat_vision2026/install/rm_interfaces/include/rm_interfaces/rm_interfaces/msg/detail/operator_command__rosidl_typesupport_fastrtps_cpp.hpp
[0.314s] -- Up-to-date: /home/ckl/RM/Combat_vision2026/install/rm_interfaces/include/rm_interfaces/rm_interfaces/msg/detail/target__rosidl_typesupport_fastrtps_cpp.hpp
[0.315s] -- Up-to-date: /home/ckl/RM/Combat_vision2026/install/rm_interfaces/include/rm_interfaces/rm_interfaces/msg/detail/point2d__rosidl_typesupport_fastrtps_cpp.hpp
[0.315s] -- Up-to-date: /home/ckl/RM/Combat_vision2026/install/rm_interfaces/include/rm_interfaces/rm_interfaces/msg/rosidl_typesupport_fastrtps_cpp__visibility_control.h
[0.315s] -- Up-to-date: /home/ckl/RM/Combat_vision2026/install/rm_interfaces/lib/librm_interfaces__rosidl_typesupport_fastrtps_cpp.so
[0.315s] -- Up-to-date: /home/ckl/RM/Combat_vision2026/install/rm_interfaces/include/rm_interfaces/rm_interfaces
[0.315s] -- Up-to-date: /home/ckl/RM/Combat_vision2026/install/rm_interfaces/include/rm_interfaces/rm_interfaces/srv
[0.315s] -- Up-to-date: /home/ckl/RM/Combat_vision2026/install/rm_interfaces/include/rm_interfaces/rm_interfaces/srv/detail
[0.315s] -- Up-to-date: /home/ckl/RM/Combat_vision2026/install/rm_interfaces/include/rm_interfaces/rm_interfaces/srv/detail/set_mode__rosidl_typesupport_introspection_cpp.hpp
[0.315s] -- Up-to-date: /home/ckl/RM/Combat_vision2026/install/rm_interfaces/include/rm_interfaces/rm_interfaces/srv/detail/set_mode__type_support.cpp
[0.315s] -- Up-to-date: /home/ckl/RM/Combat_vision2026/install/rm_interfaces/include/rm_interfaces/rm_interfaces/msg
[0.315s] -- Up-to-date: /home/ckl/RM/Combat_vision2026/install/rm_interfaces/include/rm_interfaces/rm_interfaces/msg/detail
[0.315s] -- Up-to-date: /home/ckl/RM/Combat_vision2026/install/rm_interfaces/include/rm_interfaces/rm_interfaces/msg/detail/point2d__rosidl_typesupport_introspection_cpp.hpp
[0.315s] -- Up-to-date: /home/ckl/RM/Combat_vision2026/install/rm_interfaces/include/rm_interfaces/rm_interfaces/msg/detail/debug_armor__rosidl_typesupport_introspection_cpp.hpp
[0.316s] -- Up-to-date: /home/ckl/RM/Combat_vision2026/install/rm_interfaces/include/rm_interfaces/rm_interfaces/msg/detail/gimbal_cmd__rosidl_typesupport_introspection_cpp.hpp
[0.316s] -- Up-to-date: /home/ckl/RM/Combat_vision2026/install/rm_interfaces/include/rm_interfaces/rm_interfaces/msg/detail/armors__type_support.cpp
[0.316s] -- Up-to-date: /home/ckl/RM/Combat_vision2026/install/rm_interfaces/include/rm_interfaces/rm_interfaces/msg/detail/target__rosidl_typesupport_introspection_cpp.hpp
[0.316s] -- Up-to-date: /home/ckl/RM/Combat_vision2026/install/rm_interfaces/include/rm_interfaces/rm_interfaces/msg/detail/serial_receive_data__rosidl_typesupport_introspection_cpp.hpp
[0.316s] -- Up-to-date: /home/ckl/RM/Combat_vision2026/install/rm_interfaces/include/rm_interfaces/rm_interfaces/msg/detail/debug_armors__type_support.cpp
[0.316s] -- Up-to-date: /home/ckl/RM/Combat_vision2026/install/rm_interfaces/include/rm_interfaces/rm_interfaces/msg/detail/debug_lights__type_support.cpp
[0.316s] -- Up-to-date: /home/ckl/RM/Combat_vision2026/install/rm_interfaces/include/rm_interfaces/rm_interfaces/msg/detail/target__type_support.cpp
[0.316s] -- Up-to-date: /home/ckl/RM/Combat_vision2026/install/rm_interfaces/include/rm_interfaces/rm_interfaces/msg/detail/judge_system_data__type_support.cpp
[0.316s] -- Up-to-date: /home/ckl/RM/Combat_vision2026/install/rm_interfaces/include/rm_interfaces/rm_interfaces/msg/detail/armor__rosidl_typesupport_introspection_cpp.hpp
[0.316s] -- Up-to-date: /home/ckl/RM/Combat_vision2026/install/rm_interfaces/include/rm_interfaces/rm_interfaces/msg/detail/debug_lights__rosidl_typesupport_introspection_cpp.hpp
[0.316s] -- Up-to-date: /home/ckl/RM/Combat_vision2026/install/rm_interfaces/include/rm_interfaces/rm_interfaces/msg/detail/debug_light__type_support.cpp
[0.316s] -- Up-to-date: /home/ckl/RM/Combat_vision2026/install/rm_interfaces/include/rm_interfaces/rm_interfaces/msg/detail/debug_armors__rosidl_typesupport_introspection_cpp.hpp
[0.316s] -- Up-to-date: /home/ckl/RM/Combat_vision2026/install/rm_interfaces/include/rm_interfaces/rm_interfaces/msg/detail/armor__type_support.cpp
[0.316s] -- Up-to-date: /home/ckl/RM/Combat_vision2026/install/rm_interfaces/include/rm_interfaces/rm_interfaces/msg/detail/debug_armor__type_support.cpp
[0.316s] -- Up-to-date: /home/ckl/RM/Combat_vision2026/install/rm_interfaces/include/rm_interfaces/rm_interfaces/msg/detail/point2d__type_support.cpp
[0.317s] -- Up-to-date: /home/ckl/RM/Combat_vision2026/install/rm_interfaces/include/rm_interfaces/rm_interfaces/msg/detail/rune_target__type_support.cpp
[0.317s] -- Up-to-date: /home/ckl/RM/Combat_vision2026/install/rm_interfaces/include/rm_interfaces/rm_interfaces/msg/detail/debug_rune_angle__type_support.cpp
[0.317s] -- Up-to-date: /home/ckl/RM/Combat_vision2026/install/rm_interfaces/include/rm_interfaces/rm_interfaces/msg/detail/debug_light__rosidl_typesupport_introspection_cpp.hpp
[0.317s] -- Up-to-date: /home/ckl/RM/Combat_vision2026/install/rm_interfaces/include/rm_interfaces/rm_interfaces/msg/detail/debug_rune_angle__rosidl_typesupport_introspection_cpp.hpp
[0.317s] -- Up-to-date: /home/ckl/RM/Combat_vision2026/install/rm_interfaces/include/rm_interfaces/rm_interfaces/msg/detail/armors__rosidl_typesupport_introspection_cpp.hpp
[0.317s] -- Up-to-date: /home/ckl/RM/Combat_vision2026/install/rm_interfaces/include/rm_interfaces/rm_interfaces/msg/detail/operator_command__type_support.cpp
[0.317s] -- Up-to-date: /home/ckl/RM/Combat_vision2026/install/rm_interfaces/include/rm_interfaces/rm_interfaces/msg/detail/chassis_cmd__type_support.cpp
[0.317s] -- Up-to-date: /home/ckl/RM/Combat_vision2026/install/rm_interfaces/include/rm_interfaces/rm_interfaces/msg/detail/measurement__rosidl_typesupport_introspection_cpp.hpp
[0.317s] -- Up-to-date: /home/ckl/RM/Combat_vision2026/install/rm_interfaces/include/rm_interfaces/rm_interfaces/msg/detail/rune_target__rosidl_typesupport_introspection_cpp.hpp
[0.317s] -- Up-to-date: /home/ckl/RM/Combat_vision2026/install/rm_interfaces/include/rm_interfaces/rm_interfaces/msg/detail/measurement__type_support.cpp
[0.317s] -- Up-to-date: /home/ckl/RM/Combat_vision2026/install/rm_interfaces/include/rm_interfaces/rm_interfaces/msg/detail/serial_receive_data__type_support.cpp
[0.317s] -- Up-to-date: /home/ckl/RM/Combat_vision2026/install/rm_interfaces/include/rm_interfaces/rm_interfaces/msg/detail/judge_system_data__rosidl_typesupport_introspection_cpp.hpp
[0.317s] -- Up-to-date: /home/ckl/RM/Combat_vision2026/install/rm_interfaces/include/rm_interfaces/rm_interfaces/msg/detail/chassis_cmd__rosidl_typesupport_introspection_cpp.hpp
[0.317s] -- Up-to-date: /home/ckl/RM/Combat_vision2026/install/rm_interfaces/include/rm_interfaces/rm_interfaces/msg/detail/operator_command__rosidl_typesupport_introspection_cpp.hpp
[0.317s] -- Up-to-date: /home/ckl/RM/Combat_vision2026/install/rm_interfaces/include/rm_interfaces/rm_interfaces/msg/detail/gimbal_cmd__type_support.cpp
[0.317s] -- Up-to-date: /home/ckl/RM/Combat_vision2026/install/rm_interfaces/lib/librm_interfaces__rosidl_typesupport_introspection_cpp.so
[0.317s] -- Up-to-date: /home/ckl/RM/Combat_vision2026/install/rm_interfaces/lib/librm_interfaces__rosidl_typesupport_cpp.so
[0.318s] -- Up-to-date: /home/ckl/RM/Combat_vision2026/install/rm_interfaces/share/rm_interfaces/environment/pythonpath.sh
[0.318s] -- Up-to-date: /home/ckl/RM/Combat_vision2026/install/rm_interfaces/share/rm_interfaces/environment/pythonpath.dsv
[0.318s] -- Up-to-date: /home/ckl/RM/Combat_vision2026/install/rm_interfaces/local/lib/python3.10/dist-packages/rm_interfaces-0.0.0-py3.10.egg-info
[0.318s] -- Installing: /home/ckl/RM/Combat_vision2026/install/rm_interfaces/local/lib/python3.10/dist-packages/rm_interfaces-0.0.0-py3.10.egg-info/top_level.txt
[0.318s] -- Installing: /home/ckl/RM/Combat_vision2026/install/rm_interfaces/local/lib/python3.10/dist-packages/rm_interfaces-0.0.0-py3.10.egg-info/SOURCES.txt
[0.318s] -- Installing: /home/ckl/RM/Combat_vision2026/install/rm_interfaces/local/lib/python3.10/dist-packages/rm_interfaces-0.0.0-py3.10.egg-info/PKG-INFO
[0.318s] -- Installing: /home/ckl/RM/Combat_vision2026/install/rm_interfaces/local/lib/python3.10/dist-packages/rm_interfaces-0.0.0-py3.10.egg-info/dependency_links.txt
[0.318s] -- Up-to-date: /home/ckl/RM/Combat_vision2026/install/rm_interfaces/local/lib/python3.10/dist-packages/rm_interfaces
[0.318s] -- Up-to-date: /home/ckl/RM/Combat_vision2026/install/rm_interfaces/local/lib/python3.10/dist-packages/rm_interfaces/__init__.py
[0.318s] -- Up-to-date: /home/ckl/RM/Combat_vision2026/install/rm_interfaces/local/lib/python3.10/dist-packages/rm_interfaces/srv
[0.318s] -- Up-to-date: /home/ckl/RM/Combat_vision2026/install/rm_interfaces/local/lib/python3.10/dist-packages/rm_interfaces/srv/__init__.py
[0.318s] -- Up-to-date: /home/ckl/RM/Combat_vision2026/install/rm_interfaces/local/lib/python3.10/dist-packages/rm_interfaces/srv/_set_mode_s.c
[0.318s] -- Up-to-date: /home/ckl/RM/Combat_vision2026/install/rm_interfaces/local/lib/python3.10/dist-packages/rm_interfaces/srv/_set_mode.py
[0.318s] -- Up-to-date: /home/ckl/RM/Combat_vision2026/install/rm_interfaces/local/lib/python3.10/dist-packages/rm_interfaces/msg
[0.318s] -- Up-to-date: /home/ckl/RM/Combat_vision2026/install/rm_interfaces/local/lib/python3.10/dist-packages/rm_interfaces/msg/_serial_receive_data.py
[0.318s] -- Up-to-date: /home/ckl/RM/Combat_vision2026/install/rm_interfaces/local/lib/python3.10/dist-packages/rm_interfaces/msg/__init__.py
[0.319s] -- Up-to-date: /home/ckl/RM/Combat_vision2026/install/rm_interfaces/local/lib/python3.10/dist-packages/rm_interfaces/msg/_point2d_s.c
[0.319s] -- Up-to-date: /home/ckl/RM/Combat_vision2026/install/rm_interfaces/local/lib/python3.10/dist-packages/rm_interfaces/msg/_target_s.c
[0.319s] -- Up-to-date: /home/ckl/RM/Combat_vision2026/install/rm_interfaces/local/lib/python3.10/dist-packages/rm_interfaces/msg/_armors_s.c
[0.319s] -- Up-to-date: /home/ckl/RM/Combat_vision2026/install/rm_interfaces/local/lib/python3.10/dist-packages/rm_interfaces/msg/_operator_command.py
[0.319s] -- Up-to-date: /home/ckl/RM/Combat_vision2026/install/rm_interfaces/local/lib/python3.10/dist-packages/rm_interfaces/msg/_rune_target_s.c
[0.319s] -- Up-to-date: /home/ckl/RM/Combat_vision2026/install/rm_interfaces/local/lib/python3.10/dist-packages/rm_interfaces/msg/_armor_s.c
[0.319s] -- Up-to-date: /home/ckl/RM/Combat_vision2026/install/rm_interfaces/local/lib/python3.10/dist-packages/rm_interfaces/msg/_judge_system_data.py
[0.319s] -- Up-to-date: /home/ckl/RM/Combat_vision2026/install/rm_interfaces/local/lib/python3.10/dist-packages/rm_interfaces/msg/_point2d.py
[0.319s] -- Up-to-date: /home/ckl/RM/Combat_vision2026/install/rm_interfaces/local/lib/python3.10/dist-packages/rm_interfaces/msg/_debug_lights_s.c
[0.319s] -- Up-to-date: /home/ckl/RM/Combat_vision2026/install/rm_interfaces/local/lib/python3.10/dist-packages/rm_interfaces/msg/_rune_target.py
[0.319s] -- Up-to-date: /home/ckl/RM/Combat_vision2026/install/rm_interfaces/local/lib/python3.10/dist-packages/rm_interfaces/msg/_debug_rune_angle_s.c
[0.319s] -- Up-to-date: /home/ckl/RM/Combat_vision2026/install/rm_interfaces/local/lib/python3.10/dist-packages/rm_interfaces/msg/_debug_light_s.c
[0.319s] -- Up-to-date: /home/ckl/RM/Combat_vision2026/install/rm_interfaces/local/lib/python3.10/dist-packages/rm_interfaces/msg/_measurement.py
[0.319s] -- Up-to-date: /home/ckl/RM/Combat_vision2026/install/rm_interfaces/local/lib/python3.10/dist-packages/rm_interfaces/msg/_chassis_cmd.py
[0.319s] -- Up-to-date: /home/ckl/RM/Combat_vision2026/install/rm_interfaces/local/lib/python3.10/dist-packages/rm_interfaces/msg/_serial_receive_data_s.c
[0.319s] -- Up-to-date: /home/ckl/RM/Combat_vision2026/install/rm_interfaces/local/lib/python3.10/dist-packages/rm_interfaces/msg/_debug_light.py
[0.319s] -- Up-to-date: /home/ckl/RM/Combat_vision2026/install/rm_interfaces/local/lib/python3.10/dist-packages/rm_interfaces/msg/_judge_system_data_s.c
[0.319s] -- Up-to-date: /home/ckl/RM/Combat_vision2026/install/rm_interfaces/local/lib/python3.10/dist-packages/rm_interfaces/msg/_target.py
[0.319s] -- Up-to-date: /home/ckl/RM/Combat_vision2026/install/rm_interfaces/local/lib/python3.10/dist-packages/rm_interfaces/msg/_operator_command_s.c
[0.319s] -- Up-to-date: /home/ckl/RM/Combat_vision2026/install/rm_interfaces/local/lib/python3.10/dist-packages/rm_interfaces/msg/_debug_lights.py
[0.320s] -- Up-to-date: /home/ckl/RM/Combat_vision2026/install/rm_interfaces/local/lib/python3.10/dist-packages/rm_interfaces/msg/_debug_armors.py
[0.320s] -- Up-to-date: /home/ckl/RM/Combat_vision2026/install/rm_interfaces/local/lib/python3.10/dist-packages/rm_interfaces/msg/_gimbal_cmd.py
[0.320s] -- Up-to-date: /home/ckl/RM/Combat_vision2026/install/rm_interfaces/local/lib/python3.10/dist-packages/rm_interfaces/msg/_armor.py
[0.320s] -- Up-to-date: /home/ckl/RM/Combat_vision2026/install/rm_interfaces/local/lib/python3.10/dist-packages/rm_interfaces/msg/_chassis_cmd_s.c
[0.320s] -- Up-to-date: /home/ckl/RM/Combat_vision2026/install/rm_interfaces/local/lib/python3.10/dist-packages/rm_interfaces/msg/_debug_armors_s.c
[0.320s] -- Up-to-date: /home/ckl/RM/Combat_vision2026/install/rm_interfaces/local/lib/python3.10/dist-packages/rm_interfaces/msg/_armors.py
[0.320s] -- Up-to-date: /home/ckl/RM/Combat_vision2026/install/rm_interfaces/local/lib/python3.10/dist-packages/rm_interfaces/msg/_debug_rune_angle.py
[0.320s] -- Up-to-date: /home/ckl/RM/Combat_vision2026/install/rm_interfaces/local/lib/python3.10/dist-packages/rm_interfaces/msg/_debug_armor_s.c
[0.320s] -- Up-to-date: /home/ckl/RM/Combat_vision2026/install/rm_interfaces/local/lib/python3.10/dist-packages/rm_interfaces/msg/_debug_armor.py
[0.320s] -- Up-to-date: /home/ckl/RM/Combat_vision2026/install/rm_interfaces/local/lib/python3.10/dist-packages/rm_interfaces/msg/_gimbal_cmd_s.c
[0.320s] -- Up-to-date: /home/ckl/RM/Combat_vision2026/install/rm_interfaces/local/lib/python3.10/dist-packages/rm_interfaces/msg/_measurement_s.c
[0.320s] -- Up-to-date: /home/ckl/RM/Combat_vision2026/install/rm_interfaces/local/lib/python3.10/dist-packages/rm_interfaces/rm_interfaces_s__rosidl_typesupport_introspection_c.cpython-310-x86_64-linux-gnu.so
[0.320s] -- Up-to-date: /home/ckl/RM/Combat_vision2026/install/rm_interfaces/local/lib/python3.10/dist-packages/rm_interfaces/_rm_interfaces_s.ep.rosidl_typesupport_introspection_c.c
[0.320s] -- Up-to-date: /home/ckl/RM/Combat_vision2026/install/rm_interfaces/local/lib/python3.10/dist-packages/rm_interfaces/librm_interfaces__rosidl_generator_py.so
[0.320s] -- Up-to-date: /home/ckl/RM/Combat_vision2026/install/rm_interfaces/local/lib/python3.10/dist-packages/rm_interfaces/rm_interfaces_s__rosidl_typesupport_c.cpython-310-x86_64-linux-gnu.so
[0.320s] -- Up-to-date: /home/ckl/RM/Combat_vision2026/install/rm_interfaces/local/lib/python3.10/dist-packages/rm_interfaces/rm_interfaces_s__rosidl_typesupport_fastrtps_c.cpython-310-x86_64-linux-gnu.so
[0.320s] -- Up-to-date: /home/ckl/RM/Combat_vision2026/install/rm_interfaces/local/lib/python3.10/dist-packages/rm_interfaces/_rm_interfaces_s.ep.rosidl_typesupport_fastrtps_c.c
[0.320s] -- Up-to-date: /home/ckl/RM/Combat_vision2026/install/rm_interfaces/local/lib/python3.10/dist-packages/rm_interfaces/_rm_interfaces_s.ep.rosidl_typesupport_c.c
[0.341s] Listing '/home/ckl/RM/Combat_vision2026/install/rm_interfaces/local/lib/python3.10/dist-packages/rm_interfaces'...
[0.341s] Listing '/home/ckl/RM/Combat_vision2026/install/rm_interfaces/local/lib/python3.10/dist-packages/rm_interfaces/msg'...
[0.341s] Listing '/home/ckl/RM/Combat_vision2026/install/rm_interfaces/local/lib/python3.10/dist-packages/rm_interfaces/srv'...
[0.345s] -- Up-to-date: /home/ckl/RM/Combat_vision2026/install/rm_interfaces/local/lib/python3.10/dist-packages/rm_interfaces/rm_interfaces_s__rosidl_typesupport_fastrtps_c.cpython-310-x86_64-linux-gnu.so
[0.345s] -- Up-to-date: /home/ckl/RM/Combat_vision2026/install/rm_interfaces/local/lib/python3.10/dist-packages/rm_interfaces/rm_interfaces_s__rosidl_typesupport_introspection_c.cpython-310-x86_64-linux-gnu.so
[0.345s] -- Up-to-date: /home/ckl/RM/Combat_vision2026/install/rm_interfaces/local/lib/python3.10/dist-packages/rm_interfaces/rm_interfaces_s__rosidl_typesupport_c.cpython-310-x86_64-linux-gnu.so
[0.346s] -- Up-to-date: /home/ckl/RM/Combat_vision2026/install/rm_interfaces/lib/librm_interfaces__rosidl_generator_py.so
[0.346s] -- Up-to-date: /home/ckl/RM/Combat_vision2026/install/rm_interfaces/share/rm_interfaces/msg/Armor.idl
[0.346s] -- Up-to-date: /home/ckl/RM/Combat_vision2026/install/rm_interfaces/share/rm_interfaces/msg/Armors.idl
[0.346s] -- Up-to-date: /home/ckl/RM/Combat_vision2026/install/rm_interfaces/share/rm_interfaces/msg/Target.idl
[0.346s] -- Up-to-date: /home/ckl/RM/Combat_vision2026/install/rm_interfaces/share/rm_interfaces/msg/RuneTarget.idl
[0.346s] -- Up-to-date: /home/ckl/RM/Combat_vision2026/install/rm_interfaces/share/rm_interfaces/msg/Point2d.idl
[0.346s] -- Up-to-date: /home/ckl/RM/Combat_vision2026/install/rm_interfaces/share/rm_interfaces/msg/GimbalCmd.idl
[0.346s] -- Up-to-date: /home/ckl/RM/Combat_vision2026/install/rm_interfaces/share/rm_interfaces/msg/ChassisCmd.idl
[0.346s] -- Up-to-date: /home/ckl/RM/Combat_vision2026/install/rm_interfaces/share/rm_interfaces/msg/DebugLight.idl
[0.346s] -- Up-to-date: /home/ckl/RM/Combat_vision2026/install/rm_interfaces/share/rm_interfaces/msg/DebugLights.idl
[0.346s] -- Up-to-date: /home/ckl/RM/Combat_vision2026/install/rm_interfaces/share/rm_interfaces/msg/DebugArmor.idl
[0.347s] -- Up-to-date: /home/ckl/RM/Combat_vision2026/install/rm_interfaces/share/rm_interfaces/msg/DebugArmors.idl
[0.347s] -- Up-to-date: /home/ckl/RM/Combat_vision2026/install/rm_interfaces/share/rm_interfaces/msg/DebugRuneAngle.idl
[0.347s] -- Up-to-date: /home/ckl/RM/Combat_vision2026/install/rm_interfaces/share/rm_interfaces/msg/Measurement.idl
[0.347s] -- Up-to-date: /home/ckl/RM/Combat_vision2026/install/rm_interfaces/share/rm_interfaces/msg/JudgeSystemData.idl
[0.347s] -- Up-to-date: /home/ckl/RM/Combat_vision2026/install/rm_interfaces/share/rm_interfaces/msg/OperatorCommand.idl
[0.347s] -- Up-to-date: /home/ckl/RM/Combat_vision2026/install/rm_interfaces/share/rm_interfaces/msg/SerialReceiveData.idl
[0.347s] -- Up-to-date: /home/ckl/RM/Combat_vision2026/install/rm_interfaces/share/rm_interfaces/srv/SetMode.idl
[0.347s] -- Up-to-date: /home/ckl/RM/Combat_vision2026/install/rm_interfaces/share/rm_interfaces/msg/Armor.msg
[0.347s] -- Up-to-date: /home/ckl/RM/Combat_vision2026/install/rm_interfaces/share/rm_interfaces/msg/Armors.msg
[0.347s] -- Up-to-date: /home/ckl/RM/Combat_vision2026/install/rm_interfaces/share/rm_interfaces/msg/Target.msg
[0.347s] -- Up-to-date: /home/ckl/RM/Combat_vision2026/install/rm_interfaces/share/rm_interfaces/msg/RuneTarget.msg
[0.347s] -- Up-to-date: /home/ckl/RM/Combat_vision2026/install/rm_interfaces/share/rm_interfaces/msg/Point2d.msg
[0.347s] -- Up-to-date: /home/ckl/RM/Combat_vision2026/install/rm_interfaces/share/rm_interfaces/msg/GimbalCmd.msg
[0.347s] -- Up-to-date: /home/ckl/RM/Combat_vision2026/install/rm_interfaces/share/rm_interfaces/msg/ChassisCmd.msg
[0.348s] -- Up-to-date: /home/ckl/RM/Combat_vision2026/install/rm_interfaces/share/rm_interfaces/msg/DebugLight.msg
[0.348s] -- Up-to-date: /home/ckl/RM/Combat_vision2026/install/rm_interfaces/share/rm_interfaces/msg/DebugLights.msg
[0.348s] -- Up-to-date: /home/ckl/RM/Combat_vision2026/install/rm_interfaces/share/rm_interfaces/msg/DebugArmor.msg
[0.348s] -- Up-to-date: /home/ckl/RM/Combat_vision2026/install/rm_interfaces/share/rm_interfaces/msg/DebugArmors.msg
[0.348s] -- Up-to-date: /home/ckl/RM/Combat_vision2026/install/rm_interfaces/share/rm_interfaces/msg/DebugRuneAngle.msg
[0.348s] -- Up-to-date: /home/ckl/RM/Combat_vision2026/install/rm_interfaces/share/rm_interfaces/msg/Measurement.msg
[0.348s] -- Up-to-date: /home/ckl/RM/Combat_vision2026/install/rm_interfaces/share/rm_interfaces/msg/JudgeSystemData.msg
[0.348s] -- Up-to-date: /home/ckl/RM/Combat_vision2026/install/rm_interfaces/share/rm_interfaces/msg/OperatorCommand.msg
[0.348s] -- Up-to-date: /home/ckl/RM/Combat_vision2026/install/rm_interfaces/share/rm_interfaces/msg/SerialReceiveData.msg
[0.348s] -- Up-to-date: /home/ckl/RM/Combat_vision2026/install/rm_interfaces/share/rm_interfaces/srv/SetMode.srv
[0.348s] -- Up-to-date: /home/ckl/RM/Combat_vision2026/install/rm_interfaces/share/rm_interfaces/srv/SetMode_Request.msg
[0.348s] -- Up-to-date: /home/ckl/RM/Combat_vision2026/install/rm_interfaces/share/rm_interfaces/srv/SetMode_Response.msg
[0.348s] -- Up-to-date: /home/ckl/RM/Combat_vision2026/install/rm_interfaces/share/ament_index/resource_index/package_run_dependencies/rm_interfaces
[0.349s] -- Up-to-date: /home/ckl/RM/Combat_vision2026/install/rm_interfaces/share/ament_index/resource_index/parent_prefix_path/rm_interfaces
[0.349s] -- Up-to-date: /home/ckl/RM/Combat_vision2026/install/rm_interfaces/share/rm_interfaces/environment/ament_prefix_path.sh
[0.349s] -- Up-to-date: /home/ckl/RM/Combat_vision2026/install/rm_interfaces/share/rm_interfaces/environment/ament_prefix_path.dsv
[0.349s] -- Up-to-date: /home/ckl/RM/Combat_vision2026/install/rm_interfaces/share/rm_interfaces/environment/path.sh
[0.349s] -- Up-to-date: /home/ckl/RM/Combat_vision2026/install/rm_interfaces/share/rm_interfaces/environment/path.dsv
[0.349s] -- Up-to-date: /home/ckl/RM/Combat_vision2026/install/rm_interfaces/share/rm_interfaces/local_setup.bash
[0.349s] -- Up-to-date: /home/ckl/RM/Combat_vision2026/install/rm_interfaces/share/rm_interfaces/local_setup.sh
[0.349s] -- Up-to-date: /home/ckl/RM/Combat_vision2026/install/rm_interfaces/share/rm_interfaces/local_setup.zsh
[0.349s] -- Up-to-date: /home/ckl/RM/Combat_vision2026/install/rm_interfaces/share/rm_interfaces/local_setup.dsv
[0.349s] -- Installing: /home/ckl/RM/Combat_vision2026/install/rm_interfaces/share/rm_interfaces/package.dsv
[0.349s] -- Up-to-date: /home/ckl/RM/Combat_vision2026/install/rm_interfaces/share/ament_index/resource_index/packages/rm_interfaces
[0.350s] -- Up-to-date: /home/ckl/RM/Combat_vision2026/install/rm_interfaces/share/rm_interfaces/cmake/export_rm_interfaces__rosidl_generator_cExport.cmake
[0.350s] -- Up-to-date: /home/ckl/RM/Combat_vision2026/install/rm_interfaces/share/rm_interfaces/cmake/export_rm_interfaces__rosidl_generator_cExport-noconfig.cmake
[0.350s] -- Up-to-date: /home/ckl/RM/Combat_vision2026/install/rm_interfaces/share/rm_interfaces/cmake/export_rm_interfaces__rosidl_typesupport_fastrtps_cExport.cmake
[0.350s] -- Up-to-date: /home/ckl/RM/Combat_vision2026/install/rm_interfaces/share/rm_interfaces/cmake/export_rm_interfaces__rosidl_typesupport_fastrtps_cExport-noconfig.cmake
[0.350s] -- Up-to-date: /home/ckl/RM/Combat_vision2026/install/rm_interfaces/share/rm_interfaces/cmake/rm_interfaces__rosidl_typesupport_introspection_cExport.cmake
[0.350s] -- Up-to-date: /home/ckl/RM/Combat_vision2026/install/rm_interfaces/share/rm_interfaces/cmake/rm_interfaces__rosidl_typesupport_introspection_cExport-noconfig.cmake
[0.350s] -- Up-to-date: /home/ckl/RM/Combat_vision2026/install/rm_interfaces/share/rm_interfaces/cmake/rm_interfaces__rosidl_typesupport_cExport.cmake
[0.350s] -- Up-to-date: /home/ckl/RM/Combat_vision2026/install/rm_interfaces/share/rm_interfaces/cmake/rm_interfaces__rosidl_typesupport_cExport-noconfig.cmake
[0.350s] -- Up-to-date: /home/ckl/RM/Combat_vision2026/install/rm_interfaces/share/rm_interfaces/cmake/export_rm_interfaces__rosidl_generator_cppExport.cmake
[0.350s] -- Up-to-date: /home/ckl/RM/Combat_vision2026/install/rm_interfaces/share/rm_interfaces/cmake/export_rm_interfaces__rosidl_typesupport_fastrtps_cppExport.cmake
[0.350s] -- Up-to-date: /home/ckl/RM/Combat_vision2026/install/rm_interfaces/share/rm_interfaces/cmake/export_rm_interfaces__rosidl_typesupport_fastrtps_cppExport-noconfig.cmake
[0.351s] -- Up-to-date: /home/ckl/RM/Combat_vision2026/install/rm_interfaces/share/rm_interfaces/cmake/rm_interfaces__rosidl_typesupport_introspection_cppExport.cmake
[0.351s] -- Up-to-date: /home/ckl/RM/Combat_vision2026/install/rm_interfaces/share/rm_interfaces/cmake/rm_interfaces__rosidl_typesupport_introspection_cppExport-noconfig.cmake
[0.351s] -- Up-to-date: /home/ckl/RM/Combat_vision2026/install/rm_interfaces/share/rm_interfaces/cmake/rm_interfaces__rosidl_typesupport_cppExport.cmake
[0.351s] -- Up-to-date: /home/ckl/RM/Combat_vision2026/install/rm_interfaces/share/rm_interfaces/cmake/rm_interfaces__rosidl_typesupport_cppExport-noconfig.cmake
[0.351s] -- Up-to-date: /home/ckl/RM/Combat_vision2026/install/rm_interfaces/share/rm_interfaces/cmake/export_rm_interfaces__rosidl_generator_pyExport.cmake
[0.351s] -- Up-to-date: /home/ckl/RM/Combat_vision2026/install/rm_interfaces/share/rm_interfaces/cmake/export_rm_interfaces__rosidl_generator_pyExport-noconfig.cmake
[0.351s] -- Up-to-date: /home/ckl/RM/Combat_vision2026/install/rm_interfaces/share/rm_interfaces/cmake/rosidl_cmake-extras.cmake
[0.351s] -- Up-to-date: /home/ckl/RM/Combat_vision2026/install/rm_interfaces/share/rm_interfaces/cmake/ament_cmake_export_dependencies-extras.cmake
[0.351s] -- Up-to-date: /home/ckl/RM/Combat_vision2026/install/rm_interfaces/share/rm_interfaces/cmake/ament_cmake_export_include_directories-extras.cmake
[0.351s] -- Up-to-date: /home/ckl/RM/Combat_vision2026/install/rm_interfaces/share/rm_interfaces/cmake/ament_cmake_export_libraries-extras.cmake
[0.351s] -- Up-to-date: /home/ckl/RM/Combat_vision2026/install/rm_interfaces/share/rm_interfaces/cmake/ament_cmake_export_targets-extras.cmake
[0.351s] -- Up-to-date: /home/ckl/RM/Combat_vision2026/install/rm_interfaces/share/rm_interfaces/cmake/rosidl_cmake_export_typesupport_targets-extras.cmake
[0.352s] -- Up-to-date: /home/ckl/RM/Combat_vision2026/install/rm_interfaces/share/rm_interfaces/cmake/rosidl_cmake_export_typesupport_libraries-extras.cmake
[0.352s] -- Up-to-date: /home/ckl/RM/Combat_vision2026/install/rm_interfaces/share/rm_interfaces/cmake/rm_interfacesConfig.cmake
[0.352s] -- Up-to-date: /home/ckl/RM/Combat_vision2026/install/rm_interfaces/share/rm_interfaces/cmake/rm_interfacesConfig-version.cmake
[0.352s] -- Up-to-date: /home/ckl/RM/Combat_vision2026/install/rm_interfaces/share/rm_interfaces/package.xml
[0.354s] Invoked command in '/home/ckl/RM/Combat_vision2026/build/rm_interfaces' returned '0': CMAKE_PREFIX_PATH=${CMAKE_PREFIX_PATH}:/opt/ros/humble /usr/bin/cmake --install /home/ckl/RM/Combat_vision2026/build/rm_interfaces
