[0.018s] Invoking command in '/home/ckl/RM/Combat_vision2026/build/armor_detector': CMAKE_PREFIX_PATH=/home/ckl/RM/Combat_vision2026/install/rm_utils:/home/ckl/RM/Combat_vision2026/install/rm_interfaces:/home/ckl/RM/Combat_vision2026/install/rm_bringup:/home/ckl/RM/Combat_vision2026/install/rm_serial_driver:/home/ckl/RM/Combat_vision2026/install/rm_auto_aim:/home/ckl/RM/Combat_vision2026/install/armor_solver:/home/ckl/RM/Combat_vision2026/install/armor_detector:/home/ckl/RM/Combat_vision2026/install/rm_robot_description:/home/ckl/RM/Combat_vision2026/install/hik_camera:/opt/ros/humble LD_LIBRARY_PATH=/home/ckl/RM/Combat_vision2026/install/rm_utils/lib:/home/ckl/RM/Combat_vision2026/install/rm_interfaces/lib:/home/ckl/RM/Combat_vision2026/install/rm_serial_driver/lib:/home/ckl/RM/Combat_vision2026/install/armor_solver/lib:/home/ckl/RM/Combat_vision2026/install/armor_detector/lib:/home/ckl/RM/Combat_vision2026/install/hik_camera/lib:/opt/ros/humble/opt/rviz_ogre_vendor/lib:/opt/ros/humble/lib/x86_64-linux-gnu:/opt/ros/humble/lib /usr/bin/cmake --build /home/ckl/RM/Combat_vision2026/build/armor_detector -- -j16 -l16
[0.054s] [  7%] Built target gtest_main
[0.055s] [ 14%] Built target armor_detector_node
[0.055s] [ 22%] Built target gtest
[0.103s] [ 29%] [32mBuilding CXX object CMakeFiles/armor_detector.dir/src/bound_solver.cpp.o[0m
[0.103s] [ 29%] [32mBuilding CXX object CMakeFiles/armor_detector.dir/src/spiral.cpp.o[0m
[5.605s] [01m[K/home/ckl/RM/Combat_vision2026/src/rm_auto_aim/armor_detector/src/bound_solver.cpp:[m[K In member function ‘[01m[Kvoid fyt::auto_aim::BoundSolver::processImage(cv::Mat)[m[K’:
[5.605s] [01m[K/home/ckl/RM/Combat_vision2026/src/rm_auto_aim/armor_detector/src/bound_solver.cpp:8:35:[m[K [01;31m[Kerror: [m[K‘[01m[KCOLOR_BGR2GRAY[m[K’ was not declared in this scope; did you mean ‘[01m[Kcv::COLOR_BGR2GRAY[m[K’?
[5.605s]     8 |   cv::cvtColor(blurred_img, gray, [01;31m[KCOLOR_BGR2GRAY[m[K);
[5.605s]       |                                   [01;31m[K^~~~~~~~~~~~~~[m[K
[5.605s]       |                                   [32m[Kcv::COLOR_BGR2GRAY[m[K
[5.605s] In file included from [01m[K/usr/include/opencv4/opencv2/imgproc/imgproc.hpp:48[m[K,
[5.606s]                  from [01m[K/opt/ros/humble/include/cv_bridge/cv_bridge/cv_bridge.h:44[m[K,
[5.606s]                  from [01m[K/home/ckl/RM/Combat_vision2026/src/rm_auto_aim/armor_detector/include/armor_detector/bound_solver.hpp:14[m[K,
[5.606s]                  from [01m[K/home/ckl/RM/Combat_vision2026/src/rm_auto_aim/armor_detector/src/bound_solver.cpp:1[m[K:
[5.606s] [01m[K/usr/include/opencv4/opencv2/imgproc.hpp:551:5:[m[K [01;36m[Knote: [m[K‘[01m[Kcv::COLOR_BGR2GRAY[m[K’ declared here
[5.606s]   551 |     [01;36m[KCOLOR_BGR2GRAY[m[K     = 6, //!< convert between RGB/BGR and grayscale, @ref color_convert_rgb_gray "color conversions"
[5.606s]       |     [01;36m[K^~~~~~~~~~~~~~[m[K
[5.606s] [01m[K/home/ckl/RM/Combat_vision2026/src/rm_auto_aim/armor_detector/src/bound_solver.cpp:9:39:[m[K [01;31m[Kerror: [m[K‘[01m[KTHRESH_BINARY[m[K’ was not declared in this scope; did you mean ‘[01m[Kcv::THRESH_BINARY[m[K’?
[5.606s]     9 |   cv::threshold(gray, binary, 0, 255, [01;31m[KTHRESH_BINARY[m[K | THRESH_OTSU);
[5.606s]       |                                       [01;31m[K^~~~~~~~~~~~~[m[K
[5.606s]       |                                       [32m[Kcv::THRESH_BINARY[m[K
[5.607s] In file included from [01m[K/usr/include/opencv4/opencv2/imgproc/imgproc.hpp:48[m[K,
[5.607s]                  from [01m[K/opt/ros/humble/include/cv_bridge/cv_bridge/cv_bridge.h:44[m[K,
[5.607s]                  from [01m[K/home/ckl/RM/Combat_vision2026/src/rm_auto_aim/armor_detector/include/armor_detector/bound_solver.hpp:14[m[K,
[5.607s]                  from [01m[K/home/ckl/RM/Combat_vision2026/src/rm_auto_aim/armor_detector/src/bound_solver.cpp:1[m[K:
[5.607s] [01m[K/usr/include/opencv4/opencv2/imgproc.hpp:321:5:[m[K [01;36m[Knote: [m[K‘[01m[Kcv::THRESH_BINARY[m[K’ declared here
[5.607s]   321 |     [01;36m[KTHRESH_BINARY[m[K     = 0, //!< \f[\texttt{dst} (x,y) =  \fork{\texttt{maxval}}{if \(\texttt{src}(x,y) > \texttt{thresh}\)}{0}{otherwise}\f]
[5.607s]       |     [01;36m[K^~~~~~~~~~~~~[m[K
[5.607s] [01m[K/home/ckl/RM/Combat_vision2026/src/rm_auto_aim/armor_detector/src/bound_solver.cpp:9:55:[m[K [01;31m[Kerror: [m[K‘[01m[KTHRESH_OTSU[m[K’ was not declared in this scope; did you mean ‘[01m[Kcv::THRESH_OTSU[m[K’?
[5.607s]     9 |   cv::threshold(gray, binary, 0, 255, THRESH_BINARY | [01;31m[KTHRESH_OTSU[m[K);
[5.607s]       |                                                       [01;31m[K^~~~~~~~~~~[m[K
[5.608s]       |                                                       [32m[Kcv::THRESH_OTSU[m[K
[5.608s] In file included from [01m[K/usr/include/opencv4/opencv2/imgproc/imgproc.hpp:48[m[K,
[5.608s]                  from [01m[K/opt/ros/humble/include/cv_bridge/cv_bridge/cv_bridge.h:44[m[K,
[5.608s]                  from [01m[K/home/ckl/RM/Combat_vision2026/src/rm_auto_aim/armor_detector/include/armor_detector/bound_solver.hpp:14[m[K,
[5.608s]                  from [01m[K/home/ckl/RM/Combat_vision2026/src/rm_auto_aim/armor_detector/src/bound_solver.cpp:1[m[K:
[5.608s] [01m[K/usr/include/opencv4/opencv2/imgproc.hpp:327:5:[m[K [01;36m[Knote: [m[K‘[01m[Kcv::THRESH_OTSU[m[K’ declared here
[5.608s]   327 |     [01;36m[KTHRESH_OTSU[m[K       = 8, //!< flag, use Otsu algorithm to choose the optimal threshold value
[5.608s]       |     [01;36m[K^~~~~~~~~~~[m[K
[5.608s] [01m[K/home/ckl/RM/Combat_vision2026/src/rm_auto_aim/armor_detector/src/bound_solver.cpp:10:38:[m[K [01;31m[Kerror: [m[K‘[01m[KRETR_EXTERNAL[m[K’ was not declared in this scope; did you mean ‘[01m[Kcv::RETR_EXTERNAL[m[K’?
[5.608s]    10 |   cv::findContours(binary, contours, [01;31m[KRETR_EXTERNAL[m[K, CHAIN_APPROX_SIMPLE);
[5.608s]       |                                      [01;31m[K^~~~~~~~~~~~~[m[K
[5.609s]       |                                      [32m[Kcv::RETR_EXTERNAL[m[K
[5.609s] In file included from [01m[K/usr/include/opencv4/opencv2/imgproc/imgproc.hpp:48[m[K,
[5.609s]                  from [01m[K/opt/ros/humble/include/cv_bridge/cv_bridge/cv_bridge.h:44[m[K,
[5.609s]                  from [01m[K/home/ckl/RM/Combat_vision2026/src/rm_auto_aim/armor_detector/include/armor_detector/bound_solver.hpp:14[m[K,
[5.609s]                  from [01m[K/home/ckl/RM/Combat_vision2026/src/rm_auto_aim/armor_detector/src/bound_solver.cpp:1[m[K:
[5.609s] [01m[K/usr/include/opencv4/opencv2/imgproc.hpp:421:5:[m[K [01;36m[Knote: [m[K‘[01m[Kcv::RETR_EXTERNAL[m[K’ declared here
[5.609s]   421 |     [01;36m[KRETR_EXTERNAL[m[K  = 0,
[5.609s]       |     [01;36m[K^~~~~~~~~~~~~[m[K
[5.609s] [01m[K/home/ckl/RM/Combat_vision2026/src/rm_auto_aim/armor_detector/src/bound_solver.cpp:10:53:[m[K [01;31m[Kerror: [m[K‘[01m[KCHAIN_APPROX_SIMPLE[m[K’ was not declared in this scope; did you mean ‘[01m[Kcv::CHAIN_APPROX_SIMPLE[m[K’?
[5.609s]    10 |   cv::findContours(binary, contours, RETR_EXTERNAL, [01;31m[KCHAIN_APPROX_SIMPLE[m[K);
[5.609s]       |                                                     [01;31m[K^~~~~~~~~~~~~~~~~~~[m[K
[5.609s]       |                                                     [32m[Kcv::CHAIN_APPROX_SIMPLE[m[K
[5.609s] In file included from [01m[K/usr/include/opencv4/opencv2/imgproc/imgproc.hpp:48[m[K,
[5.609s]                  from [01m[K/opt/ros/humble/include/cv_bridge/cv_bridge/cv_bridge.h:44[m[K,
[5.609s]                  from [01m[K/home/ckl/RM/Combat_vision2026/src/rm_auto_aim/armor_detector/include/armor_detector/bound_solver.hpp:14[m[K,
[5.610s]                  from [01m[K/home/ckl/RM/Combat_vision2026/src/rm_auto_aim/armor_detector/src/bound_solver.cpp:1[m[K:
[5.610s] [01m[K/usr/include/opencv4/opencv2/imgproc.hpp:442:5:[m[K [01;36m[Knote: [m[K‘[01m[Kcv::CHAIN_APPROX_SIMPLE[m[K’ declared here
[5.610s]   442 |     [01;36m[KCHAIN_APPROX_SIMPLE[m[K    = 2,
[5.610s]       |     [01;36m[K^~~~~~~~~~~~~~~~~~~[m[K
[5.610s] [01m[K/home/ckl/RM/Combat_vision2026/src/rm_auto_aim/armor_detector/src/bound_solver.cpp:[m[K In member function ‘[01m[Kvoid fyt::auto_aim::BoundSolver::drawBound(cv::Mat&)[m[K’:
[5.610s] [01m[K/home/ckl/RM/Combat_vision2026/src/rm_auto_aim/armor_detector/src/bound_solver.cpp:19:19:[m[K [01;31m[Kerror: [m[Kcannot convert ‘[01m[Kstd::vector<cv::Point_<float> >[m[K’ to ‘[01m[Kcv::Point2f*[m[K’ {aka ‘[01m[Kcv::Point_<float>*[m[K’}
[5.610s]    19 |   boundary.points([01;31m[Kpoints[m[K);
[5.611s]       |                   [01;31m[K^~~~~~[m[K
[5.611s]       |                   [01;31m[K|[m[K
[5.611s]       |                   [01;31m[Kstd::vector<cv::Point_<float> >[m[K
[5.611s] In file included from [01m[K/usr/include/opencv4/opencv2/core.hpp:57[m[K,
[5.611s]                  from [01m[K/usr/include/opencv4/opencv2/core/core.hpp:48[m[K,
[5.611s]                  from [01m[K/opt/ros/humble/include/cv_bridge/cv_bridge/cv_bridge.h:43[m[K,
[5.611s]                  from [01m[K/home/ckl/RM/Combat_vision2026/src/rm_auto_aim/armor_detector/include/armor_detector/bound_solver.hpp:14[m[K,
[5.611s]                  from [01m[K/home/ckl/RM/Combat_vision2026/src/rm_auto_aim/armor_detector/src/bound_solver.cpp:1[m[K:
[5.611s] [01m[K/usr/include/opencv4/opencv2/core/types.hpp:540:25:[m[K [01;36m[Knote: [m[K  initializing argument 1 of ‘[01m[Kvoid cv::RotatedRect::points(cv::Point2f*) const[m[K’
[5.611s]   540 |     void points([01;36m[KPoint2f pts[][m[K) const;
[5.611s]       |                 [01;36m[K~~~~~~~~^~~~~[m[K
[5.611s] [01m[K/home/ckl/RM/Combat_vision2026/src/rm_auto_aim/armor_detector/src/bound_solver.cpp:20:16:[m[K [01;31m[Kerror: [m[K‘[01m[Kiterator[m[K’ is not a member of ‘[01m[Kcv::Point2f[m[K’ {aka ‘[01m[Kcv::Point_<float>[m[K’}
[5.611s]    20 |   cv::Point2f::[01;31m[Kiterator[m[K it = points.begin();
[5.611s]       |                [01;31m[K^~~~~~~~[m[K
[5.617s] [01m[K/home/ckl/RM/Combat_vision2026/src/rm_auto_aim/armor_detector/src/bound_solver.cpp:21:8:[m[K [01;31m[Kerror: [m[K‘[01m[Kit[m[K’ was not declared in this scope; did you mean ‘[01m[Kint[m[K’?
[5.617s]    21 |   for(;[01;31m[Kit[m[K != points.end(); it++){
[5.617s]       |        [01;31m[K^~[m[K
[5.617s]       |        [32m[Kint[m[K
[5.618s] [01m[K/home/ckl/RM/Combat_vision2026/src/rm_auto_aim/armor_detector/src/bound_solver.cpp:22:33:[m[K [01;31m[Kerror: [m[K‘[01m[KScalar[m[K’ was not declared in this scope; did you mean ‘[01m[Kcv::Scalar[m[K’?
[5.618s]    22 |     cv::line(img, *it, *(it+1), [01;31m[KScalar[m[K(0, 0, 255), 3);
[5.618s]       |                                 [01;31m[K^~~~~~[m[K
[5.618s]       |                                 [32m[Kcv::Scalar[m[K
[5.618s] In file included from [01m[K/usr/include/opencv4/opencv2/core.hpp:57[m[K,
[5.618s]                  from [01m[K/usr/include/opencv4/opencv2/core/core.hpp:48[m[K,
[5.619s]                  from [01m[K/opt/ros/humble/include/cv_bridge/cv_bridge/cv_bridge.h:43[m[K,
[5.619s]                  from [01m[K/home/ckl/RM/Combat_vision2026/src/rm_auto_aim/armor_detector/include/armor_detector/bound_solver.hpp:14[m[K,
[5.619s]                  from [01m[K/home/ckl/RM/Combat_vision2026/src/rm_auto_aim/armor_detector/src/bound_solver.cpp:1[m[K:
[5.619s] [01m[K/usr/include/opencv4/opencv2/core/types.hpp:685:25:[m[K [01;36m[Knote: [m[K‘[01m[Kcv::Scalar[m[K’ declared here
[5.619s]   685 | typedef Scalar_<double> [01;36m[KScalar[m[K;
[5.619s]       |                         [01;36m[K^~~~~~[m[K
[8.691s] gmake[2]: *** [CMakeFiles/armor_detector.dir/build.make:135：CMakeFiles/armor_detector.dir/src/bound_solver.cpp.o] 错误 1
[8.691s] gmake[2]: *** 正在等待未完成的任务....
[12.641s] gmake[1]: *** [CMakeFiles/Makefile2:185：CMakeFiles/armor_detector.dir/all] 错误 2
[12.641s] gmake: *** [Makefile:146：all] 错误 2
[12.644s] Invoked command in '/home/ckl/RM/Combat_vision2026/build/armor_detector' returned '2': CMAKE_PREFIX_PATH=/home/ckl/RM/Combat_vision2026/install/rm_utils:/home/ckl/RM/Combat_vision2026/install/rm_interfaces:/home/ckl/RM/Combat_vision2026/install/rm_bringup:/home/ckl/RM/Combat_vision2026/install/rm_serial_driver:/home/ckl/RM/Combat_vision2026/install/rm_auto_aim:/home/ckl/RM/Combat_vision2026/install/armor_solver:/home/ckl/RM/Combat_vision2026/install/armor_detector:/home/ckl/RM/Combat_vision2026/install/rm_robot_description:/home/ckl/RM/Combat_vision2026/install/hik_camera:/opt/ros/humble LD_LIBRARY_PATH=/home/ckl/RM/Combat_vision2026/install/rm_utils/lib:/home/ckl/RM/Combat_vision2026/install/rm_interfaces/lib:/home/ckl/RM/Combat_vision2026/install/rm_serial_driver/lib:/home/ckl/RM/Combat_vision2026/install/armor_solver/lib:/home/ckl/RM/Combat_vision2026/install/armor_detector/lib:/home/ckl/RM/Combat_vision2026/install/hik_camera/lib:/opt/ros/humble/opt/rviz_ogre_vendor/lib:/opt/ros/humble/lib/x86_64-linux-gnu:/opt/ros/humble/lib /usr/bin/cmake --build /home/ckl/RM/Combat_vision2026/build/armor_detector -- -j16 -l16
