[0.018s] Invoking command in '/home/ckl/RM/Combat_vision2026/build/armor_detector': CMAKE_PREFIX_PATH=/home/ckl/RM/Combat_vision2026/install/rm_utils:/home/ckl/RM/Combat_vision2026/install/rm_interfaces:/home/ckl/RM/Combat_vision2026/install/rm_bringup:/home/ckl/RM/Combat_vision2026/install/rm_serial_driver:/home/ckl/RM/Combat_vision2026/install/rm_auto_aim:/home/ckl/RM/Combat_vision2026/install/armor_solver:/home/ckl/RM/Combat_vision2026/install/armor_detector:/home/ckl/RM/Combat_vision2026/install/rm_robot_description:/home/ckl/RM/Combat_vision2026/install/hik_camera:/opt/ros/humble LD_LIBRARY_PATH=/home/ckl/RM/Combat_vision2026/install/rm_utils/lib:/home/ckl/RM/Combat_vision2026/install/rm_interfaces/lib:/home/ckl/RM/Combat_vision2026/install/rm_serial_driver/lib:/home/ckl/RM/Combat_vision2026/install/armor_solver/lib:/home/ckl/RM/Combat_vision2026/install/armor_detector/lib:/home/ckl/RM/Combat_vision2026/install/hik_camera/lib:/opt/ros/humble/opt/rviz_ogre_vendor/lib:/opt/ros/humble/lib/x86_64-linux-gnu:/opt/ros/humble/lib /usr/bin/cmake --build /home/ckl/RM/Combat_vision2026/build/armor_detector -- -j16 -l16
[0.054s] [  7%] Built target gtest_main
[0.054s] [ 14%] Built target gtest
[0.056s] [ 22%] Built target armor_detector_node
[0.116s] [ 25%] [32mBuilding CXX object CMakeFiles/armor_detector.dir/src/spiral.cpp.o[0m
[5.244s] [01m[K/home/ckl/RM/Combat_vision2026/src/rm_auto_aim/armor_detector/src/spiral.cpp:[m[K In function ‘[01m[Kint main()[m[K’:
[5.244s] [01m[K/home/ckl/RM/Combat_vision2026/src/rm_auto_aim/armor_detector/src/spiral.cpp:84:42:[m[K [01;31m[Kerror: [m[K‘[01m[KDetector[m[K’ is not a member of ‘[01m[Kfyt[m[K’; did you mean ‘[01m[Kfyt::auto_aim::Detector[m[K’?
[5.244s]    84 |   auto detector_ = std::make_unique<fyt::[01;31m[KDetector[m[K>(binary_thres, color, l_params, a_params);
[5.244s]       |                                          [01;31m[K^~~~~~~~[m[K
[5.244s] In file included from [01m[K/home/ckl/RM/Combat_vision2026/src/rm_auto_aim/armor_detector/src/spiral.cpp:27[m[K:
[5.244s] [01m[K/home/ckl/RM/Combat_vision2026/src/rm_auto_aim/armor_detector/include/armor_detector/armor_detector.hpp:38:7:[m[K [01;36m[Knote: [m[K‘[01m[Kfyt::auto_aim::Detector[m[K’ declared here
[5.244s]    38 | class [01;36m[KDetector[m[K {
[5.244s]       |       [01;36m[K^~~~~~~~[m[K
[5.244s] [01m[K/home/ckl/RM/Combat_vision2026/src/rm_auto_aim/armor_detector/src/spiral.cpp:84:51:[m[K [01;31m[Kerror: [m[Kno matching function for call to ‘[01m[Kmake_unique<<expression error> >(int&, fyt::EnemyColor&, fyt::auto_aim::Detector::LightParams&, fyt::auto_aim::Detector::ArmorParams&)[m[K’
[5.244s]    84 |   auto detector_ = [01;31m[Kstd::make_unique<fyt::Detector>(binary_thres, color, l_params, a_params)[m[K;
[5.244s]       |                    [01;31m[K~~~~~~~~~~~~~~~~~~~~~~~~~~~~~~~^~~~~~~~~~~~~~~~~~~~~~~~~~~~~~~~~~~~~~~~~[m[K
[5.244s] In file included from [01m[K/usr/include/c++/11/bits/locale_conv.h:41[m[K,
[5.244s]                  from [01m[K/usr/include/c++/11/locale:43[m[K,
[5.244s]                  from [01m[K/usr/include/c++/11/bits/fs_path.h:37[m[K,
[5.244s]                  from [01m[K/usr/include/c++/11/filesystem:45[m[K,
[5.244s]                  from [01m[K/home/ckl/RM/Combat_vision2026/src/rm_auto_aim/armor_detector/src/spiral.cpp:3[m[K:
[5.244s] [01m[K/usr/include/c++/11/bits/unique_ptr.h:961:5:[m[K [01;36m[Knote: [m[Kcandidate: ‘[01m[Ktemplate<class _Tp, class ... _Args> typename std::_MakeUniq<_Tp>::__single_object std::make_unique(_Args&& ...)[m[K’
[5.244s]   961 |     [01;36m[Kmake_unique[m[K(_Args&&... __args)
[5.244s]       |     [01;36m[K^~~~~~~~~~~[m[K
[5.244s] [01m[K/usr/include/c++/11/bits/unique_ptr.h:961:5:[m[K [01;36m[Knote: [m[K  template argument deduction/substitution failed:
[5.244s] [01m[K/home/ckl/RM/Combat_vision2026/src/rm_auto_aim/armor_detector/src/spiral.cpp:84:51:[m[K [01;31m[Kerror: [m[Ktemplate argument 1 is invalid
[5.245s]    84 |   auto detector_ = [01;31m[Kstd::make_unique<fyt::Detector>(binary_thres, color, l_params, a_params)[m[K;
[5.245s]       |                    [01;31m[K~~~~~~~~~~~~~~~~~~~~~~~~~~~~~~~^~~~~~~~~~~~~~~~~~~~~~~~~~~~~~~~~~~~~~~~~[m[K
[5.245s] In file included from [01m[K/usr/include/c++/11/bits/locale_conv.h:41[m[K,
[5.245s]                  from [01m[K/usr/include/c++/11/locale:43[m[K,
[5.245s]                  from [01m[K/usr/include/c++/11/bits/fs_path.h:37[m[K,
[5.245s]                  from [01m[K/usr/include/c++/11/filesystem:45[m[K,
[5.245s]                  from [01m[K/home/ckl/RM/Combat_vision2026/src/rm_auto_aim/armor_detector/src/spiral.cpp:3[m[K:
[5.245s] [01m[K/usr/include/c++/11/bits/unique_ptr.h:967:5:[m[K [01;36m[Knote: [m[Kcandidate: ‘[01m[Ktemplate<class _Tp> typename std::_MakeUniq<_Tp>::__array std::make_unique(std::size_t)[m[K’
[5.245s]   967 |     [01;36m[Kmake_unique[m[K(size_t __num)
[5.245s]       |     [01;36m[K^~~~~~~~~~~[m[K
[5.245s] [01m[K/usr/include/c++/11/bits/unique_ptr.h:967:5:[m[K [01;36m[Knote: [m[K  template argument deduction/substitution failed:
[5.245s] [01m[K/home/ckl/RM/Combat_vision2026/src/rm_auto_aim/armor_detector/src/spiral.cpp:84:51:[m[K [01;31m[Kerror: [m[Ktemplate argument 1 is invalid
[5.245s]    84 |   auto detector_ = [01;31m[Kstd::make_unique<fyt::Detector>(binary_thres, color, l_params, a_params)[m[K;
[5.245s]       |                    [01;31m[K~~~~~~~~~~~~~~~~~~~~~~~~~~~~~~~^~~~~~~~~~~~~~~~~~~~~~~~~~~~~~~~~~~~~~~~~[m[K
[5.245s] In file included from [01m[K/usr/include/c++/11/bits/locale_conv.h:41[m[K,
[5.245s]                  from [01m[K/usr/include/c++/11/locale:43[m[K,
[5.245s]                  from [01m[K/usr/include/c++/11/bits/fs_path.h:37[m[K,
[5.245s]                  from [01m[K/usr/include/c++/11/filesystem:45[m[K,
[5.245s]                  from [01m[K/home/ckl/RM/Combat_vision2026/src/rm_auto_aim/armor_detector/src/spiral.cpp:3[m[K:
[5.245s] [01m[K/usr/include/c++/11/bits/unique_ptr.h:973:5:[m[K [01;36m[Knote: [m[Kcandidate: ‘[01m[Ktemplate<class _Tp, class ... _Args> typename std::_MakeUniq<_Tp>::__invalid_type std::make_unique(_Args&& ...)[m[K’ (deleted)
[5.245s]   973 |     [01;36m[Kmake_unique[m[K(_Args&&...) = delete;
[5.245s]       |     [01;36m[K^~~~~~~~~~~[m[K
[5.245s] [01m[K/usr/include/c++/11/bits/unique_ptr.h:973:5:[m[K [01;36m[Knote: [m[K  template argument deduction/substitution failed:
[5.245s] [01m[K/home/ckl/RM/Combat_vision2026/src/rm_auto_aim/armor_detector/src/spiral.cpp:84:51:[m[K [01;31m[Kerror: [m[Ktemplate argument 1 is invalid
[5.245s]    84 |   auto detector_ = [01;31m[Kstd::make_unique<fyt::Detector>(binary_thres, color, l_params, a_params)[m[K;
[5.245s]       |                    [01;31m[K~~~~~~~~~~~~~~~~~~~~~~~~~~~~~~~^~~~~~~~~~~~~~~~~~~~~~~~~~~~~~~~~~~~~~~~~[m[K
[8.854s] gmake[2]: *** [CMakeFiles/armor_detector.dir/build.make:191：CMakeFiles/armor_detector.dir/src/spiral.cpp.o] 错误 1
[8.855s] gmake[1]: *** [CMakeFiles/Makefile2:185：CMakeFiles/armor_detector.dir/all] 错误 2
[8.855s] gmake: *** [Makefile:146：all] 错误 2
[8.857s] Invoked command in '/home/ckl/RM/Combat_vision2026/build/armor_detector' returned '2': CMAKE_PREFIX_PATH=/home/ckl/RM/Combat_vision2026/install/rm_utils:/home/ckl/RM/Combat_vision2026/install/rm_interfaces:/home/ckl/RM/Combat_vision2026/install/rm_bringup:/home/ckl/RM/Combat_vision2026/install/rm_serial_driver:/home/ckl/RM/Combat_vision2026/install/rm_auto_aim:/home/ckl/RM/Combat_vision2026/install/armor_solver:/home/ckl/RM/Combat_vision2026/install/armor_detector:/home/ckl/RM/Combat_vision2026/install/rm_robot_description:/home/ckl/RM/Combat_vision2026/install/hik_camera:/opt/ros/humble LD_LIBRARY_PATH=/home/ckl/RM/Combat_vision2026/install/rm_utils/lib:/home/ckl/RM/Combat_vision2026/install/rm_interfaces/lib:/home/ckl/RM/Combat_vision2026/install/rm_serial_driver/lib:/home/ckl/RM/Combat_vision2026/install/armor_solver/lib:/home/ckl/RM/Combat_vision2026/install/armor_detector/lib:/home/ckl/RM/Combat_vision2026/install/hik_camera/lib:/opt/ros/humble/opt/rviz_ogre_vendor/lib:/opt/ros/humble/lib/x86_64-linux-gnu:/opt/ros/humble/lib /usr/bin/cmake --build /home/ckl/RM/Combat_vision2026/build/armor_detector -- -j16 -l16
