[0.017s] Invoking command in '/home/ckl/RM/Combat_vision2026/build/armor_detector': CMAKE_PREFIX_PATH=/home/ckl/RM/Combat_vision2026/install/rm_utils:/home/ckl/RM/Combat_vision2026/install/rm_interfaces:/home/ckl/RM/Combat_vision2026/install/rm_bringup:/home/ckl/RM/Combat_vision2026/install/rm_serial_driver:/home/ckl/RM/Combat_vision2026/install/rm_auto_aim:/home/ckl/RM/Combat_vision2026/install/armor_solver:/home/ckl/RM/Combat_vision2026/install/armor_detector:/home/ckl/RM/Combat_vision2026/install/rm_robot_description:/home/ckl/RM/Combat_vision2026/install/hik_camera:/opt/ros/humble LD_LIBRARY_PATH=/home/ckl/RM/Combat_vision2026/install/rm_utils/lib:/home/ckl/RM/Combat_vision2026/install/rm_interfaces/lib:/home/ckl/RM/Combat_vision2026/install/rm_serial_driver/lib:/home/ckl/RM/Combat_vision2026/install/armor_solver/lib:/home/ckl/RM/Combat_vision2026/install/armor_detector/lib:/home/ckl/RM/Combat_vision2026/install/hik_camera/lib:/opt/ros/humble/opt/rviz_ogre_vendor/lib:/opt/ros/humble/lib/x86_64-linux-gnu:/opt/ros/humble/lib /usr/bin/cmake --build /home/ckl/RM/Combat_vision2026/build/armor_detector -- -j16 -l16
[0.054s] [  7%] Built target gtest_main
[0.055s] [ 14%] Built target gtest
[0.057s] [ 22%] Built target armor_detector_node
[0.115s] [ 25%] [32mBuilding CXX object CMakeFiles/armor_detector.dir/src/armor_pose_estimator.cpp.o[0m
[0.115s] [ 29%] [32mBuilding CXX object CMakeFiles/armor_detector.dir/src/spiral.cpp.o[0m
[0.115s] [ 33%] [32mBuilding CXX object CMakeFiles/armor_detector.dir/src/bound_solver.cpp.o[0m
[4.603s] In file included from [01m[K/home/ckl/RM/Combat_vision2026/src/rm_auto_aim/armor_detector/include/armor_detector/bound_solver.hpp:30[m[K,
[4.603s]                  from [01m[K/home/ckl/RM/Combat_vision2026/src/rm_auto_aim/armor_detector/include/armor_detector/armor_pose_estimator.hpp:32[m[K,
[4.603s]                  from [01m[K/home/ckl/RM/Combat_vision2026/src/rm_auto_aim/armor_detector/src/armor_pose_estimator.cpp:15[m[K:
[4.603s] [01m[K/home/ckl/RM/Combat_vision2026/src/rm_auto_aim/armor_detector/include/armor_detector/armor_detector_node.hpp:97:19:[m[K [01;31m[Kerror: [m[K‘[01m[KArmorPoseEstimator[m[K’ was not declared in this scope
[4.603s]    97 |   std::unique_ptr<[01;31m[KArmorPoseEstimator[m[K> armor_pose_estimator_;
[4.603s]       |                   [01;31m[K^~~~~~~~~~~~~~~~~~[m[K
[4.603s] [01m[K/home/ckl/RM/Combat_vision2026/src/rm_auto_aim/armor_detector/include/armor_detector/armor_detector_node.hpp:97:37:[m[K [01;31m[Kerror: [m[Ktemplate argument 1 is invalid
[4.604s]    97 |   std::unique_ptr<ArmorPoseEstimator[01;31m[K>[m[K armor_pose_estimator_;
[4.604s]       |                                     [01;31m[K^[m[K
[4.604s] [01m[K/home/ckl/RM/Combat_vision2026/src/rm_auto_aim/armor_detector/include/armor_detector/armor_detector_node.hpp:97:37:[m[K [01;31m[Kerror: [m[Ktemplate argument 2 is invalid
[5.237s] In file included from [01m[K/home/ckl/RM/Combat_vision2026/src/rm_auto_aim/armor_detector/include/armor_detector/armor_detector_node.hpp:47[m[K,
[5.237s]                  from [01m[K/home/ckl/RM/Combat_vision2026/src/rm_auto_aim/armor_detector/include/armor_detector/bound_solver.hpp:30[m[K,
[5.237s]                  from [01m[K/home/ckl/RM/Combat_vision2026/src/rm_auto_aim/armor_detector/src/bound_solver.cpp:1[m[K:
[5.238s] [01m[K/home/ckl/RM/Combat_vision2026/src/rm_auto_aim/armor_detector/include/armor_detector/armor_pose_estimator.hpp:63:19:[m[K [01;31m[Kerror: [m[K‘[01m[KBoundSolver[m[K’ was not declared in this scope; did you mean ‘[01m[KBaSolver[m[K’?
[5.238s]    63 |   std::unique_ptr<[01;31m[KBoundSolver[m[K> bound_solver_;
[5.238s]       |                   [01;31m[K^~~~~~~~~~~[m[K
[5.238s]       |                   [32m[KBaSolver[m[K
[5.238s] [01m[K/home/ckl/RM/Combat_vision2026/src/rm_auto_aim/armor_detector/include/armor_detector/armor_pose_estimator.hpp:63:30:[m[K [01;31m[Kerror: [m[Ktemplate argument 1 is invalid
[5.238s]    63 |   std::unique_ptr<BoundSolver[01;31m[K>[m[K bound_solver_;
[5.238s]       |                              [01;31m[K^[m[K
[5.238s] [01m[K/home/ckl/RM/Combat_vision2026/src/rm_auto_aim/armor_detector/include/armor_detector/armor_pose_estimator.hpp:63:30:[m[K [01;31m[Kerror: [m[Ktemplate argument 2 is invalid
[5.514s] In file included from [01m[K/home/ckl/RM/Combat_vision2026/src/rm_auto_aim/armor_detector/include/armor_detector/armor_detector_node.hpp:47[m[K,
[5.514s]                  from [01m[K/home/ckl/RM/Combat_vision2026/src/rm_auto_aim/armor_detector/include/armor_detector/bound_solver.hpp:30[m[K,
[5.514s]                  from [01m[K/home/ckl/RM/Combat_vision2026/src/rm_auto_aim/armor_detector/src/spiral.cpp:36[m[K:
[5.515s] [01m[K/home/ckl/RM/Combat_vision2026/src/rm_auto_aim/armor_detector/include/armor_detector/armor_pose_estimator.hpp:63:19:[m[K [01;31m[Kerror: [m[K‘[01m[KBoundSolver[m[K’ was not declared in this scope; did you mean ‘[01m[KBaSolver[m[K’?
[5.515s]    63 |   std::unique_ptr<[01;31m[KBoundSolver[m[K> bound_solver_;
[5.515s]       |                   [01;31m[K^~~~~~~~~~~[m[K
[5.515s]       |                   [32m[KBaSolver[m[K
[5.515s] [01m[K/home/ckl/RM/Combat_vision2026/src/rm_auto_aim/armor_detector/include/armor_detector/armor_pose_estimator.hpp:63:30:[m[K [01;31m[Kerror: [m[Ktemplate argument 1 is invalid
[5.515s]    63 |   std::unique_ptr<BoundSolver[01;31m[K>[m[K bound_solver_;
[5.515s]       |                              [01;31m[K^[m[K
[5.515s] [01m[K/home/ckl/RM/Combat_vision2026/src/rm_auto_aim/armor_detector/include/armor_detector/armor_pose_estimator.hpp:63:30:[m[K [01;31m[Kerror: [m[Ktemplate argument 2 is invalid
[7.089s] In file included from [01m[K/usr/include/c++/11/memory:76[m[K,
[7.090s]                  from [01m[K/home/ckl/RM/Combat_vision2026/src/rm_auto_aim/armor_detector/include/armor_detector/armor_pose_estimator.hpp:20[m[K,
[7.090s]                  from [01m[K/home/ckl/RM/Combat_vision2026/src/rm_auto_aim/armor_detector/src/armor_pose_estimator.cpp:15[m[K:
[7.090s] /usr/include/c++/11/bits/unique_ptr.h: In instantiation of ‘[01m[Ktypename std::_MakeUniq<_Tp>::__single_object std::make_unique(_Args&& ...) [with _Tp = fyt::auto_aim::BoundSolver; _Args = {std::array<double, 9>&, std::vector<double, std::allocator<double> >&}; typename std::_MakeUniq<_Tp>::__single_object = std::unique_ptr<fyt::auto_aim::BoundSolver>][m[K’:
[7.090s] [01m[K/home/ckl/RM/Combat_vision2026/src/rm_auto_aim/armor_detector/src/armor_pose_estimator.cpp:36:48:[m[K   required from here
[7.090s] [01m[K/usr/include/c++/11/bits/unique_ptr.h:962:30:[m[K [01;31m[Kerror: [m[Kno matching function for call to ‘[01m[Kfyt::auto_aim::BoundSolver::BoundSolver(std::array<double, 9>&, std::vector<double, std::allocator<double> >&)[m[K’
[7.090s]   962 |     { return unique_ptr<_Tp>([01;31m[Knew _Tp(std::forward<_Args>(__args)...)[m[K); }
[7.090s]       |                              [01;31m[K^~~~~~~~~~~~~~~~~~~~~~~~~~~~~~~~~~~~~~~[m[K
[7.090s] In file included from [01m[K/home/ckl/RM/Combat_vision2026/src/rm_auto_aim/armor_detector/include/armor_detector/armor_pose_estimator.hpp:32[m[K,
[7.090s]                  from [01m[K/home/ckl/RM/Combat_vision2026/src/rm_auto_aim/armor_detector/src/armor_pose_estimator.cpp:15[m[K:
[7.090s] [01m[K/home/ckl/RM/Combat_vision2026/src/rm_auto_aim/armor_detector/include/armor_detector/bound_solver.hpp:43:5:[m[K [01;36m[Knote: [m[Kcandidate: ‘[01m[Kfyt::auto_aim::BoundSolver::BoundSolver(sensor_msgs::msg::CameraInfo_<std::allocator<void> >::SharedPtr)[m[K’
[7.091s]    43 |     [01;36m[KBoundSolver[m[K(sensor_msgs::msg::CameraInfo::SharedPtr camera_info):
[7.091s]       |     [01;36m[K^~~~~~~~~~~[m[K
[7.091s] [01m[K/home/ckl/RM/Combat_vision2026/src/rm_auto_aim/armor_detector/include/armor_detector/bound_solver.hpp:43:5:[m[K [01;36m[Knote: [m[K  candidate expects 1 argument, 2 provided
[7.091s] [01m[K/home/ckl/RM/Combat_vision2026/src/rm_auto_aim/armor_detector/include/armor_detector/bound_solver.hpp:41:7:[m[K [01;36m[Knote: [m[Kcandidate: ‘[01m[Kfyt::auto_aim::BoundSolver::BoundSolver(const fyt::auto_aim::BoundSolver&)[m[K’
[7.091s]    41 | class [01;36m[KBoundSolver[m[K{
[7.091s]       |       [01;36m[K^~~~~~~~~~~[m[K
[7.091s] [01m[K/home/ckl/RM/Combat_vision2026/src/rm_auto_aim/armor_detector/include/armor_detector/bound_solver.hpp:41:7:[m[K [01;36m[Knote: [m[K  candidate expects 1 argument, 2 provided
[7.091s] [01m[K/home/ckl/RM/Combat_vision2026/src/rm_auto_aim/armor_detector/include/armor_detector/bound_solver.hpp:41:7:[m[K [01;36m[Knote: [m[Kcandidate: ‘[01m[Kfyt::auto_aim::BoundSolver::BoundSolver(fyt::auto_aim::BoundSolver&&)[m[K’
[7.091s] [01m[K/home/ckl/RM/Combat_vision2026/src/rm_auto_aim/armor_detector/include/armor_detector/bound_solver.hpp:41:7:[m[K [01;36m[Knote: [m[K  candidate expects 1 argument, 2 provided
[9.444s] gmake[2]: *** [CMakeFiles/armor_detector.dir/build.make:135：CMakeFiles/armor_detector.dir/src/bound_solver.cpp.o] 错误 1
[9.444s] gmake[2]: *** 正在等待未完成的任务....
[9.657s] gmake[2]: *** [CMakeFiles/armor_detector.dir/build.make:191：CMakeFiles/armor_detector.dir/src/spiral.cpp.o] 错误 1
[9.722s] gmake[2]: *** [CMakeFiles/armor_detector.dir/build.make:107：CMakeFiles/armor_detector.dir/src/armor_pose_estimator.cpp.o] 错误 1
[9.722s] gmake[1]: *** [CMakeFiles/Makefile2:185：CMakeFiles/armor_detector.dir/all] 错误 2
[9.723s] gmake: *** [Makefile:146：all] 错误 2
[9.725s] Invoked command in '/home/ckl/RM/Combat_vision2026/build/armor_detector' returned '2': CMAKE_PREFIX_PATH=/home/ckl/RM/Combat_vision2026/install/rm_utils:/home/ckl/RM/Combat_vision2026/install/rm_interfaces:/home/ckl/RM/Combat_vision2026/install/rm_bringup:/home/ckl/RM/Combat_vision2026/install/rm_serial_driver:/home/ckl/RM/Combat_vision2026/install/rm_auto_aim:/home/ckl/RM/Combat_vision2026/install/armor_solver:/home/ckl/RM/Combat_vision2026/install/armor_detector:/home/ckl/RM/Combat_vision2026/install/rm_robot_description:/home/ckl/RM/Combat_vision2026/install/hik_camera:/opt/ros/humble LD_LIBRARY_PATH=/home/ckl/RM/Combat_vision2026/install/rm_utils/lib:/home/ckl/RM/Combat_vision2026/install/rm_interfaces/lib:/home/ckl/RM/Combat_vision2026/install/rm_serial_driver/lib:/home/ckl/RM/Combat_vision2026/install/armor_solver/lib:/home/ckl/RM/Combat_vision2026/install/armor_detector/lib:/home/ckl/RM/Combat_vision2026/install/hik_camera/lib:/opt/ros/humble/opt/rviz_ogre_vendor/lib:/opt/ros/humble/lib/x86_64-linux-gnu:/opt/ros/humble/lib /usr/bin/cmake --build /home/ckl/RM/Combat_vision2026/build/armor_detector -- -j16 -l16
