[0.016s] Invoking command in '/home/ckl/RM/Combat_vision2026/build/armor_detector': CMAKE_PREFIX_PATH=/home/ckl/RM/Combat_vision2026/install/rm_utils:/home/ckl/RM/Combat_vision2026/install/rm_interfaces:/home/ckl/RM/Combat_vision2026/install/rm_bringup:/home/ckl/RM/Combat_vision2026/install/rm_serial_driver:/home/ckl/RM/Combat_vision2026/install/rm_auto_aim:/home/ckl/RM/Combat_vision2026/install/armor_solver:/home/ckl/RM/Combat_vision2026/install/armor_detector:/home/ckl/RM/Combat_vision2026/install/rm_robot_description:/home/ckl/RM/Combat_vision2026/install/hik_camera:/opt/ros/humble LD_LIBRARY_PATH=/home/ckl/RM/Combat_vision2026/install/rm_utils/lib:/home/ckl/RM/Combat_vision2026/install/rm_interfaces/lib:/home/ckl/RM/Combat_vision2026/install/rm_serial_driver/lib:/home/ckl/RM/Combat_vision2026/install/armor_solver/lib:/home/ckl/RM/Combat_vision2026/install/armor_detector/lib:/home/ckl/RM/Combat_vision2026/install/hik_camera/lib:/opt/ros/humble/opt/rviz_ogre_vendor/lib:/opt/ros/humble/lib/x86_64-linux-gnu:/opt/ros/humble/lib /usr/bin/cmake --build /home/ckl/RM/Combat_vision2026/build/armor_detector -- -j16 -l16
[0.054s] [  7%] Built target gtest_main
[0.054s] [ 14%] Built target gtest
[0.056s] [ 22%] Built target armor_detector_node
[0.115s] [ 25%] [32mBuilding CXX object CMakeFiles/armor_detector.dir/src/armor_detector_node.cpp.o[0m
[0.118s] [ 29%] [32mBuilding CXX object CMakeFiles/armor_detector.dir/src/armor_pose_estimator.cpp.o[0m
[0.118s] [ 33%] [32mBuilding CXX object CMakeFiles/armor_detector.dir/src/bound_solver.cpp.o[0m
[0.120s] [ 37%] [32mBuilding CXX object CMakeFiles/armor_detector.dir/src/spiral.cpp.o[0m
[4.867s] In file included from [01m[K/home/ckl/RM/Combat_vision2026/src/rm_auto_aim/armor_detector/src/armor_pose_estimator.cpp:15[m[K:
[4.867s] [01m[K/home/ckl/RM/Combat_vision2026/src/rm_auto_aim/armor_detector/include/armor_detector/armor_pose_estimator.hpp:62:19:[m[K [01;31m[Kerror: [m[K‘[01m[KBoundSolver[m[K’ was not declared in this scope; did you mean ‘[01m[KBaSolver[m[K’?
[4.867s]    62 |   std::unique_ptr<[01;31m[KBoundSolver[m[K> bound_solver_;
[4.867s]       |                   [01;31m[K^~~~~~~~~~~[m[K
[4.868s]       |                   [32m[KBaSolver[m[K
[4.868s] [01m[K/home/ckl/RM/Combat_vision2026/src/rm_auto_aim/armor_detector/include/armor_detector/armor_pose_estimator.hpp:62:30:[m[K [01;31m[Kerror: [m[Ktemplate argument 1 is invalid
[4.868s]    62 |   std::unique_ptr<BoundSolver[01;31m[K>[m[K bound_solver_;
[4.868s]       |                              [01;31m[K^[m[K
[4.868s] [01m[K/home/ckl/RM/Combat_vision2026/src/rm_auto_aim/armor_detector/include/armor_detector/armor_pose_estimator.hpp:62:30:[m[K [01;31m[Kerror: [m[Ktemplate argument 2 is invalid
[4.874s] [01m[K/home/ckl/RM/Combat_vision2026/src/rm_auto_aim/armor_detector/include/armor_detector/armor_pose_estimator.hpp:[m[K In member function ‘[01m[Kvoid fyt::auto_aim::ArmorPoseEstimator::enableBound(bool)[m[K’:
[4.875s] [01m[K/home/ckl/RM/Combat_vision2026/src/rm_auto_aim/armor_detector/include/armor_detector/armor_pose_estimator.hpp:45:35:[m[K [01;31m[Kerror: [m[K‘[01m[Kuse_bound[m[K’ was not declared in this scope; did you mean ‘[01m[Kuse_bound_[m[K’?
[4.875s]    45 |   void enableBound(bool enable) { [01;31m[Kuse_bound[m[K = enable; }
[4.875s]       |                                   [01;31m[K^~~~~~~~~[m[K
[4.875s]       |                                   [32m[Kuse_bound_[m[K
[5.137s] [01m[K/home/ckl/RM/Combat_vision2026/src/rm_auto_aim/armor_detector/src/armor_pose_estimator.cpp:[m[K In constructor ‘[01m[Kfyt::auto_aim::ArmorPoseEstimator::ArmorPoseEstimator(sensor_msgs::msg::CameraInfo_<std::allocator<void> >::SharedPtr)[m[K’:
[5.137s] [01m[K/home/ckl/RM/Combat_vision2026/src/rm_auto_aim/armor_detector/src/armor_pose_estimator.cpp:35:3:[m[K [01;31m[Kerror: [m[K‘[01m[Kbound_solver[m[K’ was not declared in this scope; did you mean ‘[01m[Kbound_solver_[m[K’?
[5.138s]    35 |   [01;31m[Kbound_solver[m[K = std::make_unique<BoundSolver>(camera_info->k, camera_info->d);
[5.138s]       |   [01;31m[K^~~~~~~~~~~~[m[K
[5.138s]       |   [32m[Kbound_solver_[m[K
[5.147s] [01m[K/home/ckl/RM/Combat_vision2026/src/rm_auto_aim/armor_detector/src/armor_pose_estimator.cpp:35:35:[m[K [01;31m[Kerror: [m[K‘[01m[KBoundSolver[m[K’ was not declared in this scope; did you mean ‘[01m[Kbound_solver_[m[K’?
[5.147s]    35 |   bound_solver = std::make_unique<[01;31m[KBoundSolver[m[K>(camera_info->k, camera_info->d);
[5.147s]       |                                   [01;31m[K^~~~~~~~~~~[m[K
[5.147s]       |                                   [32m[Kbound_solver_[m[K
[5.147s] [01m[K/home/ckl/RM/Combat_vision2026/src/rm_auto_aim/armor_detector/src/armor_pose_estimator.cpp:35:47:[m[K [01;31m[Kerror: [m[Kno matching function for call to ‘[01m[Kmake_unique<<expression error> >(sensor_msgs::msg::CameraInfo_<std::allocator<void> >::_k_type&, sensor_msgs::msg::CameraInfo_<std::allocator<void> >::_d_type&)[m[K’
[5.147s]    35 |   bound_solver = [01;31m[Kstd::make_unique<BoundSolver>(camera_info->k, camera_info->d)[m[K;
[5.148s]       |                  [01;31m[K~~~~~~~~~~~~~~~~~~~~~~~~~~~~~^~~~~~~~~~~~~~~~~~~~~~~~~~~~~~~~[m[K
[5.148s] In file included from [01m[K/usr/include/c++/11/memory:76[m[K,
[5.148s]                  from [01m[K/home/ckl/RM/Combat_vision2026/src/rm_auto_aim/armor_detector/include/armor_detector/armor_pose_estimator.hpp:20[m[K,
[5.148s]                  from [01m[K/home/ckl/RM/Combat_vision2026/src/rm_auto_aim/armor_detector/src/armor_pose_estimator.cpp:15[m[K:
[5.148s] [01m[K/usr/include/c++/11/bits/unique_ptr.h:961:5:[m[K [01;36m[Knote: [m[Kcandidate: ‘[01m[Ktemplate<class _Tp, class ... _Args> typename std::_MakeUniq<_Tp>::__single_object std::make_unique(_Args&& ...)[m[K’
[5.148s]   961 |     [01;36m[Kmake_unique[m[K(_Args&&... __args)
[5.148s]       |     [01;36m[K^~~~~~~~~~~[m[K
[5.148s] [01m[K/usr/include/c++/11/bits/unique_ptr.h:961:5:[m[K [01;36m[Knote: [m[K  template argument deduction/substitution failed:
[5.148s] [01m[K/home/ckl/RM/Combat_vision2026/src/rm_auto_aim/armor_detector/src/armor_pose_estimator.cpp:35:47:[m[K [01;31m[Kerror: [m[Ktemplate argument 1 is invalid
[5.148s]    35 |   bound_solver = [01;31m[Kstd::make_unique<BoundSolver>(camera_info->k, camera_info->d)[m[K;
[5.148s]       |                  [01;31m[K~~~~~~~~~~~~~~~~~~~~~~~~~~~~~^~~~~~~~~~~~~~~~~~~~~~~~~~~~~~~~[m[K
[5.148s] In file included from [01m[K/usr/include/c++/11/memory:76[m[K,
[5.148s]                  from [01m[K/home/ckl/RM/Combat_vision2026/src/rm_auto_aim/armor_detector/include/armor_detector/armor_pose_estimator.hpp:20[m[K,
[5.149s]                  from [01m[K/home/ckl/RM/Combat_vision2026/src/rm_auto_aim/armor_detector/src/armor_pose_estimator.cpp:15[m[K:
[5.149s] [01m[K/usr/include/c++/11/bits/unique_ptr.h:967:5:[m[K [01;36m[Knote: [m[Kcandidate: ‘[01m[Ktemplate<class _Tp> typename std::_MakeUniq<_Tp>::__array std::make_unique(std::size_t)[m[K’
[5.149s]   967 |     [01;36m[Kmake_unique[m[K(size_t __num)
[5.149s]       |     [01;36m[K^~~~~~~~~~~[m[K
[5.149s] [01m[K/usr/include/c++/11/bits/unique_ptr.h:967:5:[m[K [01;36m[Knote: [m[K  template argument deduction/substitution failed:
[5.149s] [01m[K/home/ckl/RM/Combat_vision2026/src/rm_auto_aim/armor_detector/src/armor_pose_estimator.cpp:35:47:[m[K [01;31m[Kerror: [m[Ktemplate argument 1 is invalid
[5.149s]    35 |   bound_solver = [01;31m[Kstd::make_unique<BoundSolver>(camera_info->k, camera_info->d)[m[K;
[5.149s]       |                  [01;31m[K~~~~~~~~~~~~~~~~~~~~~~~~~~~~~^~~~~~~~~~~~~~~~~~~~~~~~~~~~~~~~[m[K
[5.149s] In file included from [01m[K/usr/include/c++/11/memory:76[m[K,
[5.149s]                  from [01m[K/home/ckl/RM/Combat_vision2026/src/rm_auto_aim/armor_detector/include/armor_detector/armor_pose_estimator.hpp:20[m[K,
[5.149s]                  from [01m[K/home/ckl/RM/Combat_vision2026/src/rm_auto_aim/armor_detector/src/armor_pose_estimator.cpp:15[m[K:
[5.149s] [01m[K/usr/include/c++/11/bits/unique_ptr.h:973:5:[m[K [01;36m[Knote: [m[Kcandidate: ‘[01m[Ktemplate<class _Tp, class ... _Args> typename std::_MakeUniq<_Tp>::__invalid_type std::make_unique(_Args&& ...)[m[K’ (deleted)
[5.150s]   973 |     [01;36m[Kmake_unique[m[K(_Args&&...) = delete;
[5.150s]       |     [01;36m[K^~~~~~~~~~~[m[K
[5.150s] [01m[K/usr/include/c++/11/bits/unique_ptr.h:973:5:[m[K [01;36m[Knote: [m[K  template argument deduction/substitution failed:
[5.150s] [01m[K/home/ckl/RM/Combat_vision2026/src/rm_auto_aim/armor_detector/src/armor_pose_estimator.cpp:35:47:[m[K [01;31m[Kerror: [m[Ktemplate argument 1 is invalid
[5.150s]    35 |   bound_solver = [01;31m[Kstd::make_unique<BoundSolver>(camera_info->k, camera_info->d)[m[K;
[5.150s]       |                  [01;31m[K~~~~~~~~~~~~~~~~~~~~~~~~~~~~~^~~~~~~~~~~~~~~~~~~~~~~~~~~~~~~~[m[K
[5.197s] In file included from [01m[K/home/ckl/RM/Combat_vision2026/src/rm_auto_aim/armor_detector/include/armor_detector/armor_detector_node.hpp:47[m[K,
[5.198s]                  from [01m[K/home/ckl/RM/Combat_vision2026/src/rm_auto_aim/armor_detector/src/armor_detector_node.cpp:47[m[K:
[5.198s] [01m[K/home/ckl/RM/Combat_vision2026/src/rm_auto_aim/armor_detector/include/armor_detector/armor_pose_estimator.hpp:62:19:[m[K [01;31m[Kerror: [m[K‘[01m[KBoundSolver[m[K’ was not declared in this scope; did you mean ‘[01m[KBaSolver[m[K’?
[5.198s]    62 |   std::unique_ptr<[01;31m[KBoundSolver[m[K> bound_solver_;
[5.198s]       |                   [01;31m[K^~~~~~~~~~~[m[K
[5.198s]       |                   [32m[KBaSolver[m[K
[5.198s] [01m[K/home/ckl/RM/Combat_vision2026/src/rm_auto_aim/armor_detector/include/armor_detector/armor_pose_estimator.hpp:62:30:[m[K [01;31m[Kerror: [m[Ktemplate argument 1 is invalid
[5.198s]    62 |   std::unique_ptr<BoundSolver[01;31m[K>[m[K bound_solver_;
[5.198s]       |                              [01;31m[K^[m[K
[5.198s] [01m[K/home/ckl/RM/Combat_vision2026/src/rm_auto_aim/armor_detector/include/armor_detector/armor_pose_estimator.hpp:62:30:[m[K [01;31m[Kerror: [m[Ktemplate argument 2 is invalid
[5.206s] [01m[K/home/ckl/RM/Combat_vision2026/src/rm_auto_aim/armor_detector/include/armor_detector/armor_pose_estimator.hpp:[m[K In member function ‘[01m[Kvoid fyt::auto_aim::ArmorPoseEstimator::enableBound(bool)[m[K’:
[5.206s] [01m[K/home/ckl/RM/Combat_vision2026/src/rm_auto_aim/armor_detector/include/armor_detector/armor_pose_estimator.hpp:45:35:[m[K [01;31m[Kerror: [m[K‘[01m[Kuse_bound[m[K’ was not declared in this scope; did you mean ‘[01m[Kuse_bound_[m[K’?
[5.206s]    45 |   void enableBound(bool enable) { [01;31m[Kuse_bound[m[K = enable; }
[5.206s]       |                                   [01;31m[K^~~~~~~~~[m[K
[5.206s]       |                                   [32m[Kuse_bound_[m[K
[5.339s] In file included from [01m[K/home/ckl/RM/Combat_vision2026/src/rm_auto_aim/armor_detector/include/armor_detector/armor_detector_node.hpp:47[m[K,
[5.339s]                  from [01m[K/home/ckl/RM/Combat_vision2026/src/rm_auto_aim/armor_detector/include/armor_detector/bound_solver.hpp:30[m[K,
[5.339s]                  from [01m[K/home/ckl/RM/Combat_vision2026/src/rm_auto_aim/armor_detector/src/bound_solver.cpp:1[m[K:
[5.339s] [01m[K/home/ckl/RM/Combat_vision2026/src/rm_auto_aim/armor_detector/include/armor_detector/armor_pose_estimator.hpp:62:19:[m[K [01;31m[Kerror: [m[K‘[01m[KBoundSolver[m[K’ was not declared in this scope; did you mean ‘[01m[KBaSolver[m[K’?
[5.339s]    62 |   std::unique_ptr<[01;31m[KBoundSolver[m[K> bound_solver_;
[5.339s]       |                   [01;31m[K^~~~~~~~~~~[m[K
[5.339s]       |                   [32m[KBaSolver[m[K
[5.339s] [01m[K/home/ckl/RM/Combat_vision2026/src/rm_auto_aim/armor_detector/include/armor_detector/armor_pose_estimator.hpp:62:30:[m[K [01;31m[Kerror: [m[Ktemplate argument 1 is invalid
[5.339s]    62 |   std::unique_ptr<BoundSolver[01;31m[K>[m[K bound_solver_;
[5.339s]       |                              [01;31m[K^[m[K
[5.339s] [01m[K/home/ckl/RM/Combat_vision2026/src/rm_auto_aim/armor_detector/include/armor_detector/armor_pose_estimator.hpp:62:30:[m[K [01;31m[Kerror: [m[Ktemplate argument 2 is invalid
[5.348s] [01m[K/home/ckl/RM/Combat_vision2026/src/rm_auto_aim/armor_detector/include/armor_detector/armor_pose_estimator.hpp:[m[K In member function ‘[01m[Kvoid fyt::auto_aim::ArmorPoseEstimator::enableBound(bool)[m[K’:
[5.348s] [01m[K/home/ckl/RM/Combat_vision2026/src/rm_auto_aim/armor_detector/include/armor_detector/armor_pose_estimator.hpp:45:35:[m[K [01;31m[Kerror: [m[K‘[01m[Kuse_bound[m[K’ was not declared in this scope; did you mean ‘[01m[Kuse_bound_[m[K’?
[5.348s]    45 |   void enableBound(bool enable) { [01;31m[Kuse_bound[m[K = enable; }
[5.349s]       |                                   [01;31m[K^~~~~~~~~[m[K
[5.349s]       |                                   [32m[Kuse_bound_[m[K
[5.489s] In file included from [01m[K/home/ckl/RM/Combat_vision2026/src/rm_auto_aim/armor_detector/include/armor_detector/armor_detector_node.hpp:47[m[K,
[5.489s]                  from [01m[K/home/ckl/RM/Combat_vision2026/src/rm_auto_aim/armor_detector/include/armor_detector/bound_solver.hpp:30[m[K,
[5.489s]                  from [01m[K/home/ckl/RM/Combat_vision2026/src/rm_auto_aim/armor_detector/src/spiral.cpp:36[m[K:
[5.490s] [01m[K/home/ckl/RM/Combat_vision2026/src/rm_auto_aim/armor_detector/include/armor_detector/armor_pose_estimator.hpp:62:19:[m[K [01;31m[Kerror: [m[K‘[01m[KBoundSolver[m[K’ was not declared in this scope; did you mean ‘[01m[KBaSolver[m[K’?
[5.490s]    62 |   std::unique_ptr<[01;31m[KBoundSolver[m[K> bound_solver_;
[5.490s]       |                   [01;31m[K^~~~~~~~~~~[m[K
[5.490s]       |                   [32m[KBaSolver[m[K
[5.490s] [01m[K/home/ckl/RM/Combat_vision2026/src/rm_auto_aim/armor_detector/include/armor_detector/armor_pose_estimator.hpp:62:30:[m[K [01;31m[Kerror: [m[Ktemplate argument 1 is invalid
[5.490s]    62 |   std::unique_ptr<BoundSolver[01;31m[K>[m[K bound_solver_;
[5.490s]       |                              [01;31m[K^[m[K
[5.490s] [01m[K/home/ckl/RM/Combat_vision2026/src/rm_auto_aim/armor_detector/include/armor_detector/armor_pose_estimator.hpp:62:30:[m[K [01;31m[Kerror: [m[Ktemplate argument 2 is invalid
[5.498s] [01m[K/home/ckl/RM/Combat_vision2026/src/rm_auto_aim/armor_detector/include/armor_detector/armor_pose_estimator.hpp:[m[K In member function ‘[01m[Kvoid fyt::auto_aim::ArmorPoseEstimator::enableBound(bool)[m[K’:
[5.498s] [01m[K/home/ckl/RM/Combat_vision2026/src/rm_auto_aim/armor_detector/include/armor_detector/armor_pose_estimator.hpp:45:35:[m[K [01;31m[Kerror: [m[K‘[01m[Kuse_bound[m[K’ was not declared in this scope; did you mean ‘[01m[Kuse_bound_[m[K’?
[5.498s]    45 |   void enableBound(bool enable) { [01;31m[Kuse_bound[m[K = enable; }
[5.498s]       |                                   [01;31m[K^~~~~~~~~[m[K
[5.498s]       |                                   [32m[Kuse_bound_[m[K
[5.679s] In file included from [01m[K/home/ckl/RM/Combat_vision2026/src/rm_auto_aim/armor_detector/src/spiral.cpp:36[m[K:
[5.679s] [01m[K/home/ckl/RM/Combat_vision2026/src/rm_auto_aim/armor_detector/include/armor_detector/bound_solver.hpp:[m[K At global scope:
[5.679s] [01m[K/home/ckl/RM/Combat_vision2026/src/rm_auto_aim/armor_detector/include/armor_detector/bound_solver.hpp:44:5:[m[K [01;31m[Kerror: [m[Kexpected identifier before ‘[01m[K)[m[K’ token
[5.679s]    44 |     [01;31m[K)[m[K:camera_matrix_(camera_info->k), distortion_coefficients_(camera->d){}
[5.679s]       |     [01;31m[K^[m[K
[5.691s] [01m[K/home/ckl/RM/Combat_vision2026/src/rm_auto_aim/armor_detector/include/armor_detector/bound_solver.hpp:[m[K In constructor ‘[01m[Kfyt::auto_aim::BoundSolver::BoundSolver(sensor_msgs::msg::CameraInfo_<std::allocator<void> >::SharedPtr, int)[m[K’:
[5.691s] [01m[K/home/ckl/RM/Combat_vision2026/src/rm_auto_aim/armor_detector/include/armor_detector/bound_solver.hpp:44:64:[m[K [01;31m[Kerror: [m[K‘[01m[Kcamera[m[K’ was not declared in this scope
[5.691s]    44 |     ):camera_matrix_(camera_info->k), distortion_coefficients_([01;31m[Kcamera[m[K->d){}
[5.691s]       |                                                                [01;31m[K^~~~~~[m[K
[6.408s] In file included from [01m[K/home/ckl/RM/Combat_vision2026/src/rm_auto_aim/armor_detector/src/bound_solver.cpp:1[m[K:
[6.408s] [01m[K/home/ckl/RM/Combat_vision2026/src/rm_auto_aim/armor_detector/include/armor_detector/bound_solver.hpp:[m[K At global scope:
[6.408s] [01m[K/home/ckl/RM/Combat_vision2026/src/rm_auto_aim/armor_detector/include/armor_detector/bound_solver.hpp:44:5:[m[K [01;31m[Kerror: [m[Kexpected identifier before ‘[01m[K)[m[K’ token
[6.408s]    44 |     [01;31m[K)[m[K:camera_matrix_(camera_info->k), distortion_coefficients_(camera->d){}
[6.408s]       |     [01;31m[K^[m[K
[6.420s] [01m[K/home/ckl/RM/Combat_vision2026/src/rm_auto_aim/armor_detector/include/armor_detector/bound_solver.hpp:[m[K In constructor ‘[01m[Kfyt::auto_aim::BoundSolver::BoundSolver(sensor_msgs::msg::CameraInfo_<std::allocator<void> >::SharedPtr, int)[m[K’:
[6.420s] [01m[K/home/ckl/RM/Combat_vision2026/src/rm_auto_aim/armor_detector/include/armor_detector/bound_solver.hpp:44:64:[m[K [01;31m[Kerror: [m[K‘[01m[Kcamera[m[K’ was not declared in this scope
[6.420s]    44 |     ):camera_matrix_(camera_info->k), distortion_coefficients_([01;31m[Kcamera[m[K->d){}
[6.420s]       |                                                                [01;31m[K^~~~~~[m[K
[6.439s] [01m[K/home/ckl/RM/Combat_vision2026/src/rm_auto_aim/armor_detector/src/bound_solver.cpp:[m[K In member function ‘[01m[Kvoid fyt::auto_aim::BoundSolver::processImage(cv::Mat)[m[K’:
[6.439s] [01m[K/home/ckl/RM/Combat_vision2026/src/rm_auto_aim/armor_detector/src/bound_solver.cpp:7:38:[m[K [01;31m[Kerror: [m[K‘[01m[Kgaussian_kernel[m[K’ was not declared in this scope
[6.439s]     7 |   cv::GaussianBlur(img, blurred_img, [01;31m[Kgaussian_kernel[m[K, sigmaX);
[6.439s]       |                                      [01;31m[K^~~~~~~~~~~~~~~[m[K
[6.449s] [01m[K/home/ckl/RM/Combat_vision2026/src/rm_auto_aim/armor_detector/src/bound_solver.cpp:7:55:[m[K [01;31m[Kerror: [m[K‘[01m[KsigmaX[m[K’ was not declared in this scope; did you mean ‘[01m[Ksigval[m[K’?
[6.449s]     7 |   cv::GaussianBlur(img, blurred_img, gaussian_kernel, [01;31m[KsigmaX[m[K);
[6.449s]       |                                                       [01;31m[K^~~~~~[m[K
[6.450s]       |                                                       [32m[Ksigval[m[K
[6.453s] [01m[K/home/ckl/RM/Combat_vision2026/src/rm_auto_aim/armor_detector/src/bound_solver.cpp:[m[K At global scope:
[6.453s] [01m[K/home/ckl/RM/Combat_vision2026/src/rm_auto_aim/armor_detector/src/bound_solver.cpp:44:6:[m[K [01;31m[Kerror: [m[Kno declaration matches ‘[01m[Kvoid fyt::auto_aim::BoundSolver::reprojectionShow(cv::Mat&)[m[K’
[6.453s]    44 | void [01;31m[KBoundSolver[m[K::reprojectionShow(cv::Mat &img){
[6.453s]       |      [01;31m[K^~~~~~~~~~~[m[K
[6.453s] [01m[K/home/ckl/RM/Combat_vision2026/src/rm_auto_aim/armor_detector/src/bound_solver.cpp:44:6:[m[K [01;36m[Knote: [m[Kno functions named ‘[01m[Kvoid fyt::auto_aim::BoundSolver::reprojectionShow(cv::Mat&)[m[K’
[6.453s] In file included from [01m[K/home/ckl/RM/Combat_vision2026/src/rm_auto_aim/armor_detector/src/bound_solver.cpp:1[m[K:
[6.453s] [01m[K/home/ckl/RM/Combat_vision2026/src/rm_auto_aim/armor_detector/include/armor_detector/bound_solver.hpp:41:7:[m[K [01;36m[Knote: [m[K‘[01m[Kclass fyt::auto_aim::BoundSolver[m[K’ defined here
[6.453s]    41 | class [01;36m[KBoundSolver[m[K{
[6.453s]       |       [01;36m[K^~~~~~~~~~~[m[K
[7.156s] In file included from [01m[K/usr/include/c++/11/bits/locale_conv.h:41[m[K,
[7.156s]                  from [01m[K/usr/include/c++/11/locale:43[m[K,
[7.156s]                  from [01m[K/usr/include/c++/11/bits/fs_path.h:37[m[K,
[7.156s]                  from [01m[K/usr/include/c++/11/filesystem:45[m[K,
[7.156s]                  from [01m[K/home/ckl/RM/Combat_vision2026/src/rm_auto_aim/armor_detector/src/spiral.cpp:3[m[K:
[7.156s] /usr/include/c++/11/bits/unique_ptr.h: In instantiation of ‘[01m[Ktypename std::_MakeUniq<_Tp>::__single_object std::make_unique(_Args&& ...) [with _Tp = fyt::auto_aim::BoundSolver; _Args = {std::shared_ptr<sensor_msgs::msg::CameraInfo_<std::allocator<void> > >&}; typename std::_MakeUniq<_Tp>::__single_object = std::unique_ptr<fyt::auto_aim::BoundSolver, std::default_delete<fyt::auto_aim::BoundSolver> >][m[K’:
[7.156s] [01m[K/home/ckl/RM/Combat_vision2026/src/rm_auto_aim/armor_detector/src/spiral.cpp:102:53:[m[K   required from here
[7.156s] [01m[K/usr/include/c++/11/bits/unique_ptr.h:962:30:[m[K [01;31m[Kerror: [m[Kno matching function for call to ‘[01m[Kfyt::auto_aim::BoundSolver::BoundSolver(std::shared_ptr<sensor_msgs::msg::CameraInfo_<std::allocator<void> > >&)[m[K’
[7.156s]   962 |     { return unique_ptr<_Tp>([01;31m[Knew _Tp(std::forward<_Args>(__args)...)[m[K); }
[7.156s]       |                              [01;31m[K^~~~~~~~~~~~~~~~~~~~~~~~~~~~~~~~~~~~~~~[m[K
[7.157s] In file included from [01m[K/home/ckl/RM/Combat_vision2026/src/rm_auto_aim/armor_detector/src/spiral.cpp:36[m[K:
[7.157s] [01m[K/home/ckl/RM/Combat_vision2026/src/rm_auto_aim/armor_detector/include/armor_detector/bound_solver.hpp:43:5:[m[K [01;36m[Knote: [m[Kcandidate: ‘[01m[Kfyt::auto_aim::BoundSolver::BoundSolver(sensor_msgs::msg::CameraInfo_<std::allocator<void> >::SharedPtr, int)[m[K’
[7.157s]    43 |     [01;36m[KBoundSolver[m[K(sensor_msgs::msg::CameraInfo::SharedPtr camera_info,
[7.157s]       |     [01;36m[K^~~~~~~~~~~[m[K
[7.157s] [01m[K/home/ckl/RM/Combat_vision2026/src/rm_auto_aim/armor_detector/include/armor_detector/bound_solver.hpp:43:5:[m[K [01;36m[Knote: [m[K  candidate expects 2 arguments, 1 provided
[7.157s] [01m[K/home/ckl/RM/Combat_vision2026/src/rm_auto_aim/armor_detector/include/armor_detector/bound_solver.hpp:41:7:[m[K [01;36m[Knote: [m[Kcandidate: ‘[01m[Kfyt::auto_aim::BoundSolver::BoundSolver(const fyt::auto_aim::BoundSolver&)[m[K’
[7.157s]    41 | class [01;36m[KBoundSolver[m[K{
[7.157s]       |       [01;36m[K^~~~~~~~~~~[m[K
[7.157s] [01m[K/home/ckl/RM/Combat_vision2026/src/rm_auto_aim/armor_detector/include/armor_detector/bound_solver.hpp:41:7:[m[K [01;36m[Knote: [m[K  no known conversion for argument 1 from ‘[01m[Kstd::shared_ptr<sensor_msgs::msg::CameraInfo_<std::allocator<void> > >[m[K’ to ‘[01m[Kconst fyt::auto_aim::BoundSolver&[m[K’
[7.157s] [01m[K/home/ckl/RM/Combat_vision2026/src/rm_auto_aim/armor_detector/include/armor_detector/bound_solver.hpp:41:7:[m[K [01;36m[Knote: [m[Kcandidate: ‘[01m[Kfyt::auto_aim::BoundSolver::BoundSolver(fyt::auto_aim::BoundSolver&&)[m[K’
[7.157s] [01m[K/home/ckl/RM/Combat_vision2026/src/rm_auto_aim/armor_detector/include/armor_detector/bound_solver.hpp:41:7:[m[K [01;36m[Knote: [m[K  no known conversion for argument 1 from ‘[01m[Kstd::shared_ptr<sensor_msgs::msg::CameraInfo_<std::allocator<void> > >[m[K’ to ‘[01m[Kfyt::auto_aim::BoundSolver&&[m[K’
[9.307s] gmake[2]: *** [CMakeFiles/armor_detector.dir/build.make:107：CMakeFiles/armor_detector.dir/src/armor_pose_estimator.cpp.o] 错误 1
[9.307s] gmake[2]: *** 正在等待未完成的任务....
[9.801s] gmake[2]: *** [CMakeFiles/armor_detector.dir/build.make:191：CMakeFiles/armor_detector.dir/src/spiral.cpp.o] 错误 1
[9.811s] gmake[2]: *** [CMakeFiles/armor_detector.dir/build.make:135：CMakeFiles/armor_detector.dir/src/bound_solver.cpp.o] 错误 1
[13.271s] gmake[2]: *** [CMakeFiles/armor_detector.dir/build.make:93：CMakeFiles/armor_detector.dir/src/armor_detector_node.cpp.o] 错误 1
[13.272s] gmake[1]: *** [CMakeFiles/Makefile2:185：CMakeFiles/armor_detector.dir/all] 错误 2
[13.272s] gmake: *** [Makefile:146：all] 错误 2
[13.274s] Invoked command in '/home/ckl/RM/Combat_vision2026/build/armor_detector' returned '2': CMAKE_PREFIX_PATH=/home/ckl/RM/Combat_vision2026/install/rm_utils:/home/ckl/RM/Combat_vision2026/install/rm_interfaces:/home/ckl/RM/Combat_vision2026/install/rm_bringup:/home/ckl/RM/Combat_vision2026/install/rm_serial_driver:/home/ckl/RM/Combat_vision2026/install/rm_auto_aim:/home/ckl/RM/Combat_vision2026/install/armor_solver:/home/ckl/RM/Combat_vision2026/install/armor_detector:/home/ckl/RM/Combat_vision2026/install/rm_robot_description:/home/ckl/RM/Combat_vision2026/install/hik_camera:/opt/ros/humble LD_LIBRARY_PATH=/home/ckl/RM/Combat_vision2026/install/rm_utils/lib:/home/ckl/RM/Combat_vision2026/install/rm_interfaces/lib:/home/ckl/RM/Combat_vision2026/install/rm_serial_driver/lib:/home/ckl/RM/Combat_vision2026/install/armor_solver/lib:/home/ckl/RM/Combat_vision2026/install/armor_detector/lib:/home/ckl/RM/Combat_vision2026/install/hik_camera/lib:/opt/ros/humble/opt/rviz_ogre_vendor/lib:/opt/ros/humble/lib/x86_64-linux-gnu:/opt/ros/humble/lib /usr/bin/cmake --build /home/ckl/RM/Combat_vision2026/build/armor_detector -- -j16 -l16
